Archive member included to satisfy reference by file (symbol)

c:/qp/qtools/gnu_arm-none-eabi/bin/../lib/gcc/arm-none-eabi/10.3.1/../../../../arm-none-eabi/lib/thumb/v7e-m+dp/softfp\libc_nano.a(lib_a-exit.o)
                              c:/qp/qtools/gnu_arm-none-eabi/bin/../lib/gcc/arm-none-eabi/10.3.1/../../../../arm-none-eabi/lib/thumb/v7e-m+dp/softfp/crt0.o (exit)
c:/qp/qtools/gnu_arm-none-eabi/bin/../lib/gcc/arm-none-eabi/10.3.1/../../../../arm-none-eabi/lib/thumb/v7e-m+dp/softfp\libc_nano.a(lib_a-impure.o)
                              c:/qp/qtools/gnu_arm-none-eabi/bin/../lib/gcc/arm-none-eabi/10.3.1/../../../../arm-none-eabi/lib/thumb/v7e-m+dp/softfp\libc_nano.a(lib_a-exit.o) (_global_impure_ptr)
c:/qp/qtools/gnu_arm-none-eabi/bin/../lib/gcc/arm-none-eabi/10.3.1/../../../../arm-none-eabi/lib/thumb/v7e-m+dp/softfp\libc_nano.a(lib_a-init.o)
                              c:/qp/qtools/gnu_arm-none-eabi/bin/../lib/gcc/arm-none-eabi/10.3.1/../../../../arm-none-eabi/lib/thumb/v7e-m+dp/softfp/crt0.o (__libc_init_array)
c:/qp/qtools/gnu_arm-none-eabi/bin/../lib/gcc/arm-none-eabi/10.3.1/../../../../arm-none-eabi/lib/thumb/v7e-m+dp/softfp\libc_nano.a(lib_a-memset.o)
                              c:/qp/qtools/gnu_arm-none-eabi/bin/../lib/gcc/arm-none-eabi/10.3.1/../../../../arm-none-eabi/lib/thumb/v7e-m+dp/softfp/crt0.o (memset)
c:/qp/qtools/gnu_arm-none-eabi/bin/../lib/gcc/arm-none-eabi/10.3.1/../../../../arm-none-eabi/lib/thumb/v7e-m+dp/softfp\libc_nano.a(lib_a-setjmp.o)
                              build_ek-tm4c123gxl/unity.o (setjmp)
c:/qp/qtools/gnu_arm-none-eabi/bin/../lib/gcc/arm-none-eabi/10.3.1/../../../../arm-none-eabi/lib/thumb/v7e-m+dp/softfp\libnosys.a(_exit.o)
                              c:/qp/qtools/gnu_arm-none-eabi/bin/../lib/gcc/arm-none-eabi/10.3.1/../../../../arm-none-eabi/lib/thumb/v7e-m+dp/softfp\libc_nano.a(lib_a-exit.o) (_exit)

Discarded input sections

 .text          0x00000000        0x0 c:/qp/qtools/gnu_arm-none-eabi/bin/../lib/gcc/arm-none-eabi/10.3.1/thumb/v7e-m+dp/softfp/crti.o
 .data          0x00000000        0x0 c:/qp/qtools/gnu_arm-none-eabi/bin/../lib/gcc/arm-none-eabi/10.3.1/thumb/v7e-m+dp/softfp/crti.o
 .bss           0x00000000        0x0 c:/qp/qtools/gnu_arm-none-eabi/bin/../lib/gcc/arm-none-eabi/10.3.1/thumb/v7e-m+dp/softfp/crti.o
 .data          0x00000000        0x4 c:/qp/qtools/gnu_arm-none-eabi/bin/../lib/gcc/arm-none-eabi/10.3.1/thumb/v7e-m+dp/softfp/crtbegin.o
 .rodata        0x00000000       0x24 c:/qp/qtools/gnu_arm-none-eabi/bin/../lib/gcc/arm-none-eabi/10.3.1/thumb/v7e-m+dp/softfp/crtbegin.o
 .text          0x00000000       0x7c c:/qp/qtools/gnu_arm-none-eabi/bin/../lib/gcc/arm-none-eabi/10.3.1/../../../../arm-none-eabi/lib/thumb/v7e-m+dp/softfp/crt0.o
 .data          0x00000000        0x0 c:/qp/qtools/gnu_arm-none-eabi/bin/../lib/gcc/arm-none-eabi/10.3.1/../../../../arm-none-eabi/lib/thumb/v7e-m+dp/softfp/crt0.o
 .bss           0x00000000        0x0 c:/qp/qtools/gnu_arm-none-eabi/bin/../lib/gcc/arm-none-eabi/10.3.1/../../../../arm-none-eabi/lib/thumb/v7e-m+dp/softfp/crt0.o
 .ARM.extab     0x00000000        0x0 c:/qp/qtools/gnu_arm-none-eabi/bin/../lib/gcc/arm-none-eabi/10.3.1/../../../../arm-none-eabi/lib/thumb/v7e-m+dp/softfp/crt0.o
 .ARM.exidx     0x00000000       0x10 c:/qp/qtools/gnu_arm-none-eabi/bin/../lib/gcc/arm-none-eabi/10.3.1/../../../../arm-none-eabi/lib/thumb/v7e-m+dp/softfp/crt0.o
 .ARM.attributes
                0x00000000       0x1c c:/qp/qtools/gnu_arm-none-eabi/bin/../lib/gcc/arm-none-eabi/10.3.1/../../../../arm-none-eabi/lib/thumb/v7e-m+dp/softfp/crt0.o
 .text          0x00000000        0x0 build_ek-tm4c123gxl/Mocktm4c_bsp_mocks.o
 .data          0x00000000        0x0 build_ek-tm4c123gxl/Mocktm4c_bsp_mocks.o
 .bss           0x00000000        0x0 build_ek-tm4c123gxl/Mocktm4c_bsp_mocks.o
 .text.Mocktm4c_bsp_mocks_Verify
                0x00000000       0x4c build_ek-tm4c123gxl/Mocktm4c_bsp_mocks.o
 .text.Mocktm4c_bsp_mocks_Destroy
                0x00000000       0x14 build_ek-tm4c123gxl/Mocktm4c_bsp_mocks.o
 .text.Mocktm4c_bsp_mocks_Init
                0x00000000        0x8 build_ek-tm4c123gxl/Mocktm4c_bsp_mocks.o
 .text.CMockExpectParameters_set_sp
                0x00000000        0x4 build_ek-tm4c123gxl/Mocktm4c_bsp_mocks.o
 .text          0x00000000        0x0 build_ek-tm4c123gxl/cyber_minion_hil_tests.o
 .data          0x00000000        0x0 build_ek-tm4c123gxl/cyber_minion_hil_tests.o
 .bss           0x00000000        0x0 build_ek-tm4c123gxl/cyber_minion_hil_tests.o
 .text          0x00000000        0x0 build_ek-tm4c123gxl/cyber_minion.o
 .data          0x00000000        0x0 build_ek-tm4c123gxl/cyber_minion.o
 .bss           0x00000000        0x0 build_ek-tm4c123gxl/cyber_minion.o
 .text          0x00000000        0x0 build_ek-tm4c123gxl/tm4c_bsp.o
 .data          0x00000000        0x0 build_ek-tm4c123gxl/tm4c_bsp.o
 .bss           0x00000000        0x0 build_ek-tm4c123gxl/tm4c_bsp.o
 .text          0x00000000        0x0 build_ek-tm4c123gxl/system_TM4C123GH6PM.o
 .data          0x00000000        0x0 build_ek-tm4c123gxl/system_TM4C123GH6PM.o
 .bss           0x00000000        0x0 build_ek-tm4c123gxl/system_TM4C123GH6PM.o
 .text.getOscClk
                0x00000000       0xe4 build_ek-tm4c123gxl/system_TM4C123GH6PM.o
 .text.SystemCoreClockUpdate
                0x00000000       0xac build_ek-tm4c123gxl/system_TM4C123GH6PM.o
 .data.SystemCoreClock
                0x00000000        0x4 build_ek-tm4c123gxl/system_TM4C123GH6PM.o
 .text          0x00000000        0x0 build_ek-tm4c123gxl/startup_TM4C123GH6PM.o
 .data          0x00000000        0x0 build_ek-tm4c123gxl/startup_TM4C123GH6PM.o
 .bss           0x00000000        0x0 build_ek-tm4c123gxl/startup_TM4C123GH6PM.o
 .text          0x00000000        0x0 build_ek-tm4c123gxl/unity.o
 .data          0x00000000        0x0 build_ek-tm4c123gxl/unity.o
 .bss           0x00000000        0x0 build_ek-tm4c123gxl/unity.o
 .text.UnityFloatsWithin
                0x00000000       0xbc build_ek-tm4c123gxl/unity.o
 .text.UnityPrintExpectedAndActualStrings
                0x00000000       0x58 build_ek-tm4c123gxl/unity.o
 .text.UnityPrintLen
                0x00000000       0x78 build_ek-tm4c123gxl/unity.o
 .text.UnityPrintMask
                0x00000000       0x3e build_ek-tm4c123gxl/unity.o
 .rodata.UnityPrintFloat.str1.4
                0x00000000        0xc build_ek-tm4c123gxl/unity.o
 .text.UnityPrintFloat
                0x00000000      0x334 build_ek-tm4c123gxl/unity.o
 .text.UnityAssertBits
                0x00000000       0x74 build_ek-tm4c123gxl/unity.o
 .text.UnityAssertGreaterOrLessOrEqualNumber
                0x00000000      0x158 build_ek-tm4c123gxl/unity.o
 .text.UnityAssertEqualFloatArray
                0x00000000      0x10c build_ek-tm4c123gxl/unity.o
 .text.UnityAssertFloatsWithin
                0x00000000       0x88 build_ek-tm4c123gxl/unity.o
 .text.UnityAssertFloatSpecial
                0x00000000      0x14c build_ek-tm4c123gxl/unity.o
 .text.UnityAssertNumbersWithin
                0x00000000       0xbc build_ek-tm4c123gxl/unity.o
 .text.UnityAssertNumbersArrayWithin
                0x00000000      0x184 build_ek-tm4c123gxl/unity.o
 .text.UnityAssertEqualString
                0x00000000       0x8c build_ek-tm4c123gxl/unity.o
 .text.UnityAssertEqualStringLen
                0x00000000       0xf8 build_ek-tm4c123gxl/unity.o
 .text.UnityAssertEqualStringArray
                0x00000000      0x124 build_ek-tm4c123gxl/unity.o
 .text.UnityAssertEqualMemory
                0x00000000      0x144 build_ek-tm4c123gxl/unity.o
 .text.UnityNumToPtr
                0x00000000       0x20 build_ek-tm4c123gxl/unity.o
 .text.UnityFloatToPtr
                0x00000000        0xc build_ek-tm4c123gxl/unity.o
 .text.UnityIgnore
                0x00000000       0x58 build_ek-tm4c123gxl/unity.o
 .rodata.UnityMessage.str1.4
                0x00000000        0x5 build_ek-tm4c123gxl/unity.o
 .text.UnityMessage
                0x00000000       0x38 build_ek-tm4c123gxl/unity.o
 .text.UnitySetTestFile
                0x00000000        0xc build_ek-tm4c123gxl/unity.o
 .rodata        0x00000000       0x10 build_ek-tm4c123gxl/unity.o
 .bss.UnityQuickCompare
                0x00000000        0x4 build_ek-tm4c123gxl/unity.o
 .rodata.UnityStrByte
                0x00000000        0x7 build_ek-tm4c123gxl/unity.o
 .rodata.UnityStrDelta
                0x00000000       0x1a build_ek-tm4c123gxl/unity.o
 .rodata.UnityStrDet
                0x00000000        0xc build_ek-tm4c123gxl/unity.o
 .rodata.UnityStrErr64
                0x00000000       0x1e build_ek-tm4c123gxl/unity.o
 .rodata.UnityStrErrDouble
                0x00000000       0x20 build_ek-tm4c123gxl/unity.o
 .rodata.UnityStrErrFloat
                0x00000000       0x1e build_ek-tm4c123gxl/unity.o
 .rodata.UnityStrErrShorthand
                0x00000000       0x21 build_ek-tm4c123gxl/unity.o
 .rodata.UnityStrGt
                0x00000000       0x15 build_ek-tm4c123gxl/unity.o
 .rodata.UnityStrIgnore
                0x00000000        0x7 build_ek-tm4c123gxl/unity.o
 .rodata.UnityStrInf
                0x00000000        0x9 build_ek-tm4c123gxl/unity.o
 .rodata.UnityStrInvalidFloatTrait
                0x00000000       0x14 build_ek-tm4c123gxl/unity.o
 .rodata.UnityStrLt
                0x00000000       0x12 build_ek-tm4c123gxl/unity.o
 .rodata.UnityStrMemory
                0x00000000       0x12 build_ek-tm4c123gxl/unity.o
 .rodata.UnityStrNaN
                0x00000000        0x4 build_ek-tm4c123gxl/unity.o
 .rodata.UnityStrNegInf
                0x00000000       0x12 build_ek-tm4c123gxl/unity.o
 .rodata.UnityStrNot
                0x00000000        0x5 build_ek-tm4c123gxl/unity.o
 .rodata.UnityStrNotEqual
                0x00000000       0x15 build_ek-tm4c123gxl/unity.o
 .rodata.UnityStrNull
                0x00000000        0x5 build_ek-tm4c123gxl/unity.o
 .rodata.UnityStrOrEqual
                0x00000000        0xd build_ek-tm4c123gxl/unity.o
 .text          0x00000000        0x0 build_ek-tm4c123gxl/cmock.o
 .data          0x00000000        0x0 build_ek-tm4c123gxl/cmock.o
 .bss           0x00000000        0x0 build_ek-tm4c123gxl/cmock.o
 .text.CMock_Guts_MemEndOfChain
                0x00000000       0x1c build_ek-tm4c123gxl/cmock.o
 .text.CMock_Guts_MemBytesCapacity
                0x00000000        0x4 build_ek-tm4c123gxl/cmock.o
 .text.CMock_Guts_MemBytesFree
                0x00000000       0x10 build_ek-tm4c123gxl/cmock.o
 .text.CMock_Guts_MemBytesUsed
                0x00000000        0xc build_ek-tm4c123gxl/cmock.o
 .text.CMock_Guts_MemFreeAll
                0x00000000        0xc build_ek-tm4c123gxl/cmock.o
 .text.CMock_Guts_MemFreeFinal
                0x00000000        0xc build_ek-tm4c123gxl/cmock.o
 .data.CMockStringCallOrder
                0x00000000        0x4 build_ek-tm4c123gxl/cmock.o
 .data.CMockStringCalledEarly
                0x00000000        0x4 build_ek-tm4c123gxl/cmock.o
 .data.CMockStringCalledLate
                0x00000000        0x4 build_ek-tm4c123gxl/cmock.o
 .data.CMockStringCalledLess
                0x00000000        0x4 build_ek-tm4c123gxl/cmock.o
 .data.CMockStringIgnPreExp
                0x00000000        0x4 build_ek-tm4c123gxl/cmock.o
 .data.CMockStringPtrIsNULL
                0x00000000        0x4 build_ek-tm4c123gxl/cmock.o
 .data.CMockStringPtrPreExp
                0x00000000        0x4 build_ek-tm4c123gxl/cmock.o
 .text          0x00000000        0x0 c:/qp/qtools/gnu_arm-none-eabi/bin/../lib/gcc/arm-none-eabi/10.3.1/../../../../arm-none-eabi/lib/thumb/v7e-m+dp/softfp\libc_nano.a(lib_a-exit.o)
 .data          0x00000000        0x0 c:/qp/qtools/gnu_arm-none-eabi/bin/../lib/gcc/arm-none-eabi/10.3.1/../../../../arm-none-eabi/lib/thumb/v7e-m+dp/softfp\libc_nano.a(lib_a-exit.o)
 .bss           0x00000000        0x0 c:/qp/qtools/gnu_arm-none-eabi/bin/../lib/gcc/arm-none-eabi/10.3.1/../../../../arm-none-eabi/lib/thumb/v7e-m+dp/softfp\libc_nano.a(lib_a-exit.o)
 .text.exit     0x00000000       0x28 c:/qp/qtools/gnu_arm-none-eabi/bin/../lib/gcc/arm-none-eabi/10.3.1/../../../../arm-none-eabi/lib/thumb/v7e-m+dp/softfp\libc_nano.a(lib_a-exit.o)
 .debug_frame   0x00000000       0x28 c:/qp/qtools/gnu_arm-none-eabi/bin/../lib/gcc/arm-none-eabi/10.3.1/../../../../arm-none-eabi/lib/thumb/v7e-m+dp/softfp\libc_nano.a(lib_a-exit.o)
 .ARM.attributes
                0x00000000       0x30 c:/qp/qtools/gnu_arm-none-eabi/bin/../lib/gcc/arm-none-eabi/10.3.1/../../../../arm-none-eabi/lib/thumb/v7e-m+dp/softfp\libc_nano.a(lib_a-exit.o)
 .text          0x00000000        0x0 c:/qp/qtools/gnu_arm-none-eabi/bin/../lib/gcc/arm-none-eabi/10.3.1/../../../../arm-none-eabi/lib/thumb/v7e-m+dp/softfp\libc_nano.a(lib_a-impure.o)
 .data          0x00000000        0x0 c:/qp/qtools/gnu_arm-none-eabi/bin/../lib/gcc/arm-none-eabi/10.3.1/../../../../arm-none-eabi/lib/thumb/v7e-m+dp/softfp\libc_nano.a(lib_a-impure.o)
 .bss           0x00000000        0x0 c:/qp/qtools/gnu_arm-none-eabi/bin/../lib/gcc/arm-none-eabi/10.3.1/../../../../arm-none-eabi/lib/thumb/v7e-m+dp/softfp\libc_nano.a(lib_a-impure.o)
 .data._impure_ptr
                0x00000000        0x4 c:/qp/qtools/gnu_arm-none-eabi/bin/../lib/gcc/arm-none-eabi/10.3.1/../../../../arm-none-eabi/lib/thumb/v7e-m+dp/softfp\libc_nano.a(lib_a-impure.o)
 .data.impure_data
                0x00000000       0x60 c:/qp/qtools/gnu_arm-none-eabi/bin/../lib/gcc/arm-none-eabi/10.3.1/../../../../arm-none-eabi/lib/thumb/v7e-m+dp/softfp\libc_nano.a(lib_a-impure.o)
 .rodata._global_impure_ptr
                0x00000000        0x4 c:/qp/qtools/gnu_arm-none-eabi/bin/../lib/gcc/arm-none-eabi/10.3.1/../../../../arm-none-eabi/lib/thumb/v7e-m+dp/softfp\libc_nano.a(lib_a-impure.o)
 .ARM.attributes
                0x00000000       0x30 c:/qp/qtools/gnu_arm-none-eabi/bin/../lib/gcc/arm-none-eabi/10.3.1/../../../../arm-none-eabi/lib/thumb/v7e-m+dp/softfp\libc_nano.a(lib_a-impure.o)
 .text          0x00000000        0x0 c:/qp/qtools/gnu_arm-none-eabi/bin/../lib/gcc/arm-none-eabi/10.3.1/../../../../arm-none-eabi/lib/thumb/v7e-m+dp/softfp\libc_nano.a(lib_a-init.o)
 .data          0x00000000        0x0 c:/qp/qtools/gnu_arm-none-eabi/bin/../lib/gcc/arm-none-eabi/10.3.1/../../../../arm-none-eabi/lib/thumb/v7e-m+dp/softfp\libc_nano.a(lib_a-init.o)
 .bss           0x00000000        0x0 c:/qp/qtools/gnu_arm-none-eabi/bin/../lib/gcc/arm-none-eabi/10.3.1/../../../../arm-none-eabi/lib/thumb/v7e-m+dp/softfp\libc_nano.a(lib_a-init.o)
 .text          0x00000000        0x0 c:/qp/qtools/gnu_arm-none-eabi/bin/../lib/gcc/arm-none-eabi/10.3.1/../../../../arm-none-eabi/lib/thumb/v7e-m+dp/softfp\libc_nano.a(lib_a-memset.o)
 .data          0x00000000        0x0 c:/qp/qtools/gnu_arm-none-eabi/bin/../lib/gcc/arm-none-eabi/10.3.1/../../../../arm-none-eabi/lib/thumb/v7e-m+dp/softfp\libc_nano.a(lib_a-memset.o)
 .bss           0x00000000        0x0 c:/qp/qtools/gnu_arm-none-eabi/bin/../lib/gcc/arm-none-eabi/10.3.1/../../../../arm-none-eabi/lib/thumb/v7e-m+dp/softfp\libc_nano.a(lib_a-memset.o)
 .text.memset   0x00000000       0x10 c:/qp/qtools/gnu_arm-none-eabi/bin/../lib/gcc/arm-none-eabi/10.3.1/../../../../arm-none-eabi/lib/thumb/v7e-m+dp/softfp\libc_nano.a(lib_a-memset.o)
 .debug_frame   0x00000000       0x20 c:/qp/qtools/gnu_arm-none-eabi/bin/../lib/gcc/arm-none-eabi/10.3.1/../../../../arm-none-eabi/lib/thumb/v7e-m+dp/softfp\libc_nano.a(lib_a-memset.o)
 .ARM.attributes
                0x00000000       0x30 c:/qp/qtools/gnu_arm-none-eabi/bin/../lib/gcc/arm-none-eabi/10.3.1/../../../../arm-none-eabi/lib/thumb/v7e-m+dp/softfp\libc_nano.a(lib_a-memset.o)
 .data          0x00000000        0x0 c:/qp/qtools/gnu_arm-none-eabi/bin/../lib/gcc/arm-none-eabi/10.3.1/../../../../arm-none-eabi/lib/thumb/v7e-m+dp/softfp\libc_nano.a(lib_a-setjmp.o)
 .bss           0x00000000        0x0 c:/qp/qtools/gnu_arm-none-eabi/bin/../lib/gcc/arm-none-eabi/10.3.1/../../../../arm-none-eabi/lib/thumb/v7e-m+dp/softfp\libc_nano.a(lib_a-setjmp.o)
 .text          0x00000000        0x0 c:/qp/qtools/gnu_arm-none-eabi/bin/../lib/gcc/arm-none-eabi/10.3.1/../../../../arm-none-eabi/lib/thumb/v7e-m+dp/softfp\libnosys.a(_exit.o)
 .data          0x00000000        0x0 c:/qp/qtools/gnu_arm-none-eabi/bin/../lib/gcc/arm-none-eabi/10.3.1/../../../../arm-none-eabi/lib/thumb/v7e-m+dp/softfp\libnosys.a(_exit.o)
 .bss           0x00000000        0x0 c:/qp/qtools/gnu_arm-none-eabi/bin/../lib/gcc/arm-none-eabi/10.3.1/../../../../arm-none-eabi/lib/thumb/v7e-m+dp/softfp\libnosys.a(_exit.o)
 .text._exit    0x00000000        0x4 c:/qp/qtools/gnu_arm-none-eabi/bin/../lib/gcc/arm-none-eabi/10.3.1/../../../../arm-none-eabi/lib/thumb/v7e-m+dp/softfp\libnosys.a(_exit.o)
 .debug_frame   0x00000000       0x20 c:/qp/qtools/gnu_arm-none-eabi/bin/../lib/gcc/arm-none-eabi/10.3.1/../../../../arm-none-eabi/lib/thumb/v7e-m+dp/softfp\libnosys.a(_exit.o)
 .ARM.attributes
                0x00000000       0x30 c:/qp/qtools/gnu_arm-none-eabi/bin/../lib/gcc/arm-none-eabi/10.3.1/../../../../arm-none-eabi/lib/thumb/v7e-m+dp/softfp\libnosys.a(_exit.o)
 .text          0x00000000        0x0 c:/qp/qtools/gnu_arm-none-eabi/bin/../lib/gcc/arm-none-eabi/10.3.1/thumb/v7e-m+dp/softfp/crtend.o
 .data          0x00000000        0x0 c:/qp/qtools/gnu_arm-none-eabi/bin/../lib/gcc/arm-none-eabi/10.3.1/thumb/v7e-m+dp/softfp/crtend.o
 .bss           0x00000000        0x0 c:/qp/qtools/gnu_arm-none-eabi/bin/../lib/gcc/arm-none-eabi/10.3.1/thumb/v7e-m+dp/softfp/crtend.o
 .rodata        0x00000000       0x24 c:/qp/qtools/gnu_arm-none-eabi/bin/../lib/gcc/arm-none-eabi/10.3.1/thumb/v7e-m+dp/softfp/crtend.o
 .eh_frame      0x00000000        0x4 c:/qp/qtools/gnu_arm-none-eabi/bin/../lib/gcc/arm-none-eabi/10.3.1/thumb/v7e-m+dp/softfp/crtend.o
 .ARM.attributes
                0x00000000       0x30 c:/qp/qtools/gnu_arm-none-eabi/bin/../lib/gcc/arm-none-eabi/10.3.1/thumb/v7e-m+dp/softfp/crtend.o
 .text          0x00000000        0x0 c:/qp/qtools/gnu_arm-none-eabi/bin/../lib/gcc/arm-none-eabi/10.3.1/thumb/v7e-m+dp/softfp/crtn.o
 .data          0x00000000        0x0 c:/qp/qtools/gnu_arm-none-eabi/bin/../lib/gcc/arm-none-eabi/10.3.1/thumb/v7e-m+dp/softfp/crtn.o
 .bss           0x00000000        0x0 c:/qp/qtools/gnu_arm-none-eabi/bin/../lib/gcc/arm-none-eabi/10.3.1/thumb/v7e-m+dp/softfp/crtn.o

Memory Configuration

Name             Origin             Length             Attributes
ROM              0x00000000         0x00040000         xr
RAM              0x20000000         0x00008000         xrw
*default*        0x00000000         0xffffffff

Linker script and memory map

LOAD c:/qp/qtools/gnu_arm-none-eabi/bin/../lib/gcc/arm-none-eabi/10.3.1/thumb/v7e-m+dp/softfp/crti.o
LOAD c:/qp/qtools/gnu_arm-none-eabi/bin/../lib/gcc/arm-none-eabi/10.3.1/thumb/v7e-m+dp/softfp/crtbegin.o
LOAD c:/qp/qtools/gnu_arm-none-eabi/bin/../lib/gcc/arm-none-eabi/10.3.1/../../../../arm-none-eabi/lib/thumb/v7e-m+dp/softfp/crt0.o
LOAD build_ek-tm4c123gxl/Mocktm4c_bsp_mocks.o
LOAD build_ek-tm4c123gxl/cyber_minion_hil_tests.o
LOAD build_ek-tm4c123gxl/cyber_minion.o
LOAD build_ek-tm4c123gxl/tm4c_bsp.o
LOAD build_ek-tm4c123gxl/system_TM4C123GH6PM.o
LOAD build_ek-tm4c123gxl/startup_TM4C123GH6PM.o
LOAD build_ek-tm4c123gxl/unity.o
LOAD build_ek-tm4c123gxl/cmock.o
START GROUP
LOAD c:/qp/qtools/gnu_arm-none-eabi/bin/../lib/gcc/arm-none-eabi/10.3.1/thumb/v7e-m+dp/softfp\libgcc.a
LOAD c:/qp/qtools/gnu_arm-none-eabi/bin/../lib/gcc/arm-none-eabi/10.3.1/../../../../arm-none-eabi/lib/thumb/v7e-m+dp/softfp\libc_nano.a
END GROUP
START GROUP
LOAD c:/qp/qtools/gnu_arm-none-eabi/bin/../lib/gcc/arm-none-eabi/10.3.1/thumb/v7e-m+dp/softfp\libgcc.a
LOAD c:/qp/qtools/gnu_arm-none-eabi/bin/../lib/gcc/arm-none-eabi/10.3.1/../../../../arm-none-eabi/lib/thumb/v7e-m+dp/softfp\libc_nano.a
LOAD c:/qp/qtools/gnu_arm-none-eabi/bin/../lib/gcc/arm-none-eabi/10.3.1/../../../../arm-none-eabi/lib/thumb/v7e-m+dp/softfp\libnosys.a
END GROUP
START GROUP
LOAD c:/qp/qtools/gnu_arm-none-eabi/bin/../lib/gcc/arm-none-eabi/10.3.1/thumb/v7e-m+dp/softfp\libgcc.a
LOAD c:/qp/qtools/gnu_arm-none-eabi/bin/../lib/gcc/arm-none-eabi/10.3.1/../../../../arm-none-eabi/lib/thumb/v7e-m+dp/softfp\libc_nano.a
LOAD c:/qp/qtools/gnu_arm-none-eabi/bin/../lib/gcc/arm-none-eabi/10.3.1/../../../../arm-none-eabi/lib/thumb/v7e-m+dp/softfp\libnosys.a
END GROUP
LOAD c:/qp/qtools/gnu_arm-none-eabi/bin/../lib/gcc/arm-none-eabi/10.3.1/thumb/v7e-m+dp/softfp/crtend.o
LOAD c:/qp/qtools/gnu_arm-none-eabi/bin/../lib/gcc/arm-none-eabi/10.3.1/thumb/v7e-m+dp/softfp/crtn.o
                0x00000800                STACK_SIZE = 0x800
                0x00000000                HEAP_SIZE = 0x0

.isr_vector     0x00000000      0x36c
 *(.isr_vector)
 .isr_vector    0x00000000      0x36c build_ek-tm4c123gxl/startup_TM4C123GH6PM.o
                0x00000000                g_pfnVectors
                0x0000036c                . = ALIGN (0x4)

.eh_frame       0x0000036c        0x0
 .eh_frame      0x0000036c        0x0 c:/qp/qtools/gnu_arm-none-eabi/bin/../lib/gcc/arm-none-eabi/10.3.1/thumb/v7e-m+dp/softfp/crtbegin.o

.text           0x0000036c     0x1878
                0x0000036c                . = ALIGN (0x4)
 *(.text)
 .text          0x0000036c       0x40 c:/qp/qtools/gnu_arm-none-eabi/bin/../lib/gcc/arm-none-eabi/10.3.1/thumb/v7e-m+dp/softfp/crtbegin.o
 .text          0x000003ac       0x1c c:/qp/qtools/gnu_arm-none-eabi/bin/../lib/gcc/arm-none-eabi/10.3.1/../../../../arm-none-eabi/lib/thumb/v7e-m+dp/softfp\libc_nano.a(lib_a-setjmp.o)
                0x000003ac                setjmp
                0x000003b8                longjmp
 *(.text*)
 .text.set_sp   0x000003c8       0x8c build_ek-tm4c123gxl/Mocktm4c_bsp_mocks.o
                0x000003c8                set_sp
 .text.set_sp_CMockExpect
                0x00000454       0x48 build_ek-tm4c123gxl/Mocktm4c_bsp_mocks.o
                0x00000454                set_sp_CMockExpect
 .text.exit_interrupt
                0x0000049c       0x48 build_ek-tm4c123gxl/Mocktm4c_bsp_mocks.o
                0x0000049c                exit_interrupt
 .text.exit_interrupt_CMockExpect
                0x000004e4       0x3c build_ek-tm4c123gxl/Mocktm4c_bsp_mocks.o
                0x000004e4                exit_interrupt_CMockExpect
 .text.test_sanity
                0x00000520       0x1a build_ek-tm4c123gxl/cyber_minion_hil_tests.o
                0x00000520                test_sanity
 *fill*         0x0000053a        0x2 
 .text.hilTest_set_compare_x_setsLocalCompareValueAndGenerator_when_validCompareValuePassed
                0x0000053c       0x6c build_ek-tm4c123gxl/cyber_minion_hil_tests.o
                0x0000053c                hilTest_set_compare_x_setsLocalCompareValueAndGenerator_when_validCompareValuePassed
 .text.hilTest_set_compare_x_staysWithinBounds_when_invalidCompareValuePassed
                0x000005a8       0x94 build_ek-tm4c123gxl/cyber_minion_hil_tests.o
                0x000005a8                hilTest_set_compare_x_staysWithinBounds_when_invalidCompareValuePassed
 .text.hilTestHelper_trigger_UART_interrupt_with_frame
                0x0000063c       0x18 build_ek-tm4c123gxl/cyber_minion_hil_tests.o
                0x0000063c                hilTestHelper_trigger_UART_interrupt_with_frame
 .text.hilTest_UART0_Handler_changesStateToScanning_whenUARTFrameMSBIsEnabled
                0x00000654       0x84 build_ek-tm4c123gxl/cyber_minion_hil_tests.o
                0x00000654                hilTest_UART0_Handler_changesStateToScanning_whenUARTFrameMSBIsEnabled
 .text.hilTestHelper_UART0_Handler_set_up_and_call_and_assert
                0x000006d8       0xa8 build_ek-tm4c123gxl/cyber_minion_hil_tests.o
                0x000006d8                hilTestHelper_UART0_Handler_set_up_and_call_and_assert
 .text.hilTest_UART0_Handler_changesStateToWaiting_and_setsServoPositions_andAlternatesStackPointer_whenUARTFrameMSBDisabled
                0x00000780       0xd4 build_ek-tm4c123gxl/cyber_minion_hil_tests.o
                0x00000780                hilTest_UART0_Handler_changesStateToWaiting_and_setsServoPositions_andAlternatesStackPointer_whenUARTFrameMSBDisabled
 .text.setUp    0x00000854        0x2 build_ek-tm4c123gxl/cyber_minion_hil_tests.o
                0x00000854                setUp
 .text.tearDown
                0x00000856        0x2 build_ek-tm4c123gxl/cyber_minion_hil_tests.o
                0x00000856                tearDown
 .text.main     0x00000858       0x7c build_ek-tm4c123gxl/cyber_minion_hil_tests.o
                0x00000858                main
 .text.assert_failed
                0x000008d4       0x10 build_ek-tm4c123gxl/cyber_minion_hil_tests.o
                0x000008d4                assert_failed
 .text.set_compare_x
                0x000008e4       0x24 build_ek-tm4c123gxl/cyber_minion.o
                0x000008e4                set_compare_x
 .text.set_compare_y
                0x00000908       0x24 build_ek-tm4c123gxl/cyber_minion.o
                0x00000908                set_compare_y
 .text.UART0_Handler
                0x0000092c      0x130 build_ek-tm4c123gxl/cyber_minion.o
                0x0000092c                UART0_Handler
 .text.scan     0x00000a5c       0xbc build_ek-tm4c123gxl/cyber_minion.o
                0x00000a5c                scan
 .text.sleep_position
                0x00000b18       0x14 build_ek-tm4c123gxl/cyber_minion.o
                0x00000b18                sleep_position
 .text.main_loop
                0x00000b2c       0x30 build_ek-tm4c123gxl/cyber_minion.o
                0x00000b2c                main_loop
 .text.get_UART0_interrupt_data
                0x00000b5c       0x10 build_ek-tm4c123gxl/tm4c_bsp.o
                0x00000b5c                get_UART0_interrupt_data
 .text.set_PWM0_generator0_CMPA
                0x00000b6c        0xc build_ek-tm4c123gxl/tm4c_bsp.o
                0x00000b6c                set_PWM0_generator0_CMPA
 .text.set_PWM0_generator1_CMPA
                0x00000b78        0xc build_ek-tm4c123gxl/tm4c_bsp.o
                0x00000b78                set_PWM0_generator1_CMPA
 .text.enable_interrupts
                0x00000b84        0x4 build_ek-tm4c123gxl/tm4c_bsp.o
                0x00000b84                enable_interrupts
 .text.wait_for_interrupt
                0x00000b88        0x4 build_ek-tm4c123gxl/tm4c_bsp.o
                0x00000b88                wait_for_interrupt
 .text.PLL_init
                0x00000b8c       0x5c build_ek-tm4c123gxl/tm4c_bsp.o
                0x00000b8c                PLL_init
 .text.SysTick_init
                0x00000be8       0x18 build_ek-tm4c123gxl/tm4c_bsp.o
                0x00000be8                SysTick_init
 .text.SysTick_wait
                0x00000c00       0x14 build_ek-tm4c123gxl/tm4c_bsp.o
                0x00000c00                SysTick_wait
 .text.delay_1ms
                0x00000c14       0x16 build_ek-tm4c123gxl/tm4c_bsp.o
                0x00000c14                delay_1ms
 *fill*         0x00000c2a        0x2 
 .text.UART0_and_servos_init
                0x00000c2c      0x178 build_ek-tm4c123gxl/tm4c_bsp.o
                0x00000c2c                UART0_and_servos_init
 .text.UART_SendChar
                0x00000da4       0x1c build_ek-tm4c123gxl/tm4c_bsp.o
                0x00000da4                UART_SendChar
 .text.UART_SendString
                0x00000dc0       0x16 build_ek-tm4c123gxl/tm4c_bsp.o
                0x00000dc0                UART_SendString
 *fill*         0x00000dd6        0x2 
 .text.UART_Flush
                0x00000dd8       0x10 build_ek-tm4c123gxl/tm4c_bsp.o
                0x00000dd8                UART_Flush
 .text.SystemInit
                0x00000de8       0xc8 build_ek-tm4c123gxl/system_TM4C123GH6PM.o
                0x00000de8                SystemInit
 .text.Reset_Handler
                0x00000eb0       0x94 build_ek-tm4c123gxl/startup_TM4C123GH6PM.o
                0x00000eb0                Reset_Handler
 .text.NMI_Handler
                0x00000f44       0x14 build_ek-tm4c123gxl/startup_TM4C123GH6PM.o
                0x00000f44                NMI_Handler
 .text.HardFault_Handler
                0x00000f58       0x14 build_ek-tm4c123gxl/startup_TM4C123GH6PM.o
                0x00000f58                HardFault_Handler
 .text.MemManage_Handler
                0x00000f6c       0x14 build_ek-tm4c123gxl/startup_TM4C123GH6PM.o
                0x00000f6c                MemManage_Handler
 .text.BusFault_Handler
                0x00000f80       0x14 build_ek-tm4c123gxl/startup_TM4C123GH6PM.o
                0x00000f80                BusFault_Handler
 .text.UsageFault_Handler
                0x00000f94       0x14 build_ek-tm4c123gxl/startup_TM4C123GH6PM.o
                0x00000f94                UsageFault_Handler
 .text.Default_Handler
                0x00000fa8       0x14 build_ek-tm4c123gxl/startup_TM4C123GH6PM.o
                0x00000fa8                uDMAST_IRQHandler
                0x00000fa8                GPIOPortP4_IRQHandler
                0x00000fa8                PWM1Gen3_IRQHandler
                0x00000fa8                WideTimer5B_IRQHandler
                0x00000fa8                DebugMon_Handler
                0x00000fa8                QEI2_IRQHandler
                0x00000fa8                FlashCtrl_IRQHandler
                0x00000fa8                GPIOPortP7_IRQHandler
                0x00000fa8                Timer0B_IRQHandler
                0x00000fa8                I2C0_IRQHandler
                0x00000fa8                SysTick_Handler
                0x00000fa8                WideTimer4B_IRQHandler
                0x00000fa8                PendSV_Handler
                0x00000fa8                I2C1_IRQHandler
                0x00000fa8                GPIOPortP5_IRQHandler
                0x00000fa8                PWMGen0_IRQHandler
                0x00000fa8                UART1_IRQHandler
                0x00000fa8                CAN1_IRQHandler
                0x00000fa8                Timer1B_IRQHandler
                0x00000fa8                Watchdog_IRQHandler
                0x00000fa8                GPIOPortS_IRQHandler
                0x00000fa8                GPIOPortQ7_IRQHandler
                0x00000fa8                PWM1Gen2_IRQHandler
                0x00000fa8                GPIOPortL_IRQHandler
                0x00000fa8                SSI0_IRQHandler
                0x00000fa8                GPIOPortM_IRQHandler
                0x00000fa8                FPU_IRQHandler
                0x00000fa8                ADCSeq1_IRQHandler
                0x00000fa8                GPIOPortP0_IRQHandler
                0x00000fa8                WideTimer0B_IRQHandler
                0x00000fa8                PWMFault_IRQHandler
                0x00000fa8                WideTimer1A_IRQHandler
                0x00000fa8                I2C4_IRQHandler
                0x00000fa8                I2C5_IRQHandler
                0x00000fa8                GPIOPortQ5_IRQHandler
                0x00000fa8                PWMGen1_IRQHandler
                0x00000fa8                SSI1_IRQHandler
                0x00000fa8                I2C2_IRQHandler
                0x00000fa8                GPIOPortC_IRQHandler
                0x00000fa8                UART5_IRQHandler
                0x00000fa8                GPIOPortK_IRQHandler
                0x00000fa8                ADCSeq2_IRQHandler
                0x00000fa8                PWMGen2_IRQHandler
                0x00000fa8                UART2_IRQHandler
                0x00000fa8                GPIOPortP3_IRQHandler
                0x00000fa8                ADC1Seq0_IRQHandler
                0x00000fa8                UART4_IRQHandler
                0x00000fa8                GPIOPortJ_IRQHandler
                0x00000fa8                Default_Handler
                0x00000fa8                WideTimer0A_IRQHandler
                0x00000fa8                Timer5A_IRQHandler
                0x00000fa8                WideTimer3B_IRQHandler
                0x00000fa8                WideTimer2B_IRQHandler
                0x00000fa8                WideTimer5A_IRQHandler
                0x00000fa8                Timer4A_IRQHandler
                0x00000fa8                QEI1_IRQHandler
                0x00000fa8                PWM1Fault_IRQHandler
                0x00000fa8                GPIOPortP6_IRQHandler
                0x00000fa8                QEI0_IRQHandler
                0x00000fa8                ADC1Seq2_IRQHandler
                0x00000fa8                ADC1Seq1_IRQHandler
                0x00000fa8                PWMGen3_IRQHandler
                0x00000fa8                GPIOPortD_IRQHandler
                0x00000fa8                USB0_IRQHandler
                0x00000fa8                I2C3_IRQHandler
                0x00000fa8                SVC_Handler
                0x00000fa8                GPIOPortP2_IRQHandler
                0x00000fa8                GPIOPortQ4_IRQHandler
                0x00000fa8                Timer3B_IRQHandler
                0x00000fa8                Timer3A_IRQHandler
                0x00000fa8                GPIOPortA_IRQHandler
                0x00000fa8                ADC1Seq3_IRQHandler
                0x00000fa8                Timer0A_IRQHandler
                0x00000fa8                GPIOPortP1_IRQHandler
                0x00000fa8                ADCSeq0_IRQHandler
                0x00000fa8                Timer1A_IRQHandler
                0x00000fa8                GPIOPortG_IRQHandler
                0x00000fa8                GPIOPortQ1_IRQHandler
                0x00000fa8                GPIOPortQ3_IRQHandler
                0x00000fa8                Timer5B_IRQHandler
                0x00000fa8                ADCSeq3_IRQHandler
                0x00000fa8                WideTimer4A_IRQHandler
                0x00000fa8                GPIOPortE_IRQHandler
                0x00000fa8                CAN0_IRQHandler
                0x00000fa8                GPIOPortQ0_IRQHandler
                0x00000fa8                Comp0_IRQHandler
                0x00000fa8                Comp1_IRQHandler
                0x00000fa8                Comp2_IRQHandler
                0x00000fa8                GPIOPortQ6_IRQHandler
                0x00000fa8                SSI2_IRQHandler
                0x00000fa8                PWM1Gen0_IRQHandler
                0x00000fa8                GPIOPortF_IRQHandler
                0x00000fa8                UART7_IRQHandler
                0x00000fa8                UART6_IRQHandler
                0x00000fa8                WideTimer2A_IRQHandler
                0x00000fa8                GPIOPortB_IRQHandler
                0x00000fa8                WideTimer3A_IRQHandler
                0x00000fa8                CAN2_IRQHandler
                0x00000fa8                WideTimer1B_IRQHandler
                0x00000fa8                GPIOPortH_IRQHandler
                0x00000fa8                GPIOPortQ2_IRQHandler
                0x00000fa8                GPIOPortR_IRQHandler
                0x00000fa8                Timer4B_IRQHandler
                0x00000fa8                Timer2A_IRQHandler
                0x00000fa8                SSI3_IRQHandler
                0x00000fa8                Timer2B_IRQHandler
                0x00000fa8                uDMAError_IRQHandler
                0x00000fa8                GPIOPortN_IRQHandler
                0x00000fa8                UART3_IRQHandler
                0x00000fa8                SysCtrl_IRQHandler
                0x00000fa8                Hibernate_IRQHandler
                0x00000fa8                PWM1Gen1_IRQHandler
 .text.UnityPrintNumberUnsigned
                0x00000fbc       0x64 build_ek-tm4c123gxl/unity.o
                0x00000fbc                UnityPrintNumberUnsigned
 .text.UnityPrintNumber
                0x00001020       0x18 build_ek-tm4c123gxl/unity.o
                0x00001020                UnityPrintNumber
 .text.UnityPrintNumberHex
                0x00001038       0x32 build_ek-tm4c123gxl/unity.o
                0x00001038                UnityPrintNumberHex
 .text.UnityPrint
                0x0000106a       0x64 build_ek-tm4c123gxl/unity.o
                0x0000106a                UnityPrint
 *fill*         0x000010ce        0x2 
 .text.UnityTestResultsBegin
                0x000010d0       0x30 build_ek-tm4c123gxl/unity.o
 .text.UnityTestResultsFailBegin
                0x00001100       0x24 build_ek-tm4c123gxl/unity.o
 .text.UnityAddMsgIfSpecified
                0x00001124       0x50 build_ek-tm4c123gxl/unity.o
 .text.UnityIsOneArrayNull
                0x00001174       0x48 build_ek-tm4c123gxl/unity.o
 .text.UnityPrintNumberByStyle
                0x000011bc       0x92 build_ek-tm4c123gxl/unity.o
                0x000011bc                UnityPrintNumberByStyle
 *fill*         0x0000124e        0x2 
 .text.UnityConcludeTest
                0x00001250       0x50 build_ek-tm4c123gxl/unity.o
                0x00001250                UnityConcludeTest
 .text.UnityAssertEqualNumber
                0x000012a0       0x74 build_ek-tm4c123gxl/unity.o
                0x000012a0                UnityAssertEqualNumber
 .text.UnityAssertEqualIntArray
                0x00001314      0x138 build_ek-tm4c123gxl/unity.o
                0x00001314                UnityAssertEqualIntArray
 .text.UnityFail
                0x0000144c       0x98 build_ek-tm4c123gxl/unity.o
                0x0000144c                UnityFail
 .text.UnityDefaultTestRun
                0x000014e4       0x4c build_ek-tm4c123gxl/unity.o
                0x000014e4                UnityDefaultTestRun
 .text.UnityBegin
                0x00001530       0x20 build_ek-tm4c123gxl/unity.o
                0x00001530                UnityBegin
 .text.UnityEnd
                0x00001550       0x80 build_ek-tm4c123gxl/unity.o
                0x00001550                UnityEnd
 .text.CMock_Guts_MemNew
                0x000015d0       0x40 build_ek-tm4c123gxl/cmock.o
                0x000015d0                CMock_Guts_MemNew
 .text.CMock_Guts_MemChain
                0x00001610       0x60 build_ek-tm4c123gxl/cmock.o
                0x00001610                CMock_Guts_MemChain
 .text.CMock_Guts_MemNext
                0x00001670       0x34 build_ek-tm4c123gxl/cmock.o
                0x00001670                CMock_Guts_MemNext
 .text.CMock_Guts_GetAddressFor
                0x000016a4       0x24 build_ek-tm4c123gxl/cmock.o
                0x000016a4                CMock_Guts_GetAddressFor
 .text.__libc_init_array
                0x000016c8       0x48 c:/qp/qtools/gnu_arm-none-eabi/bin/../lib/gcc/arm-none-eabi/10.3.1/../../../../arm-none-eabi/lib/thumb/v7e-m+dp/softfp\libc_nano.a(lib_a-init.o)
                0x000016c8                __libc_init_array
 *(.rodata)
 *(.rodata*)
 .rodata.Mocktm4c_bsp_mocks_Verify.str1.4
                0x00001710       0x17 build_ek-tm4c123gxl/Mocktm4c_bsp_mocks.o
 *fill*         0x00001727        0x1 
 .rodata.set_sp.str1.4
                0x00001728        0xb build_ek-tm4c123gxl/Mocktm4c_bsp_mocks.o
 *fill*         0x00001733        0x1 
 .rodata.hilTest_UART0_Handler_changesStateToScanning_whenUARTFrameMSBIsEnabled.str1.4
                0x00001734       0x2e build_ek-tm4c123gxl/cyber_minion_hil_tests.o
 *fill*         0x00001762        0x2 
 .rodata.main.str1.4
                0x00001764      0x186 build_ek-tm4c123gxl/cyber_minion_hil_tests.o
 *fill*         0x000018ea        0x2 
 .rodata.assert_failed.str1.4
                0x000018ec       0x14 build_ek-tm4c123gxl/cyber_minion_hil_tests.o
 .rodata.Reset_Handler.str1.4
                0x00001900        0xe build_ek-tm4c123gxl/startup_TM4C123GH6PM.o
 *fill*         0x0000190e        0x2 
 .rodata.NMI_Handler.str1.4
                0x00001910        0xc build_ek-tm4c123gxl/startup_TM4C123GH6PM.o
 .rodata.HardFault_Handler.str1.4
                0x0000191c       0x12 build_ek-tm4c123gxl/startup_TM4C123GH6PM.o
 *fill*         0x0000192e        0x2 
 .rodata.MemManage_Handler.str1.4
                0x00001930       0x12 build_ek-tm4c123gxl/startup_TM4C123GH6PM.o
 *fill*         0x00001942        0x2 
 .rodata.UsageFault_Handler.str1.4
                0x00001944       0x11 build_ek-tm4c123gxl/startup_TM4C123GH6PM.o
 *fill*         0x00001955        0x3 
 .rodata.Default_Handler.str1.4
                0x00001958       0x10 build_ek-tm4c123gxl/startup_TM4C123GH6PM.o
 .rodata.UnityStrBreaker
                0x00001968       0x18 build_ek-tm4c123gxl/unity.o
 .rodata.UnityStrDetail1Name
                0x00001980        0xa build_ek-tm4c123gxl/unity.o
 *fill*         0x0000198a        0x2 
 .rodata.UnityStrDetail2Name
                0x0000198c        0xb build_ek-tm4c123gxl/unity.o
 *fill*         0x00001997        0x1 
 .rodata.UnityStrElement
                0x00001998        0xa build_ek-tm4c123gxl/unity.o
 *fill*         0x000019a2        0x2 
 .rodata.UnityStrExpected
                0x000019a4        0xb build_ek-tm4c123gxl/unity.o
 *fill*         0x000019af        0x1 
 .rodata.UnityStrFail
                0x000019b0        0x5 build_ek-tm4c123gxl/unity.o
                0x000019b0                UnityStrFail
 *fill*         0x000019b5        0x3 
 .rodata.UnityStrNullPointerForActual
                0x000019b8       0x19 build_ek-tm4c123gxl/unity.o
 *fill*         0x000019d1        0x3 
 .rodata.UnityStrNullPointerForExpected
                0x000019d4       0x1d build_ek-tm4c123gxl/unity.o
 *fill*         0x000019f1        0x3 
 .rodata.UnityStrOk
                0x000019f4        0x3 build_ek-tm4c123gxl/unity.o
                0x000019f4                UnityStrOk
 *fill*         0x000019f7        0x1 
 .rodata.UnityStrPass
                0x000019f8        0x5 build_ek-tm4c123gxl/unity.o
                0x000019f8                UnityStrPass
 *fill*         0x000019fd        0x3 
 .rodata.UnityStrPointless
                0x00001a00       0x37 build_ek-tm4c123gxl/unity.o
 *fill*         0x00001a37        0x1 
 .rodata.UnityStrResultsFailures
                0x00001a38        0xb build_ek-tm4c123gxl/unity.o
 *fill*         0x00001a43        0x1 
 .rodata.UnityStrResultsIgnored
                0x00001a44        0xa build_ek-tm4c123gxl/unity.o
 *fill*         0x00001a4e        0x2 
 .rodata.UnityStrResultsTests
                0x00001a50        0x8 build_ek-tm4c123gxl/unity.o
 .rodata.UnityStrSpacer
                0x00001a58        0x3 build_ek-tm4c123gxl/unity.o
 *fill*         0x00001a5b        0x1 
 .rodata.UnityStrWas
                0x00001a5c        0x6 build_ek-tm4c123gxl/unity.o
 *fill*         0x00001a62        0x2 
 .rodata.str1.4
                0x00001a64      0x167 build_ek-tm4c123gxl/cmock.o
 *(.init)
 *fill*         0x00001bcb        0x1 
 .init          0x00001bcc        0x4 c:/qp/qtools/gnu_arm-none-eabi/bin/../lib/gcc/arm-none-eabi/10.3.1/thumb/v7e-m+dp/softfp/crti.o
                0x00001bcc                _init
 .init          0x00001bd0        0x8 c:/qp/qtools/gnu_arm-none-eabi/bin/../lib/gcc/arm-none-eabi/10.3.1/thumb/v7e-m+dp/softfp/crtn.o
 *(.fini)
 .fini          0x00001bd8        0x4 c:/qp/qtools/gnu_arm-none-eabi/bin/../lib/gcc/arm-none-eabi/10.3.1/thumb/v7e-m+dp/softfp/crti.o
                0x00001bd8                _fini
 .fini          0x00001bdc        0x8 c:/qp/qtools/gnu_arm-none-eabi/bin/../lib/gcc/arm-none-eabi/10.3.1/thumb/v7e-m+dp/softfp/crtn.o
                0x00001be4                . = ALIGN (0x4)

.glue_7         0x00001be4        0x0
 .glue_7        0x00001be4        0x0 linker stubs

.glue_7t        0x00001be4        0x0
 .glue_7t       0x00001be4        0x0 linker stubs

.vfp11_veneer   0x00001be4        0x0
 .vfp11_veneer  0x00001be4        0x0 linker stubs

.v4_bx          0x00001be4        0x0
 .v4_bx         0x00001be4        0x0 linker stubs

.iplt           0x00001be4        0x0
 .iplt          0x00001be4        0x0 c:/qp/qtools/gnu_arm-none-eabi/bin/../lib/gcc/arm-none-eabi/10.3.1/thumb/v7e-m+dp/softfp/crtbegin.o

.rel.dyn        0x00001be4        0x0
 .rel.iplt      0x00001be4        0x0 c:/qp/qtools/gnu_arm-none-eabi/bin/../lib/gcc/arm-none-eabi/10.3.1/thumb/v7e-m+dp/softfp/crtbegin.o

.preinit_array  0x00001be4        0x0
                0x00001be4                PROVIDE (__preinit_array_start = .)
 *(.preinit_array*)
                0x00001be4                PROVIDE (__preinit_array_end = .)

.init_array     0x00001be4        0x4
                0x00001be4                PROVIDE (__init_array_start = .)
 *(SORT_BY_NAME(.init_array.*))
 *(.init_array*)
 .init_array    0x00001be4        0x4 c:/qp/qtools/gnu_arm-none-eabi/bin/../lib/gcc/arm-none-eabi/10.3.1/thumb/v7e-m+dp/softfp/crtbegin.o
                0x00001be8                PROVIDE (__init_array_end = .)

.fini_array     0x00001be8        0x4
                [!provide]                PROVIDE (__fini_array_start = .)
 *(.fini_array*)
 .fini_array    0x00001be8        0x4 c:/qp/qtools/gnu_arm-none-eabi/bin/../lib/gcc/arm-none-eabi/10.3.1/thumb/v7e-m+dp/softfp/crtbegin.o
 *(SORT_BY_NAME(.fini_array.*))
                [!provide]                PROVIDE (__fini_array_end = .)
                0x00001bec                _etext = .

.stack          0x20000000      0x800
                0x20000000                __stack_start__ = .
                0x20000800                . = (. + STACK_SIZE)
 *fill*         0x20000000      0x800 
                0x20000800                . = ALIGN (0x4)
                0x20000800                __stack_end__ = .

.data           0x20000800       0x1c load address 0x00001bec
                0x00001bec                __data_load = LOADADDR (.data)
                0x20000800                __data_start = .
 *(.data)
 *(.data*)
 .data.compare_x
                0x20000800        0x2 build_ek-tm4c123gxl/cyber_minion.o
                0x20000800                compare_x
 .data.compare_y
                0x20000802        0x2 build_ek-tm4c123gxl/cyber_minion.o
                0x20000802                compare_y
 .data.sp       0x20000804        0x4 build_ek-tm4c123gxl/cyber_minion.o
                0x20000804                sp
 .data.CMockStringCalledMore
                0x20000808        0x4 build_ek-tm4c123gxl/cmock.o
                0x20000808                CMockStringCalledMore
 .data.CMockStringExpNULL
                0x2000080c        0x4 build_ek-tm4c123gxl/cmock.o
                0x2000080c                CMockStringExpNULL
 .data.CMockStringMismatch
                0x20000810        0x4 build_ek-tm4c123gxl/cmock.o
                0x20000810                CMockStringMismatch
 .data.CMockStringOutOfMemory
                0x20000814        0x4 build_ek-tm4c123gxl/cmock.o
                0x20000814                CMockStringOutOfMemory
 .data.CMock_Guts_FreePtr
                0x20000818        0x4 build_ek-tm4c123gxl/cmock.o
                0x2000081c                . = ALIGN (0x4)
                0x2000081c                __data_end__ = .
                0x2000081c                _edata = __data_end__

.igot.plt       0x2000081c        0x0 load address 0x00001c08
 .igot.plt      0x2000081c        0x0 c:/qp/qtools/gnu_arm-none-eabi/bin/../lib/gcc/arm-none-eabi/10.3.1/thumb/v7e-m+dp/softfp/crtbegin.o

.bss            0x20000820      0x558 load address 0x00001c10
                0x20000820                __bss_start__ = .
 *(.bss)
 .bss           0x20000820       0x1c c:/qp/qtools/gnu_arm-none-eabi/bin/../lib/gcc/arm-none-eabi/10.3.1/thumb/v7e-m+dp/softfp/crtbegin.o
 *(.bss*)
 .bss.Mock      0x2000083c        0x8 build_ek-tm4c123gxl/Mocktm4c_bsp_mocks.o
 .bss.current_state
                0x20000844        0x1 build_ek-tm4c123gxl/cyber_minion.o
                0x20000844                current_state
 *fill*         0x20000845        0x3 
 .bss.stack     0x20000848       0xa0 build_ek-tm4c123gxl/cyber_minion.o
                0x20000848                stack
 .bss.Unity     0x200008e8       0x84 build_ek-tm4c123gxl/unity.o
                0x200008e8                Unity
 *fill*         0x2000096c        0x4 
 .bss.CMock_Guts_Space
                0x20000970      0x408 build_ek-tm4c123gxl/cmock.o
 *(COMMON)
                0x20000d78                . = ALIGN (0x4)
                0x20000d78                _ebss = .
                0x20000d78                __bss_end__ = .
                0x20000d78                __exidx_start = .

.ARM.exidx
 *(.ARM.exidx* .gnu.linkonce.armexidx.*)
                0x20000d78                __exidx_end = .
                [!provide]                PROVIDE (end = _ebss)
                [!provide]                PROVIDE (_end = _ebss)
                [!provide]                PROVIDE (__end__ = _ebss)

.heap           0x20000d78        0x0
                0x20000d78                __heap_start__ = .
                0x20000d78                . = (. + HEAP_SIZE)
                0x20000d78                . = ALIGN (0x4)
                0x20000d78                __heap_end__ = .

/DISCARD/
 libc.a(*)
 libm.a(*)
 libgcc.a(*)
OUTPUT(build_ek-tm4c123gxl/test.elf elf32-littlearm)
LOAD linker stubs
LOAD c:/qp/qtools/gnu_arm-none-eabi/bin/../lib/gcc/arm-none-eabi/10.3.1/../../../../arm-none-eabi/lib/thumb/v7e-m+dp/softfp\libc.a
LOAD c:/qp/qtools/gnu_arm-none-eabi/bin/../lib/gcc/arm-none-eabi/10.3.1/../../../../arm-none-eabi/lib/thumb/v7e-m+dp/softfp\libm.a
LOAD c:/qp/qtools/gnu_arm-none-eabi/bin/../lib/gcc/arm-none-eabi/10.3.1/thumb/v7e-m+dp/softfp\libgcc.a

.ARM.attributes
                0x00000000       0x2c
 .ARM.attributes
                0x00000000       0x1e c:/qp/qtools/gnu_arm-none-eabi/bin/../lib/gcc/arm-none-eabi/10.3.1/thumb/v7e-m+dp/softfp/crti.o
 .ARM.attributes
                0x0000001e       0x30 c:/qp/qtools/gnu_arm-none-eabi/bin/../lib/gcc/arm-none-eabi/10.3.1/thumb/v7e-m+dp/softfp/crtbegin.o
 .ARM.attributes
                0x0000004e       0x30 build_ek-tm4c123gxl/Mocktm4c_bsp_mocks.o
 .ARM.attributes
                0x0000007e       0x30 build_ek-tm4c123gxl/cyber_minion_hil_tests.o
 .ARM.attributes
                0x000000ae       0x30 build_ek-tm4c123gxl/cyber_minion.o
 .ARM.attributes
                0x000000de       0x30 build_ek-tm4c123gxl/tm4c_bsp.o
 .ARM.attributes
                0x0000010e       0x30 build_ek-tm4c123gxl/system_TM4C123GH6PM.o
 .ARM.attributes
                0x0000013e       0x30 build_ek-tm4c123gxl/startup_TM4C123GH6PM.o
 .ARM.attributes
                0x0000016e       0x30 build_ek-tm4c123gxl/unity.o
 .ARM.attributes
                0x0000019e       0x30 build_ek-tm4c123gxl/cmock.o
 .ARM.attributes
                0x000001ce       0x30 c:/qp/qtools/gnu_arm-none-eabi/bin/../lib/gcc/arm-none-eabi/10.3.1/../../../../arm-none-eabi/lib/thumb/v7e-m+dp/softfp\libc_nano.a(lib_a-init.o)
 .ARM.attributes
                0x000001fe       0x1c c:/qp/qtools/gnu_arm-none-eabi/bin/../lib/gcc/arm-none-eabi/10.3.1/../../../../arm-none-eabi/lib/thumb/v7e-m+dp/softfp\libc_nano.a(lib_a-setjmp.o)
 .ARM.attributes
                0x0000021a       0x1e c:/qp/qtools/gnu_arm-none-eabi/bin/../lib/gcc/arm-none-eabi/10.3.1/thumb/v7e-m+dp/softfp/crtn.o

.comment        0x00000000       0x49
 .comment       0x00000000       0x49 build_ek-tm4c123gxl/Mocktm4c_bsp_mocks.o
                                 0x4a (size before relaxing)
 .comment       0x00000049       0x4a build_ek-tm4c123gxl/cyber_minion_hil_tests.o
 .comment       0x00000049       0x4a build_ek-tm4c123gxl/cyber_minion.o
 .comment       0x00000049       0x4a build_ek-tm4c123gxl/tm4c_bsp.o
 .comment       0x00000049       0x4a build_ek-tm4c123gxl/system_TM4C123GH6PM.o
 .comment       0x00000049       0x4a build_ek-tm4c123gxl/startup_TM4C123GH6PM.o
 .comment       0x00000049       0x4a build_ek-tm4c123gxl/unity.o
 .comment       0x00000049       0x4a build_ek-tm4c123gxl/cmock.o

.debug_info     0x00000000     0x86c7
 .debug_info    0x00000000      0x711 build_ek-tm4c123gxl/Mocktm4c_bsp_mocks.o
 .debug_info    0x00000711     0x12dd build_ek-tm4c123gxl/cyber_minion_hil_tests.o
 .debug_info    0x000019ee      0x435 build_ek-tm4c123gxl/cyber_minion.o
 .debug_info    0x00001e23     0x1d3a build_ek-tm4c123gxl/tm4c_bsp.o
 .debug_info    0x00003b5d      0xf6f build_ek-tm4c123gxl/system_TM4C123GH6PM.o
 .debug_info    0x00004acc      0x2c2 build_ek-tm4c123gxl/startup_TM4C123GH6PM.o
 .debug_info    0x00004d8e     0x3509 build_ek-tm4c123gxl/unity.o
 .debug_info    0x00008297      0x430 build_ek-tm4c123gxl/cmock.o

.debug_abbrev   0x00000000      0xfe3
 .debug_abbrev  0x00000000      0x20c build_ek-tm4c123gxl/Mocktm4c_bsp_mocks.o
 .debug_abbrev  0x0000020c      0x23b build_ek-tm4c123gxl/cyber_minion_hil_tests.o
 .debug_abbrev  0x00000447      0x151 build_ek-tm4c123gxl/cyber_minion.o
 .debug_abbrev  0x00000598      0x265 build_ek-tm4c123gxl/tm4c_bsp.o
 .debug_abbrev  0x000007fd      0x1a4 build_ek-tm4c123gxl/system_TM4C123GH6PM.o
 .debug_abbrev  0x000009a1      0x132 build_ek-tm4c123gxl/startup_TM4C123GH6PM.o
 .debug_abbrev  0x00000ad3      0x398 build_ek-tm4c123gxl/unity.o
 .debug_abbrev  0x00000e6b      0x178 build_ek-tm4c123gxl/cmock.o

.debug_loc      0x00000000     0x3d06
 .debug_loc     0x00000000      0x29a build_ek-tm4c123gxl/Mocktm4c_bsp_mocks.o
 .debug_loc     0x0000029a      0x29d build_ek-tm4c123gxl/cyber_minion_hil_tests.o
 .debug_loc     0x00000537       0xa7 build_ek-tm4c123gxl/cyber_minion.o
 .debug_loc     0x000005de       0xef build_ek-tm4c123gxl/tm4c_bsp.o
 .debug_loc     0x000006cd      0x66b build_ek-tm4c123gxl/system_TM4C123GH6PM.o
 .debug_loc     0x00000d38       0x8b build_ek-tm4c123gxl/startup_TM4C123GH6PM.o
 .debug_loc     0x00000dc3     0x2b7a build_ek-tm4c123gxl/unity.o
 .debug_loc     0x0000393d      0x3c9 build_ek-tm4c123gxl/cmock.o

.debug_aranges  0x00000000      0x3b8
 .debug_aranges
                0x00000000       0x58 build_ek-tm4c123gxl/Mocktm4c_bsp_mocks.o
 .debug_aranges
                0x00000058       0x70 build_ek-tm4c123gxl/cyber_minion_hil_tests.o
 .debug_aranges
                0x000000c8       0x48 build_ek-tm4c123gxl/cyber_minion.o
 .debug_aranges
                0x00000110       0x80 build_ek-tm4c123gxl/tm4c_bsp.o
 .debug_aranges
                0x00000190       0x30 build_ek-tm4c123gxl/system_TM4C123GH6PM.o
 .debug_aranges
                0x000001c0       0x50 build_ek-tm4c123gxl/startup_TM4C123GH6PM.o
 .debug_aranges
                0x00000210      0x140 build_ek-tm4c123gxl/unity.o
 .debug_aranges
                0x00000350       0x68 build_ek-tm4c123gxl/cmock.o

.debug_ranges   0x00000000      0x420
 .debug_ranges  0x00000000       0x48 build_ek-tm4c123gxl/Mocktm4c_bsp_mocks.o
 .debug_ranges  0x00000048       0x60 build_ek-tm4c123gxl/cyber_minion_hil_tests.o
 .debug_ranges  0x000000a8       0x38 build_ek-tm4c123gxl/cyber_minion.o
 .debug_ranges  0x000000e0       0x70 build_ek-tm4c123gxl/tm4c_bsp.o
 .debug_ranges  0x00000150       0x20 build_ek-tm4c123gxl/system_TM4C123GH6PM.o
 .debug_ranges  0x00000170       0x40 build_ek-tm4c123gxl/startup_TM4C123GH6PM.o
 .debug_ranges  0x000001b0      0x218 build_ek-tm4c123gxl/unity.o
 .debug_ranges  0x000003c8       0x58 build_ek-tm4c123gxl/cmock.o

.debug_line     0x00000000     0x2eec
 .debug_line    0x00000000      0x3ae build_ek-tm4c123gxl/Mocktm4c_bsp_mocks.o
 .debug_line    0x000003ae      0x30f build_ek-tm4c123gxl/cyber_minion_hil_tests.o
 .debug_line    0x000006bd      0x2f4 build_ek-tm4c123gxl/cyber_minion.o
 .debug_line    0x000009b1      0x584 build_ek-tm4c123gxl/tm4c_bsp.o
 .debug_line    0x00000f35      0x462 build_ek-tm4c123gxl/system_TM4C123GH6PM.o
 .debug_line    0x00001397      0x168 build_ek-tm4c123gxl/startup_TM4C123GH6PM.o
 .debug_line    0x000014ff     0x16c8 build_ek-tm4c123gxl/unity.o
 .debug_line    0x00002bc7      0x325 build_ek-tm4c123gxl/cmock.o

.debug_str      0x00000000     0x2477
 .debug_str     0x00000000      0x66a build_ek-tm4c123gxl/Mocktm4c_bsp_mocks.o
                                0x734 (size before relaxing)
 .debug_str     0x0000066a      0x6c6 build_ek-tm4c123gxl/cyber_minion_hil_tests.o
                                0xa12 (size before relaxing)
 .debug_str     0x00000d30       0xc9 build_ek-tm4c123gxl/cyber_minion.o
                                0x2d0 (size before relaxing)
 .debug_str     0x00000df9      0xa61 build_ek-tm4c123gxl/tm4c_bsp.o
                               0x10da (size before relaxing)
 .debug_str     0x0000185a       0x7b build_ek-tm4c123gxl/system_TM4C123GH6PM.o
                                0x806 (size before relaxing)
 .debug_str     0x000018d5      0x110 build_ek-tm4c123gxl/startup_TM4C123GH6PM.o
                                0x211 (size before relaxing)
 .debug_str     0x000019e5      0x8db build_ek-tm4c123gxl/unity.o
                                0xd94 (size before relaxing)
 .debug_str     0x000022c0      0x1b7 build_ek-tm4c123gxl/cmock.o
                                0x413 (size before relaxing)

.debug_frame    0x00000000      0xa7c
 .debug_frame   0x00000000       0xf0 build_ek-tm4c123gxl/Mocktm4c_bsp_mocks.o
 .debug_frame   0x000000f0      0x148 build_ek-tm4c123gxl/cyber_minion_hil_tests.o
 .debug_frame   0x00000238       0xa4 build_ek-tm4c123gxl/cyber_minion.o
 .debug_frame   0x000002dc      0x114 build_ek-tm4c123gxl/tm4c_bsp.o
 .debug_frame   0x000003f0       0x54 build_ek-tm4c123gxl/system_TM4C123GH6PM.o
 .debug_frame   0x00000444       0x80 build_ek-tm4c123gxl/startup_TM4C123GH6PM.o
 .debug_frame   0x000004c4      0x4bc build_ek-tm4c123gxl/unity.o
 .debug_frame   0x00000980       0xd0 build_ek-tm4c123gxl/cmock.o
 .debug_frame   0x00000a50       0x2c c:/qp/qtools/gnu_arm-none-eabi/bin/../lib/gcc/arm-none-eabi/10.3.1/../../../../arm-none-eabi/lib/thumb/v7e-m+dp/softfp\libc_nano.a(lib_a-init.o)

Cross Reference Table

Symbol                                            File
ADC1Seq0_IRQHandler                               build_ek-tm4c123gxl/startup_TM4C123GH6PM.o
ADC1Seq1_IRQHandler                               build_ek-tm4c123gxl/startup_TM4C123GH6PM.o
ADC1Seq2_IRQHandler                               build_ek-tm4c123gxl/startup_TM4C123GH6PM.o
ADC1Seq3_IRQHandler                               build_ek-tm4c123gxl/startup_TM4C123GH6PM.o
ADCSeq0_IRQHandler                                build_ek-tm4c123gxl/startup_TM4C123GH6PM.o
ADCSeq1_IRQHandler                                build_ek-tm4c123gxl/startup_TM4C123GH6PM.o
ADCSeq2_IRQHandler                                build_ek-tm4c123gxl/startup_TM4C123GH6PM.o
ADCSeq3_IRQHandler                                build_ek-tm4c123gxl/startup_TM4C123GH6PM.o
BusFault_Handler                                  build_ek-tm4c123gxl/startup_TM4C123GH6PM.o
CAN0_IRQHandler                                   build_ek-tm4c123gxl/startup_TM4C123GH6PM.o
CAN1_IRQHandler                                   build_ek-tm4c123gxl/startup_TM4C123GH6PM.o
CAN2_IRQHandler                                   build_ek-tm4c123gxl/startup_TM4C123GH6PM.o
CMockExpectParameters_set_sp                      build_ek-tm4c123gxl/Mocktm4c_bsp_mocks.o
CMockStringCallOrder                              build_ek-tm4c123gxl/cmock.o
CMockStringCalledEarly                            build_ek-tm4c123gxl/cmock.o
CMockStringCalledLate                             build_ek-tm4c123gxl/cmock.o
CMockStringCalledLess                             build_ek-tm4c123gxl/cmock.o
                                                  build_ek-tm4c123gxl/Mocktm4c_bsp_mocks.o
CMockStringCalledMore                             build_ek-tm4c123gxl/cmock.o
                                                  build_ek-tm4c123gxl/Mocktm4c_bsp_mocks.o
CMockStringExpNULL                                build_ek-tm4c123gxl/cmock.o
                                                  build_ek-tm4c123gxl/Mocktm4c_bsp_mocks.o
CMockStringIgnPreExp                              build_ek-tm4c123gxl/cmock.o
CMockStringMismatch                               build_ek-tm4c123gxl/cmock.o
                                                  build_ek-tm4c123gxl/Mocktm4c_bsp_mocks.o
CMockStringOutOfMemory                            build_ek-tm4c123gxl/cmock.o
                                                  build_ek-tm4c123gxl/Mocktm4c_bsp_mocks.o
CMockStringPtrIsNULL                              build_ek-tm4c123gxl/cmock.o
CMockStringPtrPreExp                              build_ek-tm4c123gxl/cmock.o
CMock_Guts_GetAddressFor                          build_ek-tm4c123gxl/cmock.o
                                                  build_ek-tm4c123gxl/Mocktm4c_bsp_mocks.o
CMock_Guts_MemBytesCapacity                       build_ek-tm4c123gxl/cmock.o
CMock_Guts_MemBytesFree                           build_ek-tm4c123gxl/cmock.o
CMock_Guts_MemBytesUsed                           build_ek-tm4c123gxl/cmock.o
CMock_Guts_MemChain                               build_ek-tm4c123gxl/cmock.o
                                                  build_ek-tm4c123gxl/Mocktm4c_bsp_mocks.o
CMock_Guts_MemEndOfChain                          build_ek-tm4c123gxl/cmock.o
CMock_Guts_MemFreeAll                             build_ek-tm4c123gxl/cmock.o
                                                  build_ek-tm4c123gxl/Mocktm4c_bsp_mocks.o
CMock_Guts_MemFreeFinal                           build_ek-tm4c123gxl/cmock.o
CMock_Guts_MemNew                                 build_ek-tm4c123gxl/cmock.o
                                                  build_ek-tm4c123gxl/Mocktm4c_bsp_mocks.o
CMock_Guts_MemNext                                build_ek-tm4c123gxl/cmock.o
                                                  build_ek-tm4c123gxl/Mocktm4c_bsp_mocks.o
Comp0_IRQHandler                                  build_ek-tm4c123gxl/startup_TM4C123GH6PM.o
Comp1_IRQHandler                                  build_ek-tm4c123gxl/startup_TM4C123GH6PM.o
Comp2_IRQHandler                                  build_ek-tm4c123gxl/startup_TM4C123GH6PM.o
DebugMon_Handler                                  build_ek-tm4c123gxl/startup_TM4C123GH6PM.o
Default_Handler                                   build_ek-tm4c123gxl/startup_TM4C123GH6PM.o
FPU_IRQHandler                                    build_ek-tm4c123gxl/startup_TM4C123GH6PM.o
FlashCtrl_IRQHandler                              build_ek-tm4c123gxl/startup_TM4C123GH6PM.o
GPIOPortA_IRQHandler                              build_ek-tm4c123gxl/startup_TM4C123GH6PM.o
GPIOPortB_IRQHandler                              build_ek-tm4c123gxl/startup_TM4C123GH6PM.o
GPIOPortC_IRQHandler                              build_ek-tm4c123gxl/startup_TM4C123GH6PM.o
GPIOPortD_IRQHandler                              build_ek-tm4c123gxl/startup_TM4C123GH6PM.o
GPIOPortE_IRQHandler                              build_ek-tm4c123gxl/startup_TM4C123GH6PM.o
GPIOPortF_IRQHandler                              build_ek-tm4c123gxl/startup_TM4C123GH6PM.o
GPIOPortG_IRQHandler                              build_ek-tm4c123gxl/startup_TM4C123GH6PM.o
GPIOPortH_IRQHandler                              build_ek-tm4c123gxl/startup_TM4C123GH6PM.o
GPIOPortJ_IRQHandler                              build_ek-tm4c123gxl/startup_TM4C123GH6PM.o
GPIOPortK_IRQHandler                              build_ek-tm4c123gxl/startup_TM4C123GH6PM.o
GPIOPortL_IRQHandler                              build_ek-tm4c123gxl/startup_TM4C123GH6PM.o
GPIOPortM_IRQHandler                              build_ek-tm4c123gxl/startup_TM4C123GH6PM.o
GPIOPortN_IRQHandler                              build_ek-tm4c123gxl/startup_TM4C123GH6PM.o
GPIOPortP0_IRQHandler                             build_ek-tm4c123gxl/startup_TM4C123GH6PM.o
GPIOPortP1_IRQHandler                             build_ek-tm4c123gxl/startup_TM4C123GH6PM.o
GPIOPortP2_IRQHandler                             build_ek-tm4c123gxl/startup_TM4C123GH6PM.o
GPIOPortP3_IRQHandler                             build_ek-tm4c123gxl/startup_TM4C123GH6PM.o
GPIOPortP4_IRQHandler                             build_ek-tm4c123gxl/startup_TM4C123GH6PM.o
GPIOPortP5_IRQHandler                             build_ek-tm4c123gxl/startup_TM4C123GH6PM.o
GPIOPortP6_IRQHandler                             build_ek-tm4c123gxl/startup_TM4C123GH6PM.o
GPIOPortP7_IRQHandler                             build_ek-tm4c123gxl/startup_TM4C123GH6PM.o
GPIOPortQ0_IRQHandler                             build_ek-tm4c123gxl/startup_TM4C123GH6PM.o
GPIOPortQ1_IRQHandler                             build_ek-tm4c123gxl/startup_TM4C123GH6PM.o
GPIOPortQ2_IRQHandler                             build_ek-tm4c123gxl/startup_TM4C123GH6PM.o
GPIOPortQ3_IRQHandler                             build_ek-tm4c123gxl/startup_TM4C123GH6PM.o
GPIOPortQ4_IRQHandler                             build_ek-tm4c123gxl/startup_TM4C123GH6PM.o
GPIOPortQ5_IRQHandler                             build_ek-tm4c123gxl/startup_TM4C123GH6PM.o
GPIOPortQ6_IRQHandler                             build_ek-tm4c123gxl/startup_TM4C123GH6PM.o
GPIOPortQ7_IRQHandler                             build_ek-tm4c123gxl/startup_TM4C123GH6PM.o
GPIOPortR_IRQHandler                              build_ek-tm4c123gxl/startup_TM4C123GH6PM.o
GPIOPortS_IRQHandler                              build_ek-tm4c123gxl/startup_TM4C123GH6PM.o
HardFault_Handler                                 build_ek-tm4c123gxl/startup_TM4C123GH6PM.o
Hibernate_IRQHandler                              build_ek-tm4c123gxl/startup_TM4C123GH6PM.o
I2C0_IRQHandler                                   build_ek-tm4c123gxl/startup_TM4C123GH6PM.o
I2C1_IRQHandler                                   build_ek-tm4c123gxl/startup_TM4C123GH6PM.o
I2C2_IRQHandler                                   build_ek-tm4c123gxl/startup_TM4C123GH6PM.o
I2C3_IRQHandler                                   build_ek-tm4c123gxl/startup_TM4C123GH6PM.o
I2C4_IRQHandler                                   build_ek-tm4c123gxl/startup_TM4C123GH6PM.o
I2C5_IRQHandler                                   build_ek-tm4c123gxl/startup_TM4C123GH6PM.o
MemManage_Handler                                 build_ek-tm4c123gxl/startup_TM4C123GH6PM.o
Mocktm4c_bsp_mocks_Destroy                        build_ek-tm4c123gxl/Mocktm4c_bsp_mocks.o
Mocktm4c_bsp_mocks_Init                           build_ek-tm4c123gxl/Mocktm4c_bsp_mocks.o
Mocktm4c_bsp_mocks_Verify                         build_ek-tm4c123gxl/Mocktm4c_bsp_mocks.o
NMI_Handler                                       build_ek-tm4c123gxl/startup_TM4C123GH6PM.o
PLL_init                                          build_ek-tm4c123gxl/tm4c_bsp.o
                                                  build_ek-tm4c123gxl/cyber_minion_hil_tests.o
PWM1Fault_IRQHandler                              build_ek-tm4c123gxl/startup_TM4C123GH6PM.o
PWM1Gen0_IRQHandler                               build_ek-tm4c123gxl/startup_TM4C123GH6PM.o
PWM1Gen1_IRQHandler                               build_ek-tm4c123gxl/startup_TM4C123GH6PM.o
PWM1Gen2_IRQHandler                               build_ek-tm4c123gxl/startup_TM4C123GH6PM.o
PWM1Gen3_IRQHandler                               build_ek-tm4c123gxl/startup_TM4C123GH6PM.o
PWMFault_IRQHandler                               build_ek-tm4c123gxl/startup_TM4C123GH6PM.o
PWMGen0_IRQHandler                                build_ek-tm4c123gxl/startup_TM4C123GH6PM.o
PWMGen1_IRQHandler                                build_ek-tm4c123gxl/startup_TM4C123GH6PM.o
PWMGen2_IRQHandler                                build_ek-tm4c123gxl/startup_TM4C123GH6PM.o
PWMGen3_IRQHandler                                build_ek-tm4c123gxl/startup_TM4C123GH6PM.o
PendSV_Handler                                    build_ek-tm4c123gxl/startup_TM4C123GH6PM.o
QEI0_IRQHandler                                   build_ek-tm4c123gxl/startup_TM4C123GH6PM.o
QEI1_IRQHandler                                   build_ek-tm4c123gxl/startup_TM4C123GH6PM.o
QEI2_IRQHandler                                   build_ek-tm4c123gxl/startup_TM4C123GH6PM.o
Reset_Handler                                     build_ek-tm4c123gxl/startup_TM4C123GH6PM.o
SSI0_IRQHandler                                   build_ek-tm4c123gxl/startup_TM4C123GH6PM.o
SSI1_IRQHandler                                   build_ek-tm4c123gxl/startup_TM4C123GH6PM.o
SSI2_IRQHandler                                   build_ek-tm4c123gxl/startup_TM4C123GH6PM.o
SSI3_IRQHandler                                   build_ek-tm4c123gxl/startup_TM4C123GH6PM.o
SVC_Handler                                       build_ek-tm4c123gxl/startup_TM4C123GH6PM.o
SysCtrl_IRQHandler                                build_ek-tm4c123gxl/startup_TM4C123GH6PM.o
SysTick_Handler                                   build_ek-tm4c123gxl/startup_TM4C123GH6PM.o
SysTick_init                                      build_ek-tm4c123gxl/tm4c_bsp.o
                                                  build_ek-tm4c123gxl/cyber_minion_hil_tests.o
SysTick_wait                                      build_ek-tm4c123gxl/tm4c_bsp.o
SystemCoreClock                                   build_ek-tm4c123gxl/system_TM4C123GH6PM.o
SystemCoreClockUpdate                             build_ek-tm4c123gxl/system_TM4C123GH6PM.o
SystemInit                                        build_ek-tm4c123gxl/system_TM4C123GH6PM.o
                                                  build_ek-tm4c123gxl/startup_TM4C123GH6PM.o
Timer0A_IRQHandler                                build_ek-tm4c123gxl/startup_TM4C123GH6PM.o
Timer0B_IRQHandler                                build_ek-tm4c123gxl/startup_TM4C123GH6PM.o
Timer1A_IRQHandler                                build_ek-tm4c123gxl/startup_TM4C123GH6PM.o
Timer1B_IRQHandler                                build_ek-tm4c123gxl/startup_TM4C123GH6PM.o
Timer2A_IRQHandler                                build_ek-tm4c123gxl/startup_TM4C123GH6PM.o
Timer2B_IRQHandler                                build_ek-tm4c123gxl/startup_TM4C123GH6PM.o
Timer3A_IRQHandler                                build_ek-tm4c123gxl/startup_TM4C123GH6PM.o
Timer3B_IRQHandler                                build_ek-tm4c123gxl/startup_TM4C123GH6PM.o
Timer4A_IRQHandler                                build_ek-tm4c123gxl/startup_TM4C123GH6PM.o
Timer4B_IRQHandler                                build_ek-tm4c123gxl/startup_TM4C123GH6PM.o
Timer5A_IRQHandler                                build_ek-tm4c123gxl/startup_TM4C123GH6PM.o
Timer5B_IRQHandler                                build_ek-tm4c123gxl/startup_TM4C123GH6PM.o
UART0_Handler                                     build_ek-tm4c123gxl/cyber_minion.o
UART0_and_servos_init                             build_ek-tm4c123gxl/tm4c_bsp.o
                                                  build_ek-tm4c123gxl/cyber_minion_hil_tests.o
UART1_IRQHandler                                  build_ek-tm4c123gxl/startup_TM4C123GH6PM.o
UART2_IRQHandler                                  build_ek-tm4c123gxl/startup_TM4C123GH6PM.o
UART3_IRQHandler                                  build_ek-tm4c123gxl/startup_TM4C123GH6PM.o
UART4_IRQHandler                                  build_ek-tm4c123gxl/startup_TM4C123GH6PM.o
UART5_IRQHandler                                  build_ek-tm4c123gxl/startup_TM4C123GH6PM.o
UART6_IRQHandler                                  build_ek-tm4c123gxl/startup_TM4C123GH6PM.o
UART7_IRQHandler                                  build_ek-tm4c123gxl/startup_TM4C123GH6PM.o
UART_Flush                                        build_ek-tm4c123gxl/tm4c_bsp.o
                                                  build_ek-tm4c123gxl/unity.o
UART_SendChar                                     build_ek-tm4c123gxl/tm4c_bsp.o
                                                  build_ek-tm4c123gxl/unity.o
                                                  build_ek-tm4c123gxl/cyber_minion_hil_tests.o
UART_SendString                                   build_ek-tm4c123gxl/tm4c_bsp.o
                                                  build_ek-tm4c123gxl/cyber_minion_hil_tests.o
USB0_IRQHandler                                   build_ek-tm4c123gxl/startup_TM4C123GH6PM.o
Unity                                             build_ek-tm4c123gxl/unity.o
                                                  build_ek-tm4c123gxl/Mocktm4c_bsp_mocks.o
UnityAssertBits                                   build_ek-tm4c123gxl/unity.o
UnityAssertEqualFloatArray                        build_ek-tm4c123gxl/unity.o
UnityAssertEqualIntArray                          build_ek-tm4c123gxl/unity.o
                                                  build_ek-tm4c123gxl/Mocktm4c_bsp_mocks.o
UnityAssertEqualMemory                            build_ek-tm4c123gxl/unity.o
UnityAssertEqualNumber                            build_ek-tm4c123gxl/unity.o
                                                  build_ek-tm4c123gxl/cyber_minion_hil_tests.o
UnityAssertEqualString                            build_ek-tm4c123gxl/unity.o
UnityAssertEqualStringArray                       build_ek-tm4c123gxl/unity.o
UnityAssertEqualStringLen                         build_ek-tm4c123gxl/unity.o
UnityAssertFloatSpecial                           build_ek-tm4c123gxl/unity.o
UnityAssertFloatsWithin                           build_ek-tm4c123gxl/unity.o
UnityAssertGreaterOrLessOrEqualNumber             build_ek-tm4c123gxl/unity.o
UnityAssertNumbersArrayWithin                     build_ek-tm4c123gxl/unity.o
UnityAssertNumbersWithin                          build_ek-tm4c123gxl/unity.o
UnityBegin                                        build_ek-tm4c123gxl/unity.o
                                                  build_ek-tm4c123gxl/cyber_minion_hil_tests.o
UnityConcludeTest                                 build_ek-tm4c123gxl/unity.o
UnityDefaultTestRun                               build_ek-tm4c123gxl/unity.o
                                                  build_ek-tm4c123gxl/cyber_minion_hil_tests.o
UnityEnd                                          build_ek-tm4c123gxl/unity.o
                                                  build_ek-tm4c123gxl/cyber_minion_hil_tests.o
UnityFail                                         build_ek-tm4c123gxl/unity.o
                                                  build_ek-tm4c123gxl/cyber_minion_hil_tests.o
                                                  build_ek-tm4c123gxl/Mocktm4c_bsp_mocks.o
UnityFloatToPtr                                   build_ek-tm4c123gxl/unity.o
UnityIgnore                                       build_ek-tm4c123gxl/unity.o
UnityMessage                                      build_ek-tm4c123gxl/unity.o
UnityNumToPtr                                     build_ek-tm4c123gxl/unity.o
UnityPrint                                        build_ek-tm4c123gxl/unity.o
UnityPrintFloat                                   build_ek-tm4c123gxl/unity.o
UnityPrintLen                                     build_ek-tm4c123gxl/unity.o
UnityPrintMask                                    build_ek-tm4c123gxl/unity.o
UnityPrintNumber                                  build_ek-tm4c123gxl/unity.o
UnityPrintNumberByStyle                           build_ek-tm4c123gxl/unity.o
UnityPrintNumberHex                               build_ek-tm4c123gxl/unity.o
UnityPrintNumberUnsigned                          build_ek-tm4c123gxl/unity.o
UnitySetTestFile                                  build_ek-tm4c123gxl/unity.o
UnityStrErr64                                     build_ek-tm4c123gxl/unity.o
UnityStrErrDouble                                 build_ek-tm4c123gxl/unity.o
UnityStrErrFloat                                  build_ek-tm4c123gxl/unity.o
UnityStrErrShorthand                              build_ek-tm4c123gxl/unity.o
UnityStrFail                                      build_ek-tm4c123gxl/unity.o
UnityStrIgnore                                    build_ek-tm4c123gxl/unity.o
UnityStrOk                                        build_ek-tm4c123gxl/unity.o
UnityStrPass                                      build_ek-tm4c123gxl/unity.o
UsageFault_Handler                                build_ek-tm4c123gxl/startup_TM4C123GH6PM.o
Watchdog_IRQHandler                               build_ek-tm4c123gxl/startup_TM4C123GH6PM.o
WideTimer0A_IRQHandler                            build_ek-tm4c123gxl/startup_TM4C123GH6PM.o
WideTimer0B_IRQHandler                            build_ek-tm4c123gxl/startup_TM4C123GH6PM.o
WideTimer1A_IRQHandler                            build_ek-tm4c123gxl/startup_TM4C123GH6PM.o
WideTimer1B_IRQHandler                            build_ek-tm4c123gxl/startup_TM4C123GH6PM.o
WideTimer2A_IRQHandler                            build_ek-tm4c123gxl/startup_TM4C123GH6PM.o
WideTimer2B_IRQHandler                            build_ek-tm4c123gxl/startup_TM4C123GH6PM.o
WideTimer3A_IRQHandler                            build_ek-tm4c123gxl/startup_TM4C123GH6PM.o
WideTimer3B_IRQHandler                            build_ek-tm4c123gxl/startup_TM4C123GH6PM.o
WideTimer4A_IRQHandler                            build_ek-tm4c123gxl/startup_TM4C123GH6PM.o
WideTimer4B_IRQHandler                            build_ek-tm4c123gxl/startup_TM4C123GH6PM.o
WideTimer5A_IRQHandler                            build_ek-tm4c123gxl/startup_TM4C123GH6PM.o
WideTimer5B_IRQHandler                            build_ek-tm4c123gxl/startup_TM4C123GH6PM.o
__bss_end__                                       build_ek-tm4c123gxl/startup_TM4C123GH6PM.o
                                                  c:/qp/qtools/gnu_arm-none-eabi/bin/../lib/gcc/arm-none-eabi/10.3.1/../../../../arm-none-eabi/lib/thumb/v7e-m+dp/softfp/crt0.o
__bss_start__                                     build_ek-tm4c123gxl/startup_TM4C123GH6PM.o
                                                  c:/qp/qtools/gnu_arm-none-eabi/bin/../lib/gcc/arm-none-eabi/10.3.1/../../../../arm-none-eabi/lib/thumb/v7e-m+dp/softfp/crt0.o
__call_exitprocs                                  c:/qp/qtools/gnu_arm-none-eabi/bin/../lib/gcc/arm-none-eabi/10.3.1/../../../../arm-none-eabi/lib/thumb/v7e-m+dp/softfp\libc_nano.a(lib_a-exit.o)
__data_end__                                      build_ek-tm4c123gxl/startup_TM4C123GH6PM.o
__data_load                                       build_ek-tm4c123gxl/startup_TM4C123GH6PM.o
__data_start                                      build_ek-tm4c123gxl/startup_TM4C123GH6PM.o
__deregister_frame_info                           c:/qp/qtools/gnu_arm-none-eabi/bin/../lib/gcc/arm-none-eabi/10.3.1/thumb/v7e-m+dp/softfp/crtbegin.o
__dso_handle                                      c:/qp/qtools/gnu_arm-none-eabi/bin/../lib/gcc/arm-none-eabi/10.3.1/thumb/v7e-m+dp/softfp/crtbegin.o
__init_array_end                                  c:/qp/qtools/gnu_arm-none-eabi/bin/../lib/gcc/arm-none-eabi/10.3.1/../../../../arm-none-eabi/lib/thumb/v7e-m+dp/softfp\libc_nano.a(lib_a-init.o)
__init_array_start                                c:/qp/qtools/gnu_arm-none-eabi/bin/../lib/gcc/arm-none-eabi/10.3.1/../../../../arm-none-eabi/lib/thumb/v7e-m+dp/softfp\libc_nano.a(lib_a-init.o)
__libc_fini_array                                 c:/qp/qtools/gnu_arm-none-eabi/bin/../lib/gcc/arm-none-eabi/10.3.1/../../../../arm-none-eabi/lib/thumb/v7e-m+dp/softfp/crt0.o
__libc_init_array                                 c:/qp/qtools/gnu_arm-none-eabi/bin/../lib/gcc/arm-none-eabi/10.3.1/../../../../arm-none-eabi/lib/thumb/v7e-m+dp/softfp\libc_nano.a(lib_a-init.o)
                                                  build_ek-tm4c123gxl/startup_TM4C123GH6PM.o
                                                  c:/qp/qtools/gnu_arm-none-eabi/bin/../lib/gcc/arm-none-eabi/10.3.1/../../../../arm-none-eabi/lib/thumb/v7e-m+dp/softfp/crt0.o
__preinit_array_end                               c:/qp/qtools/gnu_arm-none-eabi/bin/../lib/gcc/arm-none-eabi/10.3.1/../../../../arm-none-eabi/lib/thumb/v7e-m+dp/softfp\libc_nano.a(lib_a-init.o)
__preinit_array_start                             c:/qp/qtools/gnu_arm-none-eabi/bin/../lib/gcc/arm-none-eabi/10.3.1/../../../../arm-none-eabi/lib/thumb/v7e-m+dp/softfp\libc_nano.a(lib_a-init.o)
__register_frame_info                             c:/qp/qtools/gnu_arm-none-eabi/bin/../lib/gcc/arm-none-eabi/10.3.1/thumb/v7e-m+dp/softfp/crtbegin.o
__sf_fake_stderr                                  c:/qp/qtools/gnu_arm-none-eabi/bin/../lib/gcc/arm-none-eabi/10.3.1/../../../../arm-none-eabi/lib/thumb/v7e-m+dp/softfp\libc_nano.a(lib_a-impure.o)
__sf_fake_stdin                                   c:/qp/qtools/gnu_arm-none-eabi/bin/../lib/gcc/arm-none-eabi/10.3.1/../../../../arm-none-eabi/lib/thumb/v7e-m+dp/softfp\libc_nano.a(lib_a-impure.o)
__sf_fake_stdout                                  c:/qp/qtools/gnu_arm-none-eabi/bin/../lib/gcc/arm-none-eabi/10.3.1/../../../../arm-none-eabi/lib/thumb/v7e-m+dp/softfp\libc_nano.a(lib_a-impure.o)
__stack                                           c:/qp/qtools/gnu_arm-none-eabi/bin/../lib/gcc/arm-none-eabi/10.3.1/../../../../arm-none-eabi/lib/thumb/v7e-m+dp/softfp/crt0.o
__stack_end__                                     build_ek-tm4c123gxl/startup_TM4C123GH6PM.o
_exit                                             c:/qp/qtools/gnu_arm-none-eabi/bin/../lib/gcc/arm-none-eabi/10.3.1/../../../../arm-none-eabi/lib/thumb/v7e-m+dp/softfp\libnosys.a(_exit.o)
                                                  c:/qp/qtools/gnu_arm-none-eabi/bin/../lib/gcc/arm-none-eabi/10.3.1/../../../../arm-none-eabi/lib/thumb/v7e-m+dp/softfp\libc_nano.a(lib_a-exit.o)
_fini                                             c:/qp/qtools/gnu_arm-none-eabi/bin/../lib/gcc/arm-none-eabi/10.3.1/thumb/v7e-m+dp/softfp/crti.o
_global_impure_ptr                                c:/qp/qtools/gnu_arm-none-eabi/bin/../lib/gcc/arm-none-eabi/10.3.1/../../../../arm-none-eabi/lib/thumb/v7e-m+dp/softfp\libc_nano.a(lib_a-impure.o)
                                                  c:/qp/qtools/gnu_arm-none-eabi/bin/../lib/gcc/arm-none-eabi/10.3.1/../../../../arm-none-eabi/lib/thumb/v7e-m+dp/softfp\libc_nano.a(lib_a-exit.o)
_impure_ptr                                       c:/qp/qtools/gnu_arm-none-eabi/bin/../lib/gcc/arm-none-eabi/10.3.1/../../../../arm-none-eabi/lib/thumb/v7e-m+dp/softfp\libc_nano.a(lib_a-impure.o)
_init                                             c:/qp/qtools/gnu_arm-none-eabi/bin/../lib/gcc/arm-none-eabi/10.3.1/thumb/v7e-m+dp/softfp/crti.o
                                                  c:/qp/qtools/gnu_arm-none-eabi/bin/../lib/gcc/arm-none-eabi/10.3.1/../../../../arm-none-eabi/lib/thumb/v7e-m+dp/softfp\libc_nano.a(lib_a-init.o)
_mainCRTStartup                                   c:/qp/qtools/gnu_arm-none-eabi/bin/../lib/gcc/arm-none-eabi/10.3.1/../../../../arm-none-eabi/lib/thumb/v7e-m+dp/softfp/crt0.o
_stack_init                                       c:/qp/qtools/gnu_arm-none-eabi/bin/../lib/gcc/arm-none-eabi/10.3.1/../../../../arm-none-eabi/lib/thumb/v7e-m+dp/softfp/crt0.o
_start                                            c:/qp/qtools/gnu_arm-none-eabi/bin/../lib/gcc/arm-none-eabi/10.3.1/../../../../arm-none-eabi/lib/thumb/v7e-m+dp/softfp/crt0.o
assert_failed                                     build_ek-tm4c123gxl/cyber_minion_hil_tests.o
                                                  build_ek-tm4c123gxl/startup_TM4C123GH6PM.o
atexit                                            c:/qp/qtools/gnu_arm-none-eabi/bin/../lib/gcc/arm-none-eabi/10.3.1/../../../../arm-none-eabi/lib/thumb/v7e-m+dp/softfp/crt0.o
compare_x                                         build_ek-tm4c123gxl/cyber_minion.o
                                                  build_ek-tm4c123gxl/cyber_minion_hil_tests.o
compare_y                                         build_ek-tm4c123gxl/cyber_minion.o
                                                  build_ek-tm4c123gxl/cyber_minion_hil_tests.o
current_state                                     build_ek-tm4c123gxl/cyber_minion.o
                                                  build_ek-tm4c123gxl/cyber_minion_hil_tests.o
delay_1ms                                         build_ek-tm4c123gxl/tm4c_bsp.o
                                                  build_ek-tm4c123gxl/cyber_minion.o
                                                  build_ek-tm4c123gxl/cyber_minion_hil_tests.o
enable_interrupts                                 build_ek-tm4c123gxl/tm4c_bsp.o
                                                  build_ek-tm4c123gxl/cyber_minion_hil_tests.o
exit                                              c:/qp/qtools/gnu_arm-none-eabi/bin/../lib/gcc/arm-none-eabi/10.3.1/../../../../arm-none-eabi/lib/thumb/v7e-m+dp/softfp\libc_nano.a(lib_a-exit.o)
                                                  c:/qp/qtools/gnu_arm-none-eabi/bin/../lib/gcc/arm-none-eabi/10.3.1/../../../../arm-none-eabi/lib/thumb/v7e-m+dp/softfp/crt0.o
exit_interrupt                                    build_ek-tm4c123gxl/Mocktm4c_bsp_mocks.o
                                                  build_ek-tm4c123gxl/cyber_minion.o
exit_interrupt_CMockExpect                        build_ek-tm4c123gxl/Mocktm4c_bsp_mocks.o
                                                  build_ek-tm4c123gxl/cyber_minion_hil_tests.o
g_pfnVectors                                      build_ek-tm4c123gxl/startup_TM4C123GH6PM.o
get_UART0_interrupt_data                          build_ek-tm4c123gxl/tm4c_bsp.o
                                                  build_ek-tm4c123gxl/cyber_minion.o
hardware_init_hook                                c:/qp/qtools/gnu_arm-none-eabi/bin/../lib/gcc/arm-none-eabi/10.3.1/../../../../arm-none-eabi/lib/thumb/v7e-m+dp/softfp/crt0.o
hilTestHelper_UART0_Handler_set_up_and_call_and_assert build_ek-tm4c123gxl/cyber_minion_hil_tests.o
hilTestHelper_trigger_UART_interrupt_with_frame   build_ek-tm4c123gxl/cyber_minion_hil_tests.o
hilTest_UART0_Handler_changesStateToScanning_whenUARTFrameMSBIsEnabled build_ek-tm4c123gxl/cyber_minion_hil_tests.o
hilTest_UART0_Handler_changesStateToWaiting_and_setsServoPositions_andAlternatesStackPointer_whenUARTFrameMSBDisabled build_ek-tm4c123gxl/cyber_minion_hil_tests.o
hilTest_set_compare_x_setsLocalCompareValueAndGenerator_when_validCompareValuePassed build_ek-tm4c123gxl/cyber_minion_hil_tests.o
hilTest_set_compare_x_staysWithinBounds_when_invalidCompareValuePassed build_ek-tm4c123gxl/cyber_minion_hil_tests.o
longjmp                                           c:/qp/qtools/gnu_arm-none-eabi/bin/../lib/gcc/arm-none-eabi/10.3.1/../../../../arm-none-eabi/lib/thumb/v7e-m+dp/softfp\libc_nano.a(lib_a-setjmp.o)
                                                  build_ek-tm4c123gxl/unity.o
main                                              build_ek-tm4c123gxl/cyber_minion_hil_tests.o
                                                  build_ek-tm4c123gxl/startup_TM4C123GH6PM.o
                                                  c:/qp/qtools/gnu_arm-none-eabi/bin/../lib/gcc/arm-none-eabi/10.3.1/../../../../arm-none-eabi/lib/thumb/v7e-m+dp/softfp/crt0.o
main_loop                                         build_ek-tm4c123gxl/cyber_minion.o
memset                                            c:/qp/qtools/gnu_arm-none-eabi/bin/../lib/gcc/arm-none-eabi/10.3.1/../../../../arm-none-eabi/lib/thumb/v7e-m+dp/softfp\libc_nano.a(lib_a-memset.o)
                                                  c:/qp/qtools/gnu_arm-none-eabi/bin/../lib/gcc/arm-none-eabi/10.3.1/../../../../arm-none-eabi/lib/thumb/v7e-m+dp/softfp/crt0.o
scan                                              build_ek-tm4c123gxl/cyber_minion.o
setUp                                             build_ek-tm4c123gxl/cyber_minion_hil_tests.o
                                                  build_ek-tm4c123gxl/unity.o
set_PWM0_generator0_CMPA                          build_ek-tm4c123gxl/tm4c_bsp.o
                                                  build_ek-tm4c123gxl/cyber_minion.o
set_PWM0_generator1_CMPA                          build_ek-tm4c123gxl/tm4c_bsp.o
                                                  build_ek-tm4c123gxl/cyber_minion.o
set_compare_x                                     build_ek-tm4c123gxl/cyber_minion.o
                                                  build_ek-tm4c123gxl/cyber_minion_hil_tests.o
set_compare_y                                     build_ek-tm4c123gxl/cyber_minion.o
                                                  build_ek-tm4c123gxl/cyber_minion_hil_tests.o
set_sp                                            build_ek-tm4c123gxl/Mocktm4c_bsp_mocks.o
                                                  build_ek-tm4c123gxl/cyber_minion.o
set_sp_CMockExpect                                build_ek-tm4c123gxl/Mocktm4c_bsp_mocks.o
                                                  build_ek-tm4c123gxl/cyber_minion_hil_tests.o
setjmp                                            c:/qp/qtools/gnu_arm-none-eabi/bin/../lib/gcc/arm-none-eabi/10.3.1/../../../../arm-none-eabi/lib/thumb/v7e-m+dp/softfp\libc_nano.a(lib_a-setjmp.o)
                                                  build_ek-tm4c123gxl/unity.o
sleep_position                                    build_ek-tm4c123gxl/cyber_minion.o
software_init_hook                                build_ek-tm4c123gxl/startup_TM4C123GH6PM.o
                                                  c:/qp/qtools/gnu_arm-none-eabi/bin/../lib/gcc/arm-none-eabi/10.3.1/../../../../arm-none-eabi/lib/thumb/v7e-m+dp/softfp/crt0.o
sp                                                build_ek-tm4c123gxl/cyber_minion.o
stack                                             build_ek-tm4c123gxl/cyber_minion.o
                                                  build_ek-tm4c123gxl/cyber_minion_hil_tests.o
tearDown                                          build_ek-tm4c123gxl/cyber_minion_hil_tests.o
                                                  build_ek-tm4c123gxl/unity.o
test_sanity                                       build_ek-tm4c123gxl/cyber_minion_hil_tests.o
uDMAError_IRQHandler                              build_ek-tm4c123gxl/startup_TM4C123GH6PM.o
uDMAST_IRQHandler                                 build_ek-tm4c123gxl/startup_TM4C123GH6PM.o
wait_for_interrupt                                build_ek-tm4c123gxl/tm4c_bsp.o
                                                  build_ek-tm4c123gxl/cyber_minion.o
