Component: Arm Compiler for Embedded 6.22 Tool: armlink [5ee90200]

==============================================================================

Section Cross References

    cyber_minion.o(.text.main_loop) refers to cyber_minion.o(.bss.current_state) for current_state
    cyber_minion.o(.text.main_loop) refers to startup_tm4c123.o(.text) for WaitForInterrupt
    cyber_minion.o(.text.main_loop) refers to cyber_minion.o(.text.scan) for scan
    cyber_minion.o(.text.main_loop) refers to cyber_minion.o(.text.sleep_position) for sleep_position
    cyber_minion.o(.ARM.exidx.text.main_loop) refers to cyber_minion.o(.text.main_loop) for [Anonymous Symbol]
    cyber_minion.o(.text.scan) refers to cyber_minion.o(.data.compare_y) for compare_y
    cyber_minion.o(.text.scan) refers to cyber_minion.o(.data.compare_x) for compare_x
    cyber_minion.o(.ARM.exidx.text.scan) refers to cyber_minion.o(.text.scan) for [Anonymous Symbol]
    cyber_minion.o(.text.sleep_position) refers to cyber_minion.o(.data.compare_x) for compare_x
    cyber_minion.o(.text.sleep_position) refers to cyber_minion.o(.data.compare_y) for compare_y
    cyber_minion.o(.ARM.exidx.text.sleep_position) refers to cyber_minion.o(.text.sleep_position) for [Anonymous Symbol]
    cyber_minion.o(.text.UART0_Handler) refers to cyber_minion.o(.bss.current_state) for current_state
    cyber_minion.o(.text.UART0_Handler) refers to cyber_minion.o(.data.compare_y) for compare_y
    cyber_minion.o(.text.UART0_Handler) refers to cyber_minion.o(.text.set_compare_y) for set_compare_y
    cyber_minion.o(.text.UART0_Handler) refers to cyber_minion.o(.data.compare_x) for compare_x
    cyber_minion.o(.text.UART0_Handler) refers to cyber_minion.o(.text.set_compare_x) for set_compare_x
    cyber_minion.o(.text.UART0_Handler) refers to cyber_minion.o(.bss.using_stack1) for using_stack1
    cyber_minion.o(.text.UART0_Handler) refers to cyber_minion.o(.bss.stack2) for stack2
    cyber_minion.o(.text.UART0_Handler) refers to cyber_minion.o(.data.sp2) for sp2
    cyber_minion.o(.text.UART0_Handler) refers to cyber_minion.o(.text.main_loop) for main_loop
    cyber_minion.o(.text.UART0_Handler) refers to cyber_minion.o(.bss.stack1) for stack1
    cyber_minion.o(.text.UART0_Handler) refers to cyber_minion.o(.data.sp1) for sp1
    cyber_minion.o(.ARM.exidx.text.UART0_Handler) refers to cyber_minion.o(.text.UART0_Handler) for [Anonymous Symbol]
    cyber_minion.o(.text.set_compare_y) refers to cyber_minion.o(.data.compare_y) for compare_y
    cyber_minion.o(.ARM.exidx.text.set_compare_y) refers to cyber_minion.o(.text.set_compare_y) for [Anonymous Symbol]
    cyber_minion.o(.text.set_compare_x) refers to cyber_minion.o(.data.compare_x) for compare_x
    cyber_minion.o(.ARM.exidx.text.set_compare_x) refers to cyber_minion.o(.text.set_compare_x) for [Anonymous Symbol]
    cyber_minion.o(.data.sp1) refers to cyber_minion.o(.bss.stack1) for stack1
    cyber_minion.o(.data.sp2) refers to cyber_minion.o(.bss.stack2) for stack2
    startup_tm4c123.o(STACK) refers (Special) to heapauxi.o(.text) for __use_two_region_memory
    startup_tm4c123.o(HEAP) refers (Special) to heapauxi.o(.text) for __use_two_region_memory
    startup_tm4c123.o(RESET) refers (Special) to heapauxi.o(.text) for __use_two_region_memory
    startup_tm4c123.o(RESET) refers to startup_tm4c123.o(STACK) for __initial_sp
    startup_tm4c123.o(RESET) refers to startup_tm4c123.o(.text) for Reset_Handler
    startup_tm4c123.o(RESET) refers to cyber_minion.o(.text.UART0_Handler) for UART0_Handler
    startup_tm4c123.o(.text) refers (Special) to heapauxi.o(.text) for __use_two_region_memory
    startup_tm4c123.o(.text) refers to system_tm4c123gh6pm.o(.text.SystemInit) for SystemInit
    startup_tm4c123.o(.text) refers to __main.o(!!!main) for __main
    startup_tm4c123.o(.text) refers to startup_tm4c123.o(HEAP) for Heap_Mem
    startup_tm4c123.o(.text) refers to startup_tm4c123.o(STACK) for Stack_Mem
    system_tm4c123gh6pm.o(.text.SystemCoreClockUpdate) refers to system_tm4c123gh6pm.o(.text.getOscClk) for getOscClk
    system_tm4c123gh6pm.o(.text.SystemCoreClockUpdate) refers to system_tm4c123gh6pm.o(.data.SystemCoreClock) for SystemCoreClock
    system_tm4c123gh6pm.o(.ARM.exidx.text.SystemCoreClockUpdate) refers to system_tm4c123gh6pm.o(.text.SystemCoreClockUpdate) for [Anonymous Symbol]
    system_tm4c123gh6pm.o(.ARM.exidx.text.getOscClk) refers to system_tm4c123gh6pm.o(.text.getOscClk) for [Anonymous Symbol]
    system_tm4c123gh6pm.o(.ARM.exidx.text.SystemInit) refers to system_tm4c123gh6pm.o(.text.SystemInit) for [Anonymous Symbol]
    cyber_minion_unit_tests.o(.ARM.exidx.text.setUp) refers to cyber_minion_unit_tests.o(.text.setUp) for [Anonymous Symbol]
    cyber_minion_unit_tests.o(.ARM.exidx.text.tearDown) refers to cyber_minion_unit_tests.o(.text.tearDown) for [Anonymous Symbol]
    cyber_minion_unit_tests.o(.text.test_add) refers to unity.o(.text.UnityAssertEqualNumber) for UnityAssertEqualNumber
    cyber_minion_unit_tests.o(.ARM.exidx.text.test_add) refers to cyber_minion_unit_tests.o(.text.test_add) for [Anonymous Symbol]
    cyber_minion_unit_tests.o(.text.main) refers to cyber_minion_unit_tests.o(.rodata.str1.1) for .L.str
    cyber_minion_unit_tests.o(.text.main) refers to unity.o(.text.UnityBegin) for UnityBegin
    cyber_minion_unit_tests.o(.text.main) refers to cyber_minion_unit_tests.o(.text.test_add) for test_add
    cyber_minion_unit_tests.o(.text.main) refers to unity.o(.text.UnityDefaultTestRun) for UnityDefaultTestRun
    cyber_minion_unit_tests.o(.text.main) refers to unity.o(.text.UnityEnd) for UnityEnd
    cyber_minion_unit_tests.o(.ARM.exidx.text.main) refers to cyber_minion_unit_tests.o(.text.main) for [Anonymous Symbol]
    unity.o(.text.UnityPrint) refers to unity.o(.text.UnityPrintChar) for UnityPrintChar
    unity.o(.ARM.exidx.text.UnityPrint) refers to unity.o(.text.UnityPrint) for [Anonymous Symbol]
    unity.o(.text.UnityPrintChar) refers to stdio_streams.o(.bss) for __stdout
    unity.o(.text.UnityPrintChar) refers to putc.o(.text) for putc
    unity.o(.text.UnityPrintChar) refers to unity.o(.text.UnityPrintNumberHex) for UnityPrintNumberHex
    unity.o(.ARM.exidx.text.UnityPrintChar) refers to unity.o(.text.UnityPrintChar) for [Anonymous Symbol]
    unity.o(.text.UnityPrintLen) refers to stdio_streams.o(.bss) for __stdout
    unity.o(.text.UnityPrintLen) refers to putc.o(.text) for putc
    unity.o(.text.UnityPrintLen) refers to unity.o(.text.UnityPrintNumberHex) for UnityPrintNumberHex
    unity.o(.ARM.exidx.text.UnityPrintLen) refers to unity.o(.text.UnityPrintLen) for [Anonymous Symbol]
    unity.o(.text.UnityPrintNumberHex) refers to stdio_streams.o(.bss) for __stdout
    unity.o(.text.UnityPrintNumberHex) refers to putc.o(.text) for putc
    unity.o(.ARM.exidx.text.UnityPrintNumberHex) refers to unity.o(.text.UnityPrintNumberHex) for [Anonymous Symbol]
    unity.o(.text.UnityPrintNumberByStyle) refers to stdio_streams.o(.bss) for __stdout
    unity.o(.text.UnityPrintNumberByStyle) refers to putc.o(.text) for putc
    unity.o(.text.UnityPrintNumberByStyle) refers to unity.o(.text.UnityPrintNumberHex) for UnityPrintNumberHex
    unity.o(.text.UnityPrintNumberByStyle) refers to unity.o(.text.UnityPrintNumber) for UnityPrintNumber
    unity.o(.text.UnityPrintNumberByStyle) refers to unity.o(.text.UnityPrintNumberUnsigned) for UnityPrintNumberUnsigned
    unity.o(.ARM.exidx.text.UnityPrintNumberByStyle) refers to unity.o(.text.UnityPrintNumberByStyle) for [Anonymous Symbol]
    unity.o(.text.UnityPrintNumber) refers to stdio_streams.o(.bss) for __stdout
    unity.o(.text.UnityPrintNumber) refers to putc.o(.text) for putc
    unity.o(.text.UnityPrintNumber) refers to unity.o(.text.UnityPrintNumberUnsigned) for UnityPrintNumberUnsigned
    unity.o(.ARM.exidx.text.UnityPrintNumber) refers to unity.o(.text.UnityPrintNumber) for [Anonymous Symbol]
    unity.o(.text.UnityPrintNumberUnsigned) refers to stdio_streams.o(.bss) for __stdout
    unity.o(.text.UnityPrintNumberUnsigned) refers to putc.o(.text) for putc
    unity.o(.ARM.exidx.text.UnityPrintNumberUnsigned) refers to unity.o(.text.UnityPrintNumberUnsigned) for [Anonymous Symbol]
    unity.o(.text.UnityPrintMask) refers to stdio_streams.o(.bss) for __stdout
    unity.o(.text.UnityPrintMask) refers to putc.o(.text) for putc
    unity.o(.ARM.exidx.text.UnityPrintMask) refers to unity.o(.text.UnityPrintMask) for [Anonymous Symbol]
    unity.o(.text.UnityPrintFloat) refers to fcmp.o(x$fpl$fcmp) for __aeabi_fcmpge
    unity.o(.text.UnityPrintFloat) refers to stdio_streams.o(.bss) for __stdout
    unity.o(.text.UnityPrintFloat) refers to putc.o(.text) for putc
    unity.o(.text.UnityPrintFloat) refers to unity.o(.rodata.str1.1) for .L.str
    unity.o(.text.UnityPrintFloat) refers to unity.o(.text.UnityPrint) for UnityPrint
    unity.o(.text.UnityPrintFloat) refers to unity.o(.text.__ARM_isnanf) for __ARM_isnanf
    unity.o(.text.UnityPrintFloat) refers to f2d.o(x$fpl$f2d) for __aeabi_f2d
    unity.o(.text.UnityPrintFloat) refers to unity.o(.text.__ARM_isnan) for __ARM_isnan
    unity.o(.text.UnityPrintFloat) refers to unity.o(.text.__ARM_isinff) for __ARM_isinff
    unity.o(.text.UnityPrintFloat) refers to unity.o(.text.__ARM_isinf) for __ARM_isinf
    unity.o(.text.UnityPrintFloat) refers to fmul.o(x$fpl$fmul) for __aeabi_fmul
    unity.o(.text.UnityPrintFloat) refers to fdiv.o(x$fpl$fdiv) for __aeabi_fdiv
    unity.o(.text.UnityPrintFloat) refers to ffix.o(x$fpl$ffix) for __aeabi_f2iz
    unity.o(.text.UnityPrintFloat) refers to fflt_clz.o(x$fpl$fflt) for __aeabi_i2f
    unity.o(.text.UnityPrintFloat) refers to faddsub_clz.o(x$fpl$fsub) for __aeabi_fsub
    unity.o(.text.UnityPrintFloat) refers to faddsub_clz.o(x$fpl$fadd) for __aeabi_fadd
    unity.o(.ARM.exidx.text.UnityPrintFloat) refers to unity.o(.text.UnityPrintFloat) for [Anonymous Symbol]
    unity.o(.ARM.exidx.text.__ARM_isnanf) refers to unity.o(.text.__ARM_isnanf) for [Anonymous Symbol]
    unity.o(.ARM.exidx.text.__ARM_isnan) refers to unity.o(.text.__ARM_isnan) for [Anonymous Symbol]
    unity.o(.ARM.exidx.text.__ARM_isinff) refers to unity.o(.text.__ARM_isinff) for [Anonymous Symbol]
    unity.o(.ARM.exidx.text.__ARM_isinf) refers to unity.o(.text.__ARM_isinf) for [Anonymous Symbol]
    unity.o(.text.UnityConcludeTest) refers to unity.o(.bss.Unity) for Unity
    unity.o(.text.UnityConcludeTest) refers to unity.o(.text.UnityTestResultsBegin) for UnityTestResultsBegin
    unity.o(.text.UnityConcludeTest) refers to unity.o(.rodata.UnityStrPass) for UnityStrPass
    unity.o(.text.UnityConcludeTest) refers to unity.o(.text.UnityPrint) for UnityPrint
    unity.o(.text.UnityConcludeTest) refers to stdio_streams.o(.bss) for __stdout
    unity.o(.text.UnityConcludeTest) refers to putc.o(.text) for putc
    unity.o(.ARM.exidx.text.UnityConcludeTest) refers to unity.o(.text.UnityConcludeTest) for [Anonymous Symbol]
    unity.o(.text.UnityTestResultsBegin) refers to unity.o(.text.UnityPrint) for UnityPrint
    unity.o(.text.UnityTestResultsBegin) refers to stdio_streams.o(.bss) for __stdout
    unity.o(.text.UnityTestResultsBegin) refers to putc.o(.text) for putc
    unity.o(.text.UnityTestResultsBegin) refers to unity.o(.text.UnityPrintNumber) for UnityPrintNumber
    unity.o(.text.UnityTestResultsBegin) refers to unity.o(.bss.Unity) for Unity
    unity.o(.ARM.exidx.text.UnityTestResultsBegin) refers to unity.o(.text.UnityTestResultsBegin) for [Anonymous Symbol]
    unity.o(.text.UnityAssertBits) refers to unity.o(.bss.Unity) for Unity
    unity.o(.text.UnityAssertBits) refers to setjmp.o(.text) for longjmp
    unity.o(.text.UnityAssertBits) refers to unity.o(.text.UnityTestResultsFailBegin) for UnityTestResultsFailBegin
    unity.o(.text.UnityAssertBits) refers to unity.o(.rodata.UnityStrExpected) for UnityStrExpected
    unity.o(.text.UnityAssertBits) refers to unity.o(.text.UnityPrint) for UnityPrint
    unity.o(.text.UnityAssertBits) refers to unity.o(.text.UnityPrintMask) for UnityPrintMask
    unity.o(.text.UnityAssertBits) refers to unity.o(.rodata.UnityStrWas) for UnityStrWas
    unity.o(.text.UnityAssertBits) refers to unity.o(.text.UnityAddMsgIfSpecified) for UnityAddMsgIfSpecified
    unity.o(.ARM.exidx.text.UnityAssertBits) refers to unity.o(.text.UnityAssertBits) for [Anonymous Symbol]
    unity.o(.text.UnityTestResultsFailBegin) refers to unity.o(.bss.Unity) for Unity
    unity.o(.text.UnityTestResultsFailBegin) refers to unity.o(.text.UnityTestResultsBegin) for UnityTestResultsBegin
    unity.o(.text.UnityTestResultsFailBegin) refers to unity.o(.rodata.UnityStrFail) for UnityStrFail
    unity.o(.text.UnityTestResultsFailBegin) refers to unity.o(.text.UnityPrint) for UnityPrint
    unity.o(.text.UnityTestResultsFailBegin) refers to stdio_streams.o(.bss) for __stdout
    unity.o(.text.UnityTestResultsFailBegin) refers to putc.o(.text) for putc
    unity.o(.ARM.exidx.text.UnityTestResultsFailBegin) refers to unity.o(.text.UnityTestResultsFailBegin) for [Anonymous Symbol]
    unity.o(.text.UnityAddMsgIfSpecified) refers to unity.o(.rodata.UnityStrSpacer) for UnityStrSpacer
    unity.o(.text.UnityAddMsgIfSpecified) refers to unity.o(.text.UnityPrint) for UnityPrint
    unity.o(.text.UnityAddMsgIfSpecified) refers to unity.o(.bss.Unity) for Unity
    unity.o(.text.UnityAddMsgIfSpecified) refers to unity.o(.rodata.UnityStrDetail1Name) for UnityStrDetail1Name
    unity.o(.text.UnityAddMsgIfSpecified) refers to unity.o(.rodata.UnityStrDetail2Name) for UnityStrDetail2Name
    unity.o(.ARM.exidx.text.UnityAddMsgIfSpecified) refers to unity.o(.text.UnityAddMsgIfSpecified) for [Anonymous Symbol]
    unity.o(.text.UnityAssertEqualNumber) refers to unity.o(.bss.Unity) for Unity
    unity.o(.text.UnityAssertEqualNumber) refers to setjmp.o(.text) for longjmp
    unity.o(.text.UnityAssertEqualNumber) refers to unity.o(.text.UnityTestResultsFailBegin) for UnityTestResultsFailBegin
    unity.o(.text.UnityAssertEqualNumber) refers to unity.o(.rodata.UnityStrExpected) for UnityStrExpected
    unity.o(.text.UnityAssertEqualNumber) refers to unity.o(.text.UnityPrint) for UnityPrint
    unity.o(.text.UnityAssertEqualNumber) refers to unity.o(.text.UnityPrintNumberByStyle) for UnityPrintNumberByStyle
    unity.o(.text.UnityAssertEqualNumber) refers to unity.o(.rodata.UnityStrWas) for UnityStrWas
    unity.o(.text.UnityAssertEqualNumber) refers to unity.o(.text.UnityAddMsgIfSpecified) for UnityAddMsgIfSpecified
    unity.o(.ARM.exidx.text.UnityAssertEqualNumber) refers to unity.o(.text.UnityAssertEqualNumber) for [Anonymous Symbol]
    unity.o(.text.UnityAssertGreaterOrLessOrEqualNumber) refers to unity.o(.bss.Unity) for Unity
    unity.o(.text.UnityAssertGreaterOrLessOrEqualNumber) refers to setjmp.o(.text) for longjmp
    unity.o(.text.UnityAssertGreaterOrLessOrEqualNumber) refers to unity.o(.text.UnityTestResultsFailBegin) for UnityTestResultsFailBegin
    unity.o(.text.UnityAssertGreaterOrLessOrEqualNumber) refers to unity.o(.rodata.UnityStrExpected) for UnityStrExpected
    unity.o(.text.UnityAssertGreaterOrLessOrEqualNumber) refers to unity.o(.text.UnityPrint) for UnityPrint
    unity.o(.text.UnityAssertGreaterOrLessOrEqualNumber) refers to unity.o(.text.UnityPrintNumberByStyle) for UnityPrintNumberByStyle
    unity.o(.text.UnityAssertGreaterOrLessOrEqualNumber) refers to unity.o(.rodata.UnityStrGt) for UnityStrGt
    unity.o(.text.UnityAssertGreaterOrLessOrEqualNumber) refers to unity.o(.rodata.UnityStrLt) for UnityStrLt
    unity.o(.text.UnityAssertGreaterOrLessOrEqualNumber) refers to unity.o(.rodata.UnityStrOrEqual) for UnityStrOrEqual
    unity.o(.text.UnityAssertGreaterOrLessOrEqualNumber) refers to unity.o(.rodata.UnityStrNotEqual) for UnityStrNotEqual
    unity.o(.text.UnityAssertGreaterOrLessOrEqualNumber) refers to unity.o(.text.UnityAddMsgIfSpecified) for UnityAddMsgIfSpecified
    unity.o(.ARM.exidx.text.UnityAssertGreaterOrLessOrEqualNumber) refers to unity.o(.text.UnityAssertGreaterOrLessOrEqualNumber) for [Anonymous Symbol]
    unity.o(.text.UnityAssertEqualIntArray) refers to unity.o(.bss.Unity) for Unity
    unity.o(.text.UnityAssertEqualIntArray) refers to setjmp.o(.text) for longjmp
    unity.o(.text.UnityAssertEqualIntArray) refers to unity.o(.text.UnityTestResultsFailBegin) for UnityTestResultsFailBegin
    unity.o(.text.UnityAssertEqualIntArray) refers to unity.o(.rodata.UnityStrPointless) for UnityStrPointless
    unity.o(.text.UnityAssertEqualIntArray) refers to unity.o(.text.UnityPrint) for UnityPrint
    unity.o(.text.UnityAssertEqualIntArray) refers to unity.o(.text.UnityAddMsgIfSpecified) for UnityAddMsgIfSpecified
    unity.o(.text.UnityAssertEqualIntArray) refers to unity.o(.text.UnityIsOneArrayNull) for UnityIsOneArrayNull
    unity.o(.text.UnityAssertEqualIntArray) refers to unity.o(.rodata.UnityStrElement) for UnityStrElement
    unity.o(.text.UnityAssertEqualIntArray) refers to unity.o(.text.UnityPrintNumberUnsigned) for UnityPrintNumberUnsigned
    unity.o(.text.UnityAssertEqualIntArray) refers to unity.o(.rodata.UnityStrExpected) for UnityStrExpected
    unity.o(.text.UnityAssertEqualIntArray) refers to unity.o(.text.UnityPrintNumberByStyle) for UnityPrintNumberByStyle
    unity.o(.text.UnityAssertEqualIntArray) refers to unity.o(.rodata.UnityStrWas) for UnityStrWas
    unity.o(.ARM.exidx.text.UnityAssertEqualIntArray) refers to unity.o(.text.UnityAssertEqualIntArray) for [Anonymous Symbol]
    unity.o(.text.UnityIsOneArrayNull) refers to unity.o(.text.UnityTestResultsFailBegin) for UnityTestResultsFailBegin
    unity.o(.text.UnityIsOneArrayNull) refers to unity.o(.rodata.UnityStrNullPointerForExpected) for UnityStrNullPointerForExpected
    unity.o(.text.UnityIsOneArrayNull) refers to unity.o(.text.UnityPrint) for UnityPrint
    unity.o(.text.UnityIsOneArrayNull) refers to unity.o(.text.UnityAddMsgIfSpecified) for UnityAddMsgIfSpecified
    unity.o(.text.UnityIsOneArrayNull) refers to unity.o(.rodata.UnityStrNullPointerForActual) for UnityStrNullPointerForActual
    unity.o(.ARM.exidx.text.UnityIsOneArrayNull) refers to unity.o(.text.UnityIsOneArrayNull) for [Anonymous Symbol]
    unity.o(.text.UnityAssertEqualFloatArray) refers to unity.o(.bss.Unity) for Unity
    unity.o(.text.UnityAssertEqualFloatArray) refers to setjmp.o(.text) for longjmp
    unity.o(.text.UnityAssertEqualFloatArray) refers to unity.o(.text.UnityTestResultsFailBegin) for UnityTestResultsFailBegin
    unity.o(.text.UnityAssertEqualFloatArray) refers to unity.o(.rodata.UnityStrPointless) for UnityStrPointless
    unity.o(.text.UnityAssertEqualFloatArray) refers to unity.o(.text.UnityPrint) for UnityPrint
    unity.o(.text.UnityAssertEqualFloatArray) refers to unity.o(.text.UnityAddMsgIfSpecified) for UnityAddMsgIfSpecified
    unity.o(.text.UnityAssertEqualFloatArray) refers to unity.o(.text.UnityIsOneArrayNull) for UnityIsOneArrayNull
    unity.o(.text.UnityAssertEqualFloatArray) refers to fmul.o(x$fpl$fmul) for __aeabi_fmul
    unity.o(.text.UnityAssertEqualFloatArray) refers to unity.o(.text.UnityFloatsWithin) for UnityFloatsWithin
    unity.o(.text.UnityAssertEqualFloatArray) refers to unity.o(.rodata.UnityStrElement) for UnityStrElement
    unity.o(.text.UnityAssertEqualFloatArray) refers to unity.o(.text.UnityPrintNumberUnsigned) for UnityPrintNumberUnsigned
    unity.o(.text.UnityAssertEqualFloatArray) refers to unity.o(.rodata.UnityStrExpected) for UnityStrExpected
    unity.o(.text.UnityAssertEqualFloatArray) refers to unity.o(.text.UnityPrintFloat) for UnityPrintFloat
    unity.o(.text.UnityAssertEqualFloatArray) refers to unity.o(.rodata.UnityStrWas) for UnityStrWas
    unity.o(.ARM.exidx.text.UnityAssertEqualFloatArray) refers to unity.o(.text.UnityAssertEqualFloatArray) for [Anonymous Symbol]
    unity.o(.text.UnityFloatsWithin) refers to unity.o(.text.__ARM_isinff) for __ARM_isinff
    unity.o(.text.UnityFloatsWithin) refers to f2d.o(x$fpl$f2d) for __aeabi_f2d
    unity.o(.text.UnityFloatsWithin) refers to unity.o(.text.__ARM_isinf) for __ARM_isinf
    unity.o(.text.UnityFloatsWithin) refers to fcmp.o(x$fpl$fcmp) for __aeabi_fcmplt
    unity.o(.text.UnityFloatsWithin) refers to unity.o(.text.__ARM_isnanf) for __ARM_isnanf
    unity.o(.text.UnityFloatsWithin) refers to unity.o(.text.__ARM_isnan) for __ARM_isnan
    unity.o(.text.UnityFloatsWithin) refers to faddsub_clz.o(x$fpl$fsub) for __aeabi_fsub
    unity.o(.ARM.exidx.text.UnityFloatsWithin) refers to unity.o(.text.UnityFloatsWithin) for [Anonymous Symbol]
    unity.o(.text.UnityAssertFloatsWithin) refers to unity.o(.bss.Unity) for Unity
    unity.o(.text.UnityAssertFloatsWithin) refers to setjmp.o(.text) for longjmp
    unity.o(.text.UnityAssertFloatsWithin) refers to unity.o(.text.UnityFloatsWithin) for UnityFloatsWithin
    unity.o(.text.UnityAssertFloatsWithin) refers to unity.o(.text.UnityTestResultsFailBegin) for UnityTestResultsFailBegin
    unity.o(.text.UnityAssertFloatsWithin) refers to unity.o(.rodata.UnityStrExpected) for UnityStrExpected
    unity.o(.text.UnityAssertFloatsWithin) refers to unity.o(.text.UnityPrint) for UnityPrint
    unity.o(.text.UnityAssertFloatsWithin) refers to unity.o(.text.UnityPrintFloat) for UnityPrintFloat
    unity.o(.text.UnityAssertFloatsWithin) refers to unity.o(.rodata.UnityStrWas) for UnityStrWas
    unity.o(.text.UnityAssertFloatsWithin) refers to unity.o(.text.UnityAddMsgIfSpecified) for UnityAddMsgIfSpecified
    unity.o(.ARM.exidx.text.UnityAssertFloatsWithin) refers to unity.o(.text.UnityAssertFloatsWithin) for [Anonymous Symbol]
    unity.o(.text.UnityAssertFloatSpecial) refers to unity.o(.rodata..L__const.UnityAssertFloatSpecial.trait_names) for .L__const.UnityAssertFloatSpecial.trait_names
    unity.o(.text.UnityAssertFloatSpecial) refers to unity.o(.bss.Unity) for Unity
    unity.o(.text.UnityAssertFloatSpecial) refers to setjmp.o(.text) for longjmp
    unity.o(.text.UnityAssertFloatSpecial) refers to unity.o(.text.__ARM_isinff) for __ARM_isinff
    unity.o(.text.UnityAssertFloatSpecial) refers to f2d.o(x$fpl$f2d) for __aeabi_f2d
    unity.o(.text.UnityAssertFloatSpecial) refers to unity.o(.text.__ARM_isinf) for __ARM_isinf
    unity.o(.text.UnityAssertFloatSpecial) refers to fcmp.o(x$fpl$fcmp) for __aeabi_fcmpgt
    unity.o(.text.UnityAssertFloatSpecial) refers to unity.o(.text.__ARM_isnanf) for __ARM_isnanf
    unity.o(.text.UnityAssertFloatSpecial) refers to unity.o(.rodata.UnityStrInvalidFloatTrait) for UnityStrInvalidFloatTrait
    unity.o(.text.UnityAssertFloatSpecial) refers to unity.o(.text.UnityTestResultsFailBegin) for UnityTestResultsFailBegin
    unity.o(.text.UnityAssertFloatSpecial) refers to unity.o(.rodata.UnityStrExpected) for UnityStrExpected
    unity.o(.text.UnityAssertFloatSpecial) refers to unity.o(.text.UnityPrint) for UnityPrint
    unity.o(.text.UnityAssertFloatSpecial) refers to unity.o(.rodata.UnityStrNot) for UnityStrNot
    unity.o(.text.UnityAssertFloatSpecial) refers to unity.o(.rodata.UnityStrWas) for UnityStrWas
    unity.o(.text.UnityAssertFloatSpecial) refers to unity.o(.text.UnityPrintFloat) for UnityPrintFloat
    unity.o(.text.UnityAssertFloatSpecial) refers to unity.o(.text.UnityAddMsgIfSpecified) for UnityAddMsgIfSpecified
    unity.o(.ARM.exidx.text.UnityAssertFloatSpecial) refers to unity.o(.text.UnityAssertFloatSpecial) for [Anonymous Symbol]
    unity.o(.text.UnityAssertNumbersWithin) refers to unity.o(.bss.Unity) for Unity
    unity.o(.text.UnityAssertNumbersWithin) refers to setjmp.o(.text) for longjmp
    unity.o(.text.UnityAssertNumbersWithin) refers to unity.o(.text.UnityTestResultsFailBegin) for UnityTestResultsFailBegin
    unity.o(.text.UnityAssertNumbersWithin) refers to unity.o(.rodata.UnityStrDelta) for UnityStrDelta
    unity.o(.text.UnityAssertNumbersWithin) refers to unity.o(.text.UnityPrint) for UnityPrint
    unity.o(.text.UnityAssertNumbersWithin) refers to unity.o(.text.UnityPrintNumberByStyle) for UnityPrintNumberByStyle
    unity.o(.text.UnityAssertNumbersWithin) refers to unity.o(.rodata.UnityStrExpected) for UnityStrExpected
    unity.o(.text.UnityAssertNumbersWithin) refers to unity.o(.rodata.UnityStrWas) for UnityStrWas
    unity.o(.text.UnityAssertNumbersWithin) refers to unity.o(.text.UnityAddMsgIfSpecified) for UnityAddMsgIfSpecified
    unity.o(.ARM.exidx.text.UnityAssertNumbersWithin) refers to unity.o(.text.UnityAssertNumbersWithin) for [Anonymous Symbol]
    unity.o(.text.UnityAssertNumbersArrayWithin) refers to unity.o(.bss.Unity) for Unity
    unity.o(.text.UnityAssertNumbersArrayWithin) refers to setjmp.o(.text) for longjmp
    unity.o(.text.UnityAssertNumbersArrayWithin) refers to unity.o(.text.UnityTestResultsFailBegin) for UnityTestResultsFailBegin
    unity.o(.text.UnityAssertNumbersArrayWithin) refers to unity.o(.rodata.UnityStrPointless) for UnityStrPointless
    unity.o(.text.UnityAssertNumbersArrayWithin) refers to unity.o(.text.UnityPrint) for UnityPrint
    unity.o(.text.UnityAssertNumbersArrayWithin) refers to unity.o(.text.UnityAddMsgIfSpecified) for UnityAddMsgIfSpecified
    unity.o(.text.UnityAssertNumbersArrayWithin) refers to unity.o(.text.UnityIsOneArrayNull) for UnityIsOneArrayNull
    unity.o(.text.UnityAssertNumbersArrayWithin) refers to unity.o(.rodata.UnityStrDelta) for UnityStrDelta
    unity.o(.text.UnityAssertNumbersArrayWithin) refers to unity.o(.text.UnityPrintNumberByStyle) for UnityPrintNumberByStyle
    unity.o(.text.UnityAssertNumbersArrayWithin) refers to unity.o(.rodata.UnityStrElement) for UnityStrElement
    unity.o(.text.UnityAssertNumbersArrayWithin) refers to unity.o(.text.UnityPrintNumberUnsigned) for UnityPrintNumberUnsigned
    unity.o(.text.UnityAssertNumbersArrayWithin) refers to unity.o(.rodata.UnityStrExpected) for UnityStrExpected
    unity.o(.text.UnityAssertNumbersArrayWithin) refers to unity.o(.rodata.UnityStrWas) for UnityStrWas
    unity.o(.ARM.exidx.text.UnityAssertNumbersArrayWithin) refers to unity.o(.text.UnityAssertNumbersArrayWithin) for [Anonymous Symbol]
    unity.o(.text.UnityAssertEqualString) refers to unity.o(.bss.Unity) for Unity
    unity.o(.text.UnityAssertEqualString) refers to setjmp.o(.text) for longjmp
    unity.o(.text.UnityAssertEqualString) refers to unity.o(.text.UnityTestResultsFailBegin) for UnityTestResultsFailBegin
    unity.o(.text.UnityAssertEqualString) refers to unity.o(.text.UnityPrintExpectedAndActualStrings) for UnityPrintExpectedAndActualStrings
    unity.o(.text.UnityAssertEqualString) refers to unity.o(.text.UnityAddMsgIfSpecified) for UnityAddMsgIfSpecified
    unity.o(.ARM.exidx.text.UnityAssertEqualString) refers to unity.o(.text.UnityAssertEqualString) for [Anonymous Symbol]
    unity.o(.text.UnityPrintExpectedAndActualStrings) refers to unity.o(.rodata.UnityStrExpected) for UnityStrExpected
    unity.o(.text.UnityPrintExpectedAndActualStrings) refers to unity.o(.text.UnityPrint) for UnityPrint
    unity.o(.text.UnityPrintExpectedAndActualStrings) refers to stdio_streams.o(.bss) for __stdout
    unity.o(.text.UnityPrintExpectedAndActualStrings) refers to putc.o(.text) for putc
    unity.o(.text.UnityPrintExpectedAndActualStrings) refers to unity.o(.rodata.UnityStrNull) for UnityStrNull
    unity.o(.text.UnityPrintExpectedAndActualStrings) refers to unity.o(.rodata.UnityStrWas) for UnityStrWas
    unity.o(.ARM.exidx.text.UnityPrintExpectedAndActualStrings) refers to unity.o(.text.UnityPrintExpectedAndActualStrings) for [Anonymous Symbol]
    unity.o(.text.UnityAssertEqualStringLen) refers to unity.o(.bss.Unity) for Unity
    unity.o(.text.UnityAssertEqualStringLen) refers to setjmp.o(.text) for longjmp
    unity.o(.text.UnityAssertEqualStringLen) refers to unity.o(.text.UnityTestResultsFailBegin) for UnityTestResultsFailBegin
    unity.o(.text.UnityAssertEqualStringLen) refers to unity.o(.text.UnityPrintExpectedAndActualStringsLen) for UnityPrintExpectedAndActualStringsLen
    unity.o(.text.UnityAssertEqualStringLen) refers to unity.o(.text.UnityAddMsgIfSpecified) for UnityAddMsgIfSpecified
    unity.o(.ARM.exidx.text.UnityAssertEqualStringLen) refers to unity.o(.text.UnityAssertEqualStringLen) for [Anonymous Symbol]
    unity.o(.text.UnityPrintExpectedAndActualStringsLen) refers to unity.o(.rodata.UnityStrExpected) for UnityStrExpected
    unity.o(.text.UnityPrintExpectedAndActualStringsLen) refers to unity.o(.text.UnityPrint) for UnityPrint
    unity.o(.text.UnityPrintExpectedAndActualStringsLen) refers to stdio_streams.o(.bss) for __stdout
    unity.o(.text.UnityPrintExpectedAndActualStringsLen) refers to putc.o(.text) for putc
    unity.o(.text.UnityPrintExpectedAndActualStringsLen) refers to unity.o(.text.UnityPrintLen) for UnityPrintLen
    unity.o(.text.UnityPrintExpectedAndActualStringsLen) refers to unity.o(.rodata.UnityStrNull) for UnityStrNull
    unity.o(.text.UnityPrintExpectedAndActualStringsLen) refers to unity.o(.rodata.UnityStrWas) for UnityStrWas
    unity.o(.ARM.exidx.text.UnityPrintExpectedAndActualStringsLen) refers to unity.o(.text.UnityPrintExpectedAndActualStringsLen) for [Anonymous Symbol]
    unity.o(.text.UnityAssertEqualStringArray) refers to unity.o(.bss.Unity) for Unity
    unity.o(.text.UnityAssertEqualStringArray) refers to setjmp.o(.text) for longjmp
    unity.o(.text.UnityAssertEqualStringArray) refers to unity.o(.text.UnityTestResultsFailBegin) for UnityTestResultsFailBegin
    unity.o(.text.UnityAssertEqualStringArray) refers to unity.o(.rodata.UnityStrPointless) for UnityStrPointless
    unity.o(.text.UnityAssertEqualStringArray) refers to unity.o(.text.UnityPrint) for UnityPrint
    unity.o(.text.UnityAssertEqualStringArray) refers to unity.o(.text.UnityAddMsgIfSpecified) for UnityAddMsgIfSpecified
    unity.o(.text.UnityAssertEqualStringArray) refers to unity.o(.text.UnityIsOneArrayNull) for UnityIsOneArrayNull
    unity.o(.text.UnityAssertEqualStringArray) refers to unity.o(.rodata.UnityStrElement) for UnityStrElement
    unity.o(.text.UnityAssertEqualStringArray) refers to unity.o(.text.UnityPrintNumberUnsigned) for UnityPrintNumberUnsigned
    unity.o(.text.UnityAssertEqualStringArray) refers to unity.o(.text.UnityPrintExpectedAndActualStrings) for UnityPrintExpectedAndActualStrings
    unity.o(.ARM.exidx.text.UnityAssertEqualStringArray) refers to unity.o(.text.UnityAssertEqualStringArray) for [Anonymous Symbol]
    unity.o(.text.UnityAssertEqualMemory) refers to unity.o(.bss.Unity) for Unity
    unity.o(.text.UnityAssertEqualMemory) refers to setjmp.o(.text) for longjmp
    unity.o(.text.UnityAssertEqualMemory) refers to unity.o(.text.UnityTestResultsFailBegin) for UnityTestResultsFailBegin
    unity.o(.text.UnityAssertEqualMemory) refers to unity.o(.rodata.UnityStrPointless) for UnityStrPointless
    unity.o(.text.UnityAssertEqualMemory) refers to unity.o(.text.UnityPrint) for UnityPrint
    unity.o(.text.UnityAssertEqualMemory) refers to unity.o(.text.UnityAddMsgIfSpecified) for UnityAddMsgIfSpecified
    unity.o(.text.UnityAssertEqualMemory) refers to unity.o(.text.UnityIsOneArrayNull) for UnityIsOneArrayNull
    unity.o(.text.UnityAssertEqualMemory) refers to unity.o(.rodata.UnityStrMemory) for UnityStrMemory
    unity.o(.text.UnityAssertEqualMemory) refers to unity.o(.rodata.UnityStrElement) for UnityStrElement
    unity.o(.text.UnityAssertEqualMemory) refers to unity.o(.text.UnityPrintNumberUnsigned) for UnityPrintNumberUnsigned
    unity.o(.text.UnityAssertEqualMemory) refers to unity.o(.rodata.UnityStrByte) for UnityStrByte
    unity.o(.text.UnityAssertEqualMemory) refers to unity.o(.rodata.UnityStrExpected) for UnityStrExpected
    unity.o(.text.UnityAssertEqualMemory) refers to unity.o(.text.UnityPrintNumberByStyle) for UnityPrintNumberByStyle
    unity.o(.text.UnityAssertEqualMemory) refers to unity.o(.rodata.UnityStrWas) for UnityStrWas
    unity.o(.ARM.exidx.text.UnityAssertEqualMemory) refers to unity.o(.text.UnityAssertEqualMemory) for [Anonymous Symbol]
    unity.o(.text.UnityNumToPtr) refers to unity.o(.bss.UnityQuickCompare) for UnityQuickCompare
    unity.o(.ARM.exidx.text.UnityNumToPtr) refers to unity.o(.text.UnityNumToPtr) for [Anonymous Symbol]
    unity.o(.text.UnityFloatToPtr) refers to unity.o(.bss.UnityQuickCompare) for UnityQuickCompare
    unity.o(.ARM.exidx.text.UnityFloatToPtr) refers to unity.o(.text.UnityFloatToPtr) for [Anonymous Symbol]
    unity.o(.text.UnityFail) refers to unity.o(.bss.Unity) for Unity
    unity.o(.text.UnityFail) refers to setjmp.o(.text) for longjmp
    unity.o(.text.UnityFail) refers to unity.o(.text.UnityTestResultsBegin) for UnityTestResultsBegin
    unity.o(.text.UnityFail) refers to unity.o(.rodata.UnityStrFail) for UnityStrFail
    unity.o(.text.UnityFail) refers to unity.o(.text.UnityPrint) for UnityPrint
    unity.o(.text.UnityFail) refers to stdio_streams.o(.bss) for __stdout
    unity.o(.text.UnityFail) refers to putc.o(.text) for putc
    unity.o(.text.UnityFail) refers to unity.o(.rodata.UnityStrDetail1Name) for UnityStrDetail1Name
    unity.o(.text.UnityFail) refers to unity.o(.rodata.UnityStrDetail2Name) for UnityStrDetail2Name
    unity.o(.text.UnityFail) refers to unity.o(.rodata.UnityStrSpacer) for UnityStrSpacer
    unity.o(.ARM.exidx.text.UnityFail) refers to unity.o(.text.UnityFail) for [Anonymous Symbol]
    unity.o(.text.UnityIgnore) refers to unity.o(.bss.Unity) for Unity
    unity.o(.text.UnityIgnore) refers to setjmp.o(.text) for longjmp
    unity.o(.text.UnityIgnore) refers to unity.o(.text.UnityTestResultsBegin) for UnityTestResultsBegin
    unity.o(.text.UnityIgnore) refers to unity.o(.rodata.UnityStrIgnore) for UnityStrIgnore
    unity.o(.text.UnityIgnore) refers to unity.o(.text.UnityPrint) for UnityPrint
    unity.o(.text.UnityIgnore) refers to stdio_streams.o(.bss) for __stdout
    unity.o(.text.UnityIgnore) refers to putc.o(.text) for putc
    unity.o(.ARM.exidx.text.UnityIgnore) refers to unity.o(.text.UnityIgnore) for [Anonymous Symbol]
    unity.o(.text.UnityMessage) refers to unity.o(.bss.Unity) for Unity
    unity.o(.text.UnityMessage) refers to unity.o(.text.UnityTestResultsBegin) for UnityTestResultsBegin
    unity.o(.text.UnityMessage) refers to unity.o(.rodata.str1.1) for .L.str.3
    unity.o(.text.UnityMessage) refers to unity.o(.text.UnityPrint) for UnityPrint
    unity.o(.text.UnityMessage) refers to stdio_streams.o(.bss) for __stdout
    unity.o(.text.UnityMessage) refers to putc.o(.text) for putc
    unity.o(.ARM.exidx.text.UnityMessage) refers to unity.o(.text.UnityMessage) for [Anonymous Symbol]
    unity.o(.text.UnityDefaultTestRun) refers to unity.o(.bss.Unity) for Unity
    unity.o(.text.UnityDefaultTestRun) refers to setjmp.o(.text) for setjmp
    unity.o(.text.UnityDefaultTestRun) refers to cyber_minion_unit_tests.o(.text.setUp) for setUp
    unity.o(.text.UnityDefaultTestRun) refers to cyber_minion_unit_tests.o(.text.tearDown) for tearDown
    unity.o(.text.UnityDefaultTestRun) refers to unity.o(.text.UnityConcludeTest) for UnityConcludeTest
    unity.o(.ARM.exidx.text.UnityDefaultTestRun) refers to unity.o(.text.UnityDefaultTestRun) for [Anonymous Symbol]
    unity.o(.text.UnitySetTestFile) refers to unity.o(.bss.Unity) for Unity
    unity.o(.ARM.exidx.text.UnitySetTestFile) refers to unity.o(.text.UnitySetTestFile) for [Anonymous Symbol]
    unity.o(.text.UnityBegin) refers to unity.o(.bss.Unity) for Unity
    unity.o(.ARM.exidx.text.UnityBegin) refers to unity.o(.text.UnityBegin) for [Anonymous Symbol]
    unity.o(.text.UnityEnd) refers to stdio_streams.o(.bss) for __stdout
    unity.o(.text.UnityEnd) refers to putc.o(.text) for putc
    unity.o(.text.UnityEnd) refers to unity.o(.rodata.UnityStrBreaker) for UnityStrBreaker
    unity.o(.text.UnityEnd) refers to unity.o(.text.UnityPrint) for UnityPrint
    unity.o(.text.UnityEnd) refers to unity.o(.bss.Unity) for Unity
    unity.o(.text.UnityEnd) refers to unity.o(.text.UnityPrintNumber) for UnityPrintNumber
    unity.o(.text.UnityEnd) refers to unity.o(.rodata.UnityStrResultsTests) for UnityStrResultsTests
    unity.o(.text.UnityEnd) refers to unity.o(.rodata.UnityStrResultsFailures) for UnityStrResultsFailures
    unity.o(.text.UnityEnd) refers to unity.o(.rodata.UnityStrResultsIgnored) for UnityStrResultsIgnored
    unity.o(.text.UnityEnd) refers to unity.o(.rodata.UnityStrOk) for UnityStrOk
    unity.o(.text.UnityEnd) refers to unity.o(.rodata.UnityStrFail) for UnityStrFail
    unity.o(.ARM.exidx.text.UnityEnd) refers to unity.o(.text.UnityEnd) for [Anonymous Symbol]
    unity.o(.rodata..L__const.UnityAssertFloatSpecial.trait_names) refers to unity.o(.rodata.UnityStrInf) for [Anonymous Symbol]
    unity.o(.rodata..L__const.UnityAssertFloatSpecial.trait_names) refers to unity.o(.rodata.UnityStrNegInf) for [Anonymous Symbol]
    unity.o(.rodata..L__const.UnityAssertFloatSpecial.trait_names) refers to unity.o(.rodata.UnityStrNaN) for [Anonymous Symbol]
    unity.o(.rodata..L__const.UnityAssertFloatSpecial.trait_names) refers to unity.o(.rodata.UnityStrDet) for [Anonymous Symbol]
    putc.o(.text) refers to fputc.o(i.fputc) for fputc
    stdio_streams.o(.bss) refers (Special) to initio.o(.text) for _initio
    stdio_streams.o(.bss) refers (Special) to initio.o(.text) for _initio
    stdio_streams.o(.bss) refers (Special) to initio.o(.text) for _initio
    stdio_streams.o(.data) refers (Special) to initio.o(.text) for _initio
    stdio_streams.o(.data) refers (Special) to initio.o(.text) for _initio
    stdio_streams.o(.data) refers (Special) to initio.o(.text) for _initio
    __main.o(!!!main) refers to __rtentry.o(.ARM.Collect$$rtentry$$00000000) for __rt_entry
    f2d.o(x$fpl$f2d) refers (Special) to usenofp.o(x$fpl$usenofp) for __I$use$fp
    f2d.o(x$fpl$f2d) refers to fnaninf.o(x$fpl$fnaninf) for __fpl_fnaninf
    f2d.o(x$fpl$f2d) refers to dretinf.o(x$fpl$dretinf) for __fpl_dretinf
    faddsub_clz.o(x$fpl$fadd) refers (Special) to usenofp.o(x$fpl$usenofp) for __I$use$fp
    faddsub_clz.o(x$fpl$fadd) refers to faddsub_clz.o(x$fpl$fsub) for _fsub1
    faddsub_clz.o(x$fpl$fadd) refers to fretinf.o(x$fpl$fretinf) for __fpl_fretinf
    faddsub_clz.o(x$fpl$fadd) refers to fnaninf.o(x$fpl$fnaninf) for __fpl_fnaninf
    faddsub_clz.o(x$fpl$frsb) refers (Special) to usenofp.o(x$fpl$usenofp) for __I$use$fp
    faddsub_clz.o(x$fpl$frsb) refers to faddsub_clz.o(x$fpl$fadd) for _fadd1
    faddsub_clz.o(x$fpl$frsb) refers to faddsub_clz.o(x$fpl$fsub) for _fsub1
    faddsub_clz.o(x$fpl$fsub) refers (Special) to usenofp.o(x$fpl$usenofp) for __I$use$fp
    faddsub_clz.o(x$fpl$fsub) refers to faddsub_clz.o(x$fpl$fadd) for _fadd1
    faddsub_clz.o(x$fpl$fsub) refers to fnaninf.o(x$fpl$fnaninf) for __fpl_fnaninf
    fcmp.o(x$fpl$fcmp) refers (Special) to usenofp.o(x$fpl$usenofp) for __I$use$fp
    fcmp.o(x$fpl$fcmp) refers to feqf.o(x$fpl$feqf) for _fcmpeq
    fcmp.o(x$fpl$fcmp) refers to fgeqf.o(x$fpl$fgeqf) for _fcmpge
    fcmp.o(x$fpl$fcmp) refers to fleqf.o(x$fpl$fleqf) for _fcmple
    fdiv.o(x$fpl$frdiv) refers (Special) to usenofp.o(x$fpl$usenofp) for __I$use$fp
    fdiv.o(x$fpl$frdiv) refers to fdiv.o(x$fpl$fdiv) for _fdiv1
    fdiv.o(x$fpl$fdiv) refers (Special) to usenofp.o(x$fpl$usenofp) for __I$use$fp
    fdiv.o(x$fpl$fdiv) refers to fretinf.o(x$fpl$fretinf) for __fpl_fretinf
    fdiv.o(x$fpl$fdiv) refers to fnaninf.o(x$fpl$fnaninf) for __fpl_fnaninf
    ffix.o(x$fpl$ffix) refers (Special) to usenofp.o(x$fpl$usenofp) for __I$use$fp
    ffix.o(x$fpl$ffix) refers to fnaninf.o(x$fpl$fnaninf) for __fpl_fnaninf
    ffix.o(x$fpl$ffixr) refers (Special) to usenofp.o(x$fpl$usenofp) for __I$use$fp
    ffix.o(x$fpl$ffixr) refers to fnaninf.o(x$fpl$fnaninf) for __fpl_fnaninf
    fflt_clz.o(x$fpl$ffltu) refers (Special) to usenofp.o(x$fpl$usenofp) for __I$use$fp
    fflt_clz.o(x$fpl$fflt) refers (Special) to usenofp.o(x$fpl$usenofp) for __I$use$fp
    fflt_clz.o(x$fpl$ffltn) refers (Special) to usenofp.o(x$fpl$usenofp) for __I$use$fp
    fmul.o(x$fpl$fmul) refers (Special) to usenofp.o(x$fpl$usenofp) for __I$use$fp
    fmul.o(x$fpl$fmul) refers to fretinf.o(x$fpl$fretinf) for __fpl_fretinf
    fmul.o(x$fpl$fmul) refers to fnaninf.o(x$fpl$fnaninf) for __fpl_fnaninf
    __rtentry.o(.ARM.Collect$$rtentry$$00000000) refers (Special) to __rtentry2.o(.ARM.Collect$$rtentry$$0000000A) for __rt_entry_li
    __rtentry.o(.ARM.Collect$$rtentry$$00000000) refers (Special) to __rtentry2.o(.ARM.Collect$$rtentry$$0000000D) for __rt_entry_main
    __rtentry.o(.ARM.Collect$$rtentry$$00000000) refers (Special) to __rtentry2.o(.ARM.Collect$$rtentry$$0000000C) for __rt_entry_postli_1
    __rtentry.o(.ARM.Collect$$rtentry$$00000000) refers (Special) to __rtentry2.o(.ARM.Collect$$rtentry$$00000009) for __rt_entry_postsh_1
    __rtentry.o(.ARM.Collect$$rtentry$$00000000) refers (Special) to __rtentry2.o(.ARM.Collect$$rtentry$$00000002) for __rt_entry_presh_1
    __rtentry.o(.ARM.Collect$$rtentry$$00000000) refers (Special) to __rtentry4.o(.ARM.Collect$$rtentry$$00000004) for __rt_entry_sh
    fputc.o(i.fputc) refers to flsbuf.o(.text) for __flsbuf_byte
    initio.o(.text) refers (Special) to libinit2.o(.ARM.Collect$$libinit$$00000026) for __rt_lib_init_stdio_2
    initio.o(.text) refers (Special) to libshutdown2.o(.ARM.Collect$$libshutdown$$00000003) for __rt_lib_shutdown_stdio_2
    initio.o(.text) refers to rt_memclr_w.o(.text) for __aeabi_memclr4
    initio.o(.text) refers to fopen.o(.text) for freopen
    initio.o(.text) refers to defsig_rtred_outer.o(.text) for __rt_SIGRTRED
    initio.o(.text) refers to setvbuf.o(.text) for setvbuf
    initio.o(.text) refers to fclose.o(.text) for _fclose_internal
    initio.o(.text) refers to h1_free.o(.text) for free
    initio.o(.text) refers to stdio_streams.o(.bss) for __stdin
    initio.o(.text) refers to stdio_streams.o(.bss) for __stdout
    initio.o(.text) refers to stdio_streams.o(.bss) for __stderr
    initio.o(.text) refers to stdio_streams.o(.data) for __aeabi_stdin
    initio.o(.text) refers to stdio_streams.o(.data) for __aeabi_stdout
    initio.o(.text) refers to stdio_streams.o(.data) for __aeabi_stderr
    initio.o(.text) refers to sys_io_names.o(.constdata) for __stdin_name
    initio.o(.text) refers to sys_io_names.o(.constdata) for __stdout_name
    initio.o(.text) refers to sys_io_names.o(.constdata) for __stderr_name
    initio_locked.o(.text) refers (Special) to libinit2.o(.ARM.Collect$$libinit$$00000026) for __rt_lib_init_stdio_2
    initio_locked.o(.text) refers (Special) to libshutdown2.o(.ARM.Collect$$libshutdown$$00000003) for __rt_lib_shutdown_stdio_2
    initio_locked.o(.text) refers to rt_memclr_w.o(.text) for __aeabi_memclr4
    initio_locked.o(.text) refers to fopen.o(.text) for freopen
    initio_locked.o(.text) refers to defsig_rtred_outer.o(.text) for __rt_SIGRTRED
    initio_locked.o(.text) refers to setvbuf.o(.text) for setvbuf
    initio_locked.o(.text) refers to fclose.o(.text) for _fclose_internal
    initio_locked.o(.text) refers to h1_free.o(.text) for free
    initio_locked.o(.text) refers to stdio_streams.o(.bss) for __stdin
    initio_locked.o(.text) refers to stdio_streams.o(.bss) for __stdout
    initio_locked.o(.text) refers to stdio_streams.o(.bss) for __stderr
    initio_locked.o(.text) refers to stdio_streams.o(.data) for __aeabi_stdin
    initio_locked.o(.text) refers to stdio_streams.o(.data) for __aeabi_stdout
    initio_locked.o(.text) refers to stdio_streams.o(.data) for __aeabi_stderr
    initio_locked.o(.text) refers to streamlock.o(.data) for _stream_list_lock
    initio_locked.o(.text) refers to sys_io_names.o(.constdata) for __stdin_name
    initio_locked.o(.text) refers to sys_io_names.o(.constdata) for __stdout_name
    initio_locked.o(.text) refers to sys_io_names.o(.constdata) for __stderr_name
    dretinf.o(x$fpl$dretinf) refers (Special) to usenofp.o(x$fpl$usenofp) for __I$use$fp
    feqf.o(x$fpl$feqf) refers (Special) to usenofp.o(x$fpl$usenofp) for __I$use$fp
    feqf.o(x$fpl$feqf) refers to fnaninf.o(x$fpl$fnaninf) for __fpl_fnaninf
    feqf.o(x$fpl$feqf) refers to fcmpi.o(x$fpl$fcmpinf) for __fpl_fcmp_Inf
    fgeqf.o(x$fpl$fgeqf) refers (Special) to usenofp.o(x$fpl$usenofp) for __I$use$fp
    fgeqf.o(x$fpl$fgeqf) refers to fnaninf.o(x$fpl$fnaninf) for __fpl_fnaninf
    fgeqf.o(x$fpl$fgeqf) refers to fcmpi.o(x$fpl$fcmpinf) for __fpl_fcmp_Inf
    fleqf.o(x$fpl$fleqf) refers (Special) to usenofp.o(x$fpl$usenofp) for __I$use$fp
    fleqf.o(x$fpl$fleqf) refers to fnaninf.o(x$fpl$fnaninf) for __fpl_fnaninf
    fleqf.o(x$fpl$fleqf) refers to fcmpi.o(x$fpl$fcmpinf) for __fpl_fcmp_Inf
    fnaninf.o(x$fpl$fnaninf) refers (Special) to usenofp.o(x$fpl$usenofp) for __I$use$fp
    fretinf.o(x$fpl$fretinf) refers (Special) to usenofp.o(x$fpl$usenofp) for __I$use$fp
    __rtentry2.o(.ARM.Collect$$rtentry$$00000008) refers to boardinit2.o(.text) for _platform_post_stackheap_init
    __rtentry2.o(.ARM.Collect$$rtentry$$0000000A) refers to libinit.o(.ARM.Collect$$libinit$$00000000) for __rt_lib_init
    __rtentry2.o(.ARM.Collect$$rtentry$$0000000B) refers to boardinit3.o(.text) for _platform_post_lib_init
    __rtentry2.o(.ARM.Collect$$rtentry$$0000000D) refers to cyber_minion_unit_tests.o(.text.main) for main
    __rtentry2.o(.ARM.Collect$$rtentry$$0000000D) refers to exit.o(.text) for exit
    __rtentry2.o(.ARM.exidx) refers to __rtentry2.o(.ARM.Collect$$rtentry$$00000001) for .ARM.Collect$$rtentry$$00000001
    __rtentry2.o(.ARM.exidx) refers to __rtentry2.o(.ARM.Collect$$rtentry$$00000008) for .ARM.Collect$$rtentry$$00000008
    __rtentry2.o(.ARM.exidx) refers to __rtentry2.o(.ARM.Collect$$rtentry$$0000000A) for .ARM.Collect$$rtentry$$0000000A
    __rtentry2.o(.ARM.exidx) refers to __rtentry2.o(.ARM.Collect$$rtentry$$0000000B) for .ARM.Collect$$rtentry$$0000000B
    __rtentry2.o(.ARM.exidx) refers to __rtentry2.o(.ARM.Collect$$rtentry$$0000000D) for .ARM.Collect$$rtentry$$0000000D
    __rtentry4.o(.ARM.Collect$$rtentry$$00000004) refers to sys_stackheap_outer.o(.text) for __user_setup_stackheap
    __rtentry4.o(.ARM.exidx) refers to __rtentry4.o(.ARM.Collect$$rtentry$$00000004) for .ARM.Collect$$rtentry$$00000004
    free.o(.text) refers (Special) to hguard.o(.text) for __heap$guard
    free.o(.text) refers to rt_heap_descriptor_intlibspace.o(.text) for __rt_heap_descriptor
    free.o(.text) refers to heapstubs.o(.text) for __Heap_Free
    h1_free.o(.text) refers to rt_heap_descriptor_intlibspace.o(.text) for __rt_heap_descriptor
    h1_free_threads.o(.text) refers to rt_heap_descriptor_intlibspace.o(.text) for __rt_heap_descriptor
    heap2.o(i._FDIterate) refers to heap2.o(.conststring) for .conststring
    heap2.o(i.__Heap_ProvideMemory$realtime) refers to fdtree.o(i._FDTree_Delete) for _FDTree_Delete
    heap2.o(i.__Heap_ProvideMemory$realtime) refers to fdtree.o(i._FDTree_Insert) for _FDTree_Insert
    heap2.o(i.__Heap_Stats$realtime) refers to heap2.o(i._Heap2_StatsIterate) for _Heap2_StatsIterate
    heap2.o(i.__Heap_Valid$realtime) refers to heap2.o(i._FDIterate) for _FDIterate
    heap2.o(i.__Heap_Valid$realtime) refers to heap2.o(.conststring) for .conststring
    heap2.o(i.free$realtime) refers to rt_heap_descriptor_intlibspace.o(.text) for __rt_heap_descriptor
    heap2.o(i.free$realtime) refers to fdtree.o(i._FDTree_Delete) for _FDTree_Delete
    heap2.o(i.free$realtime) refers to fdtree.o(i._FDTree_Insert) for _FDTree_Insert
    heap2.o(i.malloc$realtime) refers to rt_heap_descriptor_intlibspace.o(.text) for __rt_heap_descriptor
    heap2.o(i.malloc$realtime) refers to fdtree.o(i._FDTree_FindFirst) for _FDTree_FindFirst
    heap2.o(i.malloc$realtime) refers to init_alloc.o(.text) for __Heap_Full
    heap2.o(i.malloc$realtime) refers to fdtree.o(i._FDTree_RemoveNode) for _FDTree_RemoveNode
    heap2.o(i.malloc$realtime) refers to fdtree.o(i._FDTree_Insert) for _FDTree_Insert
    heap2.o(i.posix_memalign$realtime) refers to rt_heap_descriptor_intlibspace.o(.text) for __rt_heap_descriptor
    heap2.o(i.posix_memalign$realtime) refers to fdtree.o(i._FDTree_FindFirst) for _FDTree_FindFirst
    heap2.o(i.posix_memalign$realtime) refers to init_alloc.o(.text) for __Heap_Full
    heap2.o(i.posix_memalign$realtime) refers to fdtree.o(i._FDTree_RemoveNode) for _FDTree_RemoveNode
    heap2.o(i.posix_memalign$realtime) refers to fdtree.o(i._FDTree_Insert) for _FDTree_Insert
    heap2.o(i.realloc$realtime) refers to rt_heap_descriptor_intlibspace.o(.text) for __rt_heap_descriptor
    heap2.o(i.realloc$realtime) refers to fdtree.o(i._FDTree_Insert) for _FDTree_Insert
    heap2.o(i.realloc$realtime) refers to h1_free.o(.text) for free
    heap2.o(i.realloc$realtime) refers to h1_alloc.o(.text) for malloc
    heap2.o(i.realloc$realtime) refers to fdtree.o(i._FDTree_Delete) for _FDTree_Delete
    heap2.o(i.realloc$realtime) refers to rt_memcpy_w.o(.text) for __aeabi_memcpy4
    heap2_threads.o(i._FDIterate) refers to heap2_threads.o(.conststring) for .conststring
    heap2_threads.o(i.__Heap_Initialize$realtime$concurrent) refers to mutex_dummy.o(.text) for _mutex_initialize
    heap2_threads.o(i.__Heap_ProvideMemory$realtime$concurrent) refers to fdtree.o(i._FDTree_Delete) for _FDTree_Delete
    heap2_threads.o(i.__Heap_ProvideMemory$realtime$concurrent) refers to fdtree.o(i._FDTree_Insert) for _FDTree_Insert
    heap2_threads.o(i.__Heap_Stats$realtime$concurrent) refers to heap2_threads.o(i._Heap2_StatsIterate) for _Heap2_StatsIterate
    heap2_threads.o(i.__Heap_Valid$realtime$concurrent) refers to heap2_threads.o(i._FDIterate) for _FDIterate
    heap2_threads.o(i.__Heap_Valid$realtime$concurrent) refers to heap2_threads.o(.conststring) for .conststring
    heap2_threads.o(i.free$realtime$concurrent) refers to rt_heap_descriptor_intlibspace.o(.text) for __rt_heap_descriptor
    heap2_threads.o(i.free$realtime$concurrent) refers to fdtree.o(i._FDTree_Delete) for _FDTree_Delete
    heap2_threads.o(i.free$realtime$concurrent) refers to fdtree.o(i._FDTree_Insert) for _FDTree_Insert
    heap2_threads.o(i.malloc$realtime$concurrent) refers to rt_heap_descriptor_intlibspace.o(.text) for __rt_heap_descriptor
    heap2_threads.o(i.malloc$realtime$concurrent) refers to fdtree.o(i._FDTree_FindFirst) for _FDTree_FindFirst
    heap2_threads.o(i.malloc$realtime$concurrent) refers to init_alloc.o(.text) for __Heap_Full
    heap2_threads.o(i.malloc$realtime$concurrent) refers to fdtree.o(i._FDTree_RemoveNode) for _FDTree_RemoveNode
    heap2_threads.o(i.malloc$realtime$concurrent) refers to fdtree.o(i._FDTree_Insert) for _FDTree_Insert
    heap2_threads.o(i.posix_memalign$realtime$concurrent) refers to rt_heap_descriptor_intlibspace.o(.text) for __rt_heap_descriptor
    heap2_threads.o(i.posix_memalign$realtime$concurrent) refers to fdtree.o(i._FDTree_FindFirst) for _FDTree_FindFirst
    heap2_threads.o(i.posix_memalign$realtime$concurrent) refers to init_alloc.o(.text) for __Heap_Full
    heap2_threads.o(i.posix_memalign$realtime$concurrent) refers to fdtree.o(i._FDTree_RemoveNode) for _FDTree_RemoveNode
    heap2_threads.o(i.posix_memalign$realtime$concurrent) refers to fdtree.o(i._FDTree_Insert) for _FDTree_Insert
    heap2_threads.o(i.realloc$realtime$concurrent) refers to rt_heap_descriptor_intlibspace.o(.text) for __rt_heap_descriptor
    heap2_threads.o(i.realloc$realtime$concurrent) refers to fdtree.o(i._FDTree_Insert) for _FDTree_Insert
    heap2_threads.o(i.realloc$realtime$concurrent) refers to h1_free.o(.text) for free
    heap2_threads.o(i.realloc$realtime$concurrent) refers to h1_alloc.o(.text) for malloc
    heap2_threads.o(i.realloc$realtime$concurrent) refers to fdtree.o(i._FDTree_Delete) for _FDTree_Delete
    heap2_threads.o(i.realloc$realtime$concurrent) refers to rt_memcpy_w.o(.text) for __aeabi_memcpy4
    flsbuf.o(.text) refers to stdio.o(.text) for _deferredlazyseek
    flsbuf.o(.text) refers to sys_io.o(.text) for _sys_flen
    flsbuf.o(.text) refers to h1_alloc.o(.text) for malloc
    streamlock.o(.data) refers (Special) to initio.o(.text) for _initio
    fopen.o(.text) refers to fclose.o(.text) for _fclose_internal
    fopen.o(.text) refers to sys_io.o(.text) for _sys_open
    fopen.o(.text) refers to fseek.o(.text) for _fseek
    fopen.o(.text) refers to h1_alloc.o(.text) for malloc
    fopen.o(.text) refers to rt_memclr_w.o(.text) for __aeabi_memclr4
    fopen.o(.text) refers to stdio_streams.o(.bss) for __stdin
    fclose.o(.text) refers to stdio.o(.text) for _fflush
    fclose.o(.text) refers to sys_io.o(.text) for _sys_close
    fclose.o(.text) refers to h1_free.o(.text) for free
    fclose.o(.text) refers to rt_memclr_w.o(.text) for __aeabi_memclr4
    fopen_locked.o(.text) refers to fclose.o(.text) for _fclose_internal
    fopen_locked.o(.text) refers to sys_io.o(.text) for _sys_open
    fopen_locked.o(.text) refers to fseek.o(.text) for _fseek
    fopen_locked.o(.text) refers to h1_alloc.o(.text) for malloc
    fopen_locked.o(.text) refers to rt_memclr_w.o(.text) for __aeabi_memclr4
    fopen_locked.o(.text) refers to streamlock.o(.data) for _stream_list_lock
    fopen_locked.o(.text) refers to stdio_streams.o(.bss) for __stdin
    defsig_rtred_outer.o(.text) refers to defsig_rtred_inner.o(.text) for __rt_SIGRTRED_inner
    defsig_rtred_outer.o(.text) refers to defsig_exit.o(.text) for __sig_exit
    defsig_rtred_formal.o(.text) refers to rt_raise.o(.text) for __rt_raise
    libinit2.o(.ARM.Collect$$libinit$$00000007) refers (Weak) to init_alloc.o(.text) for _init_alloc
    libinit2.o(.ARM.Collect$$libinit$$00000012) refers to libinit2.o(.ARM.Collect$$libinit$$00000011) for .ARM.Collect$$libinit$$00000011
    libinit2.o(.ARM.Collect$$libinit$$00000014) refers to libinit2.o(.ARM.Collect$$libinit$$00000011) for .ARM.Collect$$libinit$$00000011
    libinit2.o(.ARM.Collect$$libinit$$00000016) refers to libinit2.o(.ARM.Collect$$libinit$$00000011) for .ARM.Collect$$libinit$$00000011
    libinit2.o(.ARM.Collect$$libinit$$00000018) refers to libinit2.o(.ARM.Collect$$libinit$$00000011) for .ARM.Collect$$libinit$$00000011
    libinit2.o(.ARM.Collect$$libinit$$0000001A) refers to libinit2.o(.ARM.Collect$$libinit$$00000011) for .ARM.Collect$$libinit$$00000011
    libinit2.o(.ARM.Collect$$libinit$$00000026) refers (Weak) to initio.o(.text) for _initio
    libinit2.o(.ARM.Collect$$libinit$$00000028) refers to argv_veneer.o(.emb_text) for __ARM_argv_veneer
    libinit2.o(.ARM.Collect$$libinit$$00000029) refers to argv_veneer.o(.emb_text) for __ARM_argv_veneer
    libshutdown2.o(.ARM.Collect$$libshutdown$$00000003) refers (Weak) to initio.o(.text) for _terminateio
    libshutdown2.o(.ARM.Collect$$libshutdown$$0000000D) refers (Weak) to term_alloc.o(.text) for _terminate_alloc
    flsbuf_fwide.o(.text) refers to flsbuf.o(.text) for __flsbuf
    fcmpi.o(x$fpl$fcmpinf) refers (Special) to usenofp.o(x$fpl$usenofp) for __I$use$fp
    sys_io.o(.text) refers (Special) to use_no_semi.o(.text) for __I$use$semihosting
    sys_io.o(.text) refers (Special) to indicate_semi.o(.text) for __semihosting_library_function
    sys_io.o(.text) refers to strlen.o(.text) for strlen
    sys_io_hlt.o(.text) refers (Special) to use_no_semi.o(.text) for __I$use$semihosting
    sys_io_hlt.o(.text) refers (Special) to indicate_semi.o(.text) for __semihosting_library_function
    sys_io_hlt.o(.text) refers to strlen.o(.text) for strlen
    sys_stackheap_outer.o(.text) refers to libspace.o(.text) for __user_perproc_libspace
    sys_stackheap_outer.o(.text) refers to startup_tm4c123.o(.text) for __user_initial_stackheap
    rt_raise.o(.text) refers to __raise.o(.text) for __raise
    rt_raise.o(.text) refers to sys_exit.o(.text) for _sys_exit
    rt_heap_descriptor.o(.text) refers to rt_heap_descriptor.o(.bss) for __rt_heap_descriptor_data
    rt_heap_descriptor_intlibspace.o(.text) refers to libspace.o(.bss) for __libspace_start
    init_alloc.o(.text) refers (Special) to hguard.o(.text) for __heap$guard
    init_alloc.o(.text) refers (Special) to libinit2.o(.ARM.Collect$$libinit$$00000007) for __rt_lib_init_heap_2
    init_alloc.o(.text) refers (Special) to maybetermalloc1.o(.text) for _maybe_terminate_alloc
    init_alloc.o(.text) refers to h1_extend.o(.text) for __Heap_ProvideMemory
    init_alloc.o(.text) refers to defsig_rtmem_outer.o(.text) for __rt_SIGRTMEM
    init_alloc.o(.text) refers to rt_heap_descriptor_intlibspace.o(.text) for __rt_heap_descriptor
    init_alloc.o(.text) refers to h1_init.o(.text) for __Heap_Initialize
    malloc.o(.text) refers (Special) to hguard.o(.text) for __heap$guard
    malloc.o(.text) refers (Special) to init_alloc.o(.text) for _init_alloc
    malloc.o(.text) refers to rt_heap_descriptor_intlibspace.o(.text) for __rt_heap_descriptor
    malloc.o(.text) refers to heapstubs.o(.text) for __Heap_Alloc
    h1_alloc.o(.text) refers (Special) to h1_init.o(.text) for __Heap_Initialize
    h1_alloc.o(.text) refers to rt_heap_descriptor_intlibspace.o(.text) for __rt_heap_descriptor
    h1_alloc.o(.text) refers to init_alloc.o(.text) for __Heap_Full
    h1_alloc_threads.o(.text) refers (Special) to h1_init.o(.text) for __Heap_Initialize
    h1_alloc_threads.o(.text) refers to init_alloc.o(.text) for __Heap_Full
    h1_alloc_threads.o(.text) refers to rt_heap_descriptor_intlibspace.o(.text) for __rt_heap_descriptor
    fseek.o(.text) refers to sys_io.o(.text) for _sys_istty
    fseek.o(.text) refers to ftell.o(.text) for _ftell_internal
    fseek.o(.text) refers to stdio.o(.text) for _seterr
    stdio.o(.text) refers to sys_io.o(.text) for _sys_seek
    fwritefast.o(.text) refers to stdio.o(.text) for _writebuf
    fwritefast.o(.text) refers to flsbuf.o(.text) for __flsbuf_byte
    fwritefast.o(.text) refers to rt_memcpy_v6.o(.text) for __aeabi_memcpy
    fwritefast_locked.o(.text) refers to stdio.o(.text) for _writebuf
    fwritefast_locked.o(.text) refers to flsbuf.o(.text) for __flsbuf_byte
    fwritefast_locked.o(.text) refers to rt_memcpy_v6.o(.text) for __aeabi_memcpy
    exit.o(.text) refers to rtexit.o(.ARM.Collect$$rtexit$$00000000) for __rt_exit
    defsig_exit.o(.text) refers to sys_exit.o(.text) for _sys_exit
    defsig_rtred_inner.o(.text) refers to defsig_general.o(.text) for __default_signal_display
    assert_stdio.o(.text) refers to fputs.o(.text) for fputs
    assert_stdio.o(.text) refers to fflush.o(.text) for fflush
    assert_stdio.o(.text) refers to stdio_streams.o(.bss) for __stderr
    argv_veneer.o(.emb_text) refers to no_argv.o(.text) for __ARM_get_argv
    libinit.o(.ARM.Collect$$libinit$$00000000) refers (Special) to libinit2.o(.ARM.Collect$$libinit$$00000030) for __rt_lib_init_alloca_1
    libinit.o(.ARM.Collect$$libinit$$00000000) refers (Special) to libinit2.o(.ARM.Collect$$libinit$$0000002E) for __rt_lib_init_argv_1
    libinit.o(.ARM.Collect$$libinit$$00000000) refers (Special) to libinit2.o(.ARM.Collect$$libinit$$0000001D) for __rt_lib_init_atexit_1
    libinit.o(.ARM.Collect$$libinit$$00000000) refers (Special) to libinit2.o(.ARM.Collect$$libinit$$00000023) for __rt_lib_init_clock_1
    libinit.o(.ARM.Collect$$libinit$$00000000) refers (Special) to libinit2.o(.ARM.Collect$$libinit$$00000034) for __rt_lib_init_cpp_1
    libinit.o(.ARM.Collect$$libinit$$00000000) refers (Special) to libinit2.o(.ARM.Collect$$libinit$$00000032) for __rt_lib_init_exceptions_1
    libinit.o(.ARM.Collect$$libinit$$00000000) refers (Special) to libinit2.o(.ARM.Collect$$libinit$$00000002) for __rt_lib_init_fp_1
    libinit.o(.ARM.Collect$$libinit$$00000000) refers (Special) to libinit2.o(.ARM.Collect$$libinit$$00000021) for __rt_lib_init_fp_trap_1
    libinit.o(.ARM.Collect$$libinit$$00000000) refers (Special) to libinit2.o(.ARM.Collect$$libinit$$00000025) for __rt_lib_init_getenv_1
    libinit.o(.ARM.Collect$$libinit$$00000000) refers (Special) to libinit2.o(.ARM.Collect$$libinit$$0000000C) for __rt_lib_init_heap_1
    libinit.o(.ARM.Collect$$libinit$$00000000) refers (Special) to libinit2.o(.ARM.Collect$$libinit$$00000013) for __rt_lib_init_lc_collate_1
    libinit.o(.ARM.Collect$$libinit$$00000000) refers (Special) to libinit2.o(.ARM.Collect$$libinit$$00000015) for __rt_lib_init_lc_ctype_1
    libinit.o(.ARM.Collect$$libinit$$00000000) refers (Special) to libinit2.o(.ARM.Collect$$libinit$$00000017) for __rt_lib_init_lc_monetary_1
    libinit.o(.ARM.Collect$$libinit$$00000000) refers (Special) to libinit2.o(.ARM.Collect$$libinit$$00000019) for __rt_lib_init_lc_numeric_1
    libinit.o(.ARM.Collect$$libinit$$00000000) refers (Special) to libinit2.o(.ARM.Collect$$libinit$$0000001B) for __rt_lib_init_lc_time_1
    libinit.o(.ARM.Collect$$libinit$$00000000) refers (Special) to libinit2.o(.ARM.Collect$$libinit$$00000006) for __rt_lib_init_preinit_1
    libinit.o(.ARM.Collect$$libinit$$00000000) refers (Special) to libinit2.o(.ARM.Collect$$libinit$$00000010) for __rt_lib_init_rand_1
    libinit.o(.ARM.Collect$$libinit$$00000000) refers (Special) to libinit2.o(.ARM.Collect$$libinit$$00000004) for __rt_lib_init_relocate_pie_1
    libinit.o(.ARM.Collect$$libinit$$00000000) refers (Special) to libinit2.o(.ARM.Collect$$libinit$$00000035) for __rt_lib_init_return
    libinit.o(.ARM.Collect$$libinit$$00000000) refers (Special) to libinit2.o(.ARM.Collect$$libinit$$0000001F) for __rt_lib_init_signal_1
    libinit.o(.ARM.Collect$$libinit$$00000000) refers (Special) to libinit2.o(.ARM.Collect$$libinit$$00000027) for __rt_lib_init_stdio_1
    libinit.o(.ARM.Collect$$libinit$$00000000) refers (Special) to libinit2.o(.ARM.Collect$$libinit$$0000000E) for __rt_lib_init_user_alloc_1
    sys_exit.o(.text) refers (Special) to use_no_semi.o(.text) for __I$use$semihosting
    sys_exit.o(.text) refers (Special) to indicate_semi.o(.text) for __semihosting_library_function
    sys_exit_hlt.o(.text) refers (Special) to use_no_semi.o(.text) for __I$use$semihosting
    sys_exit_hlt.o(.text) refers (Special) to indicate_semi.o(.text) for __semihosting_library_function
    libspace.o(.text) refers to libspace.o(.bss) for __libspace_start
    rtexit.o(.ARM.Collect$$rtexit$$00000000) refers (Special) to rtexit2.o(.ARM.Collect$$rtexit$$00000004) for __rt_exit_exit
    rtexit.o(.ARM.Collect$$rtexit$$00000000) refers (Special) to rtexit2.o(.ARM.Collect$$rtexit$$00000003) for __rt_exit_ls
    rtexit.o(.ARM.Collect$$rtexit$$00000000) refers (Special) to rtexit2.o(.ARM.Collect$$rtexit$$00000002) for __rt_exit_prels_1
    rtexit.o(.ARM.exidx) refers (Special) to rtexit2.o(.ARM.Collect$$rtexit$$00000004) for __rt_exit_exit
    rtexit.o(.ARM.exidx) refers (Special) to rtexit2.o(.ARM.Collect$$rtexit$$00000003) for __rt_exit_ls
    rtexit.o(.ARM.exidx) refers (Special) to rtexit2.o(.ARM.Collect$$rtexit$$00000002) for __rt_exit_prels_1
    rtexit.o(.ARM.exidx) refers to rtexit.o(.ARM.Collect$$rtexit$$00000000) for .ARM.Collect$$rtexit$$00000000
    maybetermalloc2.o(.text) refers (Special) to term_alloc.o(.text) for _terminate_alloc
    h1_extend.o(.text) refers to h1_free.o(.text) for free
    h1_init_threads.o(.text) refers to mutex_dummy.o(.text) for _mutex_initialize
    h1_extend_threads.o(.text) refers to h1_free_threads.o(.text) for free_internal$concurrent
    fflush.o(.text) refers to stdio.o(.text) for _fflush
    fflush.o(.text) refers to fseek.o(.text) for _fseek
    fflush.o(.text) refers to stdio_streams.o(.bss) for __stdin
    fputs.o(.text) refers to fputc.o(i.fputc) for fputc
    ftell.o(.text) refers to rt_errno_addr_intlibspace.o(.text) for __aeabi_errno_addr
    fflush_locked.o(.text) refers to stdio.o(.text) for _fflush
    fflush_locked.o(.text) refers to fseek.o(.text) for _fseek
    fflush_locked.o(.text) refers to fflush.o(.text) for _do_fflush
    fflush_locked.o(.text) refers to streamlock.o(.data) for _stream_list_lock
    fflush_locked.o(.text) refers to stdio_streams.o(.bss) for __stdin
    __raise.o(.text) refers to defsig.o(CL$$defsig) for __default_signal_handler
    defsig_general.o(.text) refers to sys_wrch.o(.text) for _ttywrch
    defsig_rtmem_outer.o(.text) refers to defsig_rtmem_inner.o(.text) for __rt_SIGRTMEM_inner
    defsig_rtmem_outer.o(.text) refers to defsig_exit.o(.text) for __sig_exit
    defsig_rtmem_formal.o(.text) refers to rt_raise.o(.text) for __rt_raise
    rt_memcpy_v6.o(.text) refers to rt_memcpy_w.o(.text) for __aeabi_memcpy4
    heapauxa.o(.text) refers to heapauxa.o(.data) for .data
    _get_argv.o(.text) refers (Special) to hrguard.o(.text) for __heap_region$guard
    _get_argv.o(.text) refers to h1_alloc.o(.text) for malloc
    _get_argv.o(.text) refers to defsig_rtmem_outer.o(.text) for __rt_SIGRTMEM
    _get_argv.o(.text) refers to sys_command.o(.text) for _sys_command_string
    _get_argv_nomalloc.o(.text) refers (Special) to hrguard.o(.text) for __heap_region$guard
    _get_argv_nomalloc.o(.text) refers to defsig_rtmem_outer.o(.text) for __rt_SIGRTMEM
    _get_argv_nomalloc.o(.text) refers to sys_command.o(.text) for _sys_command_string
    sys_wrch.o(.text) refers (Special) to use_no_semi.o(.text) for __I$use$semihosting
    sys_wrch.o(.text) refers (Special) to indicate_semi.o(.text) for __semihosting_library_function
    sys_command.o(.text) refers (Special) to use_no_semi.o(.text) for __I$use$semihosting
    sys_command.o(.text) refers (Special) to indicate_semi.o(.text) for __semihosting_library_function
    sys_wrch_hlt.o(.text) refers (Special) to use_no_semi.o(.text) for __I$use$semihosting
    sys_wrch_hlt.o(.text) refers (Special) to indicate_semi.o(.text) for __semihosting_library_function
    sys_command_hlt.o(.text) refers (Special) to use_no_semi.o(.text) for __I$use$semihosting
    sys_command_hlt.o(.text) refers (Special) to indicate_semi.o(.text) for __semihosting_library_function
    rtexit2.o(.ARM.Collect$$rtexit$$00000003) refers to libshutdown.o(.ARM.Collect$$libshutdown$$00000000) for __rt_lib_shutdown
    rtexit2.o(.ARM.Collect$$rtexit$$00000004) refers to sys_exit.o(.text) for _sys_exit
    rtexit2.o(.ARM.exidx) refers to rtexit2.o(.ARM.Collect$$rtexit$$00000001) for .ARM.Collect$$rtexit$$00000001
    rtexit2.o(.ARM.exidx) refers to rtexit2.o(.ARM.Collect$$rtexit$$00000003) for .ARM.Collect$$rtexit$$00000003
    rtexit2.o(.ARM.exidx) refers to rtexit2.o(.ARM.Collect$$rtexit$$00000004) for .ARM.Collect$$rtexit$$00000004
    rt_errno_addr.o(.text) refers to rt_errno_addr.o(.bss) for __aeabi_errno_addr_data
    rt_errno_addr_intlibspace.o(.text) refers to libspace.o(.bss) for __libspace_start
    term_alloc.o(.text) refers (Special) to libshutdown2.o(.ARM.Collect$$libshutdown$$0000000E) for __rt_lib_shutdown_heap_2
    term_alloc.o(.text) refers to rt_heap_descriptor_intlibspace.o(.text) for __rt_heap_descriptor
    term_alloc.o(.text) refers to h1_final.o(.text) for __Heap_Finalize
    defsig_rtmem_inner.o(.text) refers to defsig_general.o(.text) for __default_signal_display
    defsig.o(CL$$defsig) refers to defsig_rtred_inner.o(.text) for __rt_SIGRTRED_inner
    defsig.o(CL$$defsig) refers to defsig_rtmem_inner.o(.text) for __rt_SIGRTMEM_inner
    defsig_abrt_inner.o(.text) refers to defsig_general.o(.text) for __default_signal_display
    defsig_fpe_inner.o(.text) refers to defsig_general.o(.text) for __default_signal_display
    defsig_stak_inner.o(.text) refers to defsig_general.o(.text) for __default_signal_display
    defsig_pvfn_inner.o(.text) refers to defsig_general.o(.text) for __default_signal_display
    defsig_cppl_inner.o(.text) refers to defsig_general.o(.text) for __default_signal_display
    defsig_segv_inner.o(.text) refers to defsig_general.o(.text) for __default_signal_display
    defsig_other.o(.text) refers to defsig_general.o(.text) for __default_signal_display
    libshutdown.o(.ARM.Collect$$libshutdown$$00000000) refers (Special) to libshutdown2.o(.ARM.Collect$$libshutdown$$00000002) for __rt_lib_shutdown_cpp_1
    libshutdown.o(.ARM.Collect$$libshutdown$$00000000) refers (Special) to libshutdown2.o(.ARM.Collect$$libshutdown$$00000007) for __rt_lib_shutdown_fp_trap_1
    libshutdown.o(.ARM.Collect$$libshutdown$$00000000) refers (Special) to libshutdown2.o(.ARM.Collect$$libshutdown$$0000000F) for __rt_lib_shutdown_heap_1
    libshutdown.o(.ARM.Collect$$libshutdown$$00000000) refers (Special) to libshutdown2.o(.ARM.Collect$$libshutdown$$00000010) for __rt_lib_shutdown_return
    libshutdown.o(.ARM.Collect$$libshutdown$$00000000) refers (Special) to libshutdown2.o(.ARM.Collect$$libshutdown$$0000000A) for __rt_lib_shutdown_signal_1
    libshutdown.o(.ARM.Collect$$libshutdown$$00000000) refers (Special) to libshutdown2.o(.ARM.Collect$$libshutdown$$00000004) for __rt_lib_shutdown_stdio_1
    libshutdown.o(.ARM.Collect$$libshutdown$$00000000) refers (Special) to libshutdown2.o(.ARM.Collect$$libshutdown$$0000000C) for __rt_lib_shutdown_user_alloc_1


==============================================================================

Removing Unused input sections from the image.

    Removing cyber_minion.o(.text), (0 bytes).
    Removing cyber_minion.o(.ARM.exidx.text.main_loop), (8 bytes).
    Removing cyber_minion.o(.ARM.exidx.text.scan), (8 bytes).
    Removing cyber_minion.o(.ARM.exidx.text.sleep_position), (8 bytes).
    Removing cyber_minion.o(.ARM.exidx.text.UART0_Handler), (8 bytes).
    Removing cyber_minion.o(.ARM.exidx.text.set_compare_y), (8 bytes).
    Removing cyber_minion.o(.ARM.exidx.text.set_compare_x), (8 bytes).
    Removing system_tm4c123gh6pm.o(.text), (0 bytes).
    Removing system_tm4c123gh6pm.o(.text.SystemCoreClockUpdate), (326 bytes).
    Removing system_tm4c123gh6pm.o(.ARM.exidx.text.SystemCoreClockUpdate), (8 bytes).
    Removing system_tm4c123gh6pm.o(.text.getOscClk), (360 bytes).
    Removing system_tm4c123gh6pm.o(.ARM.exidx.text.getOscClk), (8 bytes).
    Removing system_tm4c123gh6pm.o(.ARM.exidx.text.SystemInit), (8 bytes).
    Removing system_tm4c123gh6pm.o(.data.SystemCoreClock), (4 bytes).
    Removing cyber_minion_unit_tests.o(.text), (0 bytes).
    Removing cyber_minion_unit_tests.o(.ARM.exidx.text.setUp), (8 bytes).
    Removing cyber_minion_unit_tests.o(.ARM.exidx.text.tearDown), (8 bytes).
    Removing cyber_minion_unit_tests.o(.ARM.exidx.text.test_add), (8 bytes).
    Removing cyber_minion_unit_tests.o(.ARM.exidx.text.main), (8 bytes).
    Removing cyber_minion_unit_tests.o(.ARM.use_no_argv), (4 bytes).
    Removing unity.o(.text), (0 bytes).
    Removing unity.o(.ARM.exidx.text.UnityPrint), (8 bytes).
    Removing unity.o(.ARM.exidx.text.UnityPrintChar), (8 bytes).
    Removing unity.o(.text.UnityPrintLen), (228 bytes).
    Removing unity.o(.ARM.exidx.text.UnityPrintLen), (8 bytes).
    Removing unity.o(.ARM.exidx.text.UnityPrintNumberHex), (8 bytes).
    Removing unity.o(.ARM.exidx.text.UnityPrintNumberByStyle), (8 bytes).
    Removing unity.o(.ARM.exidx.text.UnityPrintNumber), (8 bytes).
    Removing unity.o(.ARM.exidx.text.UnityPrintNumberUnsigned), (8 bytes).
    Removing unity.o(.text.UnityPrintMask), (118 bytes).
    Removing unity.o(.ARM.exidx.text.UnityPrintMask), (8 bytes).
    Removing unity.o(.text.UnityPrintFloat), (1136 bytes).
    Removing unity.o(.ARM.exidx.text.UnityPrintFloat), (8 bytes).
    Removing unity.o(.text.__ARM_isnanf), (20 bytes).
    Removing unity.o(.ARM.exidx.text.__ARM_isnanf), (8 bytes).
    Removing unity.o(.text.__ARM_isnan), (42 bytes).
    Removing unity.o(.ARM.exidx.text.__ARM_isnan), (8 bytes).
    Removing unity.o(.text.__ARM_isinff), (24 bytes).
    Removing unity.o(.ARM.exidx.text.__ARM_isinff), (8 bytes).
    Removing unity.o(.text.__ARM_isinf), (48 bytes).
    Removing unity.o(.ARM.exidx.text.__ARM_isinf), (8 bytes).
    Removing unity.o(.ARM.exidx.text.UnityConcludeTest), (8 bytes).
    Removing unity.o(.ARM.exidx.text.UnityTestResultsBegin), (8 bytes).
    Removing unity.o(.text.UnityAssertBits), (150 bytes).
    Removing unity.o(.ARM.exidx.text.UnityAssertBits), (8 bytes).
    Removing unity.o(.ARM.exidx.text.UnityTestResultsFailBegin), (8 bytes).
    Removing unity.o(.ARM.exidx.text.UnityAddMsgIfSpecified), (8 bytes).
    Removing unity.o(.ARM.exidx.text.UnityAssertEqualNumber), (8 bytes).
    Removing unity.o(.text.UnityAssertGreaterOrLessOrEqualNumber), (414 bytes).
    Removing unity.o(.ARM.exidx.text.UnityAssertGreaterOrLessOrEqualNumber), (8 bytes).
    Removing unity.o(.text.UnityAssertEqualIntArray), (518 bytes).
    Removing unity.o(.ARM.exidx.text.UnityAssertEqualIntArray), (8 bytes).
    Removing unity.o(.text.UnityIsOneArrayNull), (112 bytes).
    Removing unity.o(.ARM.exidx.text.UnityIsOneArrayNull), (8 bytes).
    Removing unity.o(.text.UnityAssertEqualFloatArray), (346 bytes).
    Removing unity.o(.ARM.exidx.text.UnityAssertEqualFloatArray), (8 bytes).
    Removing unity.o(.text.UnityFloatsWithin), (356 bytes).
    Removing unity.o(.ARM.exidx.text.UnityFloatsWithin), (8 bytes).
    Removing unity.o(.text.UnityAssertFloatsWithin), (144 bytes).
    Removing unity.o(.ARM.exidx.text.UnityAssertFloatsWithin), (8 bytes).
    Removing unity.o(.text.UnityAssertFloatSpecial), (484 bytes).
    Removing unity.o(.ARM.exidx.text.UnityAssertFloatSpecial), (8 bytes).
    Removing unity.o(.text.UnityAssertNumbersWithin), (332 bytes).
    Removing unity.o(.ARM.exidx.text.UnityAssertNumbersWithin), (8 bytes).
    Removing unity.o(.text.UnityAssertNumbersArrayWithin), (696 bytes).
    Removing unity.o(.ARM.exidx.text.UnityAssertNumbersArrayWithin), (8 bytes).
    Removing unity.o(.text.UnityAssertEqualString), (236 bytes).
    Removing unity.o(.ARM.exidx.text.UnityAssertEqualString), (8 bytes).
    Removing unity.o(.text.UnityPrintExpectedAndActualStrings), (144 bytes).
    Removing unity.o(.ARM.exidx.text.UnityPrintExpectedAndActualStrings), (8 bytes).
    Removing unity.o(.text.UnityAssertEqualStringLen), (262 bytes).
    Removing unity.o(.ARM.exidx.text.UnityAssertEqualStringLen), (8 bytes).
    Removing unity.o(.text.UnityPrintExpectedAndActualStringsLen), (150 bytes).
    Removing unity.o(.ARM.exidx.text.UnityPrintExpectedAndActualStringsLen), (8 bytes).
    Removing unity.o(.text.UnityAssertEqualStringArray), (450 bytes).
    Removing unity.o(.ARM.exidx.text.UnityAssertEqualStringArray), (8 bytes).
    Removing unity.o(.text.UnityAssertEqualMemory), (412 bytes).
    Removing unity.o(.ARM.exidx.text.UnityAssertEqualMemory), (8 bytes).
    Removing unity.o(.text.UnityNumToPtr), (84 bytes).
    Removing unity.o(.ARM.exidx.text.UnityNumToPtr), (8 bytes).
    Removing unity.o(.text.UnityFloatToPtr), (20 bytes).
    Removing unity.o(.ARM.exidx.text.UnityFloatToPtr), (8 bytes).
    Removing unity.o(.text.UnityFail), (244 bytes).
    Removing unity.o(.ARM.exidx.text.UnityFail), (8 bytes).
    Removing unity.o(.text.UnityIgnore), (134 bytes).
    Removing unity.o(.ARM.exidx.text.UnityIgnore), (8 bytes).
    Removing unity.o(.text.UnityMessage), (92 bytes).
    Removing unity.o(.ARM.exidx.text.UnityMessage), (8 bytes).
    Removing unity.o(.ARM.exidx.text.UnityDefaultTestRun), (8 bytes).
    Removing unity.o(.text.UnitySetTestFile), (20 bytes).
    Removing unity.o(.ARM.exidx.text.UnitySetTestFile), (8 bytes).
    Removing unity.o(.ARM.exidx.text.UnityBegin), (8 bytes).
    Removing unity.o(.ARM.exidx.text.UnityEnd), (8 bytes).
    Removing unity.o(.rodata.UnityStrIgnore), (7 bytes).
    Removing unity.o(.rodata.UnityStrErrShorthand), (33 bytes).
    Removing unity.o(.rodata.UnityStrErrFloat), (30 bytes).
    Removing unity.o(.rodata.UnityStrErrDouble), (32 bytes).
    Removing unity.o(.rodata.UnityStrErr64), (30 bytes).
    Removing unity.o(.rodata.UnityPrintFloat.sig_digits), (4 bytes).
    Removing unity.o(.rodata.UnityPrintFloat.min_scaled), (4 bytes).
    Removing unity.o(.rodata.UnityPrintFloat.max_scaled), (4 bytes).
    Removing unity.o(.rodata.str1.1), (15 bytes).
    Removing unity.o(.rodata.UnityStrGt), (21 bytes).
    Removing unity.o(.rodata.UnityStrLt), (18 bytes).
    Removing unity.o(.rodata.UnityStrOrEqual), (13 bytes).
    Removing unity.o(.rodata.UnityStrNotEqual), (21 bytes).
    Removing unity.o(.rodata.UnityStrPointless), (55 bytes).
    Removing unity.o(.rodata.UnityStrElement), (10 bytes).
    Removing unity.o(.rodata.UnityStrInf), (9 bytes).
    Removing unity.o(.rodata.UnityStrNegInf), (18 bytes).
    Removing unity.o(.rodata.UnityStrNaN), (4 bytes).
    Removing unity.o(.rodata.UnityStrDet), (12 bytes).
    Removing unity.o(.rodata..L__const.UnityAssertFloatSpecial.trait_names), (16 bytes).
    Removing unity.o(.rodata.UnityStrInvalidFloatTrait), (20 bytes).
    Removing unity.o(.rodata.UnityStrNot), (5 bytes).
    Removing unity.o(.rodata.UnityStrDelta), (26 bytes).
    Removing unity.o(.rodata.UnityStrMemory), (18 bytes).
    Removing unity.o(.rodata.UnityStrByte), (7 bytes).
    Removing unity.o(.bss.UnityQuickCompare), (4 bytes).
    Removing unity.o(.rodata.UnityStrNullPointerForExpected), (29 bytes).
    Removing unity.o(.rodata.UnityStrNullPointerForActual), (25 bytes).
    Removing unity.o(.rodata.UnityStrNull), (5 bytes).

122 unused section(s) (total 9053 bytes) removed from the image.
