Component: Arm Compiler for Embedded 6.22 Tool: armlink [5ee90200]

==============================================================================

Section Cross References

    cyber_minion.o(.text.main_loop) refers to cyber_minion.o(.bss.current_state) for current_state
    cyber_minion.o(.text.main_loop) refers to tm4c_bsp.o(.text.wait_for_interrupt) for wait_for_interrupt
    cyber_minion.o(.text.main_loop) refers to cyber_minion.o(.text.scan) for scan
    cyber_minion.o(.text.main_loop) refers to cyber_minion.o(.text.sleep_position) for sleep_position
    cyber_minion.o(.ARM.exidx.text.main_loop) refers to cyber_minion.o(.text.main_loop) for [Anonymous Symbol]
    cyber_minion.o(.text.scan) refers to cyber_minion.o(.text.set_compare_y) for set_compare_y
    cyber_minion.o(.text.scan) refers to cyber_minion.o(.text.set_compare_x) for set_compare_x
    cyber_minion.o(.text.scan) refers to tm4c_bsp.o(.text.delay_10ms) for delay_10ms
    cyber_minion.o(.text.scan) refers to cyber_minion.o(.data.compare_x) for compare_x
    cyber_minion.o(.text.scan) refers to cyber_minion.o(.data.compare_y) for compare_y
    cyber_minion.o(.ARM.exidx.text.scan) refers to cyber_minion.o(.text.scan) for [Anonymous Symbol]
    cyber_minion.o(.text.sleep_position) refers to cyber_minion.o(.text.set_compare_x) for set_compare_x
    cyber_minion.o(.text.sleep_position) refers to cyber_minion.o(.text.set_compare_y) for set_compare_y
    cyber_minion.o(.ARM.exidx.text.sleep_position) refers to cyber_minion.o(.text.sleep_position) for [Anonymous Symbol]
    cyber_minion.o(.text.UART0_Handler) refers to tm4c_bsp.o(.text.get_UART0_interrupt_data) for get_UART0_interrupt_data
    cyber_minion.o(.text.UART0_Handler) refers to cyber_minion.o(.bss.current_state) for current_state
    cyber_minion.o(.text.UART0_Handler) refers to cyber_minion.o(.data.compare_y) for compare_y
    cyber_minion.o(.text.UART0_Handler) refers to cyber_minion.o(.text.set_compare_y) for set_compare_y
    cyber_minion.o(.text.UART0_Handler) refers to cyber_minion.o(.data.compare_x) for compare_x
    cyber_minion.o(.text.UART0_Handler) refers to cyber_minion.o(.text.set_compare_x) for set_compare_x
    cyber_minion.o(.text.UART0_Handler) refers to cyber_minion.o(.bss.using_stack1) for using_stack1
    cyber_minion.o(.text.UART0_Handler) refers to cyber_minion.o(.bss.stack2) for stack2
    cyber_minion.o(.text.UART0_Handler) refers to cyber_minion.o(.data.sp2) for sp2
    cyber_minion.o(.text.UART0_Handler) refers to cyber_minion.o(.text.main_loop) for main_loop
    cyber_minion.o(.text.UART0_Handler) refers to mocktm4c_bsp_mocks.o(.text.set_sp) for set_sp
    cyber_minion.o(.text.UART0_Handler) refers to cyber_minion.o(.bss.stack1) for stack1
    cyber_minion.o(.text.UART0_Handler) refers to cyber_minion.o(.data.sp1) for sp1
    cyber_minion.o(.text.UART0_Handler) refers to mocktm4c_bsp_mocks.o(.text.exit_interrupt) for exit_interrupt
    cyber_minion.o(.ARM.exidx.text.UART0_Handler) refers to cyber_minion.o(.text.UART0_Handler) for [Anonymous Symbol]
    cyber_minion.o(.text.set_compare_y) refers to cyber_minion.o(.data.compare_y) for compare_y
    cyber_minion.o(.text.set_compare_y) refers to tm4c_bsp.o(.text.set_PWM0_generator1_CMPA) for set_PWM0_generator1_CMPA
    cyber_minion.o(.ARM.exidx.text.set_compare_y) refers to cyber_minion.o(.text.set_compare_y) for [Anonymous Symbol]
    cyber_minion.o(.text.set_compare_x) refers to cyber_minion.o(.data.compare_x) for compare_x
    cyber_minion.o(.text.set_compare_x) refers to tm4c_bsp.o(.text.set_PWM0_generator0_CMPA) for set_PWM0_generator0_CMPA
    cyber_minion.o(.ARM.exidx.text.set_compare_x) refers to cyber_minion.o(.text.set_compare_x) for [Anonymous Symbol]
    cyber_minion.o(.data.sp1) refers to cyber_minion.o(.bss.stack1) for [Anonymous Symbol]
    cyber_minion.o(.data.sp2) refers to cyber_minion.o(.bss.stack2) for [Anonymous Symbol]
    startup_tm4c123.o(STACK) refers (Special) to heapauxi.o(.text) for __use_two_region_memory
    startup_tm4c123.o(HEAP) refers (Special) to heapauxi.o(.text) for __use_two_region_memory
    startup_tm4c123.o(RESET) refers (Special) to heapauxi.o(.text) for __use_two_region_memory
    startup_tm4c123.o(RESET) refers to startup_tm4c123.o(STACK) for __initial_sp
    startup_tm4c123.o(RESET) refers to startup_tm4c123.o(.text) for Reset_Handler
    startup_tm4c123.o(RESET) refers to cyber_minion.o(.text.UART0_Handler) for UART0_Handler
    startup_tm4c123.o(.text) refers (Special) to heapauxi.o(.text) for __use_two_region_memory
    startup_tm4c123.o(.text) refers to system_tm4c123gh6pm.o(.text.SystemInit) for SystemInit
    startup_tm4c123.o(.text) refers to __main.o(!!!main) for __main
    startup_tm4c123.o(.text) refers to startup_tm4c123.o(HEAP) for Heap_Mem
    startup_tm4c123.o(.text) refers to startup_tm4c123.o(STACK) for Stack_Mem
    system_tm4c123gh6pm.o(.text.SystemCoreClockUpdate) refers to system_tm4c123gh6pm.o(.text.getOscClk) for getOscClk
[...]
    libshutdown.o(.ARM.Collect$$libshutdown$$00000000) refers (Special) to libshutdown2.o(.ARM.Collect$$libshutdown$$0000000A) for __rt_lib_shutdown_signal_1
    libshutdown.o(.ARM.Collect$$libshutdown$$00000000) refers (Special) to libshutdown2.o(.ARM.Collect$$libshutdown$$00000004) for __rt_lib_shutdown_stdio_1
    libshutdown.o(.ARM.Collect$$libshutdown$$00000000) refers (Special) to libshutdown2.o(.ARM.Collect$$libshutdown$$0000000C) for __rt_lib_shutdown_user_alloc_1
    sys_command.o(.text) refers (Special) to use_no_semi.o(.text) for __I$use$semihosting
    sys_command.o(.text) refers (Special) to indicate_semi.o(.text) for __semihosting_library_function
    sys_command_hlt.o(.text) refers (Special) to use_no_semi.o(.text) for __I$use$semihosting
    sys_command_hlt.o(.text) refers (Special) to indicate_semi.o(.text) for __semihosting_library_function
    defsig_rtmem_outer.o(.text) refers to defsig_rtmem_inner.o(.text) for __rt_SIGRTMEM_inner
    defsig_rtmem_outer.o(.text) refers to defsig_exit.o(.text) for __sig_exit
    defsig_rtmem_formal.o(.text) refers to rt_raise.o(.text) for __rt_raise
    rt_raise.o(.text) refers to __raise.o(.text) for __raise
    rt_raise.o(.text) refers to sys_exit.o(.text) for _sys_exit
    defsig_exit.o(.text) refers to sys_exit.o(.text) for _sys_exit
    defsig_rtmem_inner.o(.text) refers to defsig_general.o(.text) for __default_signal_display
    __raise.o(.text) refers to defsig.o(CL$$defsig) for __default_signal_handler
    defsig_general.o(.text) refers to sys_wrch.o(.text) for _ttywrch
    sys_wrch.o(.text) refers (Special) to use_no_semi.o(.text) for __I$use$semihosting
    sys_wrch.o(.text) refers (Special) to indicate_semi.o(.text) for __semihosting_library_function
    sys_wrch_hlt.o(.text) refers (Special) to use_no_semi.o(.text) for __I$use$semihosting
    sys_wrch_hlt.o(.text) refers (Special) to indicate_semi.o(.text) for __semihosting_library_function
    defsig.o(CL$$defsig) refers to defsig_rtmem_inner.o(.text) for __rt_SIGRTMEM_inner
    defsig_abrt_inner.o(.text) refers to defsig_general.o(.text) for __default_signal_display
    defsig_fpe_inner.o(.text) refers to defsig_general.o(.text) for __default_signal_display
    defsig_rtred_inner.o(.text) refers to defsig_general.o(.text) for __default_signal_display
    defsig_stak_inner.o(.text) refers to defsig_general.o(.text) for __default_signal_display
    defsig_pvfn_inner.o(.text) refers to defsig_general.o(.text) for __default_signal_display
    defsig_cppl_inner.o(.text) refers to defsig_general.o(.text) for __default_signal_display
    defsig_segv_inner.o(.text) refers to defsig_general.o(.text) for __default_signal_display
    defsig_other.o(.text) refers to defsig_general.o(.text) for __default_signal_display


==============================================================================

Removing Unused input sections from the image.

    Removing cyber_minion.o(.text), (0 bytes).
    Removing cyber_minion.o(.ARM.exidx.text.main_loop), (8 bytes).
    Removing cyber_minion.o(.ARM.exidx.text.scan), (8 bytes).
    Removing cyber_minion.o(.ARM.exidx.text.sleep_position), (8 bytes).
    Removing cyber_minion.o(.ARM.exidx.text.UART0_Handler), (8 bytes).
    Removing cyber_minion.o(.ARM.exidx.text.set_compare_y), (8 bytes).
    Removing cyber_minion.o(.ARM.exidx.text.set_compare_x), (8 bytes).
    Removing system_tm4c123gh6pm.o(.text), (0 bytes).
    Removing system_tm4c123gh6pm.o(.text.SystemCoreClockUpdate), (326 bytes).
    Removing system_tm4c123gh6pm.o(.ARM.exidx.text.SystemCoreClockUpdate), (8 bytes).
    Removing system_tm4c123gh6pm.o(.text.getOscClk), (360 bytes).
    Removing system_tm4c123gh6pm.o(.ARM.exidx.text.getOscClk), (8 bytes).
    Removing system_tm4c123gh6pm.o(.ARM.exidx.text.SystemInit), (8 bytes).
    Removing system_tm4c123gh6pm.o(.data.SystemCoreClock), (4 bytes).
    Removing tm4c_bsp.o(.text), (0 bytes).
    Removing tm4c_bsp.o(.ARM.exidx.text.get_UART0_interrupt_data), (8 bytes).
    Removing tm4c_bsp.o(.ARM.exidx.text.set_PWM0_generator0_CMPA), (8 bytes).
    Removing tm4c_bsp.o(.ARM.exidx.text.set_PWM0_generator1_CMPA), (8 bytes).
    Removing tm4c_bsp.o(.ARM.exidx.text.enable_interrupts), (8 bytes).
    Removing tm4c_bsp.o(.ARM.exidx.text.wait_for_interrupt), (8 bytes).
    Removing tm4c_bsp.o(.ARM.exidx.text.PLL_init), (8 bytes).
    Removing tm4c_bsp.o(.ARM.exidx.text.SysTick_init), (8 bytes).
    Removing tm4c_bsp.o(.ARM.exidx.text.SysTick_wait), (8 bytes).
    Removing tm4c_bsp.o(.ARM.exidx.text.delay_10ms), (8 bytes).
    Removing tm4c_bsp.o(.ARM.exidx.text.UART0_and_servos_init), (8 bytes).
    Removing tm4c_bsp.o(.ARM.exidx.text.__NVIC_SetPriority), (8 bytes).
    Removing tm4c_bsp.o(.ARM.exidx.text.__NVIC_EnableIRQ), (8 bytes).
    Removing tm4c_bsp.o(.text.UART_SendString), (36 bytes).
    Removing tm4c_bsp.o(.ARM.exidx.text.UART_SendString), (8 bytes).
    Removing tm4c_bsp.o(.ARM.exidx.text.UART_SendChar), (8 bytes).
    Removing tm4c_bsp.o(.ARM.exidx.text.UART_Flush), (8 bytes).
    Removing cyber_minion_hil_tests.o(.text), (0 bytes).
    Removing cyber_minion_hil_tests.o(.ARM.exidx.text.setUp), (8 bytes).
    Removing cyber_minion_hil_tests.o(.ARM.exidx.text.tearDown), (8 bytes).
    Removing cyber_minion_hil_tests.o(.text.test_sanity), (26 bytes).
    Removing cyber_minion_hil_tests.o(.ARM.exidx.text.test_sanity), (8 bytes).
    Removing cyber_minion_hil_tests.o(.ARM.exidx.text.hilTest_UART0_Handler_changesStateToScanning_whenUARTFrameMSBIsEnabled), (8 bytes).
    Removing cyber_minion_hil_tests.o(.ARM.exidx.text.main), (8 bytes).
    Removing cyber_minion_hil_tests.o(.text.assert_failed), (24 bytes).
    Removing cyber_minion_hil_tests.o(.ARM.exidx.text.assert_failed), (8 bytes).
    Removing cyber_minion_hil_tests.o(.ARM.use_no_argv), (4 bytes).
    Removing mocktm4c_bsp_mocks.o(.text), (0 bytes).
    Removing mocktm4c_bsp_mocks.o(.text.Mocktm4c_bsp_mocks_Verify), (136 bytes).
    Removing mocktm4c_bsp_mocks.o(.ARM.exidx.text.Mocktm4c_bsp_mocks_Verify), (8 bytes).
    Removing mocktm4c_bsp_mocks.o(.text.Mocktm4c_bsp_mocks_Init), (8 bytes).
    Removing mocktm4c_bsp_mocks.o(.ARM.exidx.text.Mocktm4c_bsp_mocks_Init), (8 bytes).
    Removing mocktm4c_bsp_mocks.o(.text.Mocktm4c_bsp_mocks_Destroy), (22 bytes).
    Removing mocktm4c_bsp_mocks.o(.ARM.exidx.text.Mocktm4c_bsp_mocks_Destroy), (8 bytes).
    Removing mocktm4c_bsp_mocks.o(.ARM.exidx.text.set_sp), (8 bytes).
    Removing mocktm4c_bsp_mocks.o(.ARM.exidx.text.CMockExpectParameters_set_sp), (8 bytes).
    Removing mocktm4c_bsp_mocks.o(.ARM.exidx.text.set_sp_CMockExpect), (8 bytes).
    Removing mocktm4c_bsp_mocks.o(.ARM.exidx.text.exit_interrupt), (8 bytes).
    Removing mocktm4c_bsp_mocks.o(.ARM.exidx.text.exit_interrupt_CMockExpect), (8 bytes).
    Removing unity.o(.text), (0 bytes).
    Removing unity.o(.ARM.exidx.text.UnityPrint), (8 bytes).
    Removing unity.o(.ARM.exidx.text.UnityPrintChar), (8 bytes).
    Removing unity.o(.text.UnityPrintLen), (182 bytes).
    Removing unity.o(.ARM.exidx.text.UnityPrintLen), (8 bytes).
    Removing unity.o(.ARM.exidx.text.UnityPrintNumberHex), (8 bytes).
    Removing unity.o(.ARM.exidx.text.UnityPrintNumberByStyle), (8 bytes).
    Removing unity.o(.ARM.exidx.text.UnityPrintNumber), (8 bytes).
    Removing unity.o(.ARM.exidx.text.UnityPrintNumberUnsigned), (8 bytes).
    Removing unity.o(.text.UnityPrintMask), (94 bytes).
    Removing unity.o(.ARM.exidx.text.UnityPrintMask), (8 bytes).
    Removing unity.o(.text.UnityPrintFloat), (1080 bytes).
    Removing unity.o(.ARM.exidx.text.UnityPrintFloat), (8 bytes).
    Removing unity.o(.text.__ARM_isnanf), (20 bytes).
    Removing unity.o(.ARM.exidx.text.__ARM_isnanf), (8 bytes).
    Removing unity.o(.text.__ARM_isnan), (42 bytes).
    Removing unity.o(.ARM.exidx.text.__ARM_isnan), (8 bytes).
    Removing unity.o(.text.__ARM_isinff), (24 bytes).
    Removing unity.o(.ARM.exidx.text.__ARM_isinff), (8 bytes).
    Removing unity.o(.text.__ARM_isinf), (48 bytes).
    Removing unity.o(.ARM.exidx.text.__ARM_isinf), (8 bytes).
    Removing unity.o(.ARM.exidx.text.UnityConcludeTest), (8 bytes).
    Removing unity.o(.ARM.exidx.text.UnityTestResultsBegin), (8 bytes).
    Removing unity.o(.text.UnityAssertBits), (162 bytes).
    Removing unity.o(.ARM.exidx.text.UnityAssertBits), (8 bytes).
    Removing unity.o(.ARM.exidx.text.UnityTestResultsFailBegin), (8 bytes).
    Removing unity.o(.ARM.exidx.text.UnityAddMsgIfSpecified), (8 bytes).
    Removing unity.o(.ARM.exidx.text.UnityAssertEqualNumber), (8 bytes).
    Removing unity.o(.text.UnityAssertGreaterOrLessOrEqualNumber), (426 bytes).
    Removing unity.o(.ARM.exidx.text.UnityAssertGreaterOrLessOrEqualNumber), (8 bytes).
    Removing unity.o(.ARM.exidx.text.UnityAssertEqualIntArray), (8 bytes).
    Removing unity.o(.ARM.exidx.text.UnityIsOneArrayNull), (8 bytes).
    Removing unity.o(.text.UnityAssertEqualFloatArray), (382 bytes).
    Removing unity.o(.ARM.exidx.text.UnityAssertEqualFloatArray), (8 bytes).
    Removing unity.o(.text.UnityFloatsWithin), (356 bytes).
    Removing unity.o(.ARM.exidx.text.UnityFloatsWithin), (8 bytes).
    Removing unity.o(.text.UnityAssertFloatsWithin), (156 bytes).
    Removing unity.o(.ARM.exidx.text.UnityAssertFloatsWithin), (8 bytes).
    Removing unity.o(.text.UnityAssertFloatSpecial), (496 bytes).
    Removing unity.o(.ARM.exidx.text.UnityAssertFloatSpecial), (8 bytes).
    Removing unity.o(.text.UnityAssertNumbersWithin), (344 bytes).
    Removing unity.o(.ARM.exidx.text.UnityAssertNumbersWithin), (8 bytes).
    Removing unity.o(.text.UnityAssertNumbersArrayWithin), (732 bytes).
    Removing unity.o(.ARM.exidx.text.UnityAssertNumbersArrayWithin), (8 bytes).
    Removing unity.o(.text.UnityAssertEqualString), (248 bytes).
    Removing unity.o(.ARM.exidx.text.UnityAssertEqualString), (8 bytes).
    Removing unity.o(.text.UnityPrintExpectedAndActualStrings), (120 bytes).
    Removing unity.o(.ARM.exidx.text.UnityPrintExpectedAndActualStrings), (8 bytes).
    Removing unity.o(.text.UnityAssertEqualStringLen), (274 bytes).
    Removing unity.o(.ARM.exidx.text.UnityAssertEqualStringLen), (8 bytes).
    Removing unity.o(.text.UnityPrintExpectedAndActualStringsLen), (126 bytes).
    Removing unity.o(.ARM.exidx.text.UnityPrintExpectedAndActualStringsLen), (8 bytes).
    Removing unity.o(.text.UnityAssertEqualStringArray), (486 bytes).
    Removing unity.o(.ARM.exidx.text.UnityAssertEqualStringArray), (8 bytes).
    Removing unity.o(.text.UnityAssertEqualMemory), (448 bytes).
    Removing unity.o(.ARM.exidx.text.UnityAssertEqualMemory), (8 bytes).
    Removing unity.o(.text.UnityNumToPtr), (84 bytes).
    Removing unity.o(.ARM.exidx.text.UnityNumToPtr), (8 bytes).
    Removing unity.o(.text.UnityFloatToPtr), (20 bytes).
    Removing unity.o(.ARM.exidx.text.UnityFloatToPtr), (8 bytes).
    Removing unity.o(.ARM.exidx.text.UnityFail), (8 bytes).
    Removing unity.o(.text.UnityIgnore), (134 bytes).
    Removing unity.o(.ARM.exidx.text.UnityIgnore), (8 bytes).
    Removing unity.o(.text.UnityMessage), (72 bytes).
    Removing unity.o(.ARM.exidx.text.UnityMessage), (8 bytes).
    Removing unity.o(.ARM.exidx.text.UnityDefaultTestRun), (8 bytes).
    Removing unity.o(.text.UnitySetTestFile), (20 bytes).
    Removing unity.o(.ARM.exidx.text.UnitySetTestFile), (8 bytes).
    Removing unity.o(.ARM.exidx.text.UnityBegin), (8 bytes).
    Removing unity.o(.ARM.exidx.text.UnityEnd), (8 bytes).
    Removing unity.o(.rodata.UnityStrIgnore), (7 bytes).
    Removing unity.o(.rodata.UnityStrErrShorthand), (33 bytes).
    Removing unity.o(.rodata.UnityStrErrFloat), (30 bytes).
    Removing unity.o(.rodata.UnityStrErrDouble), (32 bytes).
    Removing unity.o(.rodata.UnityStrErr64), (30 bytes).
    Removing unity.o(.rodata.UnityPrintFloat.sig_digits), (4 bytes).
    Removing unity.o(.rodata.UnityPrintFloat.min_scaled), (4 bytes).
    Removing unity.o(.rodata.UnityPrintFloat.max_scaled), (4 bytes).
    Removing unity.o(.rodata.str1.1), (15 bytes).
    Removing unity.o(.rodata.UnityStrGt), (21 bytes).
    Removing unity.o(.rodata.UnityStrLt), (18 bytes).
    Removing unity.o(.rodata.UnityStrOrEqual), (13 bytes).
    Removing unity.o(.rodata.UnityStrNotEqual), (21 bytes).
    Removing unity.o(.rodata.UnityStrInf), (9 bytes).
    Removing unity.o(.rodata.UnityStrNegInf), (18 bytes).
    Removing unity.o(.rodata.UnityStrNaN), (4 bytes).
    Removing unity.o(.rodata.UnityStrDet), (12 bytes).
    Removing unity.o(.rodata..L__const.UnityAssertFloatSpecial.trait_names), (16 bytes).
    Removing unity.o(.rodata.UnityStrInvalidFloatTrait), (20 bytes).
    Removing unity.o(.rodata.UnityStrNot), (5 bytes).
    Removing unity.o(.rodata.UnityStrDelta), (26 bytes).
    Removing unity.o(.rodata.UnityStrMemory), (18 bytes).
    Removing unity.o(.rodata.UnityStrByte), (7 bytes).
    Removing unity.o(.bss.UnityQuickCompare), (4 bytes).
    Removing unity.o(.rodata.UnityStrNull), (5 bytes).
    Removing cmock.o(.text), (0 bytes).
    Removing cmock.o(.ARM.exidx.text.CMock_Guts_MemNew), (8 bytes).
    Removing cmock.o(.ARM.exidx.text.CMock_Guts_MemChain), (8 bytes).
    Removing cmock.o(.ARM.exidx.text.CMock_Guts_MemNext), (8 bytes).
    Removing cmock.o(.text.CMock_Guts_MemEndOfChain), (44 bytes).
    Removing cmock.o(.ARM.exidx.text.CMock_Guts_MemEndOfChain), (8 bytes).
    Removing cmock.o(.ARM.exidx.text.CMock_Guts_GetAddressFor), (8 bytes).
    Removing cmock.o(.text.CMock_Guts_MemBytesCapacity), (4 bytes).
    Removing cmock.o(.ARM.exidx.text.CMock_Guts_MemBytesCapacity), (8 bytes).
    Removing cmock.o(.text.CMock_Guts_MemBytesFree), (24 bytes).
    Removing cmock.o(.ARM.exidx.text.CMock_Guts_MemBytesFree), (8 bytes).
    Removing cmock.o(.text.CMock_Guts_MemBytesUsed), (14 bytes).
    Removing cmock.o(.ARM.exidx.text.CMock_Guts_MemBytesUsed), (8 bytes).
    Removing cmock.o(.text.CMock_Guts_MemFreeAll), (14 bytes).
    Removing cmock.o(.ARM.exidx.text.CMock_Guts_MemFreeAll), (8 bytes).
    Removing cmock.o(.text.CMock_Guts_MemFreeFinal), (14 bytes).
    Removing cmock.o(.ARM.exidx.text.CMock_Guts_MemFreeFinal), (8 bytes).
    Removing cmock.o(.data.CMockStringCalledLess), (4 bytes).
    Removing cmock.o(.data.CMockStringCalledEarly), (4 bytes).
    Removing cmock.o(.data.CMockStringCalledLate), (4 bytes).
    Removing cmock.o(.data.CMockStringCallOrder), (4 bytes).
    Removing cmock.o(.data.CMockStringIgnPreExp), (4 bytes).
    Removing cmock.o(.data.CMockStringPtrPreExp), (4 bytes).
    Removing cmock.o(.data.CMockStringPtrIsNULL), (4 bytes).

172 unused section(s) (total 8768 bytes) removed from the image.

==============================================================================

Image Symbol Table

    Local Symbols

    Symbol Name                              Value     Ov Type        Size  Object(Section)

    ../clib/angel/boardlib.s                 0x00000000   Number         0  boardinit1.o ABSOLUTE
    ../clib/angel/boardlib.s                 0x00000000   Number         0  boardinit2.o ABSOLUTE
    ../clib/angel/boardlib.s                 0x00000000   Number         0  boardinit3.o ABSOLUTE
    ../clib/angel/boardlib.s                 0x00000000   Number         0  boardshut.o ABSOLUTE
    ../clib/angel/handlers.s                 0x00000000   Number         0  __scatter_copy.o ABSOLUTE
    ../clib/angel/handlers.s                 0x00000000   Number         0  __scatter_zi.o ABSOLUTE
    ../clib/angel/kernel.s                   0x00000000   Number         0  __rtentry.o ABSOLUTE
    ../clib/angel/kernel.s                   0x00000000   Number         0  __rtentry2.o ABSOLUTE
    ../clib/angel/kernel.s                   0x00000000   Number         0  __rtentry4.o ABSOLUTE
    ../clib/angel/kernel.s                   0x00000000   Number         0  rtexit.o ABSOLUTE
    ../clib/angel/kernel.s                   0x00000000   Number         0  rtexit2.o ABSOLUTE
    ../clib/angel/rt.s                       0x00000000   Number         0  rt_raise.o ABSOLUTE
    ../clib/angel/scatter.s                  0x00000000   Number         0  __scatter.o ABSOLUTE
    ../clib/angel/startup.s                  0x00000000   Number         0  __main.o ABSOLUTE
    ../clib/angel/sys.s                      0x00000000   Number         0  sys_stackheap_outer.o ABSOLUTE
    ../clib/angel/sys.s                      0x00000000   Number         0  libspace.o ABSOLUTE
    ../clib/angel/sys.s                      0x00000000   Number         0  use_no_semi.o ABSOLUTE
    ../clib/angel/sys.s                      0x00000000   Number         0  indicate_semi.o ABSOLUTE
    ../clib/angel/sysapp.c                   0x00000000   Number         0  sys_exit.o ABSOLUTE
    ../clib/angel/sysapp.c                   0x00000000   Number         0  sys_exit_hlt.o ABSOLUTE
    ../clib/angel/sysapp.c                   0x00000000   Number         0  sys_command.o ABSOLUTE
    ../clib/angel/sysapp.c                   0x00000000   Number         0  sys_command_hlt.o ABSOLUTE
    ../clib/angel/sysapp.c                   0x00000000   Number         0  sys_wrch.o ABSOLUTE
    ../clib/angel/sysapp.c                   0x00000000   Number         0  sys_wrch_hlt.o ABSOLUTE
    ../clib/armsys.c                         0x00000000   Number         0  argv_veneer.o ABSOLUTE
    ../clib/armsys.c                         0x00000000   Number         0  argv_veneer.o ABSOLUTE
    ../clib/armsys.c                         0x00000000   Number         0  _get_argv_nomalloc.o ABSOLUTE
    ../clib/armsys.c                         0x00000000   Number         0  no_argv.o ABSOLUTE
    ../clib/heapalloc.c                      0x00000000   Number         0  hrguard.o ABSOLUTE
    ../clib/heapaux.c                        0x00000000   Number         0  heapauxi.o ABSOLUTE
    ../clib/libinit.s                        0x00000000   Number         0  libinit.o ABSOLUTE
    ../clib/libinit.s                        0x00000000   Number         0  libinit2.o ABSOLUTE
    ../clib/libinit.s                        0x00000000   Number         0  libshutdown.o ABSOLUTE
    ../clib/libinit.s                        0x00000000   Number         0  libshutdown2.o ABSOLUTE
    ../clib/signal.c                         0x00000000   Number         0  defsig_rtmem_outer.o ABSOLUTE
    ../clib/signal.c                         0x00000000   Number         0  defsig_rtmem_formal.o ABSOLUTE
    ../clib/signal.c                         0x00000000   Number         0  defsig_exit.o ABSOLUTE
    ../clib/signal.c                         0x00000000   Number         0  defsig_rtmem_inner.o ABSOLUTE
    ../clib/signal.c                         0x00000000   Number         0  __raise.o ABSOLUTE
    ../clib/signal.c                         0x00000000   Number         0  defsig_general.o ABSOLUTE
    ../clib/signal.c                         0x00000000   Number         0  defsig_abrt_inner.o ABSOLUTE
    ../clib/signal.c                         0x00000000   Number         0  defsig_fpe_inner.o ABSOLUTE
    ../clib/signal.c                         0x00000000   Number         0  defsig_rtred_inner.o ABSOLUTE
    ../clib/signal.c                         0x00000000   Number         0  defsig_stak_inner.o ABSOLUTE
    ../clib/signal.c                         0x00000000   Number         0  defsig_pvfn_inner.o ABSOLUTE
    ../clib/signal.c                         0x00000000   Number         0  defsig_cppl_inner.o ABSOLUTE
    ../clib/signal.c                         0x00000000   Number         0  defsig_segv_inner.o ABSOLUTE
    ../clib/signal.c                         0x00000000   Number         0  defsig_other.o ABSOLUTE
    ../clib/signal.s                         0x00000000   Number         0  defsig.o ABSOLUTE
    ../clib/stdlib.c                         0x00000000   Number         0  exit.o ABSOLUTE
    ../fplib/dretinf.s                       0x00000000   Number         0  dretinf.o ABSOLUTE
    ../fplib/f2d.s                           0x00000000   Number         0  f2d.o ABSOLUTE
    ../fplib/faddsub.s                       0x00000000   Number         0  faddsub_clz.o ABSOLUTE
    ../fplib/fcmp.s                          0x00000000   Number         0  fcmp.o ABSOLUTE
    ../fplib/fcmpi.s                         0x00000000   Number         0  fcmpi.o ABSOLUTE
    ../fplib/fdiv.s                          0x00000000   Number         0  fdiv.o ABSOLUTE
    ../fplib/feqf.s                          0x00000000   Number         0  feqf.o ABSOLUTE
    ../fplib/ffix.s                          0x00000000   Number         0  ffix.o ABSOLUTE
    ../fplib/fflt.s                          0x00000000   Number         0  fflt_clz.o ABSOLUTE
    ../fplib/fgeqf.s                         0x00000000   Number         0  fgeqf.o ABSOLUTE
    ../fplib/fleqf.s                         0x00000000   Number         0  fleqf.o ABSOLUTE
    ../fplib/fmul.s                          0x00000000   Number         0  fmul.o ABSOLUTE
    ../fplib/fnaninf.s                       0x00000000   Number         0  fnaninf.o ABSOLUTE
    ../fplib/fpinit.s                        0x00000000   Number         0  fpinit.o ABSOLUTE
    ../fplib/fpinit_empty.s                  0x00000000   Number         0  fpinit_empty.o ABSOLUTE
    ../fplib/fretinf.s                       0x00000000   Number         0  fretinf.o ABSOLUTE
    ../fplib/setjmp.s                        0x00000000   Number         0  setjmp.o ABSOLUTE
    ../fplib/usenofp.s                       0x00000000   Number         0  usenofp.o ABSOLUTE
    Mocktm4c_bsp_mocks.c                     0x00000000   Number         0  mocktm4c_bsp_mocks.o ABSOLUTE
    cmock.c                                  0x00000000   Number         0  cmock.o ABSOLUTE
    cyber_minion.c                           0x00000000   Number         0  cyber_minion.o ABSOLUTE
    cyber_minion_hil_tests.c                 0x00000000   Number         0  cyber_minion_hil_tests.o ABSOLUTE
    dc.s                                     0x00000000   Number         0  dc.o ABSOLUTE
    system_TM4C123GH6PM.c                    0x00000000   Number         0  system_tm4c123gh6pm.o ABSOLUTE
    tm4c/startup/startup_TM4C123.s           0x00000000   Number         0  startup_tm4c123.o ABSOLUTE
    tm4c_bsp.c                               0x00000000   Number         0  tm4c_bsp.o ABSOLUTE
    unity.c                                  0x00000000   Number         0  unity.o ABSOLUTE
    RESET                                    0x00000000   Section      620  startup_tm4c123.o(RESET)
    !!!main                                  0x0000026c   Section        8  __main.o(!!!main)
    !!!scatter                               0x00000274   Section       92  __scatter.o(!!!scatter)
    !!handler_copy                           0x000002d0   Section       26  __scatter_copy.o(!!handler_copy)
    !!handler_null                           0x000002ec   Section        2  __scatter.o(!!handler_null)
    !!handler_zi                             0x000002f0   Section       28  __scatter_zi.o(!!handler_zi)
    .ARM.Collect$$libinit$$00000000          0x0000030c   Section        2  libinit.o(.ARM.Collect$$libinit$$00000000)
    .ARM.Collect$$libinit$$00000002          0x0000030e   Section        0  libinit2.o(.ARM.Collect$$libinit$$00000002)
    .ARM.Collect$$libinit$$00000004          0x0000030e   Section        0  libinit2.o(.ARM.Collect$$libinit$$00000004)
    .ARM.Collect$$libinit$$00000006          0x0000030e   Section        0  libinit2.o(.ARM.Collect$$libinit$$00000006)
    .ARM.Collect$$libinit$$0000000C          0x0000030e   Section        0  libinit2.o(.ARM.Collect$$libinit$$0000000C)
    .ARM.Collect$$libinit$$0000000E          0x0000030e   Section        0  libinit2.o(.ARM.Collect$$libinit$$0000000E)
    .ARM.Collect$$libinit$$00000010          0x0000030e   Section        0  libinit2.o(.ARM.Collect$$libinit$$00000010)
    .ARM.Collect$$libinit$$00000013          0x0000030e   Section        0  libinit2.o(.ARM.Collect$$libinit$$00000013)
    .ARM.Collect$$libinit$$00000015          0x0000030e   Section        0  libinit2.o(.ARM.Collect$$libinit$$00000015)
    .ARM.Collect$$libinit$$00000017          0x0000030e   Section        0  libinit2.o(.ARM.Collect$$libinit$$00000017)
    .ARM.Collect$$libinit$$00000019          0x0000030e   Section        0  libinit2.o(.ARM.Collect$$libinit$$00000019)
    .ARM.Collect$$libinit$$0000001B          0x0000030e   Section        0  libinit2.o(.ARM.Collect$$libinit$$0000001B)
    .ARM.Collect$$libinit$$0000001D          0x0000030e   Section        0  libinit2.o(.ARM.Collect$$libinit$$0000001D)
    .ARM.Collect$$libinit$$0000001F          0x0000030e   Section        0  libinit2.o(.ARM.Collect$$libinit$$0000001F)
    .ARM.Collect$$libinit$$00000021          0x0000030e   Section        0  libinit2.o(.ARM.Collect$$libinit$$00000021)
    .ARM.Collect$$libinit$$00000023          0x0000030e   Section        0  libinit2.o(.ARM.Collect$$libinit$$00000023)
    .ARM.Collect$$libinit$$00000025          0x0000030e   Section        0  libinit2.o(.ARM.Collect$$libinit$$00000025)
    .ARM.Collect$$libinit$$00000027          0x0000030e   Section        0  libinit2.o(.ARM.Collect$$libinit$$00000027)
    .ARM.Collect$$libinit$$0000002E          0x0000030e   Section        0  libinit2.o(.ARM.Collect$$libinit$$0000002E)
    .ARM.Collect$$libinit$$00000030          0x0000030e   Section        0  libinit2.o(.ARM.Collect$$libinit$$00000030)
    .ARM.Collect$$libinit$$00000032          0x0000030e   Section        0  libinit2.o(.ARM.Collect$$libinit$$00000032)
    .ARM.Collect$$libinit$$00000034          0x0000030e   Section        0  libinit2.o(.ARM.Collect$$libinit$$00000034)
    .ARM.Collect$$libinit$$00000035          0x0000030e   Section        2  libinit2.o(.ARM.Collect$$libinit$$00000035)
    .ARM.Collect$$libshutdown$$00000000      0x00000310   Section        2  libshutdown.o(.ARM.Collect$$libshutdown$$00000000)
    .ARM.Collect$$libshutdown$$00000002      0x00000312   Section        0  libshutdown2.o(.ARM.Collect$$libshutdown$$00000002)
    .ARM.Collect$$libshutdown$$00000004      0x00000312   Section        0  libshutdown2.o(.ARM.Collect$$libshutdown$$00000004)
    .ARM.Collect$$libshutdown$$00000007      0x00000312   Section        0  libshutdown2.o(.ARM.Collect$$libshutdown$$00000007)
    .ARM.Collect$$libshutdown$$0000000A      0x00000312   Section        0  libshutdown2.o(.ARM.Collect$$libshutdown$$0000000A)
    .ARM.Collect$$libshutdown$$0000000C      0x00000312   Section        0  libshutdown2.o(.ARM.Collect$$libshutdown$$0000000C)
    .ARM.Collect$$libshutdown$$0000000F      0x00000312   Section        0  libshutdown2.o(.ARM.Collect$$libshutdown$$0000000F)
    .ARM.Collect$$libshutdown$$00000010      0x00000312   Section        2  libshutdown2.o(.ARM.Collect$$libshutdown$$00000010)
    .ARM.Collect$$rtentry$$00000000          0x00000314   Section        0  __rtentry.o(.ARM.Collect$$rtentry$$00000000)
    .ARM.Collect$$rtentry$$00000002          0x00000314   Section        0  __rtentry2.o(.ARM.Collect$$rtentry$$00000002)
    .ARM.Collect$$rtentry$$00000004          0x00000314   Section        6  __rtentry4.o(.ARM.Collect$$rtentry$$00000004)
    .ARM.Collect$$rtentry$$00000009          0x0000031a   Section        0  __rtentry2.o(.ARM.Collect$$rtentry$$00000009)
    .ARM.Collect$$rtentry$$0000000A          0x0000031a   Section        4  __rtentry2.o(.ARM.Collect$$rtentry$$0000000A)
    .ARM.Collect$$rtentry$$0000000C          0x0000031e   Section        0  __rtentry2.o(.ARM.Collect$$rtentry$$0000000C)
    .ARM.Collect$$rtentry$$0000000D          0x0000031e   Section        8  __rtentry2.o(.ARM.Collect$$rtentry$$0000000D)
    .ARM.Collect$$rtexit$$00000000           0x00000326   Section        2  rtexit.o(.ARM.Collect$$rtexit$$00000000)
    .ARM.Collect$$rtexit$$00000002           0x00000328   Section        0  rtexit2.o(.ARM.Collect$$rtexit$$00000002)
    .ARM.Collect$$rtexit$$00000003           0x00000328   Section        4  rtexit2.o(.ARM.Collect$$rtexit$$00000003)
    .ARM.Collect$$rtexit$$00000004           0x0000032c   Section        6  rtexit2.o(.ARM.Collect$$rtexit$$00000004)
    .text                                    0x00000334   Section      280  startup_tm4c123.o(.text)
    .text                                    0x0000044c   Section        0  heapauxi.o(.text)
    .text                                    0x00000452   Section       62  setjmp.o(.text)
    .text                                    0x00000490   Section       74  sys_stackheap_outer.o(.text)
    .text                                    0x000004da   Section        0  exit.o(.text)
    .text                                    0x000004ec   Section        8  libspace.o(.text)
    .text                                    0x000004f4   Section        0  sys_exit.o(.text)
    .text                                    0x00000500   Section        2  use_no_semi.o(.text)
    .text                                    0x00000502   Section        0  indicate_semi.o(.text)
    [Anonymous Symbol]                       0x00000504   Section        0  mocktm4c_bsp_mocks.o(.text.CMockExpectParameters_set_sp)
    [Anonymous Symbol]                       0x00000514   Section        0  cmock.o(.text.CMock_Guts_GetAddressFor)
    [Anonymous Symbol]                       0x00000550   Section        0  cmock.o(.text.CMock_Guts_MemChain)
    [Anonymous Symbol]                       0x00000624   Section        0  cmock.o(.text.CMock_Guts_MemNew)
    [Anonymous Symbol]                       0x000006a8   Section        0  cmock.o(.text.CMock_Guts_MemNext)
    [Anonymous Symbol]                       0x00000710   Section        0  tm4c_bsp.o(.text.PLL_init)
    [Anonymous Symbol]                       0x0000078c   Section        0  tm4c_bsp.o(.text.SysTick_init)
    [Anonymous Symbol]                       0x000007bc   Section        0  tm4c_bsp.o(.text.SysTick_wait)
    [Anonymous Symbol]                       0x000007e0   Section        0  system_tm4c123gh6pm.o(.text.SystemInit)
    [Anonymous Symbol]                       0x000008dc   Section        0  cyber_minion.o(.text.UART0_Handler)
    [Anonymous Symbol]                       0x00000b84   Section        0  tm4c_bsp.o(.text.UART0_and_servos_init)
    [Anonymous Symbol]                       0x00000dac   Section        0  tm4c_bsp.o(.text.UART_Flush)
    [Anonymous Symbol]                       0x00000dc4   Section        0  tm4c_bsp.o(.text.UART_SendChar)
    UnityAddMsgIfSpecified                   0x00000df5   Thumb Code   128  unity.o(.text.UnityAddMsgIfSpecified)
    [Anonymous Symbol]                       0x00000df4   Section        0  unity.o(.text.UnityAddMsgIfSpecified)
    [Anonymous Symbol]                       0x00000e74   Section        0  unity.o(.text.UnityAssertEqualIntArray)
    [Anonymous Symbol]                       0x000010a0   Section        0  unity.o(.text.UnityAssertEqualNumber)
    [Anonymous Symbol]                       0x00001148   Section        0  unity.o(.text.UnityBegin)
    [Anonymous Symbol]                       0x00001170   Section        0  unity.o(.text.UnityConcludeTest)
    [Anonymous Symbol]                       0x000011ec   Section        0  unity.o(.text.UnityDefaultTestRun)
    [Anonymous Symbol]                       0x00001258   Section        0  unity.o(.text.UnityEnd)
    [Anonymous Symbol]                       0x000012fc   Section        0  unity.o(.text.UnityFail)
    UnityIsOneArrayNull                      0x000013ed   Thumb Code   112  unity.o(.text.UnityIsOneArrayNull)
    [Anonymous Symbol]                       0x000013ec   Section        0  unity.o(.text.UnityIsOneArrayNull)
    [Anonymous Symbol]                       0x0000145c   Section        0  unity.o(.text.UnityPrint)
    UnityPrintChar                           0x0000148d   Thumb Code   116  unity.o(.text.UnityPrintChar)
    [Anonymous Symbol]                       0x0000148c   Section        0  unity.o(.text.UnityPrintChar)
    [Anonymous Symbol]                       0x00001500   Section        0  unity.o(.text.UnityPrintNumber)
    [Anonymous Symbol]                       0x0000152c   Section        0  unity.o(.text.UnityPrintNumberByStyle)
    [Anonymous Symbol]                       0x000015fc   Section        0  unity.o(.text.UnityPrintNumberHex)
    [Anonymous Symbol]                       0x0000166c   Section        0  unity.o(.text.UnityPrintNumberUnsigned)
    UnityTestResultsBegin                    0x000016d9   Thumb Code    58  unity.o(.text.UnityTestResultsBegin)
    [Anonymous Symbol]                       0x000016d8   Section        0  unity.o(.text.UnityTestResultsBegin)
    UnityTestResultsFailBegin                0x00001715   Thumb Code    44  unity.o(.text.UnityTestResultsFailBegin)
    [Anonymous Symbol]                       0x00001714   Section        0  unity.o(.text.UnityTestResultsFailBegin)
    __NVIC_EnableIRQ                         0x00001741   Thumb Code    48  tm4c_bsp.o(.text.__NVIC_EnableIRQ)
    [Anonymous Symbol]                       0x00001740   Section        0  tm4c_bsp.o(.text.__NVIC_EnableIRQ)
    __NVIC_SetPriority                       0x00001771   Thumb Code    66  tm4c_bsp.o(.text.__NVIC_SetPriority)
    [Anonymous Symbol]                       0x00001770   Section        0  tm4c_bsp.o(.text.__NVIC_SetPriority)
    [Anonymous Symbol]                       0x000017b4   Section        0  tm4c_bsp.o(.text.delay_10ms)
    [Anonymous Symbol]                       0x000017dc   Section        0  tm4c_bsp.o(.text.enable_interrupts)
    [Anonymous Symbol]                       0x000017e0   Section        0  mocktm4c_bsp_mocks.o(.text.exit_interrupt)
    [Anonymous Symbol]                       0x00001854   Section        0  mocktm4c_bsp_mocks.o(.text.exit_interrupt_CMockExpect)
    [Anonymous Symbol]                       0x000018ac   Section        0  tm4c_bsp.o(.text.get_UART0_interrupt_data)
    [Anonymous Symbol]                       0x000018c8   Section        0  cyber_minion_hil_tests.o(.text.hilTest_UART0_Handler_changesStateToScanning_whenUARTFrameMSBIsEnabled)
    [Anonymous Symbol]                       0x00001970   Section        0  cyber_minion_hil_tests.o(.text.main)
    [Anonymous Symbol]                       0x000019b4   Section        0  cyber_minion.o(.text.main_loop)
    [Anonymous Symbol]                       0x00001a04   Section        0  cyber_minion.o(.text.scan)
    [Anonymous Symbol]                       0x00001ae0   Section        0  cyber_minion_hil_tests.o(.text.setUp)
    [Anonymous Symbol]                       0x00001ae4   Section        0  tm4c_bsp.o(.text.set_PWM0_generator0_CMPA)
    [Anonymous Symbol]                       0x00001afc   Section        0  tm4c_bsp.o(.text.set_PWM0_generator1_CMPA)
    [Anonymous Symbol]                       0x00001b14   Section        0  cyber_minion.o(.text.set_compare_x)
    [Anonymous Symbol]                       0x00001b7c   Section        0  cyber_minion.o(.text.set_compare_y)
    [Anonymous Symbol]                       0x00001be4   Section        0  mocktm4c_bsp_mocks.o(.text.set_sp)
    [Anonymous Symbol]                       0x00001ccc   Section        0  mocktm4c_bsp_mocks.o(.text.set_sp_CMockExpect)
    [Anonymous Symbol]                       0x00001d30   Section        0  cyber_minion.o(.text.sleep_position)
    [Anonymous Symbol]                       0x00001d44   Section        0  cyber_minion_hil_tests.o(.text.tearDown)
    [Anonymous Symbol]                       0x00001d48   Section        0  tm4c_bsp.o(.text.wait_for_interrupt)
    UnityStrBreaker                          0x00001d4c   Data          24  unity.o(.rodata.UnityStrBreaker)
    [Anonymous Symbol]                       0x00001d4c   Section        0  unity.o(.rodata.UnityStrBreaker)
    UnityStrDetail1Name                      0x00001d64   Data          10  unity.o(.rodata.UnityStrDetail1Name)
    [Anonymous Symbol]                       0x00001d64   Section        0  unity.o(.rodata.UnityStrDetail1Name)
    UnityStrDetail2Name                      0x00001d6e   Data          11  unity.o(.rodata.UnityStrDetail2Name)
    [Anonymous Symbol]                       0x00001d6e   Section        0  unity.o(.rodata.UnityStrDetail2Name)
    UnityStrElement                          0x00001d79   Data          10  unity.o(.rodata.UnityStrElement)
    [Anonymous Symbol]                       0x00001d79   Section        0  unity.o(.rodata.UnityStrElement)
    UnityStrExpected                         0x00001d83   Data          11  unity.o(.rodata.UnityStrExpected)
    [Anonymous Symbol]                       0x00001d83   Section        0  unity.o(.rodata.UnityStrExpected)
    UnityStrNullPointerForActual             0x00001d93   Data          25  unity.o(.rodata.UnityStrNullPointerForActual)
    [Anonymous Symbol]                       0x00001d93   Section        0  unity.o(.rodata.UnityStrNullPointerForActual)
    UnityStrNullPointerForExpected           0x00001dac   Data          29  unity.o(.rodata.UnityStrNullPointerForExpected)
    [Anonymous Symbol]                       0x00001dac   Section        0  unity.o(.rodata.UnityStrNullPointerForExpected)
    UnityStrPointless                        0x00001dd1   Data          55  unity.o(.rodata.UnityStrPointless)
    [Anonymous Symbol]                       0x00001dd1   Section        0  unity.o(.rodata.UnityStrPointless)
    UnityStrResultsFailures                  0x00001e08   Data          11  unity.o(.rodata.UnityStrResultsFailures)
    [Anonymous Symbol]                       0x00001e08   Section        0  unity.o(.rodata.UnityStrResultsFailures)
    UnityStrResultsIgnored                   0x00001e13   Data          10  unity.o(.rodata.UnityStrResultsIgnored)
    [Anonymous Symbol]                       0x00001e13   Section        0  unity.o(.rodata.UnityStrResultsIgnored)
    UnityStrResultsTests                     0x00001e1d   Data           8  unity.o(.rodata.UnityStrResultsTests)
    [Anonymous Symbol]                       0x00001e1d   Section        0  unity.o(.rodata.UnityStrResultsTests)
    UnityStrSpacer                           0x00001e25   Data           3  unity.o(.rodata.UnityStrSpacer)
    [Anonymous Symbol]                       0x00001e25   Section        0  unity.o(.rodata.UnityStrSpacer)
    UnityStrWas                              0x00001e28   Data           6  unity.o(.rodata.UnityStrWas)
    [Anonymous Symbol]                       0x00001e28   Section        0  unity.o(.rodata.UnityStrWas)
    [Anonymous Symbol]                       0x00001e2e   Section        0  cyber_minion_hil_tests.o(.rodata.str1.1)
    .L.str                                   0x00001e42   Data          25  cyber_minion_hil_tests.o(.rodata.str1.1)
    .L.str.1                                 0x00001e5b   Data          34  cyber_minion_hil_tests.o(.rodata.str1.1)
    .L.str.2                                 0x00001e7d   Data          71  cyber_minion_hil_tests.o(.rodata.str1.1)
    .L.str.3                                 0x00001eb0   Data          20  cyber_minion_hil_tests.o(.rodata.str1.1)
    [Anonymous Symbol]                       0x00001ec4   Section        0  mocktm4c_bsp_mocks.o(.rodata.str1.1)
    [Anonymous Symbol]                       0x00001ee5   Section        0  cmock.o(.rodata.str1.1)
    CMockString_cmock_arg1                   0x20000010   Data           4  mocktm4c_bsp_mocks.o(.data.CMockString_cmock_arg1)
    [Anonymous Symbol]                       0x20000010   Section        0  mocktm4c_bsp_mocks.o(.data.CMockString_cmock_arg1)
    CMockString_exit_interrupt               0x20000014   Data           4  mocktm4c_bsp_mocks.o(.data.CMockString_exit_interrupt)
    [Anonymous Symbol]                       0x20000014   Section        0  mocktm4c_bsp_mocks.o(.data.CMockString_exit_interrupt)
    CMockString_set_sp                       0x20000018   Data           4  mocktm4c_bsp_mocks.o(.data.CMockString_set_sp)
    [Anonymous Symbol]                       0x20000018   Section        0  mocktm4c_bsp_mocks.o(.data.CMockString_set_sp)
    CMock_Guts_Buffer                        0x2000001c   Data           4  cmock.o(.data.CMock_Guts_Buffer)
    [Anonymous Symbol]                       0x2000001c   Section        0  cmock.o(.data.CMock_Guts_Buffer)
    CMock_Guts_BufferSize                    0x20000020   Data           4  cmock.o(.data.CMock_Guts_BufferSize)
    [Anonymous Symbol]                       0x20000020   Section        0  cmock.o(.data.CMock_Guts_BufferSize)
    CMock_Guts_FreePtr                       0x20000024   Data           4  cmock.o(.data.CMock_Guts_FreePtr)
    [Anonymous Symbol]                       0x20000024   Section        0  cmock.o(.data.CMock_Guts_FreePtr)
    .bss                                     0x20000038   Section       96  libspace.o(.bss)
    CMock_Guts_Space                         0x20000098   Data        1032  cmock.o(.bss.CMock_Guts_Space)
    [Anonymous Symbol]                       0x20000098   Section        0  cmock.o(.bss.CMock_Guts_Space)
    Mock                                     0x200004a0   Data           8  mocktm4c_bsp_mocks.o(.bss.Mock)
    [Anonymous Symbol]                       0x200004a0   Section        0  mocktm4c_bsp_mocks.o(.bss.Mock)
    stack1                                   0x20000574   Data         160  cyber_minion.o(.bss.stack1)
    [Anonymous Symbol]                       0x20000574   Section        0  cyber_minion.o(.bss.stack1)
    stack2                                   0x20000614   Data         160  cyber_minion.o(.bss.stack2)
    [Anonymous Symbol]                       0x20000614   Section        0  cyber_minion.o(.bss.stack2)
    using_stack1                             0x200006b4   Data           1  cyber_minion.o(.bss.using_stack1)
    [Anonymous Symbol]                       0x200006b4   Section        0  cyber_minion.o(.bss.using_stack1)
    Heap_Mem                                 0x200006b8   Data        1024  startup_tm4c123.o(HEAP)
    HEAP                                     0x200006b8   Section     1024  startup_tm4c123.o(HEAP)
    Stack_Mem                                0x20000ab8   Data        1024  startup_tm4c123.o(STACK)
    STACK                                    0x20000ab8   Section     1024  startup_tm4c123.o(STACK)
    __initial_sp                             0x20000eb8   Data           0  startup_tm4c123.o(STACK)

    Global Symbols

    Symbol Name                              Value     Ov Type        Size  Object(Section)

    BuildAttributes$$THM_ISAv4$E$P$D$K$B$S$7EM$PE$A:L22UL41UL21$X:L11$S22US41US21$IEEE1$IW$~IW$USESV6$~STKCKD$USESV7$~SHL$OSPACE$ROPI$EBA8$UX$STANDARDLIB$REQ8$PRES8$EABIv2 0x00000000   Number         0  anon$$obj.o ABSOLUTE
    __Vectors                                0x00000000   Data           4  startup_tm4c123.o(RESET)
    __fp_init_empty                          0x00000000   Number         0  fpinit_empty.o ABSOLUTE
    __ARM_exceptions_init                     - Undefined Weak Reference
    __alloca_initialize                       - Undefined Weak Reference
    __alloca_longjmp                          - Undefined Weak Reference
    __alloca_setjmp                           - Undefined Weak Reference
    __arm_preinit_                            - Undefined Weak Reference
    __arm_relocate_pie_                       - Undefined Weak Reference
    __cpp_initialize__aeabi_                  - Undefined Weak Reference
    __cxa_finalize                            - Undefined Weak Reference
    __rt_locale                               - Undefined Weak Reference
    __sigvec_lookup                           - Undefined Weak Reference
    _atexit_init                              - Undefined Weak Reference
    _call_atexit_fns                          - Undefined Weak Reference
    _clock_init                               - Undefined Weak Reference
    _fp_trap_init                             - Undefined Weak Reference
    _fp_trap_shutdown                         - Undefined Weak Reference
    _get_lc_collate                           - Undefined Weak Reference
    _get_lc_ctype                             - Undefined Weak Reference
    _get_lc_monetary                          - Undefined Weak Reference
    _get_lc_numeric                           - Undefined Weak Reference
    _get_lc_time                              - Undefined Weak Reference
    _getenv_init                              - Undefined Weak Reference
    _handle_redirection                       - Undefined Weak Reference
    _init_alloc                               - Undefined Weak Reference
    _init_user_alloc                          - Undefined Weak Reference
    _initio                                   - Undefined Weak Reference
    _rand_init                                - Undefined Weak Reference
    _signal_finish                            - Undefined Weak Reference
    _signal_init                              - Undefined Weak Reference
    _terminate_alloc                          - Undefined Weak Reference
    _terminate_user_alloc                     - Undefined Weak Reference
    _terminateio                              - Undefined Weak Reference
    __Vectors_End                            0x0000026c   Data           0  startup_tm4c123.o(RESET)
    __Vectors_Size                           0x0000026c   Number         0  startup_tm4c123.o ABSOLUTE
    __main                                   0x0000026d   Thumb Code     8  __main.o(!!!main)
    __scatterload                            0x00000275   Thumb Code     0  __scatter.o(!!!scatter)
    __scatterload_rt2                        0x00000275   Thumb Code    84  __scatter.o(!!!scatter)
    __scatterload_rt2_thumb_only             0x00000275   Thumb Code     0  __scatter.o(!!!scatter)
    __scatterload_loop                       0x0000027f   Thumb Code     0  __scatter.o(!!!scatter)
    __scatterload_copy                       0x000002d1   Thumb Code    26  __scatter_copy.o(!!handler_copy)
    __scatterload_null                       0x000002ed   Thumb Code     2  __scatter.o(!!handler_null)
    __scatterload_zeroinit                   0x000002f1   Thumb Code    28  __scatter_zi.o(!!handler_zi)
    __rt_lib_init                            0x0000030d   Thumb Code     0  libinit.o(.ARM.Collect$$libinit$$00000000)
    __rt_lib_init_alloca_1                   0x0000030f   Thumb Code     0  libinit2.o(.ARM.Collect$$libinit$$00000030)
    __rt_lib_init_argv_1                     0x0000030f   Thumb Code     0  libinit2.o(.ARM.Collect$$libinit$$0000002E)
    __rt_lib_init_atexit_1                   0x0000030f   Thumb Code     0  libinit2.o(.ARM.Collect$$libinit$$0000001D)
    __rt_lib_init_clock_1                    0x0000030f   Thumb Code     0  libinit2.o(.ARM.Collect$$libinit$$00000023)
    __rt_lib_init_cpp_1                      0x0000030f   Thumb Code     0  libinit2.o(.ARM.Collect$$libinit$$00000034)
    __rt_lib_init_exceptions_1               0x0000030f   Thumb Code     0  libinit2.o(.ARM.Collect$$libinit$$00000032)
    __rt_lib_init_fp_1                       0x0000030f   Thumb Code     0  libinit2.o(.ARM.Collect$$libinit$$00000002)
    __rt_lib_init_fp_trap_1                  0x0000030f   Thumb Code     0  libinit2.o(.ARM.Collect$$libinit$$00000021)
    __rt_lib_init_getenv_1                   0x0000030f   Thumb Code     0  libinit2.o(.ARM.Collect$$libinit$$00000025)
    __rt_lib_init_heap_1                     0x0000030f   Thumb Code     0  libinit2.o(.ARM.Collect$$libinit$$0000000C)
    __rt_lib_init_lc_collate_1               0x0000030f   Thumb Code     0  libinit2.o(.ARM.Collect$$libinit$$00000013)
    __rt_lib_init_lc_ctype_1                 0x0000030f   Thumb Code     0  libinit2.o(.ARM.Collect$$libinit$$00000015)
    __rt_lib_init_lc_monetary_1              0x0000030f   Thumb Code     0  libinit2.o(.ARM.Collect$$libinit$$00000017)
    __rt_lib_init_lc_numeric_1               0x0000030f   Thumb Code     0  libinit2.o(.ARM.Collect$$libinit$$00000019)
    __rt_lib_init_lc_time_1                  0x0000030f   Thumb Code     0  libinit2.o(.ARM.Collect$$libinit$$0000001B)
    __rt_lib_init_preinit_1                  0x0000030f   Thumb Code     0  libinit2.o(.ARM.Collect$$libinit$$00000006)
    __rt_lib_init_rand_1                     0x0000030f   Thumb Code     0  libinit2.o(.ARM.Collect$$libinit$$00000010)
    __rt_lib_init_relocate_pie_1             0x0000030f   Thumb Code     0  libinit2.o(.ARM.Collect$$libinit$$00000004)
    __rt_lib_init_return                     0x0000030f   Thumb Code     0  libinit2.o(.ARM.Collect$$libinit$$00000035)
    __rt_lib_init_signal_1                   0x0000030f   Thumb Code     0  libinit2.o(.ARM.Collect$$libinit$$0000001F)
    __rt_lib_init_stdio_1                    0x0000030f   Thumb Code     0  libinit2.o(.ARM.Collect$$libinit$$00000027)
    __rt_lib_init_user_alloc_1               0x0000030f   Thumb Code     0  libinit2.o(.ARM.Collect$$libinit$$0000000E)
    __rt_lib_shutdown                        0x00000311   Thumb Code     0  libshutdown.o(.ARM.Collect$$libshutdown$$00000000)
    __rt_lib_shutdown_cpp_1                  0x00000313   Thumb Code     0  libshutdown2.o(.ARM.Collect$$libshutdown$$00000002)
    __rt_lib_shutdown_fp_trap_1              0x00000313   Thumb Code     0  libshutdown2.o(.ARM.Collect$$libshutdown$$00000007)
    __rt_lib_shutdown_heap_1                 0x00000313   Thumb Code     0  libshutdown2.o(.ARM.Collect$$libshutdown$$0000000F)
    __rt_lib_shutdown_return                 0x00000313   Thumb Code     0  libshutdown2.o(.ARM.Collect$$libshutdown$$00000010)
    __rt_lib_shutdown_signal_1               0x00000313   Thumb Code     0  libshutdown2.o(.ARM.Collect$$libshutdown$$0000000A)
    __rt_lib_shutdown_stdio_1                0x00000313   Thumb Code     0  libshutdown2.o(.ARM.Collect$$libshutdown$$00000004)
    __rt_lib_shutdown_user_alloc_1           0x00000313   Thumb Code     0  libshutdown2.o(.ARM.Collect$$libshutdown$$0000000C)
    __rt_entry                               0x00000315   Thumb Code     0  __rtentry.o(.ARM.Collect$$rtentry$$00000000)
    __rt_entry_presh_1                       0x00000315   Thumb Code     0  __rtentry2.o(.ARM.Collect$$rtentry$$00000002)
    __rt_entry_sh                            0x00000315   Thumb Code     0  __rtentry4.o(.ARM.Collect$$rtentry$$00000004)
    __rt_entry_li                            0x0000031b   Thumb Code     0  __rtentry2.o(.ARM.Collect$$rtentry$$0000000A)
    __rt_entry_postsh_1                      0x0000031b   Thumb Code     0  __rtentry2.o(.ARM.Collect$$rtentry$$00000009)
    __rt_entry_main                          0x0000031f   Thumb Code     0  __rtentry2.o(.ARM.Collect$$rtentry$$0000000D)
    __rt_entry_postli_1                      0x0000031f   Thumb Code     0  __rtentry2.o(.ARM.Collect$$rtentry$$0000000C)
    __rt_exit                                0x00000327   Thumb Code     0  rtexit.o(.ARM.Collect$$rtexit$$00000000)
    __rt_exit_ls                             0x00000329   Thumb Code     0  rtexit2.o(.ARM.Collect$$rtexit$$00000003)
    __rt_exit_prels_1                        0x00000329   Thumb Code     0  rtexit2.o(.ARM.Collect$$rtexit$$00000002)
    __rt_exit_exit                           0x0000032d   Thumb Code     0  rtexit2.o(.ARM.Collect$$rtexit$$00000004)
    Reset_Handler                            0x00000335   Thumb Code     8  startup_tm4c123.o(.text)
    NMI_Handler                              0x0000033d   Thumb Code     2  startup_tm4c123.o(.text)
    HardFault_Handler                        0x0000033f   Thumb Code     2  startup_tm4c123.o(.text)
    MemManage_Handler                        0x00000341   Thumb Code     2  startup_tm4c123.o(.text)
    BusFault_Handler                         0x00000343   Thumb Code     2  startup_tm4c123.o(.text)
    UsageFault_Handler                       0x00000345   Thumb Code     2  startup_tm4c123.o(.text)
    SVC_Handler                              0x00000347   Thumb Code     2  startup_tm4c123.o(.text)
    DebugMon_Handler                         0x00000349   Thumb Code     2  startup_tm4c123.o(.text)
    PendSV_Handler                           0x0000034b   Thumb Code     2  startup_tm4c123.o(.text)
    SysTick_Handler                          0x0000034d   Thumb Code     2  startup_tm4c123.o(.text)
    GPIOA_Handler                            0x0000034f   Thumb Code     2  startup_tm4c123.o(.text)
    GPIOB_Handler                            0x00000351   Thumb Code     2  startup_tm4c123.o(.text)
    GPIOC_Handler                            0x00000353   Thumb Code     2  startup_tm4c123.o(.text)
    GPIOD_Handler                            0x00000355   Thumb Code     2  startup_tm4c123.o(.text)
    GPIOE_Handler                            0x00000357   Thumb Code     2  startup_tm4c123.o(.text)
    UART1_Handler                            0x0000035b   Thumb Code     2  startup_tm4c123.o(.text)
    SSI0_Handler                             0x0000035d   Thumb Code     2  startup_tm4c123.o(.text)
    I2C0_Handler                             0x0000035f   Thumb Code     2  startup_tm4c123.o(.text)
    PMW0_FAULT_Handler                       0x00000361   Thumb Code     2  startup_tm4c123.o(.text)
    PWM0_0_Handler                           0x00000363   Thumb Code     2  startup_tm4c123.o(.text)
    PWM0_1_Handler                           0x00000365   Thumb Code     2  startup_tm4c123.o(.text)
    PWM0_2_Handler                           0x00000367   Thumb Code     2  startup_tm4c123.o(.text)
    QEI0_Handler                             0x00000369   Thumb Code     2  startup_tm4c123.o(.text)
    ADC0SS0_Handler                          0x0000036b   Thumb Code     2  startup_tm4c123.o(.text)
    ADC0SS1_Handler                          0x0000036d   Thumb Code     2  startup_tm4c123.o(.text)
    ADC0SS2_Handler                          0x0000036f   Thumb Code     2  startup_tm4c123.o(.text)
    ADC0SS3_Handler                          0x00000371   Thumb Code     2  startup_tm4c123.o(.text)
    WDT0_Handler                             0x00000373   Thumb Code     2  startup_tm4c123.o(.text)
    TIMER0A_Handler                          0x00000375   Thumb Code     2  startup_tm4c123.o(.text)
    TIMER0B_Handler                          0x00000377   Thumb Code     2  startup_tm4c123.o(.text)
    TIMER1A_Handler                          0x00000379   Thumb Code     2  startup_tm4c123.o(.text)
    TIMER1B_Handler                          0x0000037b   Thumb Code     2  startup_tm4c123.o(.text)
    TIMER2A_Handler                          0x0000037d   Thumb Code     2  startup_tm4c123.o(.text)
    TIMER2B_Handler                          0x0000037f   Thumb Code     2  startup_tm4c123.o(.text)
    COMP0_Handler                            0x00000381   Thumb Code     2  startup_tm4c123.o(.text)
    COMP1_Handler                            0x00000383   Thumb Code     2  startup_tm4c123.o(.text)
    COMP2_Handler                            0x00000385   Thumb Code     2  startup_tm4c123.o(.text)
    SYSCTL_Handler                           0x00000387   Thumb Code     2  startup_tm4c123.o(.text)
    FLASH_Handler                            0x00000389   Thumb Code     2  startup_tm4c123.o(.text)
    GPIOF_Handler                            0x0000038b   Thumb Code     2  startup_tm4c123.o(.text)
    GPIOG_Handler                            0x0000038d   Thumb Code     2  startup_tm4c123.o(.text)
    GPIOH_Handler                            0x0000038f   Thumb Code     2  startup_tm4c123.o(.text)
    UART2_Handler                            0x00000391   Thumb Code     2  startup_tm4c123.o(.text)
    SSI1_Handler                             0x00000393   Thumb Code     2  startup_tm4c123.o(.text)
    TIMER3A_Handler                          0x00000395   Thumb Code     2  startup_tm4c123.o(.text)
    TIMER3B_Handler                          0x00000397   Thumb Code     2  startup_tm4c123.o(.text)
    I2C1_Handler                             0x00000399   Thumb Code     2  startup_tm4c123.o(.text)
    QEI1_Handler                             0x0000039b   Thumb Code     2  startup_tm4c123.o(.text)
    CAN0_Handler                             0x0000039d   Thumb Code     2  startup_tm4c123.o(.text)
    CAN1_Handler                             0x0000039f   Thumb Code     2  startup_tm4c123.o(.text)
    CAN2_Handler                             0x000003a1   Thumb Code     2  startup_tm4c123.o(.text)
    HIB_Handler                              0x000003a3   Thumb Code     2  startup_tm4c123.o(.text)
    USB0_Handler                             0x000003a5   Thumb Code     2  startup_tm4c123.o(.text)
    PWM0_3_Handler                           0x000003a7   Thumb Code     2  startup_tm4c123.o(.text)
    UDMA_Handler                             0x000003a9   Thumb Code     2  startup_tm4c123.o(.text)
    UDMAERR_Handler                          0x000003ab   Thumb Code     2  startup_tm4c123.o(.text)
    ADC1SS0_Handler                          0x000003ad   Thumb Code     2  startup_tm4c123.o(.text)
    ADC1SS1_Handler                          0x000003af   Thumb Code     2  startup_tm4c123.o(.text)
    ADC1SS2_Handler                          0x000003b1   Thumb Code     2  startup_tm4c123.o(.text)
    ADC1SS3_Handler                          0x000003b3   Thumb Code     2  startup_tm4c123.o(.text)
    GPIOJ_Handler                            0x000003b5   Thumb Code     2  startup_tm4c123.o(.text)
    GPIOK_Handler                            0x000003b7   Thumb Code     2  startup_tm4c123.o(.text)
    GPIOL_Handler                            0x000003b9   Thumb Code     2  startup_tm4c123.o(.text)
    SSI2_Handler                             0x000003bb   Thumb Code     2  startup_tm4c123.o(.text)
    SSI3_Handler                             0x000003bd   Thumb Code     2  startup_tm4c123.o(.text)
    UART3_Handler                            0x000003bf   Thumb Code     2  startup_tm4c123.o(.text)
    UART4_Handler                            0x000003c1   Thumb Code     2  startup_tm4c123.o(.text)
    UART5_Handler                            0x000003c3   Thumb Code     2  startup_tm4c123.o(.text)
    UART6_Handler                            0x000003c5   Thumb Code     2  startup_tm4c123.o(.text)
    UART7_Handler                            0x000003c7   Thumb Code     2  startup_tm4c123.o(.text)
    I2C2_Handler                             0x000003c9   Thumb Code     2  startup_tm4c123.o(.text)
    I2C3_Handler                             0x000003cb   Thumb Code     2  startup_tm4c123.o(.text)
    TIMER4A_Handler                          0x000003cd   Thumb Code     2  startup_tm4c123.o(.text)
    TIMER4B_Handler                          0x000003cf   Thumb Code     2  startup_tm4c123.o(.text)
    TIMER5A_Handler                          0x000003d1   Thumb Code     2  startup_tm4c123.o(.text)
    TIMER5B_Handler                          0x000003d3   Thumb Code     2  startup_tm4c123.o(.text)
    WTIMER0A_Handler                         0x000003d5   Thumb Code     2  startup_tm4c123.o(.text)
    WTIMER0B_Handler                         0x000003d7   Thumb Code     2  startup_tm4c123.o(.text)
    WTIMER1A_Handler                         0x000003d9   Thumb Code     2  startup_tm4c123.o(.text)
    WTIMER1B_Handler                         0x000003db   Thumb Code     2  startup_tm4c123.o(.text)
    WTIMER2A_Handler                         0x000003dd   Thumb Code     2  startup_tm4c123.o(.text)
    WTIMER2B_Handler                         0x000003df   Thumb Code     2  startup_tm4c123.o(.text)
    WTIMER3A_Handler                         0x000003e1   Thumb Code     2  startup_tm4c123.o(.text)
    WTIMER3B_Handler                         0x000003e3   Thumb Code     2  startup_tm4c123.o(.text)
    WTIMER4A_Handler                         0x000003e5   Thumb Code     2  startup_tm4c123.o(.text)
    WTIMER4B_Handler                         0x000003e7   Thumb Code     2  startup_tm4c123.o(.text)
    WTIMER5A_Handler                         0x000003e9   Thumb Code     2  startup_tm4c123.o(.text)
    WTIMER5B_Handler                         0x000003eb   Thumb Code     2  startup_tm4c123.o(.text)
    FPU_Handler                              0x000003ed   Thumb Code     2  startup_tm4c123.o(.text)
    I2C4_Handler                             0x000003ef   Thumb Code     2  startup_tm4c123.o(.text)
    I2C5_Handler                             0x000003f1   Thumb Code     2  startup_tm4c123.o(.text)
    GPIOM_Handler                            0x000003f3   Thumb Code     2  startup_tm4c123.o(.text)
    GPION_Handler                            0x000003f5   Thumb Code     2  startup_tm4c123.o(.text)
    QEI2_Handler                             0x000003f7   Thumb Code     2  startup_tm4c123.o(.text)
    GPIOP0_Handler                           0x000003f9   Thumb Code     2  startup_tm4c123.o(.text)
    GPIOP1_Handler                           0x000003fb   Thumb Code     2  startup_tm4c123.o(.text)
    GPIOP2_Handler                           0x000003fd   Thumb Code     2  startup_tm4c123.o(.text)
    GPIOP3_Handler                           0x000003ff   Thumb Code     2  startup_tm4c123.o(.text)
    GPIOP4_Handler                           0x00000401   Thumb Code     2  startup_tm4c123.o(.text)
    GPIOP5_Handler                           0x00000403   Thumb Code     2  startup_tm4c123.o(.text)
    GPIOP6_Handler                           0x00000405   Thumb Code     2  startup_tm4c123.o(.text)
    GPIOP7_Handler                           0x00000407   Thumb Code     2  startup_tm4c123.o(.text)
    GPIOQ0_Handler                           0x00000409   Thumb Code     2  startup_tm4c123.o(.text)
    GPIOQ1_Handler                           0x0000040b   Thumb Code     2  startup_tm4c123.o(.text)
    GPIOQ2_Handler                           0x0000040d   Thumb Code     2  startup_tm4c123.o(.text)
    GPIOQ3_Handler                           0x0000040f   Thumb Code     2  startup_tm4c123.o(.text)
    GPIOQ4_Handler                           0x00000411   Thumb Code     2  startup_tm4c123.o(.text)
    GPIOQ5_Handler                           0x00000413   Thumb Code     2  startup_tm4c123.o(.text)
    GPIOQ6_Handler                           0x00000415   Thumb Code     2  startup_tm4c123.o(.text)
    GPIOQ7_Handler                           0x00000417   Thumb Code     2  startup_tm4c123.o(.text)
    GPIOR_Handler                            0x00000419   Thumb Code     2  startup_tm4c123.o(.text)
    GPIOS_Handler                            0x0000041b   Thumb Code     2  startup_tm4c123.o(.text)
    PMW1_0_Handler                           0x0000041d   Thumb Code     2  startup_tm4c123.o(.text)
    PWM1_1_Handler                           0x0000041f   Thumb Code     2  startup_tm4c123.o(.text)
    PWM1_2_Handler                           0x00000421   Thumb Code     2  startup_tm4c123.o(.text)
    PWM1_3_Handler                           0x00000423   Thumb Code     2  startup_tm4c123.o(.text)
    PWM1_FAULT_Handler                       0x00000425   Thumb Code     2  startup_tm4c123.o(.text)
    __user_initial_stackheap                 0x00000431   Thumb Code     0  startup_tm4c123.o(.text)
    __use_two_region_memory                  0x0000044d   Thumb Code     2  heapauxi.o(.text)
    __rt_heap_escrow$2region                 0x0000044f   Thumb Code     2  heapauxi.o(.text)
    __rt_heap_expand$2region                 0x00000451   Thumb Code     2  heapauxi.o(.text)
    setjmp                                   0x00000453   Thumb Code    26  setjmp.o(.text)
    longjmp                                  0x0000046d   Thumb Code    36  setjmp.o(.text)
    __user_setup_stackheap                   0x00000491   Thumb Code    74  sys_stackheap_outer.o(.text)
    exit                                     0x000004db   Thumb Code    18  exit.o(.text)
    __user_libspace                          0x000004ed   Thumb Code     8  libspace.o(.text)
    __user_perproc_libspace                  0x000004ed   Thumb Code     0  libspace.o(.text)
    __user_perthread_libspace                0x000004ed   Thumb Code     0  libspace.o(.text)
    _sys_exit                                0x000004f5   Thumb Code     8  sys_exit.o(.text)
    __I$use$semihosting                      0x00000501   Thumb Code     0  use_no_semi.o(.text)
    __use_no_semihosting_swi                 0x00000501   Thumb Code     2  use_no_semi.o(.text)
    __semihosting_library_function           0x00000503   Thumb Code     0  indicate_semi.o(.text)
    CMockExpectParameters_set_sp             0x00000505   Thumb Code    16  mocktm4c_bsp_mocks.o(.text.CMockExpectParameters_set_sp)
    CMock_Guts_GetAddressFor                 0x00000515   Thumb Code    60  cmock.o(.text.CMock_Guts_GetAddressFor)
    CMock_Guts_MemChain                      0x00000551   Thumb Code   210  cmock.o(.text.CMock_Guts_MemChain)
    CMock_Guts_MemNew                        0x00000625   Thumb Code   130  cmock.o(.text.CMock_Guts_MemNew)
    CMock_Guts_MemNext                       0x000006a9   Thumb Code   104  cmock.o(.text.CMock_Guts_MemNext)
    PLL_init                                 0x00000711   Thumb Code   122  tm4c_bsp.o(.text.PLL_init)
    SysTick_init                             0x0000078d   Thumb Code    46  tm4c_bsp.o(.text.SysTick_init)
    SysTick_wait                             0x000007bd   Thumb Code    36  tm4c_bsp.o(.text.SysTick_wait)
    SystemInit                               0x000007e1   Thumb Code   252  system_tm4c123gh6pm.o(.text.SystemInit)
    UART0_Handler                            0x000008dd   Thumb Code   678  cyber_minion.o(.text.UART0_Handler)
    UART0_and_servos_init                    0x00000b85   Thumb Code   552  tm4c_bsp.o(.text.UART0_and_servos_init)
    UART_Flush                               0x00000dad   Thumb Code    24  tm4c_bsp.o(.text.UART_Flush)
    UART_SendChar                            0x00000dc5   Thumb Code    46  tm4c_bsp.o(.text.UART_SendChar)
    UnityAssertEqualIntArray                 0x00000e75   Thumb Code   554  unity.o(.text.UnityAssertEqualIntArray)
    UnityAssertEqualNumber                   0x000010a1   Thumb Code   166  unity.o(.text.UnityAssertEqualNumber)
    UnityBegin                               0x00001149   Thumb Code    40  unity.o(.text.UnityBegin)
    UnityConcludeTest                        0x00001171   Thumb Code   124  unity.o(.text.UnityConcludeTest)
    UnityDefaultTestRun                      0x000011ed   Thumb Code   106  unity.o(.text.UnityDefaultTestRun)
    UnityEnd                                 0x00001259   Thumb Code   164  unity.o(.text.UnityEnd)
    UnityFail                                0x000012fd   Thumb Code   240  unity.o(.text.UnityFail)
    UnityPrint                               0x0000145d   Thumb Code    46  unity.o(.text.UnityPrint)
    UnityPrintNumber                         0x00001501   Thumb Code    44  unity.o(.text.UnityPrintNumber)
    UnityPrintNumberByStyle                  0x0000152d   Thumb Code   208  unity.o(.text.UnityPrintNumberByStyle)
    UnityPrintNumberHex                      0x000015fd   Thumb Code   112  unity.o(.text.UnityPrintNumberHex)
    UnityPrintNumberUnsigned                 0x0000166d   Thumb Code   106  unity.o(.text.UnityPrintNumberUnsigned)
    delay_10ms                               0x000017b5   Thumb Code    40  tm4c_bsp.o(.text.delay_10ms)
    enable_interrupts                        0x000017dd   Thumb Code     4  tm4c_bsp.o(.text.enable_interrupts)
    exit_interrupt                           0x000017e1   Thumb Code   116  mocktm4c_bsp_mocks.o(.text.exit_interrupt)
    exit_interrupt_CMockExpect               0x00001855   Thumb Code    88  mocktm4c_bsp_mocks.o(.text.exit_interrupt_CMockExpect)
    get_UART0_interrupt_data                 0x000018ad   Thumb Code    26  tm4c_bsp.o(.text.get_UART0_interrupt_data)
    hilTest_UART0_Handler_changesStateToScanning_whenUARTFrameMSBIsEnabled 0x000018c9   Thumb Code   166  cyber_minion_hil_tests.o(.text.hilTest_UART0_Handler_changesStateToScanning_whenUARTFrameMSBIsEnabled)
    main                                     0x00001971   Thumb Code    66  cyber_minion_hil_tests.o(.text.main)
    main_loop                                0x000019b5   Thumb Code    80  cyber_minion.o(.text.main_loop)
    scan                                     0x00001a05   Thumb Code   218  cyber_minion.o(.text.scan)
    setUp                                    0x00001ae1   Thumb Code     2  cyber_minion_hil_tests.o(.text.setUp)
    set_PWM0_generator0_CMPA                 0x00001ae5   Thumb Code    24  tm4c_bsp.o(.text.set_PWM0_generator0_CMPA)
    set_PWM0_generator1_CMPA                 0x00001afd   Thumb Code    24  tm4c_bsp.o(.text.set_PWM0_generator1_CMPA)
    set_compare_x                            0x00001b15   Thumb Code   104  cyber_minion.o(.text.set_compare_x)
    set_compare_y                            0x00001b7d   Thumb Code   104  cyber_minion.o(.text.set_compare_y)
    set_sp                                   0x00001be5   Thumb Code   232  mocktm4c_bsp_mocks.o(.text.set_sp)
    set_sp_CMockExpect                       0x00001ccd   Thumb Code   100  mocktm4c_bsp_mocks.o(.text.set_sp_CMockExpect)
    sleep_position                           0x00001d31   Thumb Code    20  cyber_minion.o(.text.sleep_position)
    tearDown                                 0x00001d45   Thumb Code     2  cyber_minion_hil_tests.o(.text.tearDown)
    wait_for_interrupt                       0x00001d49   Thumb Code     4  tm4c_bsp.o(.text.wait_for_interrupt)
    UnityStrFail                             0x00001d8e   Data           5  unity.o(.rodata.UnityStrFail)
    UnityStrOk                               0x00001dc9   Data           3  unity.o(.rodata.UnityStrOk)
    UnityStrPass                             0x00001dcc   Data           5  unity.o(.rodata.UnityStrPass)
    Region$$Table$$Base                      0x00002040   Number         0  anon$$obj.o(Region$$Table)
    Region$$Table$$Limit                     0x00002060   Number         0  anon$$obj.o(Region$$Table)
    CMockStringCalledMore                    0x20000000   Data           4  cmock.o(.data.CMockStringCalledMore)
    CMockStringExpNULL                       0x20000004   Data           4  cmock.o(.data.CMockStringExpNULL)
    CMockStringMismatch                      0x20000008   Data           4  cmock.o(.data.CMockStringMismatch)
    CMockStringOutOfMemory                   0x2000000c   Data           4  cmock.o(.data.CMockStringOutOfMemory)
    compare_x                                0x20000028   Data           2  cyber_minion.o(.data.compare_x)
    compare_y                                0x2000002a   Data           2  cyber_minion.o(.data.compare_y)
    sp1                                      0x2000002c   Data           4  cyber_minion.o(.data.sp1)
    sp2                                      0x20000030   Data           4  cyber_minion.o(.data.sp2)
    __libspace_start                         0x20000038   Data          96  libspace.o(.bss)
    __temporary_stack_top$libspace           0x20000098   Data           0  libspace.o(.bss)
    Unity                                    0x200004a8   Data         200  unity.o(.bss.Unity)
    current_state                            0x20000570   Data           1  cyber_minion.o(.bss.current_state)



==============================================================================

Memory Map of the image

  Image Entry point : 0x00000335

  Load Region LR_1 (Base: 0x00000000, Size: 0x00002094, Max: 0xffffffff, ABSOLUTE)

    Execution Region ER_RO (Exec base: 0x00000000, Load base: 0x00000000, Size: 0x00002060, Max: 0xffffffff, ABSOLUTE)

    Exec Addr    Load Addr    Size         Type   Attr      Idx    E Section Name        Object

    0x00000000   0x00000000   0x0000026c   Data   RO           30    RESET               startup_tm4c123.o
    0x0000026c   0x0000026c   0x00000008   Code   RO          319  * !!!main             c_w.l(__main.o)
    0x00000274   0x00000274   0x0000005c   Code   RO          527    !!!scatter          c_w.l(__scatter.o)
    0x000002d0   0x000002d0   0x0000001a   Code   RO          531    !!handler_copy      c_w.l(__scatter_copy.o)
    0x000002ea   0x000002ea   0x00000002   PAD
    0x000002ec   0x000002ec   0x00000002   Code   RO          528    !!handler_null      c_w.l(__scatter.o)
    0x000002ee   0x000002ee   0x00000002   PAD
    0x000002f0   0x000002f0   0x0000001c   Code   RO          533    !!handler_zi        c_w.l(__scatter_zi.o)
    0x0000030c   0x0000030c   0x00000002   Code   RO          389    .ARM.Collect$$libinit$$00000000  c_w.l(libinit.o)
    0x0000030e   0x0000030e   0x00000000   Code   RO          396    .ARM.Collect$$libinit$$00000002  c_w.l(libinit2.o)
    0x0000030e   0x0000030e   0x00000000   Code   RO          398    .ARM.Collect$$libinit$$00000004  c_w.l(libinit2.o)
    0x0000030e   0x0000030e   0x00000000   Code   RO          400    .ARM.Collect$$libinit$$00000006  c_w.l(libinit2.o)
    0x0000030e   0x0000030e   0x00000000   Code   RO          403    .ARM.Collect$$libinit$$0000000C  c_w.l(libinit2.o)
    0x0000030e   0x0000030e   0x00000000   Code   RO          405    .ARM.Collect$$libinit$$0000000E  c_w.l(libinit2.o)
    0x0000030e   0x0000030e   0x00000000   Code   RO          407    .ARM.Collect$$libinit$$00000010  c_w.l(libinit2.o)
    0x0000030e   0x0000030e   0x00000000   Code   RO          410    .ARM.Collect$$libinit$$00000013  c_w.l(libinit2.o)
    0x0000030e   0x0000030e   0x00000000   Code   RO          412    .ARM.Collect$$libinit$$00000015  c_w.l(libinit2.o)
    0x0000030e   0x0000030e   0x00000000   Code   RO          414    .ARM.Collect$$libinit$$00000017  c_w.l(libinit2.o)
    0x0000030e   0x0000030e   0x00000000   Code   RO          416    .ARM.Collect$$libinit$$00000019  c_w.l(libinit2.o)
    0x0000030e   0x0000030e   0x00000000   Code   RO          418    .ARM.Collect$$libinit$$0000001B  c_w.l(libinit2.o)
    0x0000030e   0x0000030e   0x00000000   Code   RO          420    .ARM.Collect$$libinit$$0000001D  c_w.l(libinit2.o)
    0x0000030e   0x0000030e   0x00000000   Code   RO          422    .ARM.Collect$$libinit$$0000001F  c_w.l(libinit2.o)
    0x0000030e   0x0000030e   0x00000000   Code   RO          424    .ARM.Collect$$libinit$$00000021  c_w.l(libinit2.o)
    0x0000030e   0x0000030e   0x00000000   Code   RO          426    .ARM.Collect$$libinit$$00000023  c_w.l(libinit2.o)
    0x0000030e   0x0000030e   0x00000000   Code   RO          428    .ARM.Collect$$libinit$$00000025  c_w.l(libinit2.o)
    0x0000030e   0x0000030e   0x00000000   Code   RO          430    .ARM.Collect$$libinit$$00000027  c_w.l(libinit2.o)
    0x0000030e   0x0000030e   0x00000000   Code   RO          434    .ARM.Collect$$libinit$$0000002E  c_w.l(libinit2.o)
    0x0000030e   0x0000030e   0x00000000   Code   RO          436    .ARM.Collect$$libinit$$00000030  c_w.l(libinit2.o)
    0x0000030e   0x0000030e   0x00000000   Code   RO          438    .ARM.Collect$$libinit$$00000032  c_w.l(libinit2.o)
    0x0000030e   0x0000030e   0x00000000   Code   RO          440    .ARM.Collect$$libinit$$00000034  c_w.l(libinit2.o)
    0x0000030e   0x0000030e   0x00000002   Code   RO          441    .ARM.Collect$$libinit$$00000035  c_w.l(libinit2.o)
    0x00000310   0x00000310   0x00000002   Code   RO          463    .ARM.Collect$$libshutdown$$00000000  c_w.l(libshutdown.o)
    0x00000312   0x00000312   0x00000000   Code   RO          478    .ARM.Collect$$libshutdown$$00000002  c_w.l(libshutdown2.o)
    0x00000312   0x00000312   0x00000000   Code   RO          480    .ARM.Collect$$libshutdown$$00000004  c_w.l(libshutdown2.o)
    0x00000312   0x00000312   0x00000000   Code   RO          483    .ARM.Collect$$libshutdown$$00000007  c_w.l(libshutdown2.o)
    0x00000312   0x00000312   0x00000000   Code   RO          486    .ARM.Collect$$libshutdown$$0000000A  c_w.l(libshutdown2.o)
    0x00000312   0x00000312   0x00000000   Code   RO          488    .ARM.Collect$$libshutdown$$0000000C  c_w.l(libshutdown2.o)
    0x00000312   0x00000312   0x00000000   Code   RO          491    .ARM.Collect$$libshutdown$$0000000F  c_w.l(libshutdown2.o)
    0x00000312   0x00000312   0x00000002   Code   RO          492    .ARM.Collect$$libshutdown$$00000010  c_w.l(libshutdown2.o)
    0x00000314   0x00000314   0x00000000   Code   RO          349    .ARM.Collect$$rtentry$$00000000  c_w.l(__rtentry.o)
    0x00000314   0x00000314   0x00000000   Code   RO          364    .ARM.Collect$$rtentry$$00000002  c_w.l(__rtentry2.o)
    0x00000314   0x00000314   0x00000006   Code   RO          376    .ARM.Collect$$rtentry$$00000004  c_w.l(__rtentry4.o)
    0x0000031a   0x0000031a   0x00000000   Code   RO          366    .ARM.Collect$$rtentry$$00000009  c_w.l(__rtentry2.o)
    0x0000031a   0x0000031a   0x00000004   Code   RO          367    .ARM.Collect$$rtentry$$0000000A  c_w.l(__rtentry2.o)
    0x0000031e   0x0000031e   0x00000000   Code   RO          369    .ARM.Collect$$rtentry$$0000000C  c_w.l(__rtentry2.o)
    0x0000031e   0x0000031e   0x00000008   Code   RO          370    .ARM.Collect$$rtentry$$0000000D  c_w.l(__rtentry2.o)
    0x00000326   0x00000326   0x00000002   Code   RO          393    .ARM.Collect$$rtexit$$00000000  c_w.l(rtexit.o)
    0x00000328   0x00000328   0x00000000   Code   RO          443    .ARM.Collect$$rtexit$$00000002  c_w.l(rtexit2.o)
    0x00000328   0x00000328   0x00000004   Code   RO          444    .ARM.Collect$$rtexit$$00000003  c_w.l(rtexit2.o)
    0x0000032c   0x0000032c   0x00000006   Code   RO          445    .ARM.Collect$$rtexit$$00000004  c_w.l(rtexit2.o)
    0x00000332   0x00000332   0x00000002   PAD
    0x00000334   0x00000334   0x00000118   Code   RO           31  * .text               startup_tm4c123.o
    0x0000044c   0x0000044c   0x00000006   Code   RO          317    .text               c_w.l(heapauxi.o)
    0x00000452   0x00000452   0x0000003e   Code   RO          347    .text               fz_ws.l(setjmp.o)
    0x00000490   0x00000490   0x0000004a   Code   RO          380    .text               c_w.l(sys_stackheap_outer.o)
    0x000004da   0x000004da   0x00000012   Code   RO          382    .text               c_w.l(exit.o)
    0x000004ec   0x000004ec   0x00000008   Code   RO          390    .text               c_w.l(libspace.o)
    0x000004f4   0x000004f4   0x0000000c   Code   RO          453    .text               c_w.l(sys_exit.o)
    0x00000500   0x00000500   0x00000002   Code   RO          468    .text               c_w.l(use_no_semi.o)
    0x00000502   0x00000502   0x00000000   Code   RO          470    .text               c_w.l(indicate_semi.o)
    0x00000502   0x00000502   0x00000002   PAD
    0x00000504   0x00000504   0x00000010   Code   RO          118    .text.CMockExpectParameters_set_sp  mocktm4c_bsp_mocks.o
    0x00000514   0x00000514   0x0000003c   Code   RO          281    .text.CMock_Guts_GetAddressFor  cmock.o
    0x00000550   0x00000550   0x000000d2   Code   RO          275    .text.CMock_Guts_MemChain  cmock.o
    0x00000622   0x00000622   0x00000002   PAD
    0x00000624   0x00000624   0x00000082   Code   RO          273    .text.CMock_Guts_MemNew  cmock.o
    0x000006a6   0x000006a6   0x00000002   PAD
    0x000006a8   0x000006a8   0x00000068   Code   RO          277    .text.CMock_Guts_MemNext  cmock.o
    0x00000710   0x00000710   0x0000007a   Code   RO           62    .text.PLL_init      tm4c_bsp.o
    0x0000078a   0x0000078a   0x00000002   PAD
    0x0000078c   0x0000078c   0x0000002e   Code   RO           64    .text.SysTick_init  tm4c_bsp.o
    0x000007ba   0x000007ba   0x00000002   PAD
    0x000007bc   0x000007bc   0x00000024   Code   RO           66    .text.SysTick_wait  tm4c_bsp.o
    0x000007e0   0x000007e0   0x000000fc   Code   RO           42    .text.SystemInit    system_tm4c123gh6pm.o
    0x000008dc   0x000008dc   0x000002a6   Code   RO            8    .text.UART0_Handler  cyber_minion.o
    0x00000b82   0x00000b82   0x00000002   PAD
    0x00000b84   0x00000b84   0x00000228   Code   RO           70    .text.UART0_and_servos_init  tm4c_bsp.o
    0x00000dac   0x00000dac   0x00000018   Code   RO           80    .text.UART_Flush    tm4c_bsp.o
    0x00000dc4   0x00000dc4   0x0000002e   Code   RO           78    .text.UART_SendChar  tm4c_bsp.o
    0x00000df2   0x00000df2   0x00000002   PAD
    0x00000df4   0x00000df4   0x00000080   Code   RO          172    .text.UnityAddMsgIfSpecified  unity.o
    0x00000e74   0x00000e74   0x0000022a   Code   RO          178    .text.UnityAssertEqualIntArray  unity.o
    0x0000109e   0x0000109e   0x00000002   PAD
    0x000010a0   0x000010a0   0x000000a6   Code   RO          174    .text.UnityAssertEqualNumber  unity.o
    0x00001146   0x00001146   0x00000002   PAD
    0x00001148   0x00001148   0x00000028   Code   RO          220    .text.UnityBegin    unity.o
    0x00001170   0x00001170   0x0000007c   Code   RO          164    .text.UnityConcludeTest  unity.o
    0x000011ec   0x000011ec   0x0000006a   Code   RO          216    .text.UnityDefaultTestRun  unity.o
    0x00001256   0x00001256   0x00000002   PAD
    0x00001258   0x00001258   0x000000a4   Code   RO          222    .text.UnityEnd      unity.o
    0x000012fc   0x000012fc   0x000000f0   Code   RO          210    .text.UnityFail     unity.o
    0x000013ec   0x000013ec   0x00000070   Code   RO          180    .text.UnityIsOneArrayNull  unity.o
    0x0000145c   0x0000145c   0x0000002e   Code   RO          138    .text.UnityPrint    unity.o
    0x0000148a   0x0000148a   0x00000002   PAD
    0x0000148c   0x0000148c   0x00000074   Code   RO          140    .text.UnityPrintChar  unity.o
    0x00001500   0x00001500   0x0000002c   Code   RO          148    .text.UnityPrintNumber  unity.o
    0x0000152c   0x0000152c   0x000000d0   Code   RO          146    .text.UnityPrintNumberByStyle  unity.o
    0x000015fc   0x000015fc   0x00000070   Code   RO          144    .text.UnityPrintNumberHex  unity.o
    0x0000166c   0x0000166c   0x0000006a   Code   RO          150    .text.UnityPrintNumberUnsigned  unity.o
    0x000016d6   0x000016d6   0x00000002   PAD
    0x000016d8   0x000016d8   0x0000003a   Code   RO          166    .text.UnityTestResultsBegin  unity.o
    0x00001712   0x00001712   0x00000002   PAD
    0x00001714   0x00001714   0x0000002c   Code   RO          170    .text.UnityTestResultsFailBegin  unity.o
    0x00001740   0x00001740   0x00000030   Code   RO           74    .text.__NVIC_EnableIRQ  tm4c_bsp.o
    0x00001770   0x00001770   0x00000042   Code   RO           72    .text.__NVIC_SetPriority  tm4c_bsp.o
    0x000017b2   0x000017b2   0x00000002   PAD
    0x000017b4   0x000017b4   0x00000028   Code   RO           68    .text.delay_10ms    tm4c_bsp.o
    0x000017dc   0x000017dc   0x00000004   Code   RO           58    .text.enable_interrupts  tm4c_bsp.o
    0x000017e0   0x000017e0   0x00000074   Code   RO          122    .text.exit_interrupt  mocktm4c_bsp_mocks.o
    0x00001854   0x00001854   0x00000058   Code   RO          124    .text.exit_interrupt_CMockExpect  mocktm4c_bsp_mocks.o
    0x000018ac   0x000018ac   0x0000001a   Code   RO           52    .text.get_UART0_interrupt_data  tm4c_bsp.o
    0x000018c6   0x000018c6   0x00000002   PAD
    0x000018c8   0x000018c8   0x000000a6   Code   RO           95    .text.hilTest_UART0_Handler_changesStateToScanning_whenUARTFrameMSBIsEnabled  cyber_minion_hil_tests.o
    0x0000196e   0x0000196e   0x00000002   PAD
    0x00001970   0x00001970   0x00000042   Code   RO           97    .text.main          cyber_minion_hil_tests.o
    0x000019b2   0x000019b2   0x00000002   PAD
    0x000019b4   0x000019b4   0x00000050   Code   RO            2    .text.main_loop     cyber_minion.o
    0x00001a04   0x00001a04   0x000000da   Code   RO            4    .text.scan          cyber_minion.o
    0x00001ade   0x00001ade   0x00000002   PAD
    0x00001ae0   0x00001ae0   0x00000002   Code   RO           89    .text.setUp         cyber_minion_hil_tests.o
    0x00001ae2   0x00001ae2   0x00000002   PAD
    0x00001ae4   0x00001ae4   0x00000018   Code   RO           54    .text.set_PWM0_generator0_CMPA  tm4c_bsp.o
    0x00001afc   0x00001afc   0x00000018   Code   RO           56    .text.set_PWM0_generator1_CMPA  tm4c_bsp.o
    0x00001b14   0x00001b14   0x00000068   Code   RO           12    .text.set_compare_x  cyber_minion.o
    0x00001b7c   0x00001b7c   0x00000068   Code   RO           10    .text.set_compare_y  cyber_minion.o
    0x00001be4   0x00001be4   0x000000e8   Code   RO          116    .text.set_sp        mocktm4c_bsp_mocks.o
    0x00001ccc   0x00001ccc   0x00000064   Code   RO          120    .text.set_sp_CMockExpect  mocktm4c_bsp_mocks.o
    0x00001d30   0x00001d30   0x00000014   Code   RO            6    .text.sleep_position  cyber_minion.o
    0x00001d44   0x00001d44   0x00000002   Code   RO           91    .text.tearDown      cyber_minion_hil_tests.o
    0x00001d46   0x00001d46   0x00000002   PAD
    0x00001d48   0x00001d48   0x00000004   Code   RO           60    .text.wait_for_interrupt  tm4c_bsp.o
    0x00001d4c   0x00001d4c   0x00000018   Data   RO          259    .rodata.UnityStrBreaker  unity.o
    0x00001d64   0x00001d64   0x0000000a   Data   RO          256    .rodata.UnityStrDetail1Name  unity.o
    0x00001d6e   0x00001d6e   0x0000000b   Data   RO          257    .rodata.UnityStrDetail2Name  unity.o
    0x00001d79   0x00001d79   0x0000000a   Data   RO          244    .rodata.UnityStrElement  unity.o
    0x00001d83   0x00001d83   0x0000000b   Data   RO          237    .rodata.UnityStrExpected  unity.o
    0x00001d8e   0x00001d8e   0x00000005   Data   RO          226    .rodata.UnityStrFail  unity.o
    0x00001d93   0x00001d93   0x00000019   Data   RO          264    .rodata.UnityStrNullPointerForActual  unity.o
    0x00001dac   0x00001dac   0x0000001d   Data   RO          263    .rodata.UnityStrNullPointerForExpected  unity.o
    0x00001dc9   0x00001dc9   0x00000003   Data   RO          224    .rodata.UnityStrOk  unity.o
    0x00001dcc   0x00001dcc   0x00000005   Data   RO          225    .rodata.UnityStrPass  unity.o
    0x00001dd1   0x00001dd1   0x00000037   Data   RO          243    .rodata.UnityStrPointless  unity.o
    0x00001e08   0x00001e08   0x0000000b   Data   RO          261    .rodata.UnityStrResultsFailures  unity.o
    0x00001e13   0x00001e13   0x0000000a   Data   RO          262    .rodata.UnityStrResultsIgnored  unity.o
    0x00001e1d   0x00001e1d   0x00000008   Data   RO          260    .rodata.UnityStrResultsTests  unity.o
    0x00001e25   0x00001e25   0x00000003   Data   RO          258    .rodata.UnityStrSpacer  unity.o
    0x00001e28   0x00001e28   0x00000006   Data   RO          238    .rodata.UnityStrWas  unity.o
    0x00001e2e   0x00001e2e   0x00000096   Data   RO          101    .rodata.str1.1      cyber_minion_hil_tests.o
    0x00001ec4   0x00001ec4   0x00000021   Data   RO          130    .rodata.str1.1      mocktm4c_bsp_mocks.o
    0x00001ee5   0x00001ee5   0x00000159   Data   RO          293    .rodata.str1.1      cmock.o
    0x0000203e   0x0000203e   0x00000002   PAD
    0x00002040   0x00002040   0x00000020   Data   RO          526    Region$$Table       anon$$obj.o


    Execution Region ER_RW (Exec base: 0x20000000, Load base: 0x00002060, Size: 0x00000034, Max: 0xffffffff, ABSOLUTE)

    Exec Addr    Load Addr    Size         Type   Attr      Idx    E Section Name        Object

    0x20000000   0x00002060   0x00000004   Data   RW          295    .data.CMockStringCalledMore  cmock.o
    0x20000004   0x00002064   0x00000004   Data   RW          303    .data.CMockStringExpNULL  cmock.o
    0x20000008   0x00002068   0x00000004   Data   RW          304    .data.CMockStringMismatch  cmock.o
    0x2000000c   0x0000206c   0x00000004   Data   RW          294    .data.CMockStringOutOfMemory  cmock.o
    0x20000010   0x00002070   0x00000004   Data   RW          129    .data.CMockString_cmock_arg1  mocktm4c_bsp_mocks.o
    0x20000014   0x00002074   0x00000004   Data   RW          128    .data.CMockString_exit_interrupt  mocktm4c_bsp_mocks.o
    0x20000018   0x00002078   0x00000004   Data   RW          127    .data.CMockString_set_sp  mocktm4c_bsp_mocks.o
    0x2000001c   0x0000207c   0x00000004   Data   RW          307    .data.CMock_Guts_Buffer  cmock.o
    0x20000020   0x00002080   0x00000004   Data   RW          305    .data.CMock_Guts_BufferSize  cmock.o
    0x20000024   0x00002084   0x00000004   Data   RW          306    .data.CMock_Guts_FreePtr  cmock.o
    0x20000028   0x00002088   0x00000002   Data   RW           15    .data.compare_x     cyber_minion.o
    0x2000002a   0x0000208a   0x00000002   Data   RW           16    .data.compare_y     cyber_minion.o
    0x2000002c   0x0000208c   0x00000004   Data   RW           18    .data.sp1           cyber_minion.o
    0x20000030   0x00002090   0x00000004   Data   RW           20    .data.sp2           cyber_minion.o


    Execution Region ER_ZI (Exec base: 0x20000038, Load base: 0x00002094, Size: 0x00000e80, Max: 0xffffffff, ABSOLUTE)

    Exec Addr    Load Addr    Size         Type   Attr      Idx    E Section Name        Object

    0x20000038        -       0x00000060   Zero   RW          391    .bss                c_w.l(libspace.o)
    0x20000098        -       0x00000408   Zero   RW          308    .bss.CMock_Guts_Space  cmock.o
    0x200004a0        -       0x00000008   Zero   RW          126    .bss.Mock           mocktm4c_bsp_mocks.o
    0x200004a8        -       0x000000c8   Zero   RW          236    .bss.Unity          unity.o
    0x20000570        -       0x00000001   Zero   RW           14    .bss.current_state  cyber_minion.o
    0x20000571   0x00002094   0x00000003   PAD
    0x20000574        -       0x000000a0   Zero   RW           17    .bss.stack1         cyber_minion.o
    0x20000614        -       0x000000a0   Zero   RW           19    .bss.stack2         cyber_minion.o
    0x200006b4        -       0x00000001   Zero   RW           21    .bss.using_stack1   cyber_minion.o
    0x200006b5   0x00002094   0x00000003   PAD
    0x200006b8        -       0x00000400   Zero   RW           29    HEAP                startup_tm4c123.o
    0x20000ab8        -       0x00000400   Zero   RW           28    STACK               startup_tm4c123.o


==============================================================================

Image component sizes


      Code (inc. data)   RO Data    RW Data    ZI Data      Debug   Object Name

       504          0        345         28       1032       3283   cmock.o
      1204         16          0         12        322       2232   cyber_minion.o
       236          0        150          0          0       2774   cyber_minion_hil_tests.o
       552          0         33         12          8       3378   mocktm4c_bsp_mocks.o
       280         28        620          0       2048       5408   startup_tm4c123.o
       252          0          0          0          0       6075   system_tm4c123gh6pm.o
      1062          0          0          0          0      12669   tm4c_bsp.o
      2368          0        226          0        200      17307   unity.o

    ----------------------------------------------------------------------
      6496         44       1408         52       3616      53126   Object Totals
         0          0         32          0          0          0   (incl. Generated)
        38          0          2          0          6          0   (incl. Padding)

    ----------------------------------------------------------------------

      Code (inc. data)   RO Data    RW Data    ZI Data      Debug   Library Member Name

         8          0          0          0          0         68   __main.o
         0          0          0          0          0          0   __rtentry.o
        12          0          0          0          0          0   __rtentry2.o
         6          0          0          0          0          0   __rtentry4.o
        94          8          0          0          0          0   __scatter.o
        26          0          0          0          0          0   __scatter_copy.o
        28          0          0          0          0          0   __scatter_zi.o
        18          0          0          0          0         80   exit.o
         6          0          0          0          0        152   heapauxi.o
         0          0          0          0          0          0   indicate_semi.o
         2          0          0          0          0          0   libinit.o
         2          0          0          0          0          0   libinit2.o
         2          0          0          0          0          0   libshutdown.o
         2          0          0          0          0          0   libshutdown2.o
         8          4          0          0         96         68   libspace.o
         2          0          0          0          0          0   rtexit.o
        10          0          0          0          0          0   rtexit2.o
        12          4          0          0          0         68   sys_exit.o
        74          0          0          0          0         80   sys_stackheap_outer.o
         2          0          0          0          0         68   use_no_semi.o
        62          0          0          0          0         92   setjmp.o

    ----------------------------------------------------------------------
       384         16          0          0         96        676   Library Totals
         8          0          0          0          0          0   (incl. Padding)

    ----------------------------------------------------------------------

      Code (inc. data)   RO Data    RW Data    ZI Data      Debug   Library Name

       314         16          0          0         96        584   c_w.l
        62          0          0          0          0         92   fz_ws.l

    ----------------------------------------------------------------------
       384         16          0          0         96        676   Library Totals

    ----------------------------------------------------------------------

==============================================================================


      Code (inc. data)   RO Data    RW Data    ZI Data      Debug   

      6880         60       1408         52       3712      53590   Grand Totals
      6880         60       1408         52       3712      53590   ELF Image Totals
      6880         60       1408         52          0          0   ROM Totals

==============================================================================

    Total RO  Size (Code + RO Data)                 8288 (   8.09kB)
    Total RW  Size (RW Data + ZI Data)              3764 (   3.68kB)
    Total ROM Size (Code + RO Data + RW Data)       8340 (   8.14kB)

==============================================================================

