Component: Arm Compiler for Embedded 6.22 Tool: armlink [5ee90200]

==============================================================================

Section Cross References

    cyber_minion.o(.text.main_loop) refers to cyber_minion.o(.bss.current_state) for current_state
    cyber_minion.o(.text.main_loop) refers to startup_tm4c123.o(.text) for WaitForInterrupt
    cyber_minion.o(.text.main_loop) refers to cyber_minion.o(.text.scan) for scan
    cyber_minion.o(.text.main_loop) refers to cyber_minion.o(.text.sleep_position) for sleep_position
    cyber_minion.o(.ARM.exidx.text.main_loop) refers to cyber_minion.o(.text.main_loop) for [Anonymous Symbol]
    cyber_minion.o(.text.scan) refers to cyber_minion.o(.text.set_compare_y) for set_compare_y
    cyber_minion.o(.text.scan) refers to cyber_minion.o(.text.set_compare_x) for set_compare_x
    cyber_minion.o(.text.scan) refers to tm4c_bsp.o(.text.delay_10ms) for delay_10ms
    cyber_minion.o(.text.scan) refers to cyber_minion.o(.data.compare_x) for compare_x
    cyber_minion.o(.text.scan) refers to cyber_minion.o(.data.compare_y) for compare_y
    cyber_minion.o(.ARM.exidx.text.scan) refers to cyber_minion.o(.text.scan) for [Anonymous Symbol]
    cyber_minion.o(.text.sleep_position) refers to cyber_minion.o(.text.set_compare_x) for set_compare_x
    cyber_minion.o(.text.sleep_position) refers to cyber_minion.o(.text.set_compare_y) for set_compare_y
    cyber_minion.o(.ARM.exidx.text.sleep_position) refers to cyber_minion.o(.text.sleep_position) for [Anonymous Symbol]
    cyber_minion.o(.text.UART0_Handler) refers to tm4c_bsp.o(.text.get_UART0_interrupt_data) for get_UART0_interrupt_data
    cyber_minion.o(.text.UART0_Handler) refers to cyber_minion.o(.bss.current_state) for current_state
    cyber_minion.o(.text.UART0_Handler) refers to cyber_minion.o(.data.compare_y) for compare_y
    cyber_minion.o(.text.UART0_Handler) refers to cyber_minion.o(.text.set_compare_y) for set_compare_y
    cyber_minion.o(.text.UART0_Handler) refers to cyber_minion.o(.data.compare_x) for compare_x
    cyber_minion.o(.text.UART0_Handler) refers to cyber_minion.o(.text.set_compare_x) for set_compare_x
    cyber_minion.o(.text.UART0_Handler) refers to cyber_minion.o(.bss.using_stack1) for using_stack1
    cyber_minion.o(.text.UART0_Handler) refers to cyber_minion.o(.bss.stack2) for stack2
    cyber_minion.o(.text.UART0_Handler) refers to cyber_minion.o(.data.sp2) for sp2
    cyber_minion.o(.text.UART0_Handler) refers to cyber_minion.o(.text.main_loop) for main_loop
    cyber_minion.o(.text.UART0_Handler) refers to cyber_minion.o(.bss.stack1) for stack1
    cyber_minion.o(.text.UART0_Handler) refers to cyber_minion.o(.data.sp1) for sp1
    cyber_minion.o(.ARM.exidx.text.UART0_Handler) refers to cyber_minion.o(.text.UART0_Handler) for [Anonymous Symbol]
    cyber_minion.o(.text.set_compare_y) refers to cyber_minion.o(.data.compare_y) for compare_y
    cyber_minion.o(.text.set_compare_y) refers to tm4c_bsp.o(.text.set_PWM0_generator1_CMPA) for set_PWM0_generator1_CMPA
    cyber_minion.o(.ARM.exidx.text.set_compare_y) refers to cyber_minion.o(.text.set_compare_y) for [Anonymous Symbol]
    cyber_minion.o(.text.set_compare_x) refers to cyber_minion.o(.data.compare_x) for compare_x
    cyber_minion.o(.text.set_compare_x) refers to tm4c_bsp.o(.text.set_PWM0_generator0_CMPA) for set_PWM0_generator0_CMPA
    cyber_minion.o(.ARM.exidx.text.set_compare_x) refers to cyber_minion.o(.text.set_compare_x) for [Anonymous Symbol]
    cyber_minion.o(.data.sp1) refers to cyber_minion.o(.bss.stack1) for stack1
    cyber_minion.o(.data.sp2) refers to cyber_minion.o(.bss.stack2) for stack2
    startup_tm4c123.o(STACK) refers (Special) to heapauxi.o(.text) for __use_two_region_memory
    startup_tm4c123.o(HEAP) refers (Special) to heapauxi.o(.text) for __use_two_region_memory
    startup_tm4c123.o(RESET) refers (Special) to heapauxi.o(.text) for __use_two_region_memory
    startup_tm4c123.o(RESET) refers to startup_tm4c123.o(STACK) for __initial_sp
    startup_tm4c123.o(RESET) refers to startup_tm4c123.o(.text) for Reset_Handler
    startup_tm4c123.o(RESET) refers to cyber_minion.o(.text.UART0_Handler) for UART0_Handler
    startup_tm4c123.o(.text) refers (Special) to heapauxi.o(.text) for __use_two_region_memory
    startup_tm4c123.o(.text) refers to system_tm4c123gh6pm.o(.text.SystemInit) for SystemInit
    startup_tm4c123.o(.text) refers to __main.o(!!!main) for __main
    startup_tm4c123.o(.text) refers to startup_tm4c123.o(HEAP) for Heap_Mem
    startup_tm4c123.o(.text) refers to startup_tm4c123.o(STACK) for Stack_Mem
    system_tm4c123gh6pm.o(.text.SystemCoreClockUpdate) refers to system_tm4c123gh6pm.o(.text.getOscClk) for getOscClk
    system_tm4c123gh6pm.o(.text.SystemCoreClockUpdate) refers to system_tm4c123gh6pm.o(.data.SystemCoreClock) for SystemCoreClock
[...]
    Removing unity.o(.ARM.exidx.text.UnityAssertEqualFloatArray), (8 bytes).
    Removing unity.o(.text.UnityFloatsWithin), (356 bytes).
    Removing unity.o(.ARM.exidx.text.UnityFloatsWithin), (8 bytes).
    Removing unity.o(.text.UnityAssertFloatsWithin), (144 bytes).
    Removing unity.o(.ARM.exidx.text.UnityAssertFloatsWithin), (8 bytes).
    Removing unity.o(.text.UnityAssertFloatSpecial), (484 bytes).
    Removing unity.o(.ARM.exidx.text.UnityAssertFloatSpecial), (8 bytes).
    Removing unity.o(.text.UnityAssertNumbersWithin), (332 bytes).
    Removing unity.o(.ARM.exidx.text.UnityAssertNumbersWithin), (8 bytes).
    Removing unity.o(.text.UnityAssertNumbersArrayWithin), (696 bytes).
    Removing unity.o(.ARM.exidx.text.UnityAssertNumbersArrayWithin), (8 bytes).
    Removing unity.o(.text.UnityAssertEqualString), (236 bytes).
    Removing unity.o(.ARM.exidx.text.UnityAssertEqualString), (8 bytes).
    Removing unity.o(.text.UnityPrintExpectedAndActualStrings), (144 bytes).
    Removing unity.o(.ARM.exidx.text.UnityPrintExpectedAndActualStrings), (8 bytes).
    Removing unity.o(.text.UnityAssertEqualStringLen), (262 bytes).
    Removing unity.o(.ARM.exidx.text.UnityAssertEqualStringLen), (8 bytes).
    Removing unity.o(.text.UnityPrintExpectedAndActualStringsLen), (150 bytes).
    Removing unity.o(.ARM.exidx.text.UnityPrintExpectedAndActualStringsLen), (8 bytes).
    Removing unity.o(.text.UnityAssertEqualStringArray), (450 bytes).
    Removing unity.o(.ARM.exidx.text.UnityAssertEqualStringArray), (8 bytes).
    Removing unity.o(.text.UnityAssertEqualMemory), (412 bytes).
    Removing unity.o(.ARM.exidx.text.UnityAssertEqualMemory), (8 bytes).
    Removing unity.o(.text.UnityNumToPtr), (84 bytes).
    Removing unity.o(.ARM.exidx.text.UnityNumToPtr), (8 bytes).
    Removing unity.o(.text.UnityFloatToPtr), (20 bytes).
    Removing unity.o(.ARM.exidx.text.UnityFloatToPtr), (8 bytes).
    Removing unity.o(.text.UnityFail), (244 bytes).
    Removing unity.o(.ARM.exidx.text.UnityFail), (8 bytes).
    Removing unity.o(.text.UnityIgnore), (134 bytes).
    Removing unity.o(.ARM.exidx.text.UnityIgnore), (8 bytes).
    Removing unity.o(.text.UnityMessage), (92 bytes).
    Removing unity.o(.ARM.exidx.text.UnityMessage), (8 bytes).
    Removing unity.o(.ARM.exidx.text.UnityDefaultTestRun), (8 bytes).
    Removing unity.o(.text.UnitySetTestFile), (20 bytes).
    Removing unity.o(.ARM.exidx.text.UnitySetTestFile), (8 bytes).
    Removing unity.o(.ARM.exidx.text.UnityBegin), (8 bytes).
    Removing unity.o(.ARM.exidx.text.UnityEnd), (8 bytes).
    Removing unity.o(.rodata.UnityStrIgnore), (7 bytes).
    Removing unity.o(.rodata.UnityStrErrShorthand), (33 bytes).
    Removing unity.o(.rodata.UnityStrErrFloat), (30 bytes).
    Removing unity.o(.rodata.UnityStrErrDouble), (32 bytes).
    Removing unity.o(.rodata.UnityStrErr64), (30 bytes).
    Removing unity.o(.rodata.UnityPrintFloat.sig_digits), (4 bytes).
    Removing unity.o(.rodata.UnityPrintFloat.min_scaled), (4 bytes).
    Removing unity.o(.rodata.UnityPrintFloat.max_scaled), (4 bytes).
    Removing unity.o(.rodata.str1.1), (15 bytes).
    Removing unity.o(.rodata.UnityStrGt), (21 bytes).
    Removing unity.o(.rodata.UnityStrLt), (18 bytes).
    Removing unity.o(.rodata.UnityStrOrEqual), (13 bytes).
    Removing unity.o(.rodata.UnityStrNotEqual), (21 bytes).
    Removing unity.o(.rodata.UnityStrPointless), (55 bytes).
    Removing unity.o(.rodata.UnityStrElement), (10 bytes).
    Removing unity.o(.rodata.UnityStrInf), (9 bytes).
    Removing unity.o(.rodata.UnityStrNegInf), (18 bytes).
    Removing unity.o(.rodata.UnityStrNaN), (4 bytes).
    Removing unity.o(.rodata.UnityStrDet), (12 bytes).
    Removing unity.o(.rodata..L__const.UnityAssertFloatSpecial.trait_names), (16 bytes).
    Removing unity.o(.rodata.UnityStrInvalidFloatTrait), (20 bytes).
    Removing unity.o(.rodata.UnityStrNot), (5 bytes).
    Removing unity.o(.rodata.UnityStrDelta), (26 bytes).
    Removing unity.o(.rodata.UnityStrMemory), (18 bytes).
    Removing unity.o(.rodata.UnityStrByte), (7 bytes).
    Removing unity.o(.bss.UnityQuickCompare), (4 bytes).
    Removing unity.o(.rodata.UnityStrNullPointerForExpected), (29 bytes).
    Removing unity.o(.rodata.UnityStrNullPointerForActual), (25 bytes).
    Removing unity.o(.rodata.UnityStrNull), (5 bytes).

138 unused section(s) (total 9967 bytes) removed from the image.

==============================================================================

Image Symbol Table

    Local Symbols

    Symbol Name                              Value     Ov Type        Size  Object(Section)

    ../clib/angel/boardlib.s                 0x00000000   Number         0  boardinit1.o ABSOLUTE
    ../clib/angel/boardlib.s                 0x00000000   Number         0  boardinit2.o ABSOLUTE
    ../clib/angel/boardlib.s                 0x00000000   Number         0  boardinit3.o ABSOLUTE
    ../clib/angel/boardlib.s                 0x00000000   Number         0  boardshut.o ABSOLUTE
    ../clib/angel/handlers.s                 0x00000000   Number         0  __scatter_copy.o ABSOLUTE
    ../clib/angel/handlers.s                 0x00000000   Number         0  __scatter_zi.o ABSOLUTE
    ../clib/angel/kernel.s                   0x00000000   Number         0  __rtentry.o ABSOLUTE
    ../clib/angel/kernel.s                   0x00000000   Number         0  __rtentry2.o ABSOLUTE
    ../clib/angel/kernel.s                   0x00000000   Number         0  __rtentry4.o ABSOLUTE
    ../clib/angel/kernel.s                   0x00000000   Number         0  rtexit.o ABSOLUTE
    ../clib/angel/kernel.s                   0x00000000   Number         0  rtexit2.o ABSOLUTE
    ../clib/angel/rt.s                       0x00000000   Number         0  rt_raise.o ABSOLUTE
    ../clib/angel/rt.s                       0x00000000   Number         0  rt_heap_descriptor.o ABSOLUTE
    ../clib/angel/rt.s                       0x00000000   Number         0  rt_heap_descriptor_intlibspace.o ABSOLUTE
    ../clib/angel/rt.s                       0x00000000   Number         0  rt_errno_addr.o ABSOLUTE
    ../clib/angel/rt.s                       0x00000000   Number         0  rt_errno_addr_intlibspace.o ABSOLUTE
    ../clib/angel/scatter.s                  0x00000000   Number         0  __scatter.o ABSOLUTE
    ../clib/angel/startup.s                  0x00000000   Number         0  __main.o ABSOLUTE
    ../clib/angel/sys.s                      0x00000000   Number         0  mutex_dummy.o ABSOLUTE
    ../clib/angel/sys.s                      0x00000000   Number         0  sys_stackheap_outer.o ABSOLUTE
    ../clib/angel/sys.s                      0x00000000   Number         0  libspace.o ABSOLUTE
    ../clib/angel/sys.s                      0x00000000   Number         0  use_no_semi.o ABSOLUTE
    ../clib/angel/sys.s                      0x00000000   Number         0  indicate_semi.o ABSOLUTE
    ../clib/angel/sysapp.c                   0x00000000   Number         0  sys_io_names.o ABSOLUTE
    ../clib/angel/sysapp.c                   0x00000000   Number         0  sys_io.o ABSOLUTE
    ../clib/angel/sysapp.c                   0x00000000   Number         0  sys_io_hlt.o ABSOLUTE
    ../clib/angel/sysapp.c                   0x00000000   Number         0  sys_exit.o ABSOLUTE
    ../clib/angel/sysapp.c                   0x00000000   Number         0  sys_exit_hlt.o ABSOLUTE
    ../clib/angel/sysapp.c                   0x00000000   Number         0  sys_wrch.o ABSOLUTE
    ../clib/angel/sysapp.c                   0x00000000   Number         0  sys_command.o ABSOLUTE
    ../clib/angel/sysapp.c                   0x00000000   Number         0  sys_wrch_hlt.o ABSOLUTE
    ../clib/angel/sysapp.c                   0x00000000   Number         0  sys_command_hlt.o ABSOLUTE
    ../clib/armsys.c                         0x00000000   Number         0  argv_veneer.o ABSOLUTE
    ../clib/armsys.c                         0x00000000   Number         0  argv_veneer.o ABSOLUTE
    ../clib/armsys.c                         0x00000000   Number         0  _get_argv.o ABSOLUTE
    ../clib/armsys.c                         0x00000000   Number         0  _get_argv_nomalloc.o ABSOLUTE
    ../clib/armsys.c                         0x00000000   Number         0  no_argv.o ABSOLUTE
    ../clib/assert.c                         0x00000000   Number         0  assert_stdio.o ABSOLUTE
    ../clib/heap1.c                          0x00000000   Number         0  h1_free.o ABSOLUTE
    ../clib/heap1.c                          0x00000000   Number         0  h1_free_threads.o ABSOLUTE
    ../clib/heap1.c                          0x00000000   Number         0  h1_alloc.o ABSOLUTE
    ../clib/heap1.c                          0x00000000   Number         0  h1_alloc_threads.o ABSOLUTE
    ../clib/heap1.c                          0x00000000   Number         0  h1_init.o ABSOLUTE
    ../clib/heap1.c                          0x00000000   Number         0  h1_extend.o ABSOLUTE
    ../clib/heap1.c                          0x00000000   Number         0  h1_init_threads.o ABSOLUTE
    ../clib/heap1.c                          0x00000000   Number         0  h1_extend_threads.o ABSOLUTE
    ../clib/heap1.c                          0x00000000   Number         0  h1_final.o ABSOLUTE
    ../clib/heap1.c                          0x00000000   Number         0  h1_final_threads.o ABSOLUTE
    ../clib/heap2.c                          0x00000000   Number         0  heap2.o ABSOLUTE
    ../clib/heap2.c                          0x00000000   Number         0  heap2_threads.o ABSOLUTE
    ../clib/heap2.c                          0x00000000   Number         0  fdtree.o ABSOLUTE
    ../clib/heapalloc.c                      0x00000000   Number         0  free.o ABSOLUTE
    ../clib/heapalloc.c                      0x00000000   Number         0  hguard.o ABSOLUTE
    ../clib/heapalloc.c                      0x00000000   Number         0  init_alloc.o ABSOLUTE
    ../clib/heapalloc.c                      0x00000000   Number         0  malloc.o ABSOLUTE
    ../clib/heapalloc.c                      0x00000000   Number         0  heapstubs.o ABSOLUTE
    ../clib/heapalloc.c                      0x00000000   Number         0  hrguard.o ABSOLUTE
    ../clib/heapalloc.c                      0x00000000   Number         0  term_alloc.o ABSOLUTE
    ../clib/heapaux.c                        0x00000000   Number         0  heapauxi.o ABSOLUTE
    ../clib/heapaux.c                        0x00000000   Number         0  heapauxa.o ABSOLUTE
    ../clib/libinit.s                        0x00000000   Number         0  libinit2.o ABSOLUTE
    ../clib/libinit.s                        0x00000000   Number         0  libshutdown2.o ABSOLUTE
    ../clib/libinit.s                        0x00000000   Number         0  libinit.o ABSOLUTE
    ../clib/libinit.s                        0x00000000   Number         0  libshutdown.o ABSOLUTE
    ../clib/maybe.s                          0x00000000   Number         0  maybetermalloc1.o ABSOLUTE
    ../clib/maybe.s                          0x00000000   Number         0  maybetermalloc2.o ABSOLUTE
    ../clib/memcpset.s                       0x00000000   Number         0  rt_memclr_w.o ABSOLUTE
    ../clib/memcpset.s                       0x00000000   Number         0  rt_memcpy_w.o ABSOLUTE
    ../clib/memcpset.s                       0x00000000   Number         0  rt_memcpy_v6.o ABSOLUTE
    ../clib/signal.c                         0x00000000   Number         0  defsig_rtred_outer.o ABSOLUTE
    ../clib/signal.c                         0x00000000   Number         0  defsig_rtred_formal.o ABSOLUTE
    ../clib/signal.c                         0x00000000   Number         0  defsig_exit.o ABSOLUTE
    ../clib/signal.c                         0x00000000   Number         0  defsig_rtred_inner.o ABSOLUTE
    ../clib/signal.c                         0x00000000   Number         0  __raise.o ABSOLUTE
    ../clib/signal.c                         0x00000000   Number         0  defsig_general.o ABSOLUTE
    ../clib/signal.c                         0x00000000   Number         0  defsig_rtmem_outer.o ABSOLUTE
    ../clib/signal.c                         0x00000000   Number         0  defsig_rtmem_formal.o ABSOLUTE
    ../clib/signal.c                         0x00000000   Number         0  defsig_rtmem_inner.o ABSOLUTE
    ../clib/signal.c                         0x00000000   Number         0  defsig_abrt_inner.o ABSOLUTE
    ../clib/signal.c                         0x00000000   Number         0  defsig_fpe_inner.o ABSOLUTE
    ../clib/signal.c                         0x00000000   Number         0  defsig_stak_inner.o ABSOLUTE
    ../clib/signal.c                         0x00000000   Number         0  defsig_pvfn_inner.o ABSOLUTE
    ../clib/signal.c                         0x00000000   Number         0  defsig_cppl_inner.o ABSOLUTE
    ../clib/signal.c                         0x00000000   Number         0  defsig_segv_inner.o ABSOLUTE
    ../clib/signal.c                         0x00000000   Number         0  defsig_other.o ABSOLUTE
    ../clib/signal.s                         0x00000000   Number         0  defsig.o ABSOLUTE
    ../clib/stdio.c                          0x00000000   Number         0  putc.o ABSOLUTE
    ../clib/stdio.c                          0x00000000   Number         0  stdio_streams.o ABSOLUTE
    ../clib/stdio.c                          0x00000000   Number         0  fputc.o ABSOLUTE
    ../clib/stdio.c                          0x00000000   Number         0  initio.o ABSOLUTE
    ../clib/stdio.c                          0x00000000   Number         0  fputc_locked.o ABSOLUTE
    ../clib/stdio.c                          0x00000000   Number         0  initio_locked.o ABSOLUTE
    ../clib/stdio.c                          0x00000000   Number         0  flsbuf.o ABSOLUTE
    ../clib/stdio.c                          0x00000000   Number         0  setvbuf.o ABSOLUTE
    ../clib/stdio.c                          0x00000000   Number         0  streamlock.o ABSOLUTE
    ../clib/stdio.c                          0x00000000   Number         0  fopen.o ABSOLUTE
    ../clib/stdio.c                          0x00000000   Number         0  fclose.o ABSOLUTE
    ../clib/stdio.c                          0x00000000   Number         0  setvbuf_locked.o ABSOLUTE
    ../clib/stdio.c                          0x00000000   Number         0  fopen_locked.o ABSOLUTE
    ../clib/stdio.c                          0x00000000   Number         0  fseek.o ABSOLUTE
    ../clib/stdio.c                          0x00000000   Number         0  stdio.o ABSOLUTE
    ../clib/stdio.c                          0x00000000   Number         0  fwritefast.o ABSOLUTE
    ../clib/stdio.c                          0x00000000   Number         0  fwritefast_locked.o ABSOLUTE
    ../clib/stdio.c                          0x00000000   Number         0  fflush.o ABSOLUTE
    ../clib/stdio.c                          0x00000000   Number         0  fputs.o ABSOLUTE
    ../clib/stdio.c                          0x00000000   Number         0  ftell.o ABSOLUTE
    ../clib/stdio.c                          0x00000000   Number         0  fputs_locked.o ABSOLUTE
    ../clib/stdio.c                          0x00000000   Number         0  fflush_locked.o ABSOLUTE
    ../clib/stdlib.c                         0x00000000   Number         0  exit.o ABSOLUTE
    ../clib/string.c                         0x00000000   Number         0  strlen.o ABSOLUTE
    ../clib/wchar.c                          0x00000000   Number         0  flsbuf_fwide.o ABSOLUTE
    ../fplib/dretinf.s                       0x00000000   Number         0  dretinf.o ABSOLUTE
    ../fplib/f2d.s                           0x00000000   Number         0  f2d.o ABSOLUTE
    ../fplib/faddsub.s                       0x00000000   Number         0  faddsub_clz.o ABSOLUTE
    ../fplib/fcmp.s                          0x00000000   Number         0  fcmp.o ABSOLUTE
    ../fplib/fcmpi.s                         0x00000000   Number         0  fcmpi.o ABSOLUTE
    ../fplib/fdiv.s                          0x00000000   Number         0  fdiv.o ABSOLUTE
    ../fplib/feqf.s                          0x00000000   Number         0  feqf.o ABSOLUTE
    ../fplib/ffix.s                          0x00000000   Number         0  ffix.o ABSOLUTE
    ../fplib/fflt.s                          0x00000000   Number         0  fflt_clz.o ABSOLUTE
    ../fplib/fgeqf.s                         0x00000000   Number         0  fgeqf.o ABSOLUTE
    ../fplib/fleqf.s                         0x00000000   Number         0  fleqf.o ABSOLUTE
    ../fplib/fmul.s                          0x00000000   Number         0  fmul.o ABSOLUTE
    ../fplib/fnaninf.s                       0x00000000   Number         0  fnaninf.o ABSOLUTE
    ../fplib/fpinit.s                        0x00000000   Number         0  fpinit.o ABSOLUTE
    ../fplib/fpinit_empty.s                  0x00000000   Number         0  fpinit_empty.o ABSOLUTE
    ../fplib/fretinf.s                       0x00000000   Number         0  fretinf.o ABSOLUTE
    ../fplib/setjmp.s                        0x00000000   Number         0  setjmp.o ABSOLUTE
    ../fplib/usenofp.s                       0x00000000   Number         0  usenofp.o ABSOLUTE
    cyber_minion.c                           0x00000000   Number         0  cyber_minion.o ABSOLUTE
    cyber_minion_unit_tests.c                0x00000000   Number         0  cyber_minion_unit_tests.o ABSOLUTE
    dc.s                                     0x00000000   Number         0  dc.o ABSOLUTE
    system_TM4C123GH6PM.c                    0x00000000   Number         0  system_tm4c123gh6pm.o ABSOLUTE
    tm4c/startup/startup_TM4C123.s           0x00000000   Number         0  startup_tm4c123.o ABSOLUTE
    tm4c_bsp.c                               0x00000000   Number         0  tm4c_bsp.o ABSOLUTE
    unity.c                                  0x00000000   Number         0  unity.o ABSOLUTE
    RESET                                    0x00000000   Section      620  startup_tm4c123.o(RESET)
    !!!main                                  0x0000026c   Section        8  __main.o(!!!main)
    !!!scatter                               0x00000274   Section       92  __scatter.o(!!!scatter)
    !!handler_copy                           0x000002d0   Section       26  __scatter_copy.o(!!handler_copy)
    !!handler_null                           0x000002ec   Section        2  __scatter.o(!!handler_null)
    !!handler_zi                             0x000002f0   Section       28  __scatter_zi.o(!!handler_zi)
    .ARM.Collect$$libinit$$00000000          0x0000030c   Section        2  libinit.o(.ARM.Collect$$libinit$$00000000)
    .ARM.Collect$$libinit$$00000002          0x0000030e   Section        0  libinit2.o(.ARM.Collect$$libinit$$00000002)
    .ARM.Collect$$libinit$$00000004          0x0000030e   Section        0  libinit2.o(.ARM.Collect$$libinit$$00000004)
    .ARM.Collect$$libinit$$00000006          0x0000030e   Section        0  libinit2.o(.ARM.Collect$$libinit$$00000006)
    .ARM.Collect$$libinit$$00000007          0x0000030e   Section        8  libinit2.o(.ARM.Collect$$libinit$$00000007)
    .ARM.Collect$$libinit$$0000000C          0x00000316   Section        0  libinit2.o(.ARM.Collect$$libinit$$0000000C)
    .ARM.Collect$$libinit$$0000000E          0x00000316   Section        0  libinit2.o(.ARM.Collect$$libinit$$0000000E)
    .ARM.Collect$$libinit$$00000010          0x00000316   Section        0  libinit2.o(.ARM.Collect$$libinit$$00000010)
    .ARM.Collect$$libinit$$00000013          0x00000316   Section        0  libinit2.o(.ARM.Collect$$libinit$$00000013)
    .ARM.Collect$$libinit$$00000015          0x00000316   Section        0  libinit2.o(.ARM.Collect$$libinit$$00000015)
    .ARM.Collect$$libinit$$00000017          0x00000316   Section        0  libinit2.o(.ARM.Collect$$libinit$$00000017)
    .ARM.Collect$$libinit$$00000019          0x00000316   Section        0  libinit2.o(.ARM.Collect$$libinit$$00000019)
    .ARM.Collect$$libinit$$0000001B          0x00000316   Section        0  libinit2.o(.ARM.Collect$$libinit$$0000001B)
    .ARM.Collect$$libinit$$0000001D          0x00000316   Section        0  libinit2.o(.ARM.Collect$$libinit$$0000001D)
    .ARM.Collect$$libinit$$0000001F          0x00000316   Section        0  libinit2.o(.ARM.Collect$$libinit$$0000001F)
    .ARM.Collect$$libinit$$00000021          0x00000316   Section        0  libinit2.o(.ARM.Collect$$libinit$$00000021)
    .ARM.Collect$$libinit$$00000023          0x00000316   Section        0  libinit2.o(.ARM.Collect$$libinit$$00000023)
    .ARM.Collect$$libinit$$00000025          0x00000316   Section        0  libinit2.o(.ARM.Collect$$libinit$$00000025)
    .ARM.Collect$$libinit$$00000026          0x00000316   Section        4  libinit2.o(.ARM.Collect$$libinit$$00000026)
    .ARM.Collect$$libinit$$00000027          0x0000031a   Section        0  libinit2.o(.ARM.Collect$$libinit$$00000027)
    .ARM.Collect$$libinit$$0000002E          0x0000031a   Section        0  libinit2.o(.ARM.Collect$$libinit$$0000002E)
    .ARM.Collect$$libinit$$00000030          0x0000031a   Section        0  libinit2.o(.ARM.Collect$$libinit$$00000030)
    .ARM.Collect$$libinit$$00000032          0x0000031a   Section        0  libinit2.o(.ARM.Collect$$libinit$$00000032)
    .ARM.Collect$$libinit$$00000034          0x0000031a   Section        0  libinit2.o(.ARM.Collect$$libinit$$00000034)
    .ARM.Collect$$libinit$$00000035          0x0000031a   Section        2  libinit2.o(.ARM.Collect$$libinit$$00000035)
    .ARM.Collect$$libshutdown$$00000000      0x0000031c   Section        2  libshutdown.o(.ARM.Collect$$libshutdown$$00000000)
    .ARM.Collect$$libshutdown$$00000002      0x0000031e   Section        0  libshutdown2.o(.ARM.Collect$$libshutdown$$00000002)
    .ARM.Collect$$libshutdown$$00000003      0x0000031e   Section        4  libshutdown2.o(.ARM.Collect$$libshutdown$$00000003)
    .ARM.Collect$$libshutdown$$00000004      0x00000322   Section        0  libshutdown2.o(.ARM.Collect$$libshutdown$$00000004)
    .ARM.Collect$$libshutdown$$00000007      0x00000322   Section        0  libshutdown2.o(.ARM.Collect$$libshutdown$$00000007)
    .ARM.Collect$$libshutdown$$0000000A      0x00000322   Section        0  libshutdown2.o(.ARM.Collect$$libshutdown$$0000000A)
    .ARM.Collect$$libshutdown$$0000000C      0x00000322   Section        0  libshutdown2.o(.ARM.Collect$$libshutdown$$0000000C)
    .ARM.Collect$$libshutdown$$0000000F      0x00000322   Section        0  libshutdown2.o(.ARM.Collect$$libshutdown$$0000000F)
    .ARM.Collect$$libshutdown$$00000010      0x00000322   Section        2  libshutdown2.o(.ARM.Collect$$libshutdown$$00000010)
    .ARM.Collect$$rtentry$$00000000          0x00000324   Section        0  __rtentry.o(.ARM.Collect$$rtentry$$00000000)
    .ARM.Collect$$rtentry$$00000002          0x00000324   Section        0  __rtentry2.o(.ARM.Collect$$rtentry$$00000002)
    .ARM.Collect$$rtentry$$00000004          0x00000324   Section        6  __rtentry4.o(.ARM.Collect$$rtentry$$00000004)
    .ARM.Collect$$rtentry$$00000009          0x0000032a   Section        0  __rtentry2.o(.ARM.Collect$$rtentry$$00000009)
    .ARM.Collect$$rtentry$$0000000A          0x0000032a   Section        4  __rtentry2.o(.ARM.Collect$$rtentry$$0000000A)
    .ARM.Collect$$rtentry$$0000000C          0x0000032e   Section        0  __rtentry2.o(.ARM.Collect$$rtentry$$0000000C)
    .ARM.Collect$$rtentry$$0000000D          0x0000032e   Section        8  __rtentry2.o(.ARM.Collect$$rtentry$$0000000D)
    .ARM.Collect$$rtexit$$00000000           0x00000336   Section        2  rtexit.o(.ARM.Collect$$rtexit$$00000000)
    .ARM.Collect$$rtexit$$00000002           0x00000338   Section        0  rtexit2.o(.ARM.Collect$$rtexit$$00000002)
    .ARM.Collect$$rtexit$$00000003           0x00000338   Section        4  rtexit2.o(.ARM.Collect$$rtexit$$00000003)
    .ARM.Collect$$rtexit$$00000004           0x0000033c   Section        6  rtexit2.o(.ARM.Collect$$rtexit$$00000004)
    .text                                    0x00000344   Section      288  startup_tm4c123.o(.text)
    .text                                    0x00000464   Section        0  putc.o(.text)
    .text                                    0x00000468   Section        0  heapauxi.o(.text)
    .text                                    0x0000046e   Section       62  setjmp.o(.text)
    .text                                    0x000004ac   Section        0  initio.o(.text)
    .text                                    0x000005e4   Section        0  h1_free.o(.text)
    .text                                    0x00000632   Section        0  flsbuf.o(.text)
    .text                                    0x00000814   Section        0  setvbuf.o(.text)
    _freopen_locked                          0x0000085d   Thumb Code     0  fopen.o(.text)
    .text                                    0x0000085c   Section        0  fopen.o(.text)
    .text                                    0x0000094c   Section        0  fclose.o(.text)
    .text                                    0x00000998   Section        0  defsig_rtred_outer.o(.text)
    .text                                    0x000009a6   Section       78  rt_memclr_w.o(.text)
    .text                                    0x000009f4   Section        0  sys_io.o(.text)
    .text                                    0x00000a5a   Section       74  sys_stackheap_outer.o(.text)
    .text                                    0x00000aa4   Section        8  rt_heap_descriptor_intlibspace.o(.text)
    .text                                    0x00000aac   Section        0  hguard.o(.text)
    .text                                    0x00000ab0   Section        0  init_alloc.o(.text)
    .text                                    0x00000b3a   Section        0  h1_alloc.o(.text)
    .text                                    0x00000b98   Section        0  fseek.o(.text)
    .text                                    0x00000c90   Section        0  stdio.o(.text)
    .text                                    0x00000d98   Section        0  exit.o(.text)
    .text                                    0x00000daa   Section        0  defsig_exit.o(.text)
    .text                                    0x00000db4   Section        0  defsig_rtred_inner.o(.text)
    .text                                    0x00000de8   Section        0  sys_exit.o(.text)
    .text                                    0x00000df4   Section        8  libspace.o(.text)
    .text                                    0x00000dfc   Section        2  use_no_semi.o(.text)
    .text                                    0x00000dfe   Section        0  indicate_semi.o(.text)
    .text                                    0x00000dfe   Section        0  maybetermalloc1.o(.text)
    .text                                    0x00000dfe   Section        0  h1_init.o(.text)
    .text                                    0x00000e0a   Section        0  h1_extend.o(.text)
    .text                                    0x00000e3e   Section        0  ftell.o(.text)
    .text                                    0x00000e80   Section        0  defsig_general.o(.text)
    .text                                    0x00000eb2   Section        0  defsig_rtmem_outer.o(.text)
    .text                                    0x00000ec0   Section        0  strlen.o(.text)
    .text                                    0x00000efe   Section        0  sys_wrch.o(.text)
    .text                                    0x00000f0c   Section        8  rt_errno_addr_intlibspace.o(.text)
    .text                                    0x00000f14   Section        0  defsig_rtmem_inner.o(.text)
    [Anonymous Symbol]                       0x00000f64   Section        0  tm4c_bsp.o(.text.SysTick_wait)
    [Anonymous Symbol]                       0x00000f88   Section        0  system_tm4c123gh6pm.o(.text.SystemInit)
    [Anonymous Symbol]                       0x00001084   Section        0  cyber_minion.o(.text.UART0_Handler)
    UnityAddMsgIfSpecified                   0x0000132d   Thumb Code   128  unity.o(.text.UnityAddMsgIfSpecified)
    [Anonymous Symbol]                       0x0000132c   Section        0  unity.o(.text.UnityAddMsgIfSpecified)
    [Anonymous Symbol]                       0x000013ac   Section        0  unity.o(.text.UnityAssertEqualNumber)
    [Anonymous Symbol]                       0x00001448   Section        0  unity.o(.text.UnityBegin)
    [Anonymous Symbol]                       0x00001470   Section        0  unity.o(.text.UnityConcludeTest)
    [Anonymous Symbol]                       0x000014f0   Section        0  unity.o(.text.UnityDefaultTestRun)
    [Anonymous Symbol]                       0x0000155c   Section        0  unity.o(.text.UnityEnd)
    [Anonymous Symbol]                       0x00001614   Section        0  unity.o(.text.UnityPrint)
    UnityPrintChar                           0x00001645   Thumb Code   160  unity.o(.text.UnityPrintChar)
    [Anonymous Symbol]                       0x00001644   Section        0  unity.o(.text.UnityPrintChar)
    [Anonymous Symbol]                       0x000016e4   Section        0  unity.o(.text.UnityPrintNumber)
    [Anonymous Symbol]                       0x00001718   Section        0  unity.o(.text.UnityPrintNumberByStyle)
    [Anonymous Symbol]                       0x00001830   Section        0  unity.o(.text.UnityPrintNumberHex)
    [Anonymous Symbol]                       0x000018b0   Section        0  unity.o(.text.UnityPrintNumberUnsigned)
    UnityTestResultsBegin                    0x00001925   Thumb Code    72  unity.o(.text.UnityTestResultsBegin)
    [Anonymous Symbol]                       0x00001924   Section        0  unity.o(.text.UnityTestResultsBegin)
    UnityTestResultsFailBegin                0x0000196d   Thumb Code    52  unity.o(.text.UnityTestResultsFailBegin)
    [Anonymous Symbol]                       0x0000196c   Section        0  unity.o(.text.UnityTestResultsFailBegin)
    [Anonymous Symbol]                       0x000019a0   Section        0  tm4c_bsp.o(.text.delay_10ms)
    [Anonymous Symbol]                       0x000019c8   Section        0  tm4c_bsp.o(.text.get_UART0_interrupt_data)
    [Anonymous Symbol]                       0x000019e4   Section        0  cyber_minion_unit_tests.o(.text.main)
    [Anonymous Symbol]                       0x00001a18   Section        0  cyber_minion.o(.text.main_loop)
    [Anonymous Symbol]                       0x00001a68   Section        0  cyber_minion.o(.text.scan)
    [Anonymous Symbol]                       0x00001b44   Section        0  cyber_minion_unit_tests.o(.text.setUp)
    [Anonymous Symbol]                       0x00001b48   Section        0  tm4c_bsp.o(.text.set_PWM0_generator0_CMPA)
    [Anonymous Symbol]                       0x00001b60   Section        0  tm4c_bsp.o(.text.set_PWM0_generator1_CMPA)
    [Anonymous Symbol]                       0x00001b78   Section        0  cyber_minion.o(.text.set_compare_x)
    [Anonymous Symbol]                       0x00001be0   Section        0  cyber_minion.o(.text.set_compare_y)
    [Anonymous Symbol]                       0x00001c48   Section        0  cyber_minion.o(.text.sleep_position)
    [Anonymous Symbol]                       0x00001c5c   Section        0  cyber_minion_unit_tests.o(.text.tearDown)
    [Anonymous Symbol]                       0x00001c60   Section        0  cyber_minion_unit_tests.o(.text.test_add)
    i.fputc                                  0x00001c7a   Section        0  fputc.o(i.fputc)
    .constdata                               0x00001c96   Section        4  sys_io_names.o(.constdata)
    .constdata                               0x00001c9a   Section        4  sys_io_names.o(.constdata)
    .constdata                               0x00001c9e   Section        4  sys_io_names.o(.constdata)
    UnityStrBreaker                          0x00001ca2   Data          24  unity.o(.rodata.UnityStrBreaker)
    [Anonymous Symbol]                       0x00001ca2   Section        0  unity.o(.rodata.UnityStrBreaker)
    UnityStrDetail1Name                      0x00001cba   Data          10  unity.o(.rodata.UnityStrDetail1Name)
    [Anonymous Symbol]                       0x00001cba   Section        0  unity.o(.rodata.UnityStrDetail1Name)
    UnityStrDetail2Name                      0x00001cc4   Data          11  unity.o(.rodata.UnityStrDetail2Name)
    [Anonymous Symbol]                       0x00001cc4   Section        0  unity.o(.rodata.UnityStrDetail2Name)
    UnityStrExpected                         0x00001ccf   Data          11  unity.o(.rodata.UnityStrExpected)
    [Anonymous Symbol]                       0x00001ccf   Section        0  unity.o(.rodata.UnityStrExpected)
    UnityStrResultsFailures                  0x00001ce7   Data          11  unity.o(.rodata.UnityStrResultsFailures)
    [Anonymous Symbol]                       0x00001ce7   Section        0  unity.o(.rodata.UnityStrResultsFailures)
    UnityStrResultsIgnored                   0x00001cf2   Data          10  unity.o(.rodata.UnityStrResultsIgnored)
    [Anonymous Symbol]                       0x00001cf2   Section        0  unity.o(.rodata.UnityStrResultsIgnored)
    UnityStrResultsTests                     0x00001cfc   Data           8  unity.o(.rodata.UnityStrResultsTests)
    [Anonymous Symbol]                       0x00001cfc   Section        0  unity.o(.rodata.UnityStrResultsTests)
    UnityStrSpacer                           0x00001d04   Data           3  unity.o(.rodata.UnityStrSpacer)
    [Anonymous Symbol]                       0x00001d04   Section        0  unity.o(.rodata.UnityStrSpacer)
    UnityStrWas                              0x00001d07   Data           6  unity.o(.rodata.UnityStrWas)
    [Anonymous Symbol]                       0x00001d07   Section        0  unity.o(.rodata.UnityStrWas)
    .L.str                                   0x00001d0d   Data          36  cyber_minion_unit_tests.o(.rodata.str1.1)
    [Anonymous Symbol]                       0x00001d0d   Section        0  cyber_minion_unit_tests.o(.rodata.str1.1)
    .L.str.1                                 0x00001d31   Data           9  cyber_minion_unit_tests.o(.rodata.str1.1)
    .data                                    0x20000000   Section        4  stdio_streams.o(.data)
    .data                                    0x20000004   Section        4  stdio_streams.o(.data)
    .data                                    0x20000008   Section        4  stdio_streams.o(.data)
    .bss                                     0x20000018   Section       84  stdio_streams.o(.bss)
    .bss                                     0x2000006c   Section       84  stdio_streams.o(.bss)
    .bss                                     0x200000c0   Section       84  stdio_streams.o(.bss)
    .bss                                     0x20000114   Section       96  libspace.o(.bss)
    Heap_Mem                                 0x20000388   Data           0  startup_tm4c123.o(HEAP)
    Stack_Mem                                0x20000388   Data         512  startup_tm4c123.o(STACK)
    HEAP                                     0x20000388   Section        0  startup_tm4c123.o(HEAP)
    STACK                                    0x20000388   Section      512  startup_tm4c123.o(STACK)
    __initial_sp                             0x20000588   Data           0  startup_tm4c123.o(STACK)

    Global Symbols

    Symbol Name                              Value     Ov Type        Size  Object(Section)

    BuildAttributes$$THM_ISAv4$E$P$D$K$B$S$7EM$PE$A:L22UL41UL21$X:L11$S22US41US21$IEEE1$IW$~IW$USESV6$~STKCKD$USESV7$~SHL$OTIME$ROPI$EBA8$UX$STANDARDLIB$REQ8$PRES8$EABIv2 0x00000000   Number         0  anon$$obj.o ABSOLUTE
    __Vectors                                0x00000000   Data           4  startup_tm4c123.o(RESET)
    __fp_init_empty                          0x00000000   Number         0  fpinit_empty.o ABSOLUTE
    __ARM_exceptions_init                     - Undefined Weak Reference
    __alloca_initialize                       - Undefined Weak Reference
    __alloca_longjmp                          - Undefined Weak Reference
    __alloca_setjmp                           - Undefined Weak Reference
    __arm_preinit_                            - Undefined Weak Reference
    __arm_relocate_pie_                       - Undefined Weak Reference
    __cpp_initialize__aeabi_                  - Undefined Weak Reference
    __cxa_finalize                            - Undefined Weak Reference
    __rt_locale                               - Undefined Weak Reference
    __sigvec_lookup                           - Undefined Weak Reference
    __user_heap_extent                        - Undefined Weak Reference
    _atexit_init                              - Undefined Weak Reference
    _call_atexit_fns                          - Undefined Weak Reference
    _clock_init                               - Undefined Weak Reference
    _fp_trap_init                             - Undefined Weak Reference
    _fp_trap_shutdown                         - Undefined Weak Reference
    _get_lc_collate                           - Undefined Weak Reference
    _get_lc_ctype                             - Undefined Weak Reference
    _get_lc_monetary                          - Undefined Weak Reference
    _get_lc_numeric                           - Undefined Weak Reference
    _get_lc_time                              - Undefined Weak Reference
    _getenv_init                              - Undefined Weak Reference
    _handle_redirection                       - Undefined Weak Reference
    _mutex_acquire                            - Undefined Weak Reference
    _mutex_free                               - Undefined Weak Reference
    _mutex_release                            - Undefined Weak Reference
    _rand_init                                - Undefined Weak Reference
    _signal_finish                            - Undefined Weak Reference
    _signal_init                              - Undefined Weak Reference
    __Vectors_End                            0x0000026c   Data           0  startup_tm4c123.o(RESET)
    __Vectors_Size                           0x0000026c   Number         0  startup_tm4c123.o ABSOLUTE
    __main                                   0x0000026d   Thumb Code     8  __main.o(!!!main)
    __scatterload                            0x00000275   Thumb Code     0  __scatter.o(!!!scatter)
    __scatterload_rt2                        0x00000275   Thumb Code    84  __scatter.o(!!!scatter)
    __scatterload_rt2_thumb_only             0x00000275   Thumb Code     0  __scatter.o(!!!scatter)
    __scatterload_loop                       0x0000027f   Thumb Code     0  __scatter.o(!!!scatter)
    __scatterload_copy                       0x000002d1   Thumb Code    26  __scatter_copy.o(!!handler_copy)
    __scatterload_null                       0x000002ed   Thumb Code     2  __scatter.o(!!handler_null)
    __scatterload_zeroinit                   0x000002f1   Thumb Code    28  __scatter_zi.o(!!handler_zi)
    __rt_lib_init                            0x0000030d   Thumb Code     0  libinit.o(.ARM.Collect$$libinit$$00000000)
    __rt_lib_init_fp_1                       0x0000030f   Thumb Code     0  libinit2.o(.ARM.Collect$$libinit$$00000002)
    __rt_lib_init_heap_2                     0x0000030f   Thumb Code     0  libinit2.o(.ARM.Collect$$libinit$$00000007)
    __rt_lib_init_preinit_1                  0x0000030f   Thumb Code     0  libinit2.o(.ARM.Collect$$libinit$$00000006)
    __rt_lib_init_relocate_pie_1             0x0000030f   Thumb Code     0  libinit2.o(.ARM.Collect$$libinit$$00000004)
    __rt_lib_init_atexit_1                   0x00000317   Thumb Code     0  libinit2.o(.ARM.Collect$$libinit$$0000001D)
    __rt_lib_init_clock_1                    0x00000317   Thumb Code     0  libinit2.o(.ARM.Collect$$libinit$$00000023)
    __rt_lib_init_fp_trap_1                  0x00000317   Thumb Code     0  libinit2.o(.ARM.Collect$$libinit$$00000021)
    __rt_lib_init_getenv_1                   0x00000317   Thumb Code     0  libinit2.o(.ARM.Collect$$libinit$$00000025)
    __rt_lib_init_heap_1                     0x00000317   Thumb Code     0  libinit2.o(.ARM.Collect$$libinit$$0000000C)
    __rt_lib_init_lc_collate_1               0x00000317   Thumb Code     0  libinit2.o(.ARM.Collect$$libinit$$00000013)
    __rt_lib_init_lc_ctype_1                 0x00000317   Thumb Code     0  libinit2.o(.ARM.Collect$$libinit$$00000015)
    __rt_lib_init_lc_monetary_1              0x00000317   Thumb Code     0  libinit2.o(.ARM.Collect$$libinit$$00000017)
    __rt_lib_init_lc_numeric_1               0x00000317   Thumb Code     0  libinit2.o(.ARM.Collect$$libinit$$00000019)
    __rt_lib_init_lc_time_1                  0x00000317   Thumb Code     0  libinit2.o(.ARM.Collect$$libinit$$0000001B)
    __rt_lib_init_rand_1                     0x00000317   Thumb Code     0  libinit2.o(.ARM.Collect$$libinit$$00000010)
    __rt_lib_init_signal_1                   0x00000317   Thumb Code     0  libinit2.o(.ARM.Collect$$libinit$$0000001F)
    __rt_lib_init_stdio_2                    0x00000317   Thumb Code     0  libinit2.o(.ARM.Collect$$libinit$$00000026)
    __rt_lib_init_user_alloc_1               0x00000317   Thumb Code     0  libinit2.o(.ARM.Collect$$libinit$$0000000E)
    __rt_lib_init_alloca_1                   0x0000031b   Thumb Code     0  libinit2.o(.ARM.Collect$$libinit$$00000030)
    __rt_lib_init_argv_1                     0x0000031b   Thumb Code     0  libinit2.o(.ARM.Collect$$libinit$$0000002E)
    __rt_lib_init_cpp_1                      0x0000031b   Thumb Code     0  libinit2.o(.ARM.Collect$$libinit$$00000034)
    __rt_lib_init_exceptions_1               0x0000031b   Thumb Code     0  libinit2.o(.ARM.Collect$$libinit$$00000032)
    __rt_lib_init_return                     0x0000031b   Thumb Code     0  libinit2.o(.ARM.Collect$$libinit$$00000035)
    __rt_lib_init_stdio_1                    0x0000031b   Thumb Code     0  libinit2.o(.ARM.Collect$$libinit$$00000027)
    __rt_lib_shutdown                        0x0000031d   Thumb Code     0  libshutdown.o(.ARM.Collect$$libshutdown$$00000000)
    __rt_lib_shutdown_cpp_1                  0x0000031f   Thumb Code     0  libshutdown2.o(.ARM.Collect$$libshutdown$$00000002)
    __rt_lib_shutdown_stdio_2                0x0000031f   Thumb Code     0  libshutdown2.o(.ARM.Collect$$libshutdown$$00000003)
    __rt_lib_shutdown_fp_trap_1              0x00000323   Thumb Code     0  libshutdown2.o(.ARM.Collect$$libshutdown$$00000007)
    __rt_lib_shutdown_heap_1                 0x00000323   Thumb Code     0  libshutdown2.o(.ARM.Collect$$libshutdown$$0000000F)
    __rt_lib_shutdown_return                 0x00000323   Thumb Code     0  libshutdown2.o(.ARM.Collect$$libshutdown$$00000010)
    __rt_lib_shutdown_signal_1               0x00000323   Thumb Code     0  libshutdown2.o(.ARM.Collect$$libshutdown$$0000000A)
    __rt_lib_shutdown_stdio_1                0x00000323   Thumb Code     0  libshutdown2.o(.ARM.Collect$$libshutdown$$00000004)
    __rt_lib_shutdown_user_alloc_1           0x00000323   Thumb Code     0  libshutdown2.o(.ARM.Collect$$libshutdown$$0000000C)
    __rt_entry                               0x00000325   Thumb Code     0  __rtentry.o(.ARM.Collect$$rtentry$$00000000)
    __rt_entry_presh_1                       0x00000325   Thumb Code     0  __rtentry2.o(.ARM.Collect$$rtentry$$00000002)
    __rt_entry_sh                            0x00000325   Thumb Code     0  __rtentry4.o(.ARM.Collect$$rtentry$$00000004)
    __rt_entry_li                            0x0000032b   Thumb Code     0  __rtentry2.o(.ARM.Collect$$rtentry$$0000000A)
    __rt_entry_postsh_1                      0x0000032b   Thumb Code     0  __rtentry2.o(.ARM.Collect$$rtentry$$00000009)
    __rt_entry_main                          0x0000032f   Thumb Code     0  __rtentry2.o(.ARM.Collect$$rtentry$$0000000D)
    __rt_entry_postli_1                      0x0000032f   Thumb Code     0  __rtentry2.o(.ARM.Collect$$rtentry$$0000000C)
    __rt_exit                                0x00000337   Thumb Code     0  rtexit.o(.ARM.Collect$$rtexit$$00000000)
    __rt_exit_ls                             0x00000339   Thumb Code     0  rtexit2.o(.ARM.Collect$$rtexit$$00000003)
    __rt_exit_prels_1                        0x00000339   Thumb Code     0  rtexit2.o(.ARM.Collect$$rtexit$$00000002)
    __rt_exit_exit                           0x0000033d   Thumb Code     0  rtexit2.o(.ARM.Collect$$rtexit$$00000004)
    Reset_Handler                            0x00000345   Thumb Code     8  startup_tm4c123.o(.text)
    NMI_Handler                              0x0000034d   Thumb Code     2  startup_tm4c123.o(.text)
    HardFault_Handler                        0x0000034f   Thumb Code     2  startup_tm4c123.o(.text)
    MemManage_Handler                        0x00000351   Thumb Code     2  startup_tm4c123.o(.text)
    BusFault_Handler                         0x00000353   Thumb Code     2  startup_tm4c123.o(.text)
    UsageFault_Handler                       0x00000355   Thumb Code     2  startup_tm4c123.o(.text)
    SVC_Handler                              0x00000357   Thumb Code     2  startup_tm4c123.o(.text)
    DebugMon_Handler                         0x00000359   Thumb Code     2  startup_tm4c123.o(.text)
    PendSV_Handler                           0x0000035b   Thumb Code     2  startup_tm4c123.o(.text)
    SysTick_Handler                          0x0000035d   Thumb Code     2  startup_tm4c123.o(.text)
    GPIOA_Handler                            0x0000035f   Thumb Code     2  startup_tm4c123.o(.text)
    GPIOB_Handler                            0x00000361   Thumb Code     2  startup_tm4c123.o(.text)
    GPIOC_Handler                            0x00000363   Thumb Code     2  startup_tm4c123.o(.text)
    GPIOD_Handler                            0x00000365   Thumb Code     2  startup_tm4c123.o(.text)
    GPIOE_Handler                            0x00000367   Thumb Code     2  startup_tm4c123.o(.text)
    UART1_Handler                            0x0000036b   Thumb Code     2  startup_tm4c123.o(.text)
    SSI0_Handler                             0x0000036d   Thumb Code     2  startup_tm4c123.o(.text)
    I2C0_Handler                             0x0000036f   Thumb Code     2  startup_tm4c123.o(.text)
    PMW0_FAULT_Handler                       0x00000371   Thumb Code     2  startup_tm4c123.o(.text)
    PWM0_0_Handler                           0x00000373   Thumb Code     2  startup_tm4c123.o(.text)
    PWM0_1_Handler                           0x00000375   Thumb Code     2  startup_tm4c123.o(.text)
    PWM0_2_Handler                           0x00000377   Thumb Code     2  startup_tm4c123.o(.text)
    QEI0_Handler                             0x00000379   Thumb Code     2  startup_tm4c123.o(.text)
    ADC0SS0_Handler                          0x0000037b   Thumb Code     2  startup_tm4c123.o(.text)
    ADC0SS1_Handler                          0x0000037d   Thumb Code     2  startup_tm4c123.o(.text)
    ADC0SS2_Handler                          0x0000037f   Thumb Code     2  startup_tm4c123.o(.text)
    ADC0SS3_Handler                          0x00000381   Thumb Code     2  startup_tm4c123.o(.text)
    WDT0_Handler                             0x00000383   Thumb Code     2  startup_tm4c123.o(.text)
    TIMER0A_Handler                          0x00000385   Thumb Code     2  startup_tm4c123.o(.text)
    TIMER0B_Handler                          0x00000387   Thumb Code     2  startup_tm4c123.o(.text)
    TIMER1A_Handler                          0x00000389   Thumb Code     2  startup_tm4c123.o(.text)
    TIMER1B_Handler                          0x0000038b   Thumb Code     2  startup_tm4c123.o(.text)
    TIMER2A_Handler                          0x0000038d   Thumb Code     2  startup_tm4c123.o(.text)
    TIMER2B_Handler                          0x0000038f   Thumb Code     2  startup_tm4c123.o(.text)
    COMP0_Handler                            0x00000391   Thumb Code     2  startup_tm4c123.o(.text)
    COMP1_Handler                            0x00000393   Thumb Code     2  startup_tm4c123.o(.text)
    COMP2_Handler                            0x00000395   Thumb Code     2  startup_tm4c123.o(.text)
    SYSCTL_Handler                           0x00000397   Thumb Code     2  startup_tm4c123.o(.text)
    FLASH_Handler                            0x00000399   Thumb Code     2  startup_tm4c123.o(.text)
    GPIOF_Handler                            0x0000039b   Thumb Code     2  startup_tm4c123.o(.text)
    GPIOG_Handler                            0x0000039d   Thumb Code     2  startup_tm4c123.o(.text)
    GPIOH_Handler                            0x0000039f   Thumb Code     2  startup_tm4c123.o(.text)
    UART2_Handler                            0x000003a1   Thumb Code     2  startup_tm4c123.o(.text)
    SSI1_Handler                             0x000003a3   Thumb Code     2  startup_tm4c123.o(.text)
    TIMER3A_Handler                          0x000003a5   Thumb Code     2  startup_tm4c123.o(.text)
    TIMER3B_Handler                          0x000003a7   Thumb Code     2  startup_tm4c123.o(.text)
    I2C1_Handler                             0x000003a9   Thumb Code     2  startup_tm4c123.o(.text)
    QEI1_Handler                             0x000003ab   Thumb Code     2  startup_tm4c123.o(.text)
    CAN0_Handler                             0x000003ad   Thumb Code     2  startup_tm4c123.o(.text)
    CAN1_Handler                             0x000003af   Thumb Code     2  startup_tm4c123.o(.text)
    CAN2_Handler                             0x000003b1   Thumb Code     2  startup_tm4c123.o(.text)
    HIB_Handler                              0x000003b3   Thumb Code     2  startup_tm4c123.o(.text)
    USB0_Handler                             0x000003b5   Thumb Code     2  startup_tm4c123.o(.text)
    PWM0_3_Handler                           0x000003b7   Thumb Code     2  startup_tm4c123.o(.text)
    UDMA_Handler                             0x000003b9   Thumb Code     2  startup_tm4c123.o(.text)
    UDMAERR_Handler                          0x000003bb   Thumb Code     2  startup_tm4c123.o(.text)
    ADC1SS0_Handler                          0x000003bd   Thumb Code     2  startup_tm4c123.o(.text)
    ADC1SS1_Handler                          0x000003bf   Thumb Code     2  startup_tm4c123.o(.text)
    ADC1SS2_Handler                          0x000003c1   Thumb Code     2  startup_tm4c123.o(.text)
    ADC1SS3_Handler                          0x000003c3   Thumb Code     2  startup_tm4c123.o(.text)
    GPIOJ_Handler                            0x000003c5   Thumb Code     2  startup_tm4c123.o(.text)
    GPIOK_Handler                            0x000003c7   Thumb Code     2  startup_tm4c123.o(.text)
    GPIOL_Handler                            0x000003c9   Thumb Code     2  startup_tm4c123.o(.text)
    SSI2_Handler                             0x000003cb   Thumb Code     2  startup_tm4c123.o(.text)
    SSI3_Handler                             0x000003cd   Thumb Code     2  startup_tm4c123.o(.text)
    UART3_Handler                            0x000003cf   Thumb Code     2  startup_tm4c123.o(.text)
    UART4_Handler                            0x000003d1   Thumb Code     2  startup_tm4c123.o(.text)
    UART5_Handler                            0x000003d3   Thumb Code     2  startup_tm4c123.o(.text)
    UART6_Handler                            0x000003d5   Thumb Code     2  startup_tm4c123.o(.text)
    UART7_Handler                            0x000003d7   Thumb Code     2  startup_tm4c123.o(.text)
    I2C2_Handler                             0x000003d9   Thumb Code     2  startup_tm4c123.o(.text)
    I2C3_Handler                             0x000003db   Thumb Code     2  startup_tm4c123.o(.text)
    TIMER4A_Handler                          0x000003dd   Thumb Code     2  startup_tm4c123.o(.text)
    TIMER4B_Handler                          0x000003df   Thumb Code     2  startup_tm4c123.o(.text)
    TIMER5A_Handler                          0x000003e1   Thumb Code     2  startup_tm4c123.o(.text)
    TIMER5B_Handler                          0x000003e3   Thumb Code     2  startup_tm4c123.o(.text)
    WTIMER0A_Handler                         0x000003e5   Thumb Code     2  startup_tm4c123.o(.text)
    WTIMER0B_Handler                         0x000003e7   Thumb Code     2  startup_tm4c123.o(.text)
    WTIMER1A_Handler                         0x000003e9   Thumb Code     2  startup_tm4c123.o(.text)
    WTIMER1B_Handler                         0x000003eb   Thumb Code     2  startup_tm4c123.o(.text)
    WTIMER2A_Handler                         0x000003ed   Thumb Code     2  startup_tm4c123.o(.text)
    WTIMER2B_Handler                         0x000003ef   Thumb Code     2  startup_tm4c123.o(.text)
    WTIMER3A_Handler                         0x000003f1   Thumb Code     2  startup_tm4c123.o(.text)
    WTIMER3B_Handler                         0x000003f3   Thumb Code     2  startup_tm4c123.o(.text)
    WTIMER4A_Handler                         0x000003f5   Thumb Code     2  startup_tm4c123.o(.text)
    WTIMER4B_Handler                         0x000003f7   Thumb Code     2  startup_tm4c123.o(.text)
    WTIMER5A_Handler                         0x000003f9   Thumb Code     2  startup_tm4c123.o(.text)
    WTIMER5B_Handler                         0x000003fb   Thumb Code     2  startup_tm4c123.o(.text)
    FPU_Handler                              0x000003fd   Thumb Code     2  startup_tm4c123.o(.text)
    I2C4_Handler                             0x000003ff   Thumb Code     2  startup_tm4c123.o(.text)
    I2C5_Handler                             0x00000401   Thumb Code     2  startup_tm4c123.o(.text)
    GPIOM_Handler                            0x00000403   Thumb Code     2  startup_tm4c123.o(.text)
    GPION_Handler                            0x00000405   Thumb Code     2  startup_tm4c123.o(.text)
    QEI2_Handler                             0x00000407   Thumb Code     2  startup_tm4c123.o(.text)
    GPIOP0_Handler                           0x00000409   Thumb Code     2  startup_tm4c123.o(.text)
    GPIOP1_Handler                           0x0000040b   Thumb Code     2  startup_tm4c123.o(.text)
    GPIOP2_Handler                           0x0000040d   Thumb Code     2  startup_tm4c123.o(.text)
    GPIOP3_Handler                           0x0000040f   Thumb Code     2  startup_tm4c123.o(.text)
    GPIOP4_Handler                           0x00000411   Thumb Code     2  startup_tm4c123.o(.text)
    GPIOP5_Handler                           0x00000413   Thumb Code     2  startup_tm4c123.o(.text)
    GPIOP6_Handler                           0x00000415   Thumb Code     2  startup_tm4c123.o(.text)
    GPIOP7_Handler                           0x00000417   Thumb Code     2  startup_tm4c123.o(.text)
    GPIOQ0_Handler                           0x00000419   Thumb Code     2  startup_tm4c123.o(.text)
    GPIOQ1_Handler                           0x0000041b   Thumb Code     2  startup_tm4c123.o(.text)
    GPIOQ2_Handler                           0x0000041d   Thumb Code     2  startup_tm4c123.o(.text)
    GPIOQ3_Handler                           0x0000041f   Thumb Code     2  startup_tm4c123.o(.text)
    GPIOQ4_Handler                           0x00000421   Thumb Code     2  startup_tm4c123.o(.text)
    GPIOQ5_Handler                           0x00000423   Thumb Code     2  startup_tm4c123.o(.text)
    GPIOQ6_Handler                           0x00000425   Thumb Code     2  startup_tm4c123.o(.text)
    GPIOQ7_Handler                           0x00000427   Thumb Code     2  startup_tm4c123.o(.text)
    GPIOR_Handler                            0x00000429   Thumb Code     2  startup_tm4c123.o(.text)
    GPIOS_Handler                            0x0000042b   Thumb Code     2  startup_tm4c123.o(.text)
    PMW1_0_Handler                           0x0000042d   Thumb Code     2  startup_tm4c123.o(.text)
    PWM1_1_Handler                           0x0000042f   Thumb Code     2  startup_tm4c123.o(.text)
    PWM1_2_Handler                           0x00000431   Thumb Code     2  startup_tm4c123.o(.text)
    PWM1_3_Handler                           0x00000433   Thumb Code     2  startup_tm4c123.o(.text)
    PWM1_FAULT_Handler                       0x00000435   Thumb Code     2  startup_tm4c123.o(.text)
    DisableInterrupts                        0x00000441   Thumb Code     0  startup_tm4c123.o(.text)
    EnableInterrupts                         0x00000445   Thumb Code     0  startup_tm4c123.o(.text)
    WaitForInterrupt                         0x00000449   Thumb Code     0  startup_tm4c123.o(.text)
    __user_initial_stackheap                 0x0000044d   Thumb Code     0  startup_tm4c123.o(.text)
    putc                                     0x00000465   Thumb Code     4  putc.o(.text)
    __use_two_region_memory                  0x00000469   Thumb Code     2  heapauxi.o(.text)
    __rt_heap_escrow                         0x0000046b   Thumb Code     2  heapauxi.o(.text)
    __rt_heap_expand                         0x0000046d   Thumb Code     2  heapauxi.o(.text)
    setjmp                                   0x0000046f   Thumb Code    26  setjmp.o(.text)
    longjmp                                  0x00000489   Thumb Code    36  setjmp.o(.text)
    _initio                                  0x000004ad   Thumb Code   210  initio.o(.text)
    _terminateio                             0x0000057f   Thumb Code    56  initio.o(.text)
    free                                     0x000005e5   Thumb Code    78  h1_free.o(.text)
    __flsbuf                                 0x00000633   Thumb Code   482  flsbuf.o(.text)
    __flsbuf_byte                            0x00000633   Thumb Code     0  flsbuf.o(.text)
    __flsbuf_wide                            0x00000633   Thumb Code     0  flsbuf.o(.text)
    setvbuf                                  0x00000815   Thumb Code    70  setvbuf.o(.text)
    freopen                                  0x0000085d   Thumb Code   160  fopen.o(.text)
    fopen                                    0x000008fd   Thumb Code    74  fopen.o(.text)
    _fclose_internal                         0x0000094d   Thumb Code    76  fclose.o(.text)
    fclose                                   0x0000094d   Thumb Code     0  fclose.o(.text)
    __rt_SIGRTRED                            0x00000999   Thumb Code    14  defsig_rtred_outer.o(.text)
    __aeabi_memclr4                          0x000009a7   Thumb Code     0  rt_memclr_w.o(.text)
    __aeabi_memclr8                          0x000009a7   Thumb Code     0  rt_memclr_w.o(.text)
    __rt_memclr_w                            0x000009a7   Thumb Code     0  rt_memclr_w.o(.text)
    _memset_w                                0x000009ab   Thumb Code    74  rt_memclr_w.o(.text)
    _sys_open                                0x000009f5   Thumb Code    20  sys_io.o(.text)
    _sys_close                               0x00000a09   Thumb Code    12  sys_io.o(.text)
    _sys_write                               0x00000a15   Thumb Code    16  sys_io.o(.text)
    _sys_read                                0x00000a25   Thumb Code    14  sys_io.o(.text)
    _sys_istty                               0x00000a33   Thumb Code    12  sys_io.o(.text)
    _sys_seek                                0x00000a3f   Thumb Code    14  sys_io.o(.text)
    _sys_ensure                              0x00000a4d   Thumb Code     2  sys_io.o(.text)
    _sys_flen                                0x00000a4f   Thumb Code    12  sys_io.o(.text)
    __user_setup_stackheap                   0x00000a5b   Thumb Code    74  sys_stackheap_outer.o(.text)
    __rt_heap_descriptor                     0x00000aa5   Thumb Code     8  rt_heap_descriptor_intlibspace.o(.text)
    __use_no_heap                            0x00000aad   Thumb Code     2  hguard.o(.text)
    __heap$guard                             0x00000aaf   Thumb Code     2  hguard.o(.text)
    _terminate_user_alloc                    0x00000ab1   Thumb Code     2  init_alloc.o(.text)
    _init_user_alloc                         0x00000ab3   Thumb Code     2  init_alloc.o(.text)
    __Heap_Full                              0x00000ab5   Thumb Code    34  init_alloc.o(.text)
    __Heap_Broken                            0x00000ad7   Thumb Code     6  init_alloc.o(.text)
    _init_alloc                              0x00000add   Thumb Code    94  init_alloc.o(.text)
    malloc                                   0x00000b3b   Thumb Code    94  h1_alloc.o(.text)
    _fseek                                   0x00000b99   Thumb Code   242  fseek.o(.text)
    fseek                                    0x00000b99   Thumb Code     0  fseek.o(.text)
    _seterr                                  0x00000c91   Thumb Code    20  stdio.o(.text)
    _writebuf                                0x00000ca5   Thumb Code   108  stdio.o(.text)
    _fflush                                  0x00000d11   Thumb Code    70  stdio.o(.text)
    _deferredlazyseek                        0x00000d57   Thumb Code    60  stdio.o(.text)
    exit                                     0x00000d99   Thumb Code    18  exit.o(.text)
    __sig_exit                               0x00000dab   Thumb Code    10  defsig_exit.o(.text)
    __rt_SIGRTRED_inner                      0x00000db5   Thumb Code    14  defsig_rtred_inner.o(.text)
    _sys_exit                                0x00000de9   Thumb Code     8  sys_exit.o(.text)
    __user_libspace                          0x00000df5   Thumb Code     8  libspace.o(.text)
    __user_perproc_libspace                  0x00000df5   Thumb Code     0  libspace.o(.text)
    __user_perthread_libspace                0x00000df5   Thumb Code     0  libspace.o(.text)
    __I$use$semihosting                      0x00000dfd   Thumb Code     0  use_no_semi.o(.text)
    __use_no_semihosting_swi                 0x00000dfd   Thumb Code     2  use_no_semi.o(.text)
    __Heap_Initialize                        0x00000dff   Thumb Code     8  h1_init.o(.text)
    __semihosting_library_function           0x00000dff   Thumb Code     0  indicate_semi.o(.text)
    _maybe_terminate_alloc                   0x00000dff   Thumb Code     0  maybetermalloc1.o(.text)
    __Heap_DescSize                          0x00000e07   Thumb Code     4  h1_init.o(.text)
    __Heap_ProvideMemory                     0x00000e0b   Thumb Code    52  h1_extend.o(.text)
    _ftell_internal                          0x00000e3f   Thumb Code    66  ftell.o(.text)
    ftell                                    0x00000e3f   Thumb Code     0  ftell.o(.text)
    __default_signal_display                 0x00000e81   Thumb Code    50  defsig_general.o(.text)
    __rt_SIGRTMEM                            0x00000eb3   Thumb Code    14  defsig_rtmem_outer.o(.text)
    strlen                                   0x00000ec1   Thumb Code    62  strlen.o(.text)
    _ttywrch                                 0x00000eff   Thumb Code    14  sys_wrch.o(.text)
    __aeabi_errno_addr                       0x00000f0d   Thumb Code     8  rt_errno_addr_intlibspace.o(.text)
    __errno$intlibspace                      0x00000f0d   Thumb Code     0  rt_errno_addr_intlibspace.o(.text)
    __rt_errno_addr$intlibspace              0x00000f0d   Thumb Code     0  rt_errno_addr_intlibspace.o(.text)
    __rt_SIGRTMEM_inner                      0x00000f15   Thumb Code    22  defsig_rtmem_inner.o(.text)
    SysTick_wait                             0x00000f65   Thumb Code    36  tm4c_bsp.o(.text.SysTick_wait)
    SystemInit                               0x00000f89   Thumb Code   252  system_tm4c123gh6pm.o(.text.SystemInit)
    UART0_Handler                            0x00001085   Thumb Code   672  cyber_minion.o(.text.UART0_Handler)
    UnityAssertEqualNumber                   0x000013ad   Thumb Code   154  unity.o(.text.UnityAssertEqualNumber)
    UnityBegin                               0x00001449   Thumb Code    40  unity.o(.text.UnityBegin)
    UnityConcludeTest                        0x00001471   Thumb Code   128  unity.o(.text.UnityConcludeTest)
    UnityDefaultTestRun                      0x000014f1   Thumb Code   106  unity.o(.text.UnityDefaultTestRun)
    UnityEnd                                 0x0000155d   Thumb Code   182  unity.o(.text.UnityEnd)
    UnityPrint                               0x00001615   Thumb Code    46  unity.o(.text.UnityPrint)
    UnityPrintNumber                         0x000016e5   Thumb Code    52  unity.o(.text.UnityPrintNumber)
    UnityPrintNumberByStyle                  0x00001719   Thumb Code   278  unity.o(.text.UnityPrintNumberByStyle)
    UnityPrintNumberHex                      0x00001831   Thumb Code   128  unity.o(.text.UnityPrintNumberHex)
    UnityPrintNumberUnsigned                 0x000018b1   Thumb Code   114  unity.o(.text.UnityPrintNumberUnsigned)
    delay_10ms                               0x000019a1   Thumb Code    40  tm4c_bsp.o(.text.delay_10ms)
    get_UART0_interrupt_data                 0x000019c9   Thumb Code    26  tm4c_bsp.o(.text.get_UART0_interrupt_data)
    main                                     0x000019e5   Thumb Code    50  cyber_minion_unit_tests.o(.text.main)
    main_loop                                0x00001a19   Thumb Code    80  cyber_minion.o(.text.main_loop)
    scan                                     0x00001a69   Thumb Code   218  cyber_minion.o(.text.scan)
    setUp                                    0x00001b45   Thumb Code     2  cyber_minion_unit_tests.o(.text.setUp)
    set_PWM0_generator0_CMPA                 0x00001b49   Thumb Code    24  tm4c_bsp.o(.text.set_PWM0_generator0_CMPA)
    set_PWM0_generator1_CMPA                 0x00001b61   Thumb Code    24  tm4c_bsp.o(.text.set_PWM0_generator1_CMPA)
    set_compare_x                            0x00001b79   Thumb Code   104  cyber_minion.o(.text.set_compare_x)
    set_compare_y                            0x00001be1   Thumb Code   104  cyber_minion.o(.text.set_compare_y)
    sleep_position                           0x00001c49   Thumb Code    20  cyber_minion.o(.text.sleep_position)
    tearDown                                 0x00001c5d   Thumb Code     2  cyber_minion_unit_tests.o(.text.tearDown)
    test_add                                 0x00001c61   Thumb Code    26  cyber_minion_unit_tests.o(.text.test_add)
    fputc                                    0x00001c7b   Thumb Code    28  fputc.o(i.fputc)
    __stdin_name                             0x00001c96   Data           4  sys_io_names.o(.constdata)
    __stdout_name                            0x00001c9a   Data           4  sys_io_names.o(.constdata)
    __stderr_name                            0x00001c9e   Data           4  sys_io_names.o(.constdata)
    UnityStrFail                             0x00001cda   Data           5  unity.o(.rodata.UnityStrFail)
    UnityStrOk                               0x00001cdf   Data           3  unity.o(.rodata.UnityStrOk)
    UnityStrPass                             0x00001ce2   Data           5  unity.o(.rodata.UnityStrPass)
    Region$$Table$$Base                      0x00001d3c   Number         0  anon$$obj.o(Region$$Table)
    Region$$Table$$Limit                     0x00001d5c   Number         0  anon$$obj.o(Region$$Table)
    __aeabi_stdin                            0x20000000   Data           4  stdio_streams.o(.data)
    __aeabi_stdout                           0x20000004   Data           4  stdio_streams.o(.data)
    __aeabi_stderr                           0x20000008   Data           4  stdio_streams.o(.data)
    compare_x                                0x2000000c   Data           2  cyber_minion.o(.data.compare_x)
    compare_y                                0x2000000e   Data           2  cyber_minion.o(.data.compare_y)
    sp1                                      0x20000010   Data           4  cyber_minion.o(.data.sp1)
    sp2                                      0x20000014   Data           4  cyber_minion.o(.data.sp2)
    __stdin                                  0x20000018   Data          84  stdio_streams.o(.bss)
    __stdout                                 0x2000006c   Data          84  stdio_streams.o(.bss)
    __stderr                                 0x200000c0   Data          84  stdio_streams.o(.bss)
    __libspace_start                         0x20000114   Data          96  libspace.o(.bss)
    __temporary_stack_top$libspace           0x20000174   Data           0  libspace.o(.bss)
    Unity                                    0x20000178   Data         200  unity.o(.bss.Unity)
    current_state                            0x20000240   Data           1  cyber_minion.o(.bss.current_state)
    stack1                                   0x20000244   Data         160  cyber_minion.o(.bss.stack1)
    stack2                                   0x200002e4   Data         160  cyber_minion.o(.bss.stack2)
    using_stack1                             0x20000384   Data           1  cyber_minion.o(.bss.using_stack1)



==============================================================================

Memory Map of the image

  Image Entry point : 0x00000345

  Load Region LR_1 (Base: 0x00000000, Size: 0x00001d74, Max: 0xffffffff, ABSOLUTE)

    Execution Region ER_RO (Exec base: 0x00000000, Load base: 0x00000000, Size: 0x00001d5c, Max: 0xffffffff, ABSOLUTE)

    Exec Addr    Load Addr    Size         Type   Attr      Idx    E Section Name        Object

    0x00000000   0x00000000   0x0000026c   Data   RO           30    RESET               startup_tm4c123.o
    0x0000026c   0x0000026c   0x00000008   Code   RO          242  * !!!main             c_w.l(__main.o)
    0x00000274   0x00000274   0x0000005c   Code   RO          623    !!!scatter          c_w.l(__scatter.o)
    0x000002d0   0x000002d0   0x0000001a   Code   RO          627    !!handler_copy      c_w.l(__scatter_copy.o)
    0x000002ea   0x000002ea   0x00000002   PAD
    0x000002ec   0x000002ec   0x00000002   Code   RO          624    !!handler_null      c_w.l(__scatter.o)
    0x000002ee   0x000002ee   0x00000002   PAD
    0x000002f0   0x000002f0   0x0000001c   Code   RO          629    !!handler_zi        c_w.l(__scatter_zi.o)
    0x0000030c   0x0000030c   0x00000002   Code   RO          516    .ARM.Collect$$libinit$$00000000  c_w.l(libinit.o)
    0x0000030e   0x0000030e   0x00000000   Code   RO          392    .ARM.Collect$$libinit$$00000002  c_w.l(libinit2.o)
    0x0000030e   0x0000030e   0x00000000   Code   RO          394    .ARM.Collect$$libinit$$00000004  c_w.l(libinit2.o)
    0x0000030e   0x0000030e   0x00000000   Code   RO          396    .ARM.Collect$$libinit$$00000006  c_w.l(libinit2.o)
    0x0000030e   0x0000030e   0x00000008   Code   RO          397    .ARM.Collect$$libinit$$00000007  c_w.l(libinit2.o)
    0x00000316   0x00000316   0x00000000   Code   RO          399    .ARM.Collect$$libinit$$0000000C  c_w.l(libinit2.o)
    0x00000316   0x00000316   0x00000000   Code   RO          401    .ARM.Collect$$libinit$$0000000E  c_w.l(libinit2.o)
    0x00000316   0x00000316   0x00000000   Code   RO          403    .ARM.Collect$$libinit$$00000010  c_w.l(libinit2.o)
    0x00000316   0x00000316   0x00000000   Code   RO          406    .ARM.Collect$$libinit$$00000013  c_w.l(libinit2.o)
    0x00000316   0x00000316   0x00000000   Code   RO          408    .ARM.Collect$$libinit$$00000015  c_w.l(libinit2.o)
    0x00000316   0x00000316   0x00000000   Code   RO          410    .ARM.Collect$$libinit$$00000017  c_w.l(libinit2.o)
    0x00000316   0x00000316   0x00000000   Code   RO          412    .ARM.Collect$$libinit$$00000019  c_w.l(libinit2.o)
    0x00000316   0x00000316   0x00000000   Code   RO          414    .ARM.Collect$$libinit$$0000001B  c_w.l(libinit2.o)
    0x00000316   0x00000316   0x00000000   Code   RO          416    .ARM.Collect$$libinit$$0000001D  c_w.l(libinit2.o)
    0x00000316   0x00000316   0x00000000   Code   RO          418    .ARM.Collect$$libinit$$0000001F  c_w.l(libinit2.o)
    0x00000316   0x00000316   0x00000000   Code   RO          420    .ARM.Collect$$libinit$$00000021  c_w.l(libinit2.o)
    0x00000316   0x00000316   0x00000000   Code   RO          422    .ARM.Collect$$libinit$$00000023  c_w.l(libinit2.o)
    0x00000316   0x00000316   0x00000000   Code   RO          424    .ARM.Collect$$libinit$$00000025  c_w.l(libinit2.o)
    0x00000316   0x00000316   0x00000004   Code   RO          425    .ARM.Collect$$libinit$$00000026  c_w.l(libinit2.o)
    0x0000031a   0x0000031a   0x00000000   Code   RO          426    .ARM.Collect$$libinit$$00000027  c_w.l(libinit2.o)
    0x0000031a   0x0000031a   0x00000000   Code   RO          430    .ARM.Collect$$libinit$$0000002E  c_w.l(libinit2.o)
    0x0000031a   0x0000031a   0x00000000   Code   RO          432    .ARM.Collect$$libinit$$00000030  c_w.l(libinit2.o)
    0x0000031a   0x0000031a   0x00000000   Code   RO          434    .ARM.Collect$$libinit$$00000032  c_w.l(libinit2.o)
    0x0000031a   0x0000031a   0x00000000   Code   RO          436    .ARM.Collect$$libinit$$00000034  c_w.l(libinit2.o)
    0x0000031a   0x0000031a   0x00000002   Code   RO          437    .ARM.Collect$$libinit$$00000035  c_w.l(libinit2.o)
    0x0000031c   0x0000031c   0x00000002   Code   RO          620    .ARM.Collect$$libshutdown$$00000000  c_w.l(libshutdown.o)
    0x0000031e   0x0000031e   0x00000000   Code   RO          439    .ARM.Collect$$libshutdown$$00000002  c_w.l(libshutdown2.o)
    0x0000031e   0x0000031e   0x00000004   Code   RO          440    .ARM.Collect$$libshutdown$$00000003  c_w.l(libshutdown2.o)
    0x00000322   0x00000322   0x00000000   Code   RO          441    .ARM.Collect$$libshutdown$$00000004  c_w.l(libshutdown2.o)
    0x00000322   0x00000322   0x00000000   Code   RO          444    .ARM.Collect$$libshutdown$$00000007  c_w.l(libshutdown2.o)
    0x00000322   0x00000322   0x00000000   Code   RO          447    .ARM.Collect$$libshutdown$$0000000A  c_w.l(libshutdown2.o)
    0x00000322   0x00000322   0x00000000   Code   RO          449    .ARM.Collect$$libshutdown$$0000000C  c_w.l(libshutdown2.o)
    0x00000322   0x00000322   0x00000000   Code   RO          452    .ARM.Collect$$libshutdown$$0000000F  c_w.l(libshutdown2.o)
    0x00000322   0x00000322   0x00000002   Code   RO          453    .ARM.Collect$$libshutdown$$00000010  c_w.l(libshutdown2.o)
    0x00000324   0x00000324   0x00000000   Code   RO          272    .ARM.Collect$$rtentry$$00000000  c_w.l(__rtentry.o)
    0x00000324   0x00000324   0x00000000   Code   RO          302    .ARM.Collect$$rtentry$$00000002  c_w.l(__rtentry2.o)
    0x00000324   0x00000324   0x00000006   Code   RO          314    .ARM.Collect$$rtentry$$00000004  c_w.l(__rtentry4.o)
    0x0000032a   0x0000032a   0x00000000   Code   RO          304    .ARM.Collect$$rtentry$$00000009  c_w.l(__rtentry2.o)
    0x0000032a   0x0000032a   0x00000004   Code   RO          305    .ARM.Collect$$rtentry$$0000000A  c_w.l(__rtentry2.o)
    0x0000032e   0x0000032e   0x00000000   Code   RO          307    .ARM.Collect$$rtentry$$0000000C  c_w.l(__rtentry2.o)
    0x0000032e   0x0000032e   0x00000008   Code   RO          308    .ARM.Collect$$rtentry$$0000000D  c_w.l(__rtentry2.o)
    0x00000336   0x00000336   0x00000002   Code   RO          529    .ARM.Collect$$rtexit$$00000000  c_w.l(rtexit.o)
    0x00000338   0x00000338   0x00000000   Code   RO          581    .ARM.Collect$$rtexit$$00000002  c_w.l(rtexit2.o)
    0x00000338   0x00000338   0x00000004   Code   RO          582    .ARM.Collect$$rtexit$$00000003  c_w.l(rtexit2.o)
    0x0000033c   0x0000033c   0x00000006   Code   RO          583    .ARM.Collect$$rtexit$$00000004  c_w.l(rtexit2.o)
    0x00000342   0x00000342   0x00000002   PAD
    0x00000344   0x00000344   0x00000120   Code   RO           31  * .text               startup_tm4c123.o
    0x00000464   0x00000464   0x00000004   Code   RO          232    .text               c_w.l(putc.o)
    0x00000468   0x00000468   0x00000006   Code   RO          240    .text               c_w.l(heapauxi.o)
    0x0000046e   0x0000046e   0x0000003e   Code   RO          270    .text               fz_ws.l(setjmp.o)
    0x000004ac   0x000004ac   0x00000138   Code   RO          277    .text               c_w.l(initio.o)
    0x000005e4   0x000005e4   0x0000004e   Code   RO          318    .text               c_w.l(h1_free.o)
    0x00000632   0x00000632   0x000001e2   Code   RO          372    .text               c_w.l(flsbuf.o)
    0x00000814   0x00000814   0x00000046   Code   RO          374    .text               c_w.l(setvbuf.o)
    0x0000085a   0x0000085a   0x00000002   PAD
    0x0000085c   0x0000085c   0x000000f0   Code   RO          377    .text               c_w.l(fopen.o)
    0x0000094c   0x0000094c   0x0000004c   Code   RO          379    .text               c_w.l(fclose.o)
    0x00000998   0x00000998   0x0000000e   Code   RO          385    .text               c_w.l(defsig_rtred_outer.o)
    0x000009a6   0x000009a6   0x0000004e   Code   RO          389    .text               c_w.l(rt_memclr_w.o)
    0x000009f4   0x000009f4   0x00000066   Code   RO          458    .text               c_w.l(sys_io.o)
    0x00000a5a   0x00000a5a   0x0000004a   Code   RO          462    .text               c_w.l(sys_stackheap_outer.o)
    0x00000aa4   0x00000aa4   0x00000008   Code   RO          469    .text               c_w.l(rt_heap_descriptor_intlibspace.o)
    0x00000aac   0x00000aac   0x00000004   Code   RO          471    .text               c_w.l(hguard.o)
    0x00000ab0   0x00000ab0   0x0000008a   Code   RO          473    .text               c_w.l(init_alloc.o)
    0x00000b3a   0x00000b3a   0x0000005e   Code   RO          479    .text               c_w.l(h1_alloc.o)
    0x00000b98   0x00000b98   0x000000f8   Code   RO          491    .text               c_w.l(fseek.o)
    0x00000c90   0x00000c90   0x00000108   Code   RO          493    .text               c_w.l(stdio.o)
    0x00000d98   0x00000d98   0x00000012   Code   RO          499    .text               c_w.l(exit.o)
    0x00000daa   0x00000daa   0x0000000a   Code   RO          501    .text               c_w.l(defsig_exit.o)
    0x00000db4   0x00000db4   0x00000034   Code   RO          503    .text               c_w.l(defsig_rtred_inner.o)
    0x00000de8   0x00000de8   0x0000000c   Code   RO          519    .text               c_w.l(sys_exit.o)
    0x00000df4   0x00000df4   0x00000008   Code   RO          523    .text               c_w.l(libspace.o)
    0x00000dfc   0x00000dfc   0x00000002   Code   RO          526    .text               c_w.l(use_no_semi.o)
    0x00000dfe   0x00000dfe   0x00000000   Code   RO          528    .text               c_w.l(indicate_semi.o)
    0x00000dfe   0x00000dfe   0x00000000   Code   RO          531    .text               c_w.l(maybetermalloc1.o)
    0x00000dfe   0x00000dfe   0x0000000c   Code   RO          533    .text               c_w.l(h1_init.o)
    0x00000e0a   0x00000e0a   0x00000034   Code   RO          535    .text               c_w.l(h1_extend.o)
    0x00000e3e   0x00000e3e   0x00000042   Code   RO          545    .text               c_w.l(ftell.o)
    0x00000e80   0x00000e80   0x00000032   Code   RO          553    .text               c_w.l(defsig_general.o)
    0x00000eb2   0x00000eb2   0x0000000e   Code   RO          555    .text               c_w.l(defsig_rtmem_outer.o)
    0x00000ec0   0x00000ec0   0x0000003e   Code   RO          559    .text               c_w.l(strlen.o)
    0x00000efe   0x00000efe   0x0000000e   Code   RO          572    .text               c_w.l(sys_wrch.o)
    0x00000f0c   0x00000f0c   0x00000008   Code   RO          590    .text               c_w.l(rt_errno_addr_intlibspace.o)
    0x00000f14   0x00000f14   0x00000050   Code   RO          596    .text               c_w.l(defsig_rtmem_inner.o)
    0x00000f64   0x00000f64   0x00000024   Code   RO           62    .text.SysTick_wait  tm4c_bsp.o
    0x00000f88   0x00000f88   0x000000fc   Code   RO           42    .text.SystemInit    system_tm4c123gh6pm.o
    0x00001084   0x00001084   0x000002a8   Code   RO            8    .text.UART0_Handler  cyber_minion.o
    0x0000132c   0x0000132c   0x00000080   Code   RO          130    .text.UnityAddMsgIfSpecified  unity.o
    0x000013ac   0x000013ac   0x0000009a   Code   RO          132    .text.UnityAssertEqualNumber  unity.o
    0x00001446   0x00001446   0x00000002   PAD
    0x00001448   0x00001448   0x00000028   Code   RO          178    .text.UnityBegin    unity.o
    0x00001470   0x00001470   0x00000080   Code   RO          122    .text.UnityConcludeTest  unity.o
    0x000014f0   0x000014f0   0x0000006a   Code   RO          174    .text.UnityDefaultTestRun  unity.o
    0x0000155a   0x0000155a   0x00000002   PAD
    0x0000155c   0x0000155c   0x000000b6   Code   RO          180    .text.UnityEnd      unity.o
    0x00001612   0x00001612   0x00000002   PAD
    0x00001614   0x00001614   0x0000002e   Code   RO           96    .text.UnityPrint    unity.o
    0x00001642   0x00001642   0x00000002   PAD
    0x00001644   0x00001644   0x000000a0   Code   RO           98    .text.UnityPrintChar  unity.o
    0x000016e4   0x000016e4   0x00000034   Code   RO          106    .text.UnityPrintNumber  unity.o
    0x00001718   0x00001718   0x00000116   Code   RO          104    .text.UnityPrintNumberByStyle  unity.o
    0x0000182e   0x0000182e   0x00000002   PAD
    0x00001830   0x00001830   0x00000080   Code   RO          102    .text.UnityPrintNumberHex  unity.o
    0x000018b0   0x000018b0   0x00000072   Code   RO          108    .text.UnityPrintNumberUnsigned  unity.o
    0x00001922   0x00001922   0x00000002   PAD
    0x00001924   0x00001924   0x00000048   Code   RO          124    .text.UnityTestResultsBegin  unity.o
    0x0000196c   0x0000196c   0x00000034   Code   RO          128    .text.UnityTestResultsFailBegin  unity.o
    0x000019a0   0x000019a0   0x00000028   Code   RO           64    .text.delay_10ms    tm4c_bsp.o
    0x000019c8   0x000019c8   0x0000001a   Code   RO           52    .text.get_UART0_interrupt_data  tm4c_bsp.o
    0x000019e2   0x000019e2   0x00000002   PAD
    0x000019e4   0x000019e4   0x00000032   Code   RO           85    .text.main          cyber_minion_unit_tests.o
    0x00001a16   0x00001a16   0x00000002   PAD
    0x00001a18   0x00001a18   0x00000050   Code   RO            2    .text.main_loop     cyber_minion.o
    0x00001a68   0x00001a68   0x000000da   Code   RO            4    .text.scan          cyber_minion.o
    0x00001b42   0x00001b42   0x00000002   PAD
    0x00001b44   0x00001b44   0x00000002   Code   RO           79    .text.setUp         cyber_minion_unit_tests.o
    0x00001b46   0x00001b46   0x00000002   PAD
    0x00001b48   0x00001b48   0x00000018   Code   RO           54    .text.set_PWM0_generator0_CMPA  tm4c_bsp.o
    0x00001b60   0x00001b60   0x00000018   Code   RO           56    .text.set_PWM0_generator1_CMPA  tm4c_bsp.o
    0x00001b78   0x00001b78   0x00000068   Code   RO           12    .text.set_compare_x  cyber_minion.o
    0x00001be0   0x00001be0   0x00000068   Code   RO           10    .text.set_compare_y  cyber_minion.o
    0x00001c48   0x00001c48   0x00000014   Code   RO            6    .text.sleep_position  cyber_minion.o
    0x00001c5c   0x00001c5c   0x00000002   Code   RO           81    .text.tearDown      cyber_minion_unit_tests.o
    0x00001c5e   0x00001c5e   0x00000002   PAD
    0x00001c60   0x00001c60   0x0000001a   Code   RO           83    .text.test_add      cyber_minion_unit_tests.o
    0x00001c7a   0x00001c7a   0x0000001c   Code   RO          274    i.fputc             c_w.l(fputc.o)
    0x00001c96   0x00001c96   0x00000004   Data   RO          296    .constdata          c_w.l(sys_io_names.o)
    0x00001c9a   0x00001c9a   0x00000004   Data   RO          297    .constdata          c_w.l(sys_io_names.o)
    0x00001c9e   0x00001c9e   0x00000004   Data   RO          298    .constdata          c_w.l(sys_io_names.o)
    0x00001ca2   0x00001ca2   0x00000018   Data   RO          217    .rodata.UnityStrBreaker  unity.o
    0x00001cba   0x00001cba   0x0000000a   Data   RO          214    .rodata.UnityStrDetail1Name  unity.o
    0x00001cc4   0x00001cc4   0x0000000b   Data   RO          215    .rodata.UnityStrDetail2Name  unity.o
    0x00001ccf   0x00001ccf   0x0000000b   Data   RO          195    .rodata.UnityStrExpected  unity.o
    0x00001cda   0x00001cda   0x00000005   Data   RO          184    .rodata.UnityStrFail  unity.o
    0x00001cdf   0x00001cdf   0x00000003   Data   RO          182    .rodata.UnityStrOk  unity.o
    0x00001ce2   0x00001ce2   0x00000005   Data   RO          183    .rodata.UnityStrPass  unity.o
    0x00001ce7   0x00001ce7   0x0000000b   Data   RO          219    .rodata.UnityStrResultsFailures  unity.o
    0x00001cf2   0x00001cf2   0x0000000a   Data   RO          220    .rodata.UnityStrResultsIgnored  unity.o
    0x00001cfc   0x00001cfc   0x00000008   Data   RO          218    .rodata.UnityStrResultsTests  unity.o
    0x00001d04   0x00001d04   0x00000003   Data   RO          216    .rodata.UnityStrSpacer  unity.o
    0x00001d07   0x00001d07   0x00000006   Data   RO          196    .rodata.UnityStrWas  unity.o
    0x00001d0d   0x00001d0d   0x0000002d   Data   RO           87    .rodata.str1.1      cyber_minion_unit_tests.o
    0x00001d3a   0x00001d3a   0x00000002   PAD
    0x00001d3c   0x00001d3c   0x00000020   Data   RO          622    Region$$Table       anon$$obj.o


    Execution Region ER_RW (Exec base: 0x20000000, Load base: 0x00001d5c, Size: 0x00000018, Max: 0xffffffff, ABSOLUTE)

    Exec Addr    Load Addr    Size         Type   Attr      Idx    E Section Name        Object

    0x20000000   0x00001d5c   0x00000004   Data   RW          237    .data               c_w.l(stdio_streams.o)
    0x20000004   0x00001d60   0x00000004   Data   RW          238    .data               c_w.l(stdio_streams.o)
    0x20000008   0x00001d64   0x00000004   Data   RW          239    .data               c_w.l(stdio_streams.o)
    0x2000000c   0x00001d68   0x00000002   Data   RW           15    .data.compare_x     cyber_minion.o
    0x2000000e   0x00001d6a   0x00000002   Data   RW           16    .data.compare_y     cyber_minion.o
    0x20000010   0x00001d6c   0x00000004   Data   RW           18    .data.sp1           cyber_minion.o
    0x20000014   0x00001d70   0x00000004   Data   RW           20    .data.sp2           cyber_minion.o


    Execution Region ER_ZI (Exec base: 0x20000018, Load base: 0x00001d74, Size: 0x00000570, Max: 0xffffffff, ABSOLUTE)

    Exec Addr    Load Addr    Size         Type   Attr      Idx    E Section Name        Object

    0x20000018        -       0x00000054   Zero   RW          234    .bss                c_w.l(stdio_streams.o)
    0x2000006c        -       0x00000054   Zero   RW          235    .bss                c_w.l(stdio_streams.o)
    0x200000c0        -       0x00000054   Zero   RW          236    .bss                c_w.l(stdio_streams.o)
    0x20000114        -       0x00000060   Zero   RW          524    .bss                c_w.l(libspace.o)
    0x20000174   0x00001d74   0x00000004   PAD
    0x20000178        -       0x000000c8   Zero   RW          194    .bss.Unity          unity.o
    0x20000240        -       0x00000001   Zero   RW           14    .bss.current_state  cyber_minion.o
    0x20000241   0x00001d74   0x00000003   PAD
    0x20000244        -       0x000000a0   Zero   RW           17    .bss.stack1         cyber_minion.o
    0x200002e4        -       0x000000a0   Zero   RW           19    .bss.stack2         cyber_minion.o
    0x20000384        -       0x00000001   Zero   RW           21    .bss.using_stack1   cyber_minion.o
    0x20000385   0x00001d74   0x00000003   PAD
    0x20000388        -       0x00000000   Zero   RW           29    HEAP                startup_tm4c123.o
    0x20000388        -       0x00000200   Zero   RW           28    STACK               startup_tm4c123.o


==============================================================================

Image component sizes


      Code (inc. data)   RO Data    RW Data    ZI Data      Debug   Object Name

      1206         24          0         12        322       2194   cyber_minion.o
        80          0         45          0          0       1431   cyber_minion_unit_tests.o
       288         24        620          0        512       5416   startup_tm4c123.o
       252          0          0          0          0       6121   system_tm4c123gh6pm.o
       150          0          0          0          0      12102   tm4c_bsp.o
      1640          0        107          0        200      17060   unity.o

    ----------------------------------------------------------------------
      3638         48        806         12       1040      44324   Object Totals
         0          0         32          0          0          0   (incl. Generated)
        22          0          2          0          6          0   (incl. Padding)

    ----------------------------------------------------------------------

      Code (inc. data)   RO Data    RW Data    ZI Data      Debug   Library Member Name

         8          0          0          0          0         68   __main.o
         0          0          0          0          0          0   __rtentry.o
        12          0          0          0          0          0   __rtentry2.o
         6          0          0          0          0          0   __rtentry4.o
        94          8          0          0          0          0   __scatter.o
        26          0          0          0          0          0   __scatter_copy.o
        28          0          0          0          0          0   __scatter_zi.o
        10          0          0          0          0         68   defsig_exit.o
        50          0          0          0          0         88   defsig_general.o
        80         58          0          0          0         76   defsig_rtmem_inner.o
        14          0          0          0          0         80   defsig_rtmem_outer.o
        52         38          0          0          0         76   defsig_rtred_inner.o
        14          0          0          0          0         80   defsig_rtred_outer.o
        18          0          0          0          0         80   exit.o
        76          0          0          0          0         88   fclose.o
       482          0          0          0          0         92   flsbuf.o
       240          6          0          0          0        128   fopen.o
        28          0          0          0          0         68   fputc.o
       248          6          0          0          0         84   fseek.o
        66          0          0          0          0         76   ftell.o
        94          0          0          0          0         80   h1_alloc.o
        52          0          0          0          0         68   h1_extend.o
        78          0          0          0          0         80   h1_free.o
        12          0          0          0          0         84   h1_init.o
         6          0          0          0          0        152   heapauxi.o
         4          0          0          0          0        136   hguard.o
         0          0          0          0          0          0   indicate_semi.o
       138          0          0          0          0        168   init_alloc.o
       312         46          0          0          0        112   initio.o
         2          0          0          0          0          0   libinit.o
        14          0          0          0          0          0   libinit2.o
         2          0          0          0          0          0   libshutdown.o
         6          0          0          0          0          0   libshutdown2.o
         8          4          0          0         96         68   libspace.o
         0          0          0          0          0          0   maybetermalloc1.o
         4          0          0          0          0         68   putc.o
         8          4          0          0          0         68   rt_errno_addr_intlibspace.o
         8          4          0          0          0         68   rt_heap_descriptor_intlibspace.o
        78          0          0          0          0         80   rt_memclr_w.o
         2          0          0          0          0          0   rtexit.o
        10          0          0          0          0          0   rtexit2.o
        70          0          0          0          0         80   setvbuf.o
       264          6          0          0          0        160   stdio.o
         0          0          0         12        252          0   stdio_streams.o
        62          0          0          0          0         76   strlen.o
        12          4          0          0          0         68   sys_exit.o
       102          0          0          0          0        240   sys_io.o
         0          0         12          0          0          0   sys_io_names.o
        74          0          0          0          0         80   sys_stackheap_outer.o
        14          0          0          0          0         76   sys_wrch.o
         2          0          0          0          0         68   use_no_semi.o
        62          0          0          0          0         92   setjmp.o

    ----------------------------------------------------------------------
      3060        184         12         12        352       3324   Library Totals
         8          0          0          0          4          0   (incl. Padding)

    ----------------------------------------------------------------------

      Code (inc. data)   RO Data    RW Data    ZI Data      Debug   Library Name

      2990        184         12         12        348       3232   c_w.l
        62          0          0          0          0         92   fz_ws.l

    ----------------------------------------------------------------------
      3060        184         12         12        352       3324   Library Totals

    ----------------------------------------------------------------------

==============================================================================


      Code (inc. data)   RO Data    RW Data    ZI Data      Debug   

      6698        232        818         24       1392      45968   Grand Totals
      6698        232        818         24       1392      45968   ELF Image Totals
      6698        232        818         24          0          0   ROM Totals

==============================================================================

    Total RO  Size (Code + RO Data)                 7516 (   7.34kB)
    Total RW  Size (RW Data + ZI Data)              1416 (   1.38kB)
    Total ROM Size (Code + RO Data + RW Data)       7540 (   7.36kB)

==============================================================================

