Component: Arm Compiler for Embedded 6.22 Tool: armlink [5ee90200]

==============================================================================

Section Cross References

    cyber_minion.o(.text.main_loop) refers to cyber_minion.o(.bss.current_state) for current_state
    cyber_minion.o(.text.main_loop) refers to mocktm4c_bsp.o(.text.wait_for_interrupt) for wait_for_interrupt
    cyber_minion.o(.text.main_loop) refers to cyber_minion.o(.text.scan) for scan
    cyber_minion.o(.text.main_loop) refers to cyber_minion.o(.text.sleep_position) for sleep_position
    cyber_minion.o(.ARM.exidx.text.main_loop) refers to cyber_minion.o(.text.main_loop) for [Anonymous Symbol]
    cyber_minion.o(.text.scan) refers to cyber_minion.o(.text.set_compare_y) for set_compare_y
    cyber_minion.o(.text.scan) refers to cyber_minion.o(.text.set_compare_x) for set_compare_x
    cyber_minion.o(.text.scan) refers to mocktm4c_bsp.o(.text.delay_10ms) for delay_10ms
    cyber_minion.o(.text.scan) refers to cyber_minion.o(.data.compare_x) for compare_x
    cyber_minion.o(.text.scan) refers to cyber_minion.o(.data.compare_y) for compare_y
    cyber_minion.o(.ARM.exidx.text.scan) refers to cyber_minion.o(.text.scan) for [Anonymous Symbol]
    cyber_minion.o(.text.sleep_position) refers to cyber_minion.o(.text.set_compare_x) for set_compare_x
    cyber_minion.o(.text.sleep_position) refers to cyber_minion.o(.text.set_compare_y) for set_compare_y
    cyber_minion.o(.ARM.exidx.text.sleep_position) refers to cyber_minion.o(.text.sleep_position) for [Anonymous Symbol]
    cyber_minion.o(.text.UART0_Handler) refers to mocktm4c_bsp.o(.text.get_UART0_interrupt_data) for get_UART0_interrupt_data
    cyber_minion.o(.text.UART0_Handler) refers to cyber_minion.o(.bss.current_state) for current_state
    cyber_minion.o(.text.UART0_Handler) refers to cyber_minion.o(.data.compare_y) for compare_y
    cyber_minion.o(.text.UART0_Handler) refers to cyber_minion.o(.text.set_compare_y) for set_compare_y
    cyber_minion.o(.text.UART0_Handler) refers to cyber_minion.o(.data.compare_x) for compare_x
    cyber_minion.o(.text.UART0_Handler) refers to cyber_minion.o(.text.set_compare_x) for set_compare_x
    cyber_minion.o(.text.UART0_Handler) refers to cyber_minion.o(.bss.using_stack1) for using_stack1
    cyber_minion.o(.text.UART0_Handler) refers to cyber_minion.o(.bss.stack2) for stack2
    cyber_minion.o(.text.UART0_Handler) refers to cyber_minion.o(.data.sp2) for sp2
    cyber_minion.o(.text.UART0_Handler) refers to cyber_minion.o(.text.main_loop) for main_loop
    cyber_minion.o(.text.UART0_Handler) refers to mocktm4c_bsp.o(.text.set_sp) for set_sp
    cyber_minion.o(.text.UART0_Handler) refers to cyber_minion.o(.bss.stack1) for stack1
    cyber_minion.o(.text.UART0_Handler) refers to cyber_minion.o(.data.sp1) for sp1
    cyber_minion.o(.text.UART0_Handler) refers to mocktm4c_bsp.o(.text.exit_interrupt) for exit_interrupt
    cyber_minion.o(.ARM.exidx.text.UART0_Handler) refers to cyber_minion.o(.text.UART0_Handler) for [Anonymous Symbol]
    cyber_minion.o(.text.set_compare_y) refers to cyber_minion.o(.data.compare_y) for compare_y
    cyber_minion.o(.text.set_compare_y) refers to mocktm4c_bsp.o(.text.set_PWM0_generator1_CMPA) for set_PWM0_generator1_CMPA
    cyber_minion.o(.ARM.exidx.text.set_compare_y) refers to cyber_minion.o(.text.set_compare_y) for [Anonymous Symbol]
    cyber_minion.o(.text.set_compare_x) refers to cyber_minion.o(.data.compare_x) for compare_x
    cyber_minion.o(.text.set_compare_x) refers to mocktm4c_bsp.o(.text.set_PWM0_generator0_CMPA) for set_PWM0_generator0_CMPA
    cyber_minion.o(.ARM.exidx.text.set_compare_x) refers to cyber_minion.o(.text.set_compare_x) for [Anonymous Symbol]
    cyber_minion.o(.data.sp1) refers to cyber_minion.o(.bss.stack1) for [Anonymous Symbol]
    cyber_minion.o(.data.sp2) refers to cyber_minion.o(.bss.stack2) for [Anonymous Symbol]
    startup_tm4c123.o(STACK) refers (Special) to heapauxi.o(.text) for __use_two_region_memory
    startup_tm4c123.o(HEAP) refers (Special) to heapauxi.o(.text) for __use_two_region_memory
    startup_tm4c123.o(RESET) refers (Special) to heapauxi.o(.text) for __use_two_region_memory
    startup_tm4c123.o(RESET) refers to startup_tm4c123.o(STACK) for __initial_sp
    startup_tm4c123.o(RESET) refers to startup_tm4c123.o(.text) for Reset_Handler
    startup_tm4c123.o(RESET) refers to cyber_minion.o(.text.UART0_Handler) for UART0_Handler
    startup_tm4c123.o(.text) refers (Special) to heapauxi.o(.text) for __use_two_region_memory
    startup_tm4c123.o(.text) refers to system_tm4c123gh6pm.o(.text.SystemInit) for SystemInit
    startup_tm4c123.o(.text) refers to __main.o(!!!main) for __main
    startup_tm4c123.o(.text) refers to startup_tm4c123.o(HEAP) for Heap_Mem
    startup_tm4c123.o(.text) refers to startup_tm4c123.o(STACK) for Stack_Mem
    system_tm4c123gh6pm.o(.text.SystemCoreClockUpdate) refers to system_tm4c123gh6pm.o(.text.getOscClk) for getOscClk
[...]
    ../fplib/fpinit.s                        0x00000000   Number         0  fpinit.o ABSOLUTE
    ../fplib/fpinit_empty.s                  0x00000000   Number         0  fpinit_empty.o ABSOLUTE
    ../fplib/fretinf.s                       0x00000000   Number         0  fretinf.o ABSOLUTE
    ../fplib/setjmp.s                        0x00000000   Number         0  setjmp.o ABSOLUTE
    ../fplib/usenofp.s                       0x00000000   Number         0  usenofp.o ABSOLUTE
    Mocktm4c_bsp.c                           0x00000000   Number         0  mocktm4c_bsp.o ABSOLUTE
    cmock.c                                  0x00000000   Number         0  cmock.o ABSOLUTE
    cyber_minion.c                           0x00000000   Number         0  cyber_minion.o ABSOLUTE
    cyber_minion_unit_tests.c                0x00000000   Number         0  cyber_minion_unit_tests.o ABSOLUTE
    dc.s                                     0x00000000   Number         0  dc.o ABSOLUTE
    system_TM4C123GH6PM.c                    0x00000000   Number         0  system_tm4c123gh6pm.o ABSOLUTE
    tm4c/startup/startup_TM4C123.s           0x00000000   Number         0  startup_tm4c123.o ABSOLUTE
    unity.c                                  0x00000000   Number         0  unity.o ABSOLUTE
    RESET                                    0x00000000   Section      620  startup_tm4c123.o(RESET)
    !!!main                                  0x0000026c   Section        8  __main.o(!!!main)
    !!!scatter                               0x00000274   Section       92  __scatter.o(!!!scatter)
    !!handler_copy                           0x000002d0   Section       26  __scatter_copy.o(!!handler_copy)
    !!handler_null                           0x000002ec   Section        2  __scatter.o(!!handler_null)
    !!handler_zi                             0x000002f0   Section       28  __scatter_zi.o(!!handler_zi)
    .ARM.Collect$$libinit$$00000000          0x0000030c   Section        2  libinit.o(.ARM.Collect$$libinit$$00000000)
    .ARM.Collect$$libinit$$00000002          0x0000030e   Section        0  libinit2.o(.ARM.Collect$$libinit$$00000002)
    .ARM.Collect$$libinit$$00000004          0x0000030e   Section        0  libinit2.o(.ARM.Collect$$libinit$$00000004)
    .ARM.Collect$$libinit$$00000006          0x0000030e   Section        0  libinit2.o(.ARM.Collect$$libinit$$00000006)
    .ARM.Collect$$libinit$$00000007          0x0000030e   Section        8  libinit2.o(.ARM.Collect$$libinit$$00000007)
    .ARM.Collect$$libinit$$0000000C          0x00000316   Section        0  libinit2.o(.ARM.Collect$$libinit$$0000000C)
    .ARM.Collect$$libinit$$0000000E          0x00000316   Section        0  libinit2.o(.ARM.Collect$$libinit$$0000000E)
    .ARM.Collect$$libinit$$00000010          0x00000316   Section        0  libinit2.o(.ARM.Collect$$libinit$$00000010)
    .ARM.Collect$$libinit$$00000013          0x00000316   Section        0  libinit2.o(.ARM.Collect$$libinit$$00000013)
    .ARM.Collect$$libinit$$00000015          0x00000316   Section        0  libinit2.o(.ARM.Collect$$libinit$$00000015)
    .ARM.Collect$$libinit$$00000017          0x00000316   Section        0  libinit2.o(.ARM.Collect$$libinit$$00000017)
    .ARM.Collect$$libinit$$00000019          0x00000316   Section        0  libinit2.o(.ARM.Collect$$libinit$$00000019)
    .ARM.Collect$$libinit$$0000001B          0x00000316   Section        0  libinit2.o(.ARM.Collect$$libinit$$0000001B)
    .ARM.Collect$$libinit$$0000001D          0x00000316   Section        0  libinit2.o(.ARM.Collect$$libinit$$0000001D)
    .ARM.Collect$$libinit$$0000001F          0x00000316   Section        0  libinit2.o(.ARM.Collect$$libinit$$0000001F)
    .ARM.Collect$$libinit$$00000021          0x00000316   Section        0  libinit2.o(.ARM.Collect$$libinit$$00000021)
    .ARM.Collect$$libinit$$00000023          0x00000316   Section        0  libinit2.o(.ARM.Collect$$libinit$$00000023)
    .ARM.Collect$$libinit$$00000025          0x00000316   Section        0  libinit2.o(.ARM.Collect$$libinit$$00000025)
    .ARM.Collect$$libinit$$00000026          0x00000316   Section        4  libinit2.o(.ARM.Collect$$libinit$$00000026)
    .ARM.Collect$$libinit$$00000027          0x0000031a   Section        0  libinit2.o(.ARM.Collect$$libinit$$00000027)
    .ARM.Collect$$libinit$$0000002E          0x0000031a   Section        0  libinit2.o(.ARM.Collect$$libinit$$0000002E)
    .ARM.Collect$$libinit$$00000030          0x0000031a   Section        0  libinit2.o(.ARM.Collect$$libinit$$00000030)
    .ARM.Collect$$libinit$$00000032          0x0000031a   Section        0  libinit2.o(.ARM.Collect$$libinit$$00000032)
    .ARM.Collect$$libinit$$00000034          0x0000031a   Section        0  libinit2.o(.ARM.Collect$$libinit$$00000034)
    .ARM.Collect$$libinit$$00000035          0x0000031a   Section        2  libinit2.o(.ARM.Collect$$libinit$$00000035)
    .ARM.Collect$$libshutdown$$00000000      0x0000031c   Section        2  libshutdown.o(.ARM.Collect$$libshutdown$$00000000)
    .ARM.Collect$$libshutdown$$00000002      0x0000031e   Section        0  libshutdown2.o(.ARM.Collect$$libshutdown$$00000002)
    .ARM.Collect$$libshutdown$$00000003      0x0000031e   Section        4  libshutdown2.o(.ARM.Collect$$libshutdown$$00000003)
    .ARM.Collect$$libshutdown$$00000004      0x00000322   Section        0  libshutdown2.o(.ARM.Collect$$libshutdown$$00000004)
    .ARM.Collect$$libshutdown$$00000007      0x00000322   Section        0  libshutdown2.o(.ARM.Collect$$libshutdown$$00000007)
    .ARM.Collect$$libshutdown$$0000000A      0x00000322   Section        0  libshutdown2.o(.ARM.Collect$$libshutdown$$0000000A)
    .ARM.Collect$$libshutdown$$0000000C      0x00000322   Section        0  libshutdown2.o(.ARM.Collect$$libshutdown$$0000000C)
    .ARM.Collect$$libshutdown$$0000000F      0x00000322   Section        0  libshutdown2.o(.ARM.Collect$$libshutdown$$0000000F)
    .ARM.Collect$$libshutdown$$00000010      0x00000322   Section        2  libshutdown2.o(.ARM.Collect$$libshutdown$$00000010)
    .ARM.Collect$$rtentry$$00000000          0x00000324   Section        0  __rtentry.o(.ARM.Collect$$rtentry$$00000000)
    .ARM.Collect$$rtentry$$00000002          0x00000324   Section        0  __rtentry2.o(.ARM.Collect$$rtentry$$00000002)
    .ARM.Collect$$rtentry$$00000004          0x00000324   Section        6  __rtentry4.o(.ARM.Collect$$rtentry$$00000004)
    .ARM.Collect$$rtentry$$00000009          0x0000032a   Section        0  __rtentry2.o(.ARM.Collect$$rtentry$$00000009)
    .ARM.Collect$$rtentry$$0000000A          0x0000032a   Section        4  __rtentry2.o(.ARM.Collect$$rtentry$$0000000A)
    .ARM.Collect$$rtentry$$0000000C          0x0000032e   Section        0  __rtentry2.o(.ARM.Collect$$rtentry$$0000000C)
    .ARM.Collect$$rtentry$$0000000D          0x0000032e   Section        8  __rtentry2.o(.ARM.Collect$$rtentry$$0000000D)
    .ARM.Collect$$rtexit$$00000000           0x00000336   Section        2  rtexit.o(.ARM.Collect$$rtexit$$00000000)
    .ARM.Collect$$rtexit$$00000002           0x00000338   Section        0  rtexit2.o(.ARM.Collect$$rtexit$$00000002)
    .ARM.Collect$$rtexit$$00000003           0x00000338   Section        4  rtexit2.o(.ARM.Collect$$rtexit$$00000003)
    .ARM.Collect$$rtexit$$00000004           0x0000033c   Section        6  rtexit2.o(.ARM.Collect$$rtexit$$00000004)
    .text                                    0x00000344   Section      276  startup_tm4c123.o(.text)
    .text                                    0x00000458   Section        0  putc.o(.text)
    .text                                    0x0000045c   Section       78  rt_memclr_w.o(.text)
    .text                                    0x000004aa   Section        0  heapauxi.o(.text)
    .text                                    0x000004b0   Section       62  setjmp.o(.text)
    .text                                    0x000004f0   Section        0  initio.o(.text)
    .text                                    0x00000628   Section        0  h1_free.o(.text)
    .text                                    0x00000676   Section        0  flsbuf.o(.text)
    .text                                    0x00000858   Section        0  setvbuf.o(.text)
    _freopen_locked                          0x000008a1   Thumb Code     0  fopen.o(.text)
    .text                                    0x000008a0   Section        0  fopen.o(.text)
    .text                                    0x00000990   Section        0  fclose.o(.text)
    .text                                    0x000009dc   Section        0  defsig_rtred_outer.o(.text)
    .text                                    0x000009ea   Section        0  sys_io.o(.text)
    .text                                    0x00000a50   Section       74  sys_stackheap_outer.o(.text)
    .text                                    0x00000a9c   Section        8  rt_heap_descriptor_intlibspace.o(.text)
    .text                                    0x00000aa4   Section        0  hguard.o(.text)
    .text                                    0x00000aa8   Section        0  init_alloc.o(.text)
    .text                                    0x00000b32   Section        0  h1_alloc.o(.text)
    .text                                    0x00000b90   Section        0  fseek.o(.text)
    .text                                    0x00000c88   Section        0  stdio.o(.text)
    .text                                    0x00000d90   Section        0  exit.o(.text)
    .text                                    0x00000da2   Section        0  defsig_exit.o(.text)
    .text                                    0x00000dac   Section        0  defsig_rtred_inner.o(.text)
    .text                                    0x00000de0   Section        0  sys_exit.o(.text)
    .text                                    0x00000dec   Section        8  libspace.o(.text)
    .text                                    0x00000df4   Section        2  use_no_semi.o(.text)
    .text                                    0x00000df6   Section        0  indicate_semi.o(.text)
    .text                                    0x00000df6   Section        0  maybetermalloc1.o(.text)
    .text                                    0x00000df6   Section        0  h1_init.o(.text)
    .text                                    0x00000e02   Section        0  h1_extend.o(.text)
    .text                                    0x00000e36   Section        0  ftell.o(.text)
    .text                                    0x00000e78   Section        0  defsig_general.o(.text)
    .text                                    0x00000eaa   Section        0  defsig_rtmem_outer.o(.text)
    .text                                    0x00000eb8   Section        0  strlen.o(.text)
    .text                                    0x00000ef6   Section        0  sys_wrch.o(.text)
    .text                                    0x00000f04   Section        8  rt_errno_addr_intlibspace.o(.text)
    .text                                    0x00000f0c   Section        0  defsig_rtmem_inner.o(.text)
    [Anonymous Symbol]                       0x00000f5c   Section        0  mocktm4c_bsp.o(.text.CMockExpectParameters_set_PWM0_generator0_CMPA)
    [Anonymous Symbol]                       0x00000f70   Section        0  mocktm4c_bsp.o(.text.CMockExpectParameters_set_PWM0_generator1_CMPA)
    [Anonymous Symbol]                       0x00000f84   Section        0  mocktm4c_bsp.o(.text.CMockExpectParameters_set_sp)
    [Anonymous Symbol]                       0x00000f94   Section        0  cmock.o(.text.CMock_Guts_GetAddressFor)
    [Anonymous Symbol]                       0x00000fd0   Section        0  cmock.o(.text.CMock_Guts_MemChain)
    [Anonymous Symbol]                       0x000010a4   Section        0  cmock.o(.text.CMock_Guts_MemNew)
    [Anonymous Symbol]                       0x00001128   Section        0  cmock.o(.text.CMock_Guts_MemNext)
    [Anonymous Symbol]                       0x00001190   Section        0  system_tm4c123gh6pm.o(.text.SystemInit)
    [Anonymous Symbol]                       0x0000128c   Section        0  cyber_minion.o(.text.UART0_Handler)
    UnityAddMsgIfSpecified                   0x00001535   Thumb Code   128  unity.o(.text.UnityAddMsgIfSpecified)
    [Anonymous Symbol]                       0x00001534   Section        0  unity.o(.text.UnityAddMsgIfSpecified)
    [Anonymous Symbol]                       0x000015b4   Section        0  unity.o(.text.UnityAssertEqualIntArray)
    [Anonymous Symbol]                       0x000017bc   Section        0  unity.o(.text.UnityAssertEqualNumber)
    [Anonymous Symbol]                       0x00001858   Section        0  unity.o(.text.UnityBegin)
    [Anonymous Symbol]                       0x00001880   Section        0  unity.o(.text.UnityConcludeTest)
    [Anonymous Symbol]                       0x00001900   Section        0  unity.o(.text.UnityDefaultTestRun)
    [Anonymous Symbol]                       0x0000196c   Section        0  unity.o(.text.UnityEnd)
    [Anonymous Symbol]                       0x00001a24   Section        0  unity.o(.text.UnityFail)
    UnityIsOneArrayNull                      0x00001b19   Thumb Code   112  unity.o(.text.UnityIsOneArrayNull)
    [Anonymous Symbol]                       0x00001b18   Section        0  unity.o(.text.UnityIsOneArrayNull)
    [Anonymous Symbol]                       0x00001b88   Section        0  unity.o(.text.UnityPrint)
    UnityPrintChar                           0x00001bb9   Thumb Code   160  unity.o(.text.UnityPrintChar)
    [Anonymous Symbol]                       0x00001bb8   Section        0  unity.o(.text.UnityPrintChar)
    [Anonymous Symbol]                       0x00001c58   Section        0  unity.o(.text.UnityPrintNumber)
    [Anonymous Symbol]                       0x00001c8c   Section        0  unity.o(.text.UnityPrintNumberByStyle)
    [Anonymous Symbol]                       0x00001da4   Section        0  unity.o(.text.UnityPrintNumberHex)
    [Anonymous Symbol]                       0x00001e24   Section        0  unity.o(.text.UnityPrintNumberUnsigned)
    UnityTestResultsBegin                    0x00001e99   Thumb Code    72  unity.o(.text.UnityTestResultsBegin)
    [Anonymous Symbol]                       0x00001e98   Section        0  unity.o(.text.UnityTestResultsBegin)
    UnityTestResultsFailBegin                0x00001ee1   Thumb Code    52  unity.o(.text.UnityTestResultsFailBegin)
    [Anonymous Symbol]                       0x00001ee0   Section        0  unity.o(.text.UnityTestResultsFailBegin)
    [Anonymous Symbol]                       0x00001f14   Section        0  mocktm4c_bsp.o(.text.delay_10ms)
    [Anonymous Symbol]                       0x00001fc8   Section        0  mocktm4c_bsp.o(.text.exit_interrupt)
    [Anonymous Symbol]                       0x0000203c   Section        0  mocktm4c_bsp.o(.text.exit_interrupt_CMockExpect)
    [Anonymous Symbol]                       0x00002094   Section        0  mocktm4c_bsp.o(.text.get_UART0_interrupt_data)
    [Anonymous Symbol]                       0x0000210c   Section        0  mocktm4c_bsp.o(.text.get_UART0_interrupt_data_CMockExpectAndReturn)
    [Anonymous Symbol]                       0x00002174   Section        0  cyber_minion_unit_tests.o(.text.main)
    [Anonymous Symbol]                       0x000021e8   Section        0  cyber_minion.o(.text.main_loop)
    [Anonymous Symbol]                       0x00002238   Section        0  cyber_minion.o(.text.scan)
    [Anonymous Symbol]                       0x00002314   Section        0  cyber_minion_unit_tests.o(.text.setUp)
    [Anonymous Symbol]                       0x00002318   Section        0  mocktm4c_bsp.o(.text.set_PWM0_generator0_CMPA)
    [Anonymous Symbol]                       0x000023d0   Section        0  mocktm4c_bsp.o(.text.set_PWM0_generator0_CMPA_CMockExpect)
    [Anonymous Symbol]                       0x00002438   Section        0  mocktm4c_bsp.o(.text.set_PWM0_generator1_CMPA)
    [Anonymous Symbol]                       0x000024f0   Section        0  mocktm4c_bsp.o(.text.set_PWM0_generator1_CMPA_CMockExpect)
    [Anonymous Symbol]                       0x00002558   Section        0  cyber_minion.o(.text.set_compare_x)
    [Anonymous Symbol]                       0x000025c0   Section        0  cyber_minion.o(.text.set_compare_y)
    [Anonymous Symbol]                       0x00002628   Section        0  mocktm4c_bsp.o(.text.set_sp)
    [Anonymous Symbol]                       0x00002710   Section        0  mocktm4c_bsp.o(.text.set_sp_CMockExpect)
    [Anonymous Symbol]                       0x00002774   Section        0  cyber_minion.o(.text.sleep_position)
    [Anonymous Symbol]                       0x00002788   Section        0  cyber_minion_unit_tests.o(.text.tearDown)
    [Anonymous Symbol]                       0x0000278c   Section        0  cyber_minion_unit_tests.o(.text.testHelper_UART0_Handler_set_up_and_call_and_assert)
    [Anonymous Symbol]                       0x00002844   Section        0  cyber_minion_unit_tests.o(.text.test_UART0_Handler_changesStateToScanning_whenUARTFrameMSBIsEnabled)
    [Anonymous Symbol]                       0x000028b0   Section        0  cyber_minion_unit_tests.o(.text.test_UART0_Handler_changesStateToWaiting_and_setsServoPositions_andAlternatesStackPointer_whenUARTFrameMSBDisabled)
    [Anonymous Symbol]                       0x00002aec   Section        0  cyber_minion_unit_tests.o(.text.test_sanity)
    [Anonymous Symbol]                       0x00002b08   Section        0  cyber_minion_unit_tests.o(.text.test_sleep_position_centersHorizontalServo_and_maximizesVerticalServo)
    [Anonymous Symbol]                       0x00002ba4   Section        0  mocktm4c_bsp.o(.text.wait_for_interrupt)
    i.fputc                                  0x00002c18   Section        0  fputc.o(i.fputc)
    .constdata                               0x00002c34   Section        4  sys_io_names.o(.constdata)
    .constdata                               0x00002c38   Section        4  sys_io_names.o(.constdata)
    .constdata                               0x00002c3c   Section        4  sys_io_names.o(.constdata)
    UnityStrBreaker                          0x00002c40   Data          24  unity.o(.rodata.UnityStrBreaker)
    [Anonymous Symbol]                       0x00002c40   Section        0  unity.o(.rodata.UnityStrBreaker)
    UnityStrDetail1Name                      0x00002c58   Data          10  unity.o(.rodata.UnityStrDetail1Name)
    [Anonymous Symbol]                       0x00002c58   Section        0  unity.o(.rodata.UnityStrDetail1Name)
    UnityStrDetail2Name                      0x00002c62   Data          11  unity.o(.rodata.UnityStrDetail2Name)
    [Anonymous Symbol]                       0x00002c62   Section        0  unity.o(.rodata.UnityStrDetail2Name)
    UnityStrElement                          0x00002c6d   Data          10  unity.o(.rodata.UnityStrElement)
    [Anonymous Symbol]                       0x00002c6d   Section        0  unity.o(.rodata.UnityStrElement)
    UnityStrExpected                         0x00002c77   Data          11  unity.o(.rodata.UnityStrExpected)
    [Anonymous Symbol]                       0x00002c77   Section        0  unity.o(.rodata.UnityStrExpected)
    UnityStrNullPointerForActual             0x00002c87   Data          25  unity.o(.rodata.UnityStrNullPointerForActual)
    [Anonymous Symbol]                       0x00002c87   Section        0  unity.o(.rodata.UnityStrNullPointerForActual)
    UnityStrNullPointerForExpected           0x00002ca0   Data          29  unity.o(.rodata.UnityStrNullPointerForExpected)
    [Anonymous Symbol]                       0x00002ca0   Section        0  unity.o(.rodata.UnityStrNullPointerForExpected)
    UnityStrPointless                        0x00002cc5   Data          55  unity.o(.rodata.UnityStrPointless)
    [Anonymous Symbol]                       0x00002cc5   Section        0  unity.o(.rodata.UnityStrPointless)
    UnityStrResultsFailures                  0x00002cfc   Data          11  unity.o(.rodata.UnityStrResultsFailures)
    [Anonymous Symbol]                       0x00002cfc   Section        0  unity.o(.rodata.UnityStrResultsFailures)
    UnityStrResultsIgnored                   0x00002d07   Data          10  unity.o(.rodata.UnityStrResultsIgnored)
    [Anonymous Symbol]                       0x00002d07   Section        0  unity.o(.rodata.UnityStrResultsIgnored)
    UnityStrResultsTests                     0x00002d11   Data           8  unity.o(.rodata.UnityStrResultsTests)
    [Anonymous Symbol]                       0x00002d11   Section        0  unity.o(.rodata.UnityStrResultsTests)
    UnityStrSpacer                           0x00002d19   Data           3  unity.o(.rodata.UnityStrSpacer)
    [Anonymous Symbol]                       0x00002d19   Section        0  unity.o(.rodata.UnityStrSpacer)
    UnityStrWas                              0x00002d1c   Data           6  unity.o(.rodata.UnityStrWas)
    [Anonymous Symbol]                       0x00002d1c   Section        0  unity.o(.rodata.UnityStrWas)
    .L.str                                   0x00002d22   Data          36  cyber_minion_unit_tests.o(.rodata.str1.1)
    [Anonymous Symbol]                       0x00002d22   Section        0  cyber_minion_unit_tests.o(.rodata.str1.1)
    .L.str.3                                 0x00002d46   Data          68  cyber_minion_unit_tests.o(.rodata.str1.1)
    .L.str.4                                 0x00002d8a   Data         115  cyber_minion_unit_tests.o(.rodata.str1.1)
    .L.str.2                                 0x00002dfd   Data          70  cyber_minion_unit_tests.o(.rodata.str1.1)
    .L.str.1                                 0x00002e43   Data          12  cyber_minion_unit_tests.o(.rodata.str1.1)
    [Anonymous Symbol]                       0x00002e4f   Section        0  mocktm4c_bsp.o(.rodata.str1.1)
    [Anonymous Symbol]                       0x00002f05   Section        0  cmock.o(.rodata.str1.1)
    .data                                    0x20000000   Section        4  stdio_streams.o(.data)
    .data                                    0x20000004   Section        4  stdio_streams.o(.data)
    .data                                    0x20000008   Section        4  stdio_streams.o(.data)
    CMockString_cmock_arg1                   0x2000001c   Data           4  mocktm4c_bsp.o(.data.CMockString_cmock_arg1)
    [Anonymous Symbol]                       0x2000001c   Section        0  mocktm4c_bsp.o(.data.CMockString_cmock_arg1)
    CMockString_delay_10ms                   0x20000020   Data           4  mocktm4c_bsp.o(.data.CMockString_delay_10ms)
    [Anonymous Symbol]                       0x20000020   Section        0  mocktm4c_bsp.o(.data.CMockString_delay_10ms)
    CMockString_exit_interrupt               0x20000024   Data           4  mocktm4c_bsp.o(.data.CMockString_exit_interrupt)
    [Anonymous Symbol]                       0x20000024   Section        0  mocktm4c_bsp.o(.data.CMockString_exit_interrupt)
    CMockString_get_UART0_interrupt_data     0x20000028   Data           4  mocktm4c_bsp.o(.data.CMockString_get_UART0_interrupt_data)
    [Anonymous Symbol]                       0x20000028   Section        0  mocktm4c_bsp.o(.data.CMockString_get_UART0_interrupt_data)
    CMockString_set_PWM0_generator0_CMPA     0x2000002c   Data           4  mocktm4c_bsp.o(.data.CMockString_set_PWM0_generator0_CMPA)
    [Anonymous Symbol]                       0x2000002c   Section        0  mocktm4c_bsp.o(.data.CMockString_set_PWM0_generator0_CMPA)
    CMockString_set_PWM0_generator1_CMPA     0x20000030   Data           4  mocktm4c_bsp.o(.data.CMockString_set_PWM0_generator1_CMPA)
    [Anonymous Symbol]                       0x20000030   Section        0  mocktm4c_bsp.o(.data.CMockString_set_PWM0_generator1_CMPA)
    CMockString_set_sp                       0x20000034   Data           4  mocktm4c_bsp.o(.data.CMockString_set_sp)
    [Anonymous Symbol]                       0x20000034   Section        0  mocktm4c_bsp.o(.data.CMockString_set_sp)
    CMockString_wait_for_interrupt           0x20000038   Data           4  mocktm4c_bsp.o(.data.CMockString_wait_for_interrupt)
    [Anonymous Symbol]                       0x20000038   Section        0  mocktm4c_bsp.o(.data.CMockString_wait_for_interrupt)
    CMock_Guts_Buffer                        0x2000003c   Data           4  cmock.o(.data.CMock_Guts_Buffer)
    [Anonymous Symbol]                       0x2000003c   Section        0  cmock.o(.data.CMock_Guts_Buffer)
    CMock_Guts_BufferSize                    0x20000040   Data           4  cmock.o(.data.CMock_Guts_BufferSize)
    [Anonymous Symbol]                       0x20000040   Section        0  cmock.o(.data.CMock_Guts_BufferSize)
    CMock_Guts_FreePtr                       0x20000044   Data           4  cmock.o(.data.CMock_Guts_FreePtr)
    [Anonymous Symbol]                       0x20000044   Section        0  cmock.o(.data.CMock_Guts_FreePtr)
    .bss                                     0x20000058   Section       84  stdio_streams.o(.bss)
    .bss                                     0x200000ac   Section       84  stdio_streams.o(.bss)
    .bss                                     0x20000100   Section       84  stdio_streams.o(.bss)
    .bss                                     0x20000154   Section       96  libspace.o(.bss)
    CMock_Guts_Space                         0x200001b8   Data       32776  cmock.o(.bss.CMock_Guts_Space)
    [Anonymous Symbol]                       0x200001b8   Section        0  cmock.o(.bss.CMock_Guts_Space)
    Mock                                     0x200081c0   Data          40  mocktm4c_bsp.o(.bss.Mock)
    [Anonymous Symbol]                       0x200081c0   Section        0  mocktm4c_bsp.o(.bss.Mock)
    stack1                                   0x200082b4   Data         160  cyber_minion.o(.bss.stack1)
    [Anonymous Symbol]                       0x200082b4   Section        0  cyber_minion.o(.bss.stack1)
    stack2                                   0x20008354   Data         160  cyber_minion.o(.bss.stack2)
    [Anonymous Symbol]                       0x20008354   Section        0  cyber_minion.o(.bss.stack2)
    using_stack1                             0x200083f4   Data           1  cyber_minion.o(.bss.using_stack1)
    [Anonymous Symbol]                       0x200083f4   Section        0  cyber_minion.o(.bss.using_stack1)
    Heap_Mem                                 0x200083f8   Data           0  startup_tm4c123.o(HEAP)
    Stack_Mem                                0x200083f8   Data         512  startup_tm4c123.o(STACK)
    HEAP                                     0x200083f8   Section        0  startup_tm4c123.o(HEAP)
    STACK                                    0x200083f8   Section      512  startup_tm4c123.o(STACK)
    __initial_sp                             0x200085f8   Data           0  startup_tm4c123.o(STACK)

    Global Symbols

    Symbol Name                              Value     Ov Type        Size  Object(Section)

    BuildAttributes$$THM_ISAv4$E$P$D$K$B$S$7EM$PE$A:L22UL41UL21$X:L11$S22US41US21$IEEE1$IW$~IW$USESV6$~STKCKD$USESV7$~SHL$OTIME$ROPI$EBA8$UX$STANDARDLIB$REQ8$PRES8$EABIv2 0x00000000   Number         0  anon$$obj.o ABSOLUTE
    __Vectors                                0x00000000   Data           4  startup_tm4c123.o(RESET)
    __fp_init_empty                          0x00000000   Number         0  fpinit_empty.o ABSOLUTE
    __ARM_exceptions_init                     - Undefined Weak Reference
    __alloca_initialize                       - Undefined Weak Reference
    __alloca_longjmp                          - Undefined Weak Reference
    __alloca_setjmp                           - Undefined Weak Reference
    __arm_preinit_                            - Undefined Weak Reference
    __arm_relocate_pie_                       - Undefined Weak Reference
    __cpp_initialize__aeabi_                  - Undefined Weak Reference
    __cxa_finalize                            - Undefined Weak Reference
    __rt_locale                               - Undefined Weak Reference
    __sigvec_lookup                           - Undefined Weak Reference
    __user_heap_extent                        - Undefined Weak Reference
    _atexit_init                              - Undefined Weak Reference
    _call_atexit_fns                          - Undefined Weak Reference
    _clock_init                               - Undefined Weak Reference
    _fp_trap_init                             - Undefined Weak Reference
    _fp_trap_shutdown                         - Undefined Weak Reference
    _get_lc_collate                           - Undefined Weak Reference
    _get_lc_ctype                             - Undefined Weak Reference
    _get_lc_monetary                          - Undefined Weak Reference
    _get_lc_numeric                           - Undefined Weak Reference
    _get_lc_time                              - Undefined Weak Reference
    _getenv_init                              - Undefined Weak Reference
    _handle_redirection                       - Undefined Weak Reference
    _mutex_acquire                            - Undefined Weak Reference
    _mutex_free                               - Undefined Weak Reference
    _mutex_release                            - Undefined Weak Reference
    _rand_init                                - Undefined Weak Reference
    _signal_finish                            - Undefined Weak Reference
    _signal_init                              - Undefined Weak Reference
    __Vectors_End                            0x0000026c   Data           0  startup_tm4c123.o(RESET)
    __Vectors_Size                           0x0000026c   Number         0  startup_tm4c123.o ABSOLUTE
    __main                                   0x0000026d   Thumb Code     8  __main.o(!!!main)
    __scatterload                            0x00000275   Thumb Code     0  __scatter.o(!!!scatter)
    __scatterload_rt2                        0x00000275   Thumb Code    84  __scatter.o(!!!scatter)
    __scatterload_rt2_thumb_only             0x00000275   Thumb Code     0  __scatter.o(!!!scatter)
    __scatterload_loop                       0x0000027f   Thumb Code     0  __scatter.o(!!!scatter)
    __scatterload_copy                       0x000002d1   Thumb Code    26  __scatter_copy.o(!!handler_copy)
    __scatterload_null                       0x000002ed   Thumb Code     2  __scatter.o(!!handler_null)
    __scatterload_zeroinit                   0x000002f1   Thumb Code    28  __scatter_zi.o(!!handler_zi)
    __rt_lib_init                            0x0000030d   Thumb Code     0  libinit.o(.ARM.Collect$$libinit$$00000000)
    __rt_lib_init_fp_1                       0x0000030f   Thumb Code     0  libinit2.o(.ARM.Collect$$libinit$$00000002)
    __rt_lib_init_heap_2                     0x0000030f   Thumb Code     0  libinit2.o(.ARM.Collect$$libinit$$00000007)
    __rt_lib_init_preinit_1                  0x0000030f   Thumb Code     0  libinit2.o(.ARM.Collect$$libinit$$00000006)
    __rt_lib_init_relocate_pie_1             0x0000030f   Thumb Code     0  libinit2.o(.ARM.Collect$$libinit$$00000004)
    __rt_lib_init_atexit_1                   0x00000317   Thumb Code     0  libinit2.o(.ARM.Collect$$libinit$$0000001D)
    __rt_lib_init_clock_1                    0x00000317   Thumb Code     0  libinit2.o(.ARM.Collect$$libinit$$00000023)
    __rt_lib_init_fp_trap_1                  0x00000317   Thumb Code     0  libinit2.o(.ARM.Collect$$libinit$$00000021)
    __rt_lib_init_getenv_1                   0x00000317   Thumb Code     0  libinit2.o(.ARM.Collect$$libinit$$00000025)
    __rt_lib_init_heap_1                     0x00000317   Thumb Code     0  libinit2.o(.ARM.Collect$$libinit$$0000000C)
    __rt_lib_init_lc_collate_1               0x00000317   Thumb Code     0  libinit2.o(.ARM.Collect$$libinit$$00000013)
    __rt_lib_init_lc_ctype_1                 0x00000317   Thumb Code     0  libinit2.o(.ARM.Collect$$libinit$$00000015)
    __rt_lib_init_lc_monetary_1              0x00000317   Thumb Code     0  libinit2.o(.ARM.Collect$$libinit$$00000017)
    __rt_lib_init_lc_numeric_1               0x00000317   Thumb Code     0  libinit2.o(.ARM.Collect$$libinit$$00000019)
    __rt_lib_init_lc_time_1                  0x00000317   Thumb Code     0  libinit2.o(.ARM.Collect$$libinit$$0000001B)
    __rt_lib_init_rand_1                     0x00000317   Thumb Code     0  libinit2.o(.ARM.Collect$$libinit$$00000010)
    __rt_lib_init_signal_1                   0x00000317   Thumb Code     0  libinit2.o(.ARM.Collect$$libinit$$0000001F)
    __rt_lib_init_stdio_2                    0x00000317   Thumb Code     0  libinit2.o(.ARM.Collect$$libinit$$00000026)
    __rt_lib_init_user_alloc_1               0x00000317   Thumb Code     0  libinit2.o(.ARM.Collect$$libinit$$0000000E)
    __rt_lib_init_alloca_1                   0x0000031b   Thumb Code     0  libinit2.o(.ARM.Collect$$libinit$$00000030)
    __rt_lib_init_argv_1                     0x0000031b   Thumb Code     0  libinit2.o(.ARM.Collect$$libinit$$0000002E)
    __rt_lib_init_cpp_1                      0x0000031b   Thumb Code     0  libinit2.o(.ARM.Collect$$libinit$$00000034)
    __rt_lib_init_exceptions_1               0x0000031b   Thumb Code     0  libinit2.o(.ARM.Collect$$libinit$$00000032)
    __rt_lib_init_return                     0x0000031b   Thumb Code     0  libinit2.o(.ARM.Collect$$libinit$$00000035)
    __rt_lib_init_stdio_1                    0x0000031b   Thumb Code     0  libinit2.o(.ARM.Collect$$libinit$$00000027)
    __rt_lib_shutdown                        0x0000031d   Thumb Code     0  libshutdown.o(.ARM.Collect$$libshutdown$$00000000)
    __rt_lib_shutdown_cpp_1                  0x0000031f   Thumb Code     0  libshutdown2.o(.ARM.Collect$$libshutdown$$00000002)
    __rt_lib_shutdown_stdio_2                0x0000031f   Thumb Code     0  libshutdown2.o(.ARM.Collect$$libshutdown$$00000003)
    __rt_lib_shutdown_fp_trap_1              0x00000323   Thumb Code     0  libshutdown2.o(.ARM.Collect$$libshutdown$$00000007)
    __rt_lib_shutdown_heap_1                 0x00000323   Thumb Code     0  libshutdown2.o(.ARM.Collect$$libshutdown$$0000000F)
    __rt_lib_shutdown_return                 0x00000323   Thumb Code     0  libshutdown2.o(.ARM.Collect$$libshutdown$$00000010)
    __rt_lib_shutdown_signal_1               0x00000323   Thumb Code     0  libshutdown2.o(.ARM.Collect$$libshutdown$$0000000A)
    __rt_lib_shutdown_stdio_1                0x00000323   Thumb Code     0  libshutdown2.o(.ARM.Collect$$libshutdown$$00000004)
    __rt_lib_shutdown_user_alloc_1           0x00000323   Thumb Code     0  libshutdown2.o(.ARM.Collect$$libshutdown$$0000000C)
    __rt_entry                               0x00000325   Thumb Code     0  __rtentry.o(.ARM.Collect$$rtentry$$00000000)
    __rt_entry_presh_1                       0x00000325   Thumb Code     0  __rtentry2.o(.ARM.Collect$$rtentry$$00000002)
    __rt_entry_sh                            0x00000325   Thumb Code     0  __rtentry4.o(.ARM.Collect$$rtentry$$00000004)
    __rt_entry_li                            0x0000032b   Thumb Code     0  __rtentry2.o(.ARM.Collect$$rtentry$$0000000A)
    __rt_entry_postsh_1                      0x0000032b   Thumb Code     0  __rtentry2.o(.ARM.Collect$$rtentry$$00000009)
    __rt_entry_main                          0x0000032f   Thumb Code     0  __rtentry2.o(.ARM.Collect$$rtentry$$0000000D)
    __rt_entry_postli_1                      0x0000032f   Thumb Code     0  __rtentry2.o(.ARM.Collect$$rtentry$$0000000C)
    __rt_exit                                0x00000337   Thumb Code     0  rtexit.o(.ARM.Collect$$rtexit$$00000000)
    __rt_exit_ls                             0x00000339   Thumb Code     0  rtexit2.o(.ARM.Collect$$rtexit$$00000003)
    __rt_exit_prels_1                        0x00000339   Thumb Code     0  rtexit2.o(.ARM.Collect$$rtexit$$00000002)
    __rt_exit_exit                           0x0000033d   Thumb Code     0  rtexit2.o(.ARM.Collect$$rtexit$$00000004)
    Reset_Handler                            0x00000345   Thumb Code     8  startup_tm4c123.o(.text)
    NMI_Handler                              0x0000034d   Thumb Code     2  startup_tm4c123.o(.text)
    HardFault_Handler                        0x0000034f   Thumb Code     2  startup_tm4c123.o(.text)
    MemManage_Handler                        0x00000351   Thumb Code     2  startup_tm4c123.o(.text)
    BusFault_Handler                         0x00000353   Thumb Code     2  startup_tm4c123.o(.text)
    UsageFault_Handler                       0x00000355   Thumb Code     2  startup_tm4c123.o(.text)
    SVC_Handler                              0x00000357   Thumb Code     2  startup_tm4c123.o(.text)
    DebugMon_Handler                         0x00000359   Thumb Code     2  startup_tm4c123.o(.text)
    PendSV_Handler                           0x0000035b   Thumb Code     2  startup_tm4c123.o(.text)
    SysTick_Handler                          0x0000035d   Thumb Code     2  startup_tm4c123.o(.text)
    GPIOA_Handler                            0x0000035f   Thumb Code     2  startup_tm4c123.o(.text)
    GPIOB_Handler                            0x00000361   Thumb Code     2  startup_tm4c123.o(.text)
    GPIOC_Handler                            0x00000363   Thumb Code     2  startup_tm4c123.o(.text)
    GPIOD_Handler                            0x00000365   Thumb Code     2  startup_tm4c123.o(.text)
    GPIOE_Handler                            0x00000367   Thumb Code     2  startup_tm4c123.o(.text)
    UART1_Handler                            0x0000036b   Thumb Code     2  startup_tm4c123.o(.text)
    SSI0_Handler                             0x0000036d   Thumb Code     2  startup_tm4c123.o(.text)
    I2C0_Handler                             0x0000036f   Thumb Code     2  startup_tm4c123.o(.text)
    PMW0_FAULT_Handler                       0x00000371   Thumb Code     2  startup_tm4c123.o(.text)
    PWM0_0_Handler                           0x00000373   Thumb Code     2  startup_tm4c123.o(.text)
    PWM0_1_Handler                           0x00000375   Thumb Code     2  startup_tm4c123.o(.text)
    PWM0_2_Handler                           0x00000377   Thumb Code     2  startup_tm4c123.o(.text)
    QEI0_Handler                             0x00000379   Thumb Code     2  startup_tm4c123.o(.text)
    ADC0SS0_Handler                          0x0000037b   Thumb Code     2  startup_tm4c123.o(.text)
    ADC0SS1_Handler                          0x0000037d   Thumb Code     2  startup_tm4c123.o(.text)
    ADC0SS2_Handler                          0x0000037f   Thumb Code     2  startup_tm4c123.o(.text)
    ADC0SS3_Handler                          0x00000381   Thumb Code     2  startup_tm4c123.o(.text)
    WDT0_Handler                             0x00000383   Thumb Code     2  startup_tm4c123.o(.text)
    TIMER0A_Handler                          0x00000385   Thumb Code     2  startup_tm4c123.o(.text)
    TIMER0B_Handler                          0x00000387   Thumb Code     2  startup_tm4c123.o(.text)
    TIMER1A_Handler                          0x00000389   Thumb Code     2  startup_tm4c123.o(.text)
    TIMER1B_Handler                          0x0000038b   Thumb Code     2  startup_tm4c123.o(.text)
    TIMER2A_Handler                          0x0000038d   Thumb Code     2  startup_tm4c123.o(.text)
    TIMER2B_Handler                          0x0000038f   Thumb Code     2  startup_tm4c123.o(.text)
    COMP0_Handler                            0x00000391   Thumb Code     2  startup_tm4c123.o(.text)
    COMP1_Handler                            0x00000393   Thumb Code     2  startup_tm4c123.o(.text)
    COMP2_Handler                            0x00000395   Thumb Code     2  startup_tm4c123.o(.text)
    SYSCTL_Handler                           0x00000397   Thumb Code     2  startup_tm4c123.o(.text)
    FLASH_Handler                            0x00000399   Thumb Code     2  startup_tm4c123.o(.text)
    GPIOF_Handler                            0x0000039b   Thumb Code     2  startup_tm4c123.o(.text)
    GPIOG_Handler                            0x0000039d   Thumb Code     2  startup_tm4c123.o(.text)
    GPIOH_Handler                            0x0000039f   Thumb Code     2  startup_tm4c123.o(.text)
    UART2_Handler                            0x000003a1   Thumb Code     2  startup_tm4c123.o(.text)
    SSI1_Handler                             0x000003a3   Thumb Code     2  startup_tm4c123.o(.text)
    TIMER3A_Handler                          0x000003a5   Thumb Code     2  startup_tm4c123.o(.text)
    TIMER3B_Handler                          0x000003a7   Thumb Code     2  startup_tm4c123.o(.text)
    I2C1_Handler                             0x000003a9   Thumb Code     2  startup_tm4c123.o(.text)
    QEI1_Handler                             0x000003ab   Thumb Code     2  startup_tm4c123.o(.text)
    CAN0_Handler                             0x000003ad   Thumb Code     2  startup_tm4c123.o(.text)
    CAN1_Handler                             0x000003af   Thumb Code     2  startup_tm4c123.o(.text)
    CAN2_Handler                             0x000003b1   Thumb Code     2  startup_tm4c123.o(.text)
    HIB_Handler                              0x000003b3   Thumb Code     2  startup_tm4c123.o(.text)
    USB0_Handler                             0x000003b5   Thumb Code     2  startup_tm4c123.o(.text)
    PWM0_3_Handler                           0x000003b7   Thumb Code     2  startup_tm4c123.o(.text)
    UDMA_Handler                             0x000003b9   Thumb Code     2  startup_tm4c123.o(.text)
    UDMAERR_Handler                          0x000003bb   Thumb Code     2  startup_tm4c123.o(.text)
    ADC1SS0_Handler                          0x000003bd   Thumb Code     2  startup_tm4c123.o(.text)
    ADC1SS1_Handler                          0x000003bf   Thumb Code     2  startup_tm4c123.o(.text)
    ADC1SS2_Handler                          0x000003c1   Thumb Code     2  startup_tm4c123.o(.text)
    ADC1SS3_Handler                          0x000003c3   Thumb Code     2  startup_tm4c123.o(.text)
    GPIOJ_Handler                            0x000003c5   Thumb Code     2  startup_tm4c123.o(.text)
    GPIOK_Handler                            0x000003c7   Thumb Code     2  startup_tm4c123.o(.text)
    GPIOL_Handler                            0x000003c9   Thumb Code     2  startup_tm4c123.o(.text)
    SSI2_Handler                             0x000003cb   Thumb Code     2  startup_tm4c123.o(.text)
    SSI3_Handler                             0x000003cd   Thumb Code     2  startup_tm4c123.o(.text)
    UART3_Handler                            0x000003cf   Thumb Code     2  startup_tm4c123.o(.text)
    UART4_Handler                            0x000003d1   Thumb Code     2  startup_tm4c123.o(.text)
    UART5_Handler                            0x000003d3   Thumb Code     2  startup_tm4c123.o(.text)
    UART6_Handler                            0x000003d5   Thumb Code     2  startup_tm4c123.o(.text)
    UART7_Handler                            0x000003d7   Thumb Code     2  startup_tm4c123.o(.text)
    I2C2_Handler                             0x000003d9   Thumb Code     2  startup_tm4c123.o(.text)
    I2C3_Handler                             0x000003db   Thumb Code     2  startup_tm4c123.o(.text)
    TIMER4A_Handler                          0x000003dd   Thumb Code     2  startup_tm4c123.o(.text)
    TIMER4B_Handler                          0x000003df   Thumb Code     2  startup_tm4c123.o(.text)
    TIMER5A_Handler                          0x000003e1   Thumb Code     2  startup_tm4c123.o(.text)
    TIMER5B_Handler                          0x000003e3   Thumb Code     2  startup_tm4c123.o(.text)
    WTIMER0A_Handler                         0x000003e5   Thumb Code     2  startup_tm4c123.o(.text)
    WTIMER0B_Handler                         0x000003e7   Thumb Code     2  startup_tm4c123.o(.text)
    WTIMER1A_Handler                         0x000003e9   Thumb Code     2  startup_tm4c123.o(.text)
    WTIMER1B_Handler                         0x000003eb   Thumb Code     2  startup_tm4c123.o(.text)
    WTIMER2A_Handler                         0x000003ed   Thumb Code     2  startup_tm4c123.o(.text)
    WTIMER2B_Handler                         0x000003ef   Thumb Code     2  startup_tm4c123.o(.text)
    WTIMER3A_Handler                         0x000003f1   Thumb Code     2  startup_tm4c123.o(.text)
    WTIMER3B_Handler                         0x000003f3   Thumb Code     2  startup_tm4c123.o(.text)
    WTIMER4A_Handler                         0x000003f5   Thumb Code     2  startup_tm4c123.o(.text)
    WTIMER4B_Handler                         0x000003f7   Thumb Code     2  startup_tm4c123.o(.text)
    WTIMER5A_Handler                         0x000003f9   Thumb Code     2  startup_tm4c123.o(.text)
    WTIMER5B_Handler                         0x000003fb   Thumb Code     2  startup_tm4c123.o(.text)
    FPU_Handler                              0x000003fd   Thumb Code     2  startup_tm4c123.o(.text)
    I2C4_Handler                             0x000003ff   Thumb Code     2  startup_tm4c123.o(.text)
    I2C5_Handler                             0x00000401   Thumb Code     2  startup_tm4c123.o(.text)
    GPIOM_Handler                            0x00000403   Thumb Code     2  startup_tm4c123.o(.text)
    GPION_Handler                            0x00000405   Thumb Code     2  startup_tm4c123.o(.text)
    QEI2_Handler                             0x00000407   Thumb Code     2  startup_tm4c123.o(.text)
    GPIOP0_Handler                           0x00000409   Thumb Code     2  startup_tm4c123.o(.text)
    GPIOP1_Handler                           0x0000040b   Thumb Code     2  startup_tm4c123.o(.text)
    GPIOP2_Handler                           0x0000040d   Thumb Code     2  startup_tm4c123.o(.text)
    GPIOP3_Handler                           0x0000040f   Thumb Code     2  startup_tm4c123.o(.text)
    GPIOP4_Handler                           0x00000411   Thumb Code     2  startup_tm4c123.o(.text)
    GPIOP5_Handler                           0x00000413   Thumb Code     2  startup_tm4c123.o(.text)
    GPIOP6_Handler                           0x00000415   Thumb Code     2  startup_tm4c123.o(.text)
    GPIOP7_Handler                           0x00000417   Thumb Code     2  startup_tm4c123.o(.text)
    GPIOQ0_Handler                           0x00000419   Thumb Code     2  startup_tm4c123.o(.text)
    GPIOQ1_Handler                           0x0000041b   Thumb Code     2  startup_tm4c123.o(.text)
    GPIOQ2_Handler                           0x0000041d   Thumb Code     2  startup_tm4c123.o(.text)
    GPIOQ3_Handler                           0x0000041f   Thumb Code     2  startup_tm4c123.o(.text)
    GPIOQ4_Handler                           0x00000421   Thumb Code     2  startup_tm4c123.o(.text)
    GPIOQ5_Handler                           0x00000423   Thumb Code     2  startup_tm4c123.o(.text)
    GPIOQ6_Handler                           0x00000425   Thumb Code     2  startup_tm4c123.o(.text)
    GPIOQ7_Handler                           0x00000427   Thumb Code     2  startup_tm4c123.o(.text)
    GPIOR_Handler                            0x00000429   Thumb Code     2  startup_tm4c123.o(.text)
    GPIOS_Handler                            0x0000042b   Thumb Code     2  startup_tm4c123.o(.text)
    PMW1_0_Handler                           0x0000042d   Thumb Code     2  startup_tm4c123.o(.text)
    PWM1_1_Handler                           0x0000042f   Thumb Code     2  startup_tm4c123.o(.text)
    PWM1_2_Handler                           0x00000431   Thumb Code     2  startup_tm4c123.o(.text)
    PWM1_3_Handler                           0x00000433   Thumb Code     2  startup_tm4c123.o(.text)
    PWM1_FAULT_Handler                       0x00000435   Thumb Code     2  startup_tm4c123.o(.text)
    __user_initial_stackheap                 0x00000441   Thumb Code     0  startup_tm4c123.o(.text)
    putc                                     0x00000459   Thumb Code     4  putc.o(.text)
    __aeabi_memclr4                          0x0000045d   Thumb Code     0  rt_memclr_w.o(.text)
    __aeabi_memclr8                          0x0000045d   Thumb Code     0  rt_memclr_w.o(.text)
    __rt_memclr_w                            0x0000045d   Thumb Code     0  rt_memclr_w.o(.text)
    _memset_w                                0x00000461   Thumb Code    74  rt_memclr_w.o(.text)
    __use_two_region_memory                  0x000004ab   Thumb Code     2  heapauxi.o(.text)
    __rt_heap_escrow                         0x000004ad   Thumb Code     2  heapauxi.o(.text)
    __rt_heap_expand                         0x000004af   Thumb Code     2  heapauxi.o(.text)
    setjmp                                   0x000004b1   Thumb Code    26  setjmp.o(.text)
    longjmp                                  0x000004cb   Thumb Code    36  setjmp.o(.text)
    _initio                                  0x000004f1   Thumb Code   210  initio.o(.text)
    _terminateio                             0x000005c3   Thumb Code    56  initio.o(.text)
    free                                     0x00000629   Thumb Code    78  h1_free.o(.text)
    __flsbuf                                 0x00000677   Thumb Code   482  flsbuf.o(.text)
    __flsbuf_byte                            0x00000677   Thumb Code     0  flsbuf.o(.text)
    __flsbuf_wide                            0x00000677   Thumb Code     0  flsbuf.o(.text)
    setvbuf                                  0x00000859   Thumb Code    70  setvbuf.o(.text)
    freopen                                  0x000008a1   Thumb Code   160  fopen.o(.text)
    fopen                                    0x00000941   Thumb Code    74  fopen.o(.text)
    _fclose_internal                         0x00000991   Thumb Code    76  fclose.o(.text)
    fclose                                   0x00000991   Thumb Code     0  fclose.o(.text)
    __rt_SIGRTRED                            0x000009dd   Thumb Code    14  defsig_rtred_outer.o(.text)
    _sys_open                                0x000009eb   Thumb Code    20  sys_io.o(.text)
    _sys_close                               0x000009ff   Thumb Code    12  sys_io.o(.text)
    _sys_write                               0x00000a0b   Thumb Code    16  sys_io.o(.text)
    _sys_read                                0x00000a1b   Thumb Code    14  sys_io.o(.text)
    _sys_istty                               0x00000a29   Thumb Code    12  sys_io.o(.text)
    _sys_seek                                0x00000a35   Thumb Code    14  sys_io.o(.text)
    _sys_ensure                              0x00000a43   Thumb Code     2  sys_io.o(.text)
    _sys_flen                                0x00000a45   Thumb Code    12  sys_io.o(.text)
    __user_setup_stackheap                   0x00000a51   Thumb Code    74  sys_stackheap_outer.o(.text)
    __rt_heap_descriptor                     0x00000a9d   Thumb Code     8  rt_heap_descriptor_intlibspace.o(.text)
    __use_no_heap                            0x00000aa5   Thumb Code     2  hguard.o(.text)
    __heap$guard                             0x00000aa7   Thumb Code     2  hguard.o(.text)
    _terminate_user_alloc                    0x00000aa9   Thumb Code     2  init_alloc.o(.text)
    _init_user_alloc                         0x00000aab   Thumb Code     2  init_alloc.o(.text)
    __Heap_Full                              0x00000aad   Thumb Code    34  init_alloc.o(.text)
    __Heap_Broken                            0x00000acf   Thumb Code     6  init_alloc.o(.text)
    _init_alloc                              0x00000ad5   Thumb Code    94  init_alloc.o(.text)
    malloc                                   0x00000b33   Thumb Code    94  h1_alloc.o(.text)
    _fseek                                   0x00000b91   Thumb Code   242  fseek.o(.text)
    fseek                                    0x00000b91   Thumb Code     0  fseek.o(.text)
    _seterr                                  0x00000c89   Thumb Code    20  stdio.o(.text)
    _writebuf                                0x00000c9d   Thumb Code   108  stdio.o(.text)
    _fflush                                  0x00000d09   Thumb Code    70  stdio.o(.text)
    _deferredlazyseek                        0x00000d4f   Thumb Code    60  stdio.o(.text)
    exit                                     0x00000d91   Thumb Code    18  exit.o(.text)
    __sig_exit                               0x00000da3   Thumb Code    10  defsig_exit.o(.text)
    __rt_SIGRTRED_inner                      0x00000dad   Thumb Code    14  defsig_rtred_inner.o(.text)
    _sys_exit                                0x00000de1   Thumb Code     8  sys_exit.o(.text)
    __user_libspace                          0x00000ded   Thumb Code     8  libspace.o(.text)
    __user_perproc_libspace                  0x00000ded   Thumb Code     0  libspace.o(.text)
    __user_perthread_libspace                0x00000ded   Thumb Code     0  libspace.o(.text)
    __I$use$semihosting                      0x00000df5   Thumb Code     0  use_no_semi.o(.text)
    __use_no_semihosting_swi                 0x00000df5   Thumb Code     2  use_no_semi.o(.text)
    __Heap_Initialize                        0x00000df7   Thumb Code     8  h1_init.o(.text)
    __semihosting_library_function           0x00000df7   Thumb Code     0  indicate_semi.o(.text)
    _maybe_terminate_alloc                   0x00000df7   Thumb Code     0  maybetermalloc1.o(.text)
    __Heap_DescSize                          0x00000dff   Thumb Code     4  h1_init.o(.text)
    __Heap_ProvideMemory                     0x00000e03   Thumb Code    52  h1_extend.o(.text)
    _ftell_internal                          0x00000e37   Thumb Code    66  ftell.o(.text)
    ftell                                    0x00000e37   Thumb Code     0  ftell.o(.text)
    __default_signal_display                 0x00000e79   Thumb Code    50  defsig_general.o(.text)
    __rt_SIGRTMEM                            0x00000eab   Thumb Code    14  defsig_rtmem_outer.o(.text)
    strlen                                   0x00000eb9   Thumb Code    62  strlen.o(.text)
    _ttywrch                                 0x00000ef7   Thumb Code    14  sys_wrch.o(.text)
    __aeabi_errno_addr                       0x00000f05   Thumb Code     8  rt_errno_addr_intlibspace.o(.text)
    __errno$intlibspace                      0x00000f05   Thumb Code     0  rt_errno_addr_intlibspace.o(.text)
    __rt_errno_addr$intlibspace              0x00000f05   Thumb Code     0  rt_errno_addr_intlibspace.o(.text)
    __rt_SIGRTMEM_inner                      0x00000f0d   Thumb Code    22  defsig_rtmem_inner.o(.text)
    CMockExpectParameters_set_PWM0_generator0_CMPA 0x00000f5d   Thumb Code    20  mocktm4c_bsp.o(.text.CMockExpectParameters_set_PWM0_generator0_CMPA)
    CMockExpectParameters_set_PWM0_generator1_CMPA 0x00000f71   Thumb Code    20  mocktm4c_bsp.o(.text.CMockExpectParameters_set_PWM0_generator1_CMPA)
    CMockExpectParameters_set_sp             0x00000f85   Thumb Code    16  mocktm4c_bsp.o(.text.CMockExpectParameters_set_sp)
    CMock_Guts_GetAddressFor                 0x00000f95   Thumb Code    60  cmock.o(.text.CMock_Guts_GetAddressFor)
    CMock_Guts_MemChain                      0x00000fd1   Thumb Code   210  cmock.o(.text.CMock_Guts_MemChain)
    CMock_Guts_MemNew                        0x000010a5   Thumb Code   130  cmock.o(.text.CMock_Guts_MemNew)
    CMock_Guts_MemNext                       0x00001129   Thumb Code   104  cmock.o(.text.CMock_Guts_MemNext)
    SystemInit                               0x00001191   Thumb Code   252  system_tm4c123gh6pm.o(.text.SystemInit)
    UART0_Handler                            0x0000128d   Thumb Code   678  cyber_minion.o(.text.UART0_Handler)
    UnityAssertEqualIntArray                 0x000015b5   Thumb Code   518  unity.o(.text.UnityAssertEqualIntArray)
    UnityAssertEqualNumber                   0x000017bd   Thumb Code   154  unity.o(.text.UnityAssertEqualNumber)
    UnityBegin                               0x00001859   Thumb Code    40  unity.o(.text.UnityBegin)
    UnityConcludeTest                        0x00001881   Thumb Code   128  unity.o(.text.UnityConcludeTest)
    UnityDefaultTestRun                      0x00001901   Thumb Code   106  unity.o(.text.UnityDefaultTestRun)
    UnityEnd                                 0x0000196d   Thumb Code   182  unity.o(.text.UnityEnd)
    UnityFail                                0x00001a25   Thumb Code   244  unity.o(.text.UnityFail)
    UnityPrint                               0x00001b89   Thumb Code    46  unity.o(.text.UnityPrint)
    UnityPrintNumber                         0x00001c59   Thumb Code    52  unity.o(.text.UnityPrintNumber)
    UnityPrintNumberByStyle                  0x00001c8d   Thumb Code   278  unity.o(.text.UnityPrintNumberByStyle)
    UnityPrintNumberHex                      0x00001da5   Thumb Code   128  unity.o(.text.UnityPrintNumberHex)
    UnityPrintNumberUnsigned                 0x00001e25   Thumb Code   114  unity.o(.text.UnityPrintNumberUnsigned)
    delay_10ms                               0x00001f15   Thumb Code   178  mocktm4c_bsp.o(.text.delay_10ms)
    exit_interrupt                           0x00001fc9   Thumb Code   116  mocktm4c_bsp.o(.text.exit_interrupt)
    exit_interrupt_CMockExpect               0x0000203d   Thumb Code    88  mocktm4c_bsp.o(.text.exit_interrupt_CMockExpect)
    get_UART0_interrupt_data                 0x00002095   Thumb Code   120  mocktm4c_bsp.o(.text.get_UART0_interrupt_data)
    get_UART0_interrupt_data_CMockExpectAndReturn 0x0000210d   Thumb Code   102  mocktm4c_bsp.o(.text.get_UART0_interrupt_data_CMockExpectAndReturn)
    main                                     0x00002175   Thumb Code   116  cyber_minion_unit_tests.o(.text.main)
    main_loop                                0x000021e9   Thumb Code    80  cyber_minion.o(.text.main_loop)
    scan                                     0x00002239   Thumb Code   218  cyber_minion.o(.text.scan)
    setUp                                    0x00002315   Thumb Code     2  cyber_minion_unit_tests.o(.text.setUp)
    set_PWM0_generator0_CMPA                 0x00002319   Thumb Code   182  mocktm4c_bsp.o(.text.set_PWM0_generator0_CMPA)
    set_PWM0_generator0_CMPA_CMockExpect     0x000023d1   Thumb Code   104  mocktm4c_bsp.o(.text.set_PWM0_generator0_CMPA_CMockExpect)
    set_PWM0_generator1_CMPA                 0x00002439   Thumb Code   182  mocktm4c_bsp.o(.text.set_PWM0_generator1_CMPA)
    set_PWM0_generator1_CMPA_CMockExpect     0x000024f1   Thumb Code   104  mocktm4c_bsp.o(.text.set_PWM0_generator1_CMPA_CMockExpect)
    set_compare_x                            0x00002559   Thumb Code   104  cyber_minion.o(.text.set_compare_x)
    set_compare_y                            0x000025c1   Thumb Code   104  cyber_minion.o(.text.set_compare_y)
    set_sp                                   0x00002629   Thumb Code   232  mocktm4c_bsp.o(.text.set_sp)
    set_sp_CMockExpect                       0x00002711   Thumb Code   100  mocktm4c_bsp.o(.text.set_sp_CMockExpect)
    sleep_position                           0x00002775   Thumb Code    20  cyber_minion.o(.text.sleep_position)
    tearDown                                 0x00002789   Thumb Code     2  cyber_minion_unit_tests.o(.text.tearDown)
    testHelper_UART0_Handler_set_up_and_call_and_assert 0x0000278d   Thumb Code   182  cyber_minion_unit_tests.o(.text.testHelper_UART0_Handler_set_up_and_call_and_assert)
    test_UART0_Handler_changesStateToScanning_whenUARTFrameMSBIsEnabled 0x00002845   Thumb Code   108  cyber_minion_unit_tests.o(.text.test_UART0_Handler_changesStateToScanning_whenUARTFrameMSBIsEnabled)
    test_UART0_Handler_changesStateToWaiting_and_setsServoPositions_andAlternatesStackPointer_whenUARTFrameMSBDisabled 0x000028b1   Thumb Code   572  cyber_minion_unit_tests.o(.text.test_UART0_Handler_changesStateToWaiting_and_setsServoPositions_andAlternatesStackPointer_whenUARTFrameMSBDisabled)
    test_sanity                              0x00002aed   Thumb Code    26  cyber_minion_unit_tests.o(.text.test_sanity)
    test_sleep_position_centersHorizontalServo_and_maximizesVerticalServo 0x00002b09   Thumb Code   156  cyber_minion_unit_tests.o(.text.test_sleep_position_centersHorizontalServo_and_maximizesVerticalServo)
    wait_for_interrupt                       0x00002ba5   Thumb Code   116  mocktm4c_bsp.o(.text.wait_for_interrupt)
    fputc                                    0x00002c19   Thumb Code    28  fputc.o(i.fputc)
    __stdin_name                             0x00002c34   Data           4  sys_io_names.o(.constdata)
    __stdout_name                            0x00002c38   Data           4  sys_io_names.o(.constdata)
    __stderr_name                            0x00002c3c   Data           4  sys_io_names.o(.constdata)
    UnityStrFail                             0x00002c82   Data           5  unity.o(.rodata.UnityStrFail)
    UnityStrOk                               0x00002cbd   Data           3  unity.o(.rodata.UnityStrOk)
    UnityStrPass                             0x00002cc0   Data           5  unity.o(.rodata.UnityStrPass)
    Region$$Table$$Base                      0x00003060   Number         0  anon$$obj.o(Region$$Table)
    Region$$Table$$Limit                     0x00003080   Number         0  anon$$obj.o(Region$$Table)
    __aeabi_stdin                            0x20000000   Data           4  stdio_streams.o(.data)
    __aeabi_stdout                           0x20000004   Data           4  stdio_streams.o(.data)
    __aeabi_stderr                           0x20000008   Data           4  stdio_streams.o(.data)
    CMockStringCalledMore                    0x2000000c   Data           4  cmock.o(.data.CMockStringCalledMore)
    CMockStringExpNULL                       0x20000010   Data           4  cmock.o(.data.CMockStringExpNULL)
    CMockStringMismatch                      0x20000014   Data           4  cmock.o(.data.CMockStringMismatch)
    CMockStringOutOfMemory                   0x20000018   Data           4  cmock.o(.data.CMockStringOutOfMemory)
    compare_x                                0x20000048   Data           2  cyber_minion.o(.data.compare_x)
    compare_y                                0x2000004a   Data           2  cyber_minion.o(.data.compare_y)
    sp1                                      0x2000004c   Data           4  cyber_minion.o(.data.sp1)
    sp2                                      0x20000050   Data           4  cyber_minion.o(.data.sp2)
    __stdin                                  0x20000058   Data          84  stdio_streams.o(.bss)
    __stdout                                 0x200000ac   Data          84  stdio_streams.o(.bss)
    __stderr                                 0x20000100   Data          84  stdio_streams.o(.bss)
    __libspace_start                         0x20000154   Data          96  libspace.o(.bss)
    __temporary_stack_top$libspace           0x200001b4   Data           0  libspace.o(.bss)
    Unity                                    0x200081e8   Data         200  unity.o(.bss.Unity)
    current_state                            0x200082b0   Data           1  cyber_minion.o(.bss.current_state)



==============================================================================

Memory Map of the image

  Image Entry point : 0x00000345

  Load Region LR_1 (Base: 0x00000000, Size: 0x000030d4, Max: 0xffffffff, ABSOLUTE)

    Execution Region ER_RO (Exec base: 0x00000000, Load base: 0x00000000, Size: 0x00003080, Max: 0xffffffff, ABSOLUTE)

    Exec Addr    Load Addr    Size         Type   Attr      Idx    E Section Name        Object

    0x00000000   0x00000000   0x0000026c   Data   RO           30    RESET               startup_tm4c123.o
    0x0000026c   0x0000026c   0x00000008   Code   RO          344  * !!!main             c_w.l(__main.o)
    0x00000274   0x00000274   0x0000005c   Code   RO          723    !!!scatter          c_w.l(__scatter.o)
    0x000002d0   0x000002d0   0x0000001a   Code   RO          727    !!handler_copy      c_w.l(__scatter_copy.o)
    0x000002ea   0x000002ea   0x00000002   PAD
    0x000002ec   0x000002ec   0x00000002   Code   RO          724    !!handler_null      c_w.l(__scatter.o)
    0x000002ee   0x000002ee   0x00000002   PAD
    0x000002f0   0x000002f0   0x0000001c   Code   RO          729    !!handler_zi        c_w.l(__scatter_zi.o)
    0x0000030c   0x0000030c   0x00000002   Code   RO          616    .ARM.Collect$$libinit$$00000000  c_w.l(libinit.o)
    0x0000030e   0x0000030e   0x00000000   Code   RO          492    .ARM.Collect$$libinit$$00000002  c_w.l(libinit2.o)
    0x0000030e   0x0000030e   0x00000000   Code   RO          494    .ARM.Collect$$libinit$$00000004  c_w.l(libinit2.o)
    0x0000030e   0x0000030e   0x00000000   Code   RO          496    .ARM.Collect$$libinit$$00000006  c_w.l(libinit2.o)
    0x0000030e   0x0000030e   0x00000008   Code   RO          497    .ARM.Collect$$libinit$$00000007  c_w.l(libinit2.o)
    0x00000316   0x00000316   0x00000000   Code   RO          499    .ARM.Collect$$libinit$$0000000C  c_w.l(libinit2.o)
    0x00000316   0x00000316   0x00000000   Code   RO          501    .ARM.Collect$$libinit$$0000000E  c_w.l(libinit2.o)
    0x00000316   0x00000316   0x00000000   Code   RO          503    .ARM.Collect$$libinit$$00000010  c_w.l(libinit2.o)
    0x00000316   0x00000316   0x00000000   Code   RO          506    .ARM.Collect$$libinit$$00000013  c_w.l(libinit2.o)
    0x00000316   0x00000316   0x00000000   Code   RO          508    .ARM.Collect$$libinit$$00000015  c_w.l(libinit2.o)
    0x00000316   0x00000316   0x00000000   Code   RO          510    .ARM.Collect$$libinit$$00000017  c_w.l(libinit2.o)
    0x00000316   0x00000316   0x00000000   Code   RO          512    .ARM.Collect$$libinit$$00000019  c_w.l(libinit2.o)
    0x00000316   0x00000316   0x00000000   Code   RO          514    .ARM.Collect$$libinit$$0000001B  c_w.l(libinit2.o)
    0x00000316   0x00000316   0x00000000   Code   RO          516    .ARM.Collect$$libinit$$0000001D  c_w.l(libinit2.o)
    0x00000316   0x00000316   0x00000000   Code   RO          518    .ARM.Collect$$libinit$$0000001F  c_w.l(libinit2.o)
    0x00000316   0x00000316   0x00000000   Code   RO          520    .ARM.Collect$$libinit$$00000021  c_w.l(libinit2.o)
    0x00000316   0x00000316   0x00000000   Code   RO          522    .ARM.Collect$$libinit$$00000023  c_w.l(libinit2.o)
    0x00000316   0x00000316   0x00000000   Code   RO          524    .ARM.Collect$$libinit$$00000025  c_w.l(libinit2.o)
    0x00000316   0x00000316   0x00000004   Code   RO          525    .ARM.Collect$$libinit$$00000026  c_w.l(libinit2.o)
    0x0000031a   0x0000031a   0x00000000   Code   RO          526    .ARM.Collect$$libinit$$00000027  c_w.l(libinit2.o)
    0x0000031a   0x0000031a   0x00000000   Code   RO          530    .ARM.Collect$$libinit$$0000002E  c_w.l(libinit2.o)
    0x0000031a   0x0000031a   0x00000000   Code   RO          532    .ARM.Collect$$libinit$$00000030  c_w.l(libinit2.o)
    0x0000031a   0x0000031a   0x00000000   Code   RO          534    .ARM.Collect$$libinit$$00000032  c_w.l(libinit2.o)
    0x0000031a   0x0000031a   0x00000000   Code   RO          536    .ARM.Collect$$libinit$$00000034  c_w.l(libinit2.o)
    0x0000031a   0x0000031a   0x00000002   Code   RO          537    .ARM.Collect$$libinit$$00000035  c_w.l(libinit2.o)
    0x0000031c   0x0000031c   0x00000002   Code   RO          720    .ARM.Collect$$libshutdown$$00000000  c_w.l(libshutdown.o)
    0x0000031e   0x0000031e   0x00000000   Code   RO          539    .ARM.Collect$$libshutdown$$00000002  c_w.l(libshutdown2.o)
    0x0000031e   0x0000031e   0x00000004   Code   RO          540    .ARM.Collect$$libshutdown$$00000003  c_w.l(libshutdown2.o)
    0x00000322   0x00000322   0x00000000   Code   RO          541    .ARM.Collect$$libshutdown$$00000004  c_w.l(libshutdown2.o)
    0x00000322   0x00000322   0x00000000   Code   RO          544    .ARM.Collect$$libshutdown$$00000007  c_w.l(libshutdown2.o)
    0x00000322   0x00000322   0x00000000   Code   RO          547    .ARM.Collect$$libshutdown$$0000000A  c_w.l(libshutdown2.o)
    0x00000322   0x00000322   0x00000000   Code   RO          549    .ARM.Collect$$libshutdown$$0000000C  c_w.l(libshutdown2.o)
    0x00000322   0x00000322   0x00000000   Code   RO          552    .ARM.Collect$$libshutdown$$0000000F  c_w.l(libshutdown2.o)
    0x00000322   0x00000322   0x00000002   Code   RO          553    .ARM.Collect$$libshutdown$$00000010  c_w.l(libshutdown2.o)
    0x00000324   0x00000324   0x00000000   Code   RO          374    .ARM.Collect$$rtentry$$00000000  c_w.l(__rtentry.o)
    0x00000324   0x00000324   0x00000000   Code   RO          404    .ARM.Collect$$rtentry$$00000002  c_w.l(__rtentry2.o)
    0x00000324   0x00000324   0x00000006   Code   RO          416    .ARM.Collect$$rtentry$$00000004  c_w.l(__rtentry4.o)
    0x0000032a   0x0000032a   0x00000000   Code   RO          406    .ARM.Collect$$rtentry$$00000009  c_w.l(__rtentry2.o)
    0x0000032a   0x0000032a   0x00000004   Code   RO          407    .ARM.Collect$$rtentry$$0000000A  c_w.l(__rtentry2.o)
    0x0000032e   0x0000032e   0x00000000   Code   RO          409    .ARM.Collect$$rtentry$$0000000C  c_w.l(__rtentry2.o)
    0x0000032e   0x0000032e   0x00000008   Code   RO          410    .ARM.Collect$$rtentry$$0000000D  c_w.l(__rtentry2.o)
    0x00000336   0x00000336   0x00000002   Code   RO          629    .ARM.Collect$$rtexit$$00000000  c_w.l(rtexit.o)
    0x00000338   0x00000338   0x00000000   Code   RO          681    .ARM.Collect$$rtexit$$00000002  c_w.l(rtexit2.o)
    0x00000338   0x00000338   0x00000004   Code   RO          682    .ARM.Collect$$rtexit$$00000003  c_w.l(rtexit2.o)
    0x0000033c   0x0000033c   0x00000006   Code   RO          683    .ARM.Collect$$rtexit$$00000004  c_w.l(rtexit2.o)
    0x00000342   0x00000342   0x00000002   PAD
    0x00000344   0x00000344   0x00000114   Code   RO           31  * .text               startup_tm4c123.o
    0x00000458   0x00000458   0x00000004   Code   RO          332    .text               c_w.l(putc.o)
    0x0000045c   0x0000045c   0x0000004e   Code   RO          340    .text               c_w.l(rt_memclr_w.o)
    0x000004aa   0x000004aa   0x00000006   Code   RO          342    .text               c_w.l(heapauxi.o)
    0x000004b0   0x000004b0   0x0000003e   Code   RO          372    .text               fz_ws.l(setjmp.o)
    0x000004ee   0x000004ee   0x00000002   PAD
    0x000004f0   0x000004f0   0x00000138   Code   RO          379    .text               c_w.l(initio.o)
    0x00000628   0x00000628   0x0000004e   Code   RO          420    .text               c_w.l(h1_free.o)
    0x00000676   0x00000676   0x000001e2   Code   RO          474    .text               c_w.l(flsbuf.o)
    0x00000858   0x00000858   0x00000046   Code   RO          476    .text               c_w.l(setvbuf.o)
    0x0000089e   0x0000089e   0x00000002   PAD
    0x000008a0   0x000008a0   0x000000f0   Code   RO          479    .text               c_w.l(fopen.o)
    0x00000990   0x00000990   0x0000004c   Code   RO          481    .text               c_w.l(fclose.o)
    0x000009dc   0x000009dc   0x0000000e   Code   RO          487    .text               c_w.l(defsig_rtred_outer.o)
    0x000009ea   0x000009ea   0x00000066   Code   RO          558    .text               c_w.l(sys_io.o)
    0x00000a50   0x00000a50   0x0000004a   Code   RO          562    .text               c_w.l(sys_stackheap_outer.o)
    0x00000a9a   0x00000a9a   0x00000002   PAD
    0x00000a9c   0x00000a9c   0x00000008   Code   RO          569    .text               c_w.l(rt_heap_descriptor_intlibspace.o)
    0x00000aa4   0x00000aa4   0x00000004   Code   RO          571    .text               c_w.l(hguard.o)
    0x00000aa8   0x00000aa8   0x0000008a   Code   RO          573    .text               c_w.l(init_alloc.o)
    0x00000b32   0x00000b32   0x0000005e   Code   RO          579    .text               c_w.l(h1_alloc.o)
    0x00000b90   0x00000b90   0x000000f8   Code   RO          591    .text               c_w.l(fseek.o)
    0x00000c88   0x00000c88   0x00000108   Code   RO          593    .text               c_w.l(stdio.o)
    0x00000d90   0x00000d90   0x00000012   Code   RO          599    .text               c_w.l(exit.o)
    0x00000da2   0x00000da2   0x0000000a   Code   RO          601    .text               c_w.l(defsig_exit.o)
    0x00000dac   0x00000dac   0x00000034   Code   RO          603    .text               c_w.l(defsig_rtred_inner.o)
    0x00000de0   0x00000de0   0x0000000c   Code   RO          619    .text               c_w.l(sys_exit.o)
    0x00000dec   0x00000dec   0x00000008   Code   RO          623    .text               c_w.l(libspace.o)
    0x00000df4   0x00000df4   0x00000002   Code   RO          626    .text               c_w.l(use_no_semi.o)
    0x00000df6   0x00000df6   0x00000000   Code   RO          628    .text               c_w.l(indicate_semi.o)
    0x00000df6   0x00000df6   0x00000000   Code   RO          631    .text               c_w.l(maybetermalloc1.o)
    0x00000df6   0x00000df6   0x0000000c   Code   RO          633    .text               c_w.l(h1_init.o)
    0x00000e02   0x00000e02   0x00000034   Code   RO          635    .text               c_w.l(h1_extend.o)
    0x00000e36   0x00000e36   0x00000042   Code   RO          645    .text               c_w.l(ftell.o)
    0x00000e78   0x00000e78   0x00000032   Code   RO          653    .text               c_w.l(defsig_general.o)
    0x00000eaa   0x00000eaa   0x0000000e   Code   RO          655    .text               c_w.l(defsig_rtmem_outer.o)
    0x00000eb8   0x00000eb8   0x0000003e   Code   RO          659    .text               c_w.l(strlen.o)
    0x00000ef6   0x00000ef6   0x0000000e   Code   RO          672    .text               c_w.l(sys_wrch.o)
    0x00000f04   0x00000f04   0x00000008   Code   RO          690    .text               c_w.l(rt_errno_addr_intlibspace.o)
    0x00000f0c   0x00000f0c   0x00000050   Code   RO          696    .text               c_w.l(defsig_rtmem_inner.o)
    0x00000f5c   0x00000f5c   0x00000014   Code   RO          244    .text.CMockExpectParameters_set_PWM0_generator0_CMPA  mocktm4c_bsp.o
    0x00000f70   0x00000f70   0x00000014   Code   RO          250    .text.CMockExpectParameters_set_PWM0_generator1_CMPA  mocktm4c_bsp.o
    0x00000f84   0x00000f84   0x00000010   Code   RO          256    .text.CMockExpectParameters_set_sp  mocktm4c_bsp.o
    0x00000f94   0x00000f94   0x0000003c   Code   RO          296    .text.CMock_Guts_GetAddressFor  cmock.o
    0x00000fd0   0x00000fd0   0x000000d2   Code   RO          290    .text.CMock_Guts_MemChain  cmock.o
    0x000010a2   0x000010a2   0x00000002   PAD
    0x000010a4   0x000010a4   0x00000082   Code   RO          288    .text.CMock_Guts_MemNew  cmock.o
    0x00001126   0x00001126   0x00000002   PAD
    0x00001128   0x00001128   0x00000068   Code   RO          292    .text.CMock_Guts_MemNext  cmock.o
    0x00001190   0x00001190   0x000000fc   Code   RO           42    .text.SystemInit    system_tm4c123gh6pm.o
    0x0000128c   0x0000128c   0x000002a6   Code   RO            8    .text.UART0_Handler  cyber_minion.o
    0x00001532   0x00001532   0x00000002   PAD
    0x00001534   0x00001534   0x00000080   Code   RO          113    .text.UnityAddMsgIfSpecified  unity.o
    0x000015b4   0x000015b4   0x00000206   Code   RO          119    .text.UnityAssertEqualIntArray  unity.o
    0x000017ba   0x000017ba   0x00000002   PAD
    0x000017bc   0x000017bc   0x0000009a   Code   RO          115    .text.UnityAssertEqualNumber  unity.o
    0x00001856   0x00001856   0x00000002   PAD
    0x00001858   0x00001858   0x00000028   Code   RO          161    .text.UnityBegin    unity.o
    0x00001880   0x00001880   0x00000080   Code   RO          105    .text.UnityConcludeTest  unity.o
    0x00001900   0x00001900   0x0000006a   Code   RO          157    .text.UnityDefaultTestRun  unity.o
    0x0000196a   0x0000196a   0x00000002   PAD
    0x0000196c   0x0000196c   0x000000b6   Code   RO          163    .text.UnityEnd      unity.o
    0x00001a22   0x00001a22   0x00000002   PAD
    0x00001a24   0x00001a24   0x000000f4   Code   RO          151    .text.UnityFail     unity.o
    0x00001b18   0x00001b18   0x00000070   Code   RO          121    .text.UnityIsOneArrayNull  unity.o
    0x00001b88   0x00001b88   0x0000002e   Code   RO           79    .text.UnityPrint    unity.o
    0x00001bb6   0x00001bb6   0x00000002   PAD
    0x00001bb8   0x00001bb8   0x000000a0   Code   RO           81    .text.UnityPrintChar  unity.o
    0x00001c58   0x00001c58   0x00000034   Code   RO           89    .text.UnityPrintNumber  unity.o
    0x00001c8c   0x00001c8c   0x00000116   Code   RO           87    .text.UnityPrintNumberByStyle  unity.o
    0x00001da2   0x00001da2   0x00000002   PAD
    0x00001da4   0x00001da4   0x00000080   Code   RO           85    .text.UnityPrintNumberHex  unity.o
    0x00001e24   0x00001e24   0x00000072   Code   RO           91    .text.UnityPrintNumberUnsigned  unity.o
    0x00001e96   0x00001e96   0x00000002   PAD
    0x00001e98   0x00001e98   0x00000048   Code   RO          107    .text.UnityTestResultsBegin  unity.o
    0x00001ee0   0x00001ee0   0x00000034   Code   RO          111    .text.UnityTestResultsFailBegin  unity.o
    0x00001f14   0x00001f14   0x000000b2   Code   RO          228    .text.delay_10ms    mocktm4c_bsp.o
    0x00001fc6   0x00001fc6   0x00000002   PAD
    0x00001fc8   0x00001fc8   0x00000074   Code   RO          264    .text.exit_interrupt  mocktm4c_bsp.o
    0x0000203c   0x0000203c   0x00000058   Code   RO          266    .text.exit_interrupt_CMockExpect  mocktm4c_bsp.o
    0x00002094   0x00002094   0x00000078   Code   RO          238    .text.get_UART0_interrupt_data  mocktm4c_bsp.o
    0x0000210c   0x0000210c   0x00000066   Code   RO          240    .text.get_UART0_interrupt_data_CMockExpectAndReturn  mocktm4c_bsp.o
    0x00002172   0x00002172   0x00000002   PAD
    0x00002174   0x00002174   0x00000074   Code   RO           68    .text.main          cyber_minion_unit_tests.o
    0x000021e8   0x000021e8   0x00000050   Code   RO            2    .text.main_loop     cyber_minion.o
    0x00002238   0x00002238   0x000000da   Code   RO            4    .text.scan          cyber_minion.o
    0x00002312   0x00002312   0x00000002   PAD
    0x00002314   0x00002314   0x00000002   Code   RO           52    .text.setUp         cyber_minion_unit_tests.o
    0x00002316   0x00002316   0x00000002   PAD
    0x00002318   0x00002318   0x000000b6   Code   RO          242    .text.set_PWM0_generator0_CMPA  mocktm4c_bsp.o
    0x000023ce   0x000023ce   0x00000002   PAD
    0x000023d0   0x000023d0   0x00000068   Code   RO          246    .text.set_PWM0_generator0_CMPA_CMockExpect  mocktm4c_bsp.o
    0x00002438   0x00002438   0x000000b6   Code   RO          248    .text.set_PWM0_generator1_CMPA  mocktm4c_bsp.o
    0x000024ee   0x000024ee   0x00000002   PAD
    0x000024f0   0x000024f0   0x00000068   Code   RO          252    .text.set_PWM0_generator1_CMPA_CMockExpect  mocktm4c_bsp.o
    0x00002558   0x00002558   0x00000068   Code   RO           12    .text.set_compare_x  cyber_minion.o
    0x000025c0   0x000025c0   0x00000068   Code   RO           10    .text.set_compare_y  cyber_minion.o
    0x00002628   0x00002628   0x000000e8   Code   RO          254    .text.set_sp        mocktm4c_bsp.o
    0x00002710   0x00002710   0x00000064   Code   RO          258    .text.set_sp_CMockExpect  mocktm4c_bsp.o
    0x00002774   0x00002774   0x00000014   Code   RO            6    .text.sleep_position  cyber_minion.o
    0x00002788   0x00002788   0x00000002   Code   RO           54    .text.tearDown      cyber_minion_unit_tests.o
    0x0000278a   0x0000278a   0x00000002   PAD
    0x0000278c   0x0000278c   0x000000b6   Code   RO           56    .text.testHelper_UART0_Handler_set_up_and_call_and_assert  cyber_minion_unit_tests.o
    0x00002842   0x00002842   0x00000002   PAD
    0x00002844   0x00002844   0x0000006c   Code   RO           62    .text.test_UART0_Handler_changesStateToScanning_whenUARTFrameMSBIsEnabled  cyber_minion_unit_tests.o
    0x000028b0   0x000028b0   0x0000023c   Code   RO           64    .text.test_UART0_Handler_changesStateToWaiting_and_setsServoPositions_andAlternatesStackPointer_whenUARTFrameMSBDisabled  cyber_minion_unit_tests.o
    0x00002aec   0x00002aec   0x0000001a   Code   RO           58    .text.test_sanity   cyber_minion_unit_tests.o
    0x00002b06   0x00002b06   0x00000002   PAD
    0x00002b08   0x00002b08   0x0000009c   Code   RO           60    .text.test_sleep_position_centersHorizontalServo_and_maximizesVerticalServo  cyber_minion_unit_tests.o
    0x00002ba4   0x00002ba4   0x00000074   Code   RO          260    .text.wait_for_interrupt  mocktm4c_bsp.o
    0x00002c18   0x00002c18   0x0000001c   Code   RO          376    i.fputc             c_w.l(fputc.o)
    0x00002c34   0x00002c34   0x00000004   Data   RO          398    .constdata          c_w.l(sys_io_names.o)
    0x00002c38   0x00002c38   0x00000004   Data   RO          399    .constdata          c_w.l(sys_io_names.o)
    0x00002c3c   0x00002c3c   0x00000004   Data   RO          400    .constdata          c_w.l(sys_io_names.o)
    0x00002c40   0x00002c40   0x00000018   Data   RO          200    .rodata.UnityStrBreaker  unity.o
    0x00002c58   0x00002c58   0x0000000a   Data   RO          197    .rodata.UnityStrDetail1Name  unity.o
    0x00002c62   0x00002c62   0x0000000b   Data   RO          198    .rodata.UnityStrDetail2Name  unity.o
    0x00002c6d   0x00002c6d   0x0000000a   Data   RO          185    .rodata.UnityStrElement  unity.o
    0x00002c77   0x00002c77   0x0000000b   Data   RO          178    .rodata.UnityStrExpected  unity.o
    0x00002c82   0x00002c82   0x00000005   Data   RO          167    .rodata.UnityStrFail  unity.o
    0x00002c87   0x00002c87   0x00000019   Data   RO          205    .rodata.UnityStrNullPointerForActual  unity.o
    0x00002ca0   0x00002ca0   0x0000001d   Data   RO          204    .rodata.UnityStrNullPointerForExpected  unity.o
    0x00002cbd   0x00002cbd   0x00000003   Data   RO          165    .rodata.UnityStrOk  unity.o
    0x00002cc0   0x00002cc0   0x00000005   Data   RO          166    .rodata.UnityStrPass  unity.o
    0x00002cc5   0x00002cc5   0x00000037   Data   RO          184    .rodata.UnityStrPointless  unity.o
    0x00002cfc   0x00002cfc   0x0000000b   Data   RO          202    .rodata.UnityStrResultsFailures  unity.o
    0x00002d07   0x00002d07   0x0000000a   Data   RO          203    .rodata.UnityStrResultsIgnored  unity.o
    0x00002d11   0x00002d11   0x00000008   Data   RO          201    .rodata.UnityStrResultsTests  unity.o
    0x00002d19   0x00002d19   0x00000003   Data   RO          199    .rodata.UnityStrSpacer  unity.o
    0x00002d1c   0x00002d1c   0x00000006   Data   RO          179    .rodata.UnityStrWas  unity.o
    0x00002d22   0x00002d22   0x0000012d   Data   RO           70    .rodata.str1.1      cyber_minion_unit_tests.o
    0x00002e4f   0x00002e4f   0x000000b6   Data   RO          280    .rodata.str1.1      mocktm4c_bsp.o
    0x00002f05   0x00002f05   0x00000159   Data   RO          308    .rodata.str1.1      cmock.o
    0x0000305e   0x0000305e   0x00000002   PAD
    0x00003060   0x00003060   0x00000020   Data   RO          722    Region$$Table       anon$$obj.o


    Execution Region ER_RW (Exec base: 0x20000000, Load base: 0x00003080, Size: 0x00000054, Max: 0xffffffff, ABSOLUTE)

    Exec Addr    Load Addr    Size         Type   Attr      Idx    E Section Name        Object

    0x20000000   0x00003080   0x00000004   Data   RW          337    .data               c_w.l(stdio_streams.o)
    0x20000004   0x00003084   0x00000004   Data   RW          338    .data               c_w.l(stdio_streams.o)
    0x20000008   0x00003088   0x00000004   Data   RW          339    .data               c_w.l(stdio_streams.o)
    0x2000000c   0x0000308c   0x00000004   Data   RW          310    .data.CMockStringCalledMore  cmock.o
    0x20000010   0x00003090   0x00000004   Data   RW          318    .data.CMockStringExpNULL  cmock.o
    0x20000014   0x00003094   0x00000004   Data   RW          319    .data.CMockStringMismatch  cmock.o
    0x20000018   0x00003098   0x00000004   Data   RW          309    .data.CMockStringOutOfMemory  cmock.o
    0x2000001c   0x0000309c   0x00000004   Data   RW          279    .data.CMockString_cmock_arg1  mocktm4c_bsp.o
    0x20000020   0x000030a0   0x00000004   Data   RW          271    .data.CMockString_delay_10ms  mocktm4c_bsp.o
    0x20000024   0x000030a4   0x00000004   Data   RW          278    .data.CMockString_exit_interrupt  mocktm4c_bsp.o
    0x20000028   0x000030a8   0x00000004   Data   RW          273    .data.CMockString_get_UART0_interrupt_data  mocktm4c_bsp.o
    0x2000002c   0x000030ac   0x00000004   Data   RW          274    .data.CMockString_set_PWM0_generator0_CMPA  mocktm4c_bsp.o
    0x20000030   0x000030b0   0x00000004   Data   RW          275    .data.CMockString_set_PWM0_generator1_CMPA  mocktm4c_bsp.o
    0x20000034   0x000030b4   0x00000004   Data   RW          276    .data.CMockString_set_sp  mocktm4c_bsp.o
    0x20000038   0x000030b8   0x00000004   Data   RW          277    .data.CMockString_wait_for_interrupt  mocktm4c_bsp.o
    0x2000003c   0x000030bc   0x00000004   Data   RW          322    .data.CMock_Guts_Buffer  cmock.o
    0x20000040   0x000030c0   0x00000004   Data   RW          320    .data.CMock_Guts_BufferSize  cmock.o
    0x20000044   0x000030c4   0x00000004   Data   RW          321    .data.CMock_Guts_FreePtr  cmock.o
    0x20000048   0x000030c8   0x00000002   Data   RW           15    .data.compare_x     cyber_minion.o
    0x2000004a   0x000030ca   0x00000002   Data   RW           16    .data.compare_y     cyber_minion.o
    0x2000004c   0x000030cc   0x00000004   Data   RW           18    .data.sp1           cyber_minion.o
    0x20000050   0x000030d0   0x00000004   Data   RW           20    .data.sp2           cyber_minion.o


    Execution Region ER_ZI (Exec base: 0x20000058, Load base: 0x000030d4, Size: 0x000085a0, Max: 0xffffffff, ABSOLUTE)

    Exec Addr    Load Addr    Size         Type   Attr      Idx    E Section Name        Object

    0x20000058        -       0x00000054   Zero   RW          334    .bss                c_w.l(stdio_streams.o)
    0x200000ac        -       0x00000054   Zero   RW          335    .bss                c_w.l(stdio_streams.o)
    0x20000100        -       0x00000054   Zero   RW          336    .bss                c_w.l(stdio_streams.o)
    0x20000154        -       0x00000060   Zero   RW          624    .bss                c_w.l(libspace.o)
    0x200001b4   0x000030d4   0x00000004   PAD
    0x200001b8        -       0x00008008   Zero   RW          323    .bss.CMock_Guts_Space  cmock.o
    0x200081c0        -       0x00000028   Zero   RW          268    .bss.Mock           mocktm4c_bsp.o
    0x200081e8        -       0x000000c8   Zero   RW          177    .bss.Unity          unity.o
    0x200082b0        -       0x00000001   Zero   RW           14    .bss.current_state  cyber_minion.o
    0x200082b1   0x000030d4   0x00000003   PAD
    0x200082b4        -       0x000000a0   Zero   RW           17    .bss.stack1         cyber_minion.o
    0x20008354        -       0x000000a0   Zero   RW           19    .bss.stack2         cyber_minion.o
    0x200083f4        -       0x00000001   Zero   RW           21    .bss.using_stack1   cyber_minion.o
    0x200083f5   0x000030d4   0x00000003   PAD
    0x200083f8        -       0x00000000   Zero   RW           29    HEAP                startup_tm4c123.o
    0x200083f8        -       0x00000200   Zero   RW           28    STACK               startup_tm4c123.o


==============================================================================

Image component sizes


      Code (inc. data)   RO Data    RW Data    ZI Data      Debug   Object Name

       504          0        345         28      32776       3293   cmock.o
      1204         16          0         12        322       2232   cyber_minion.o
      1164          0        301          0          0       3072   cyber_minion_unit_tests.o
      1680          0        182         32         40       9446   mocktm4c_bsp.o
       276         24        620          0        512       5408   startup_tm4c123.o
       252          0          0          0          0       6075   system_tm4c123gh6pm.o
      2514          0        226          0        200      17078   unity.o

    ----------------------------------------------------------------------
      7632         40       1708         72      33856      46604   Object Totals
         0          0         32          0          0          0   (incl. Generated)
        38          0          2          0          6          0   (incl. Padding)

    ----------------------------------------------------------------------

      Code (inc. data)   RO Data    RW Data    ZI Data      Debug   Library Member Name

         8          0          0          0          0         68   __main.o
         0          0          0          0          0          0   __rtentry.o
        12          0          0          0          0          0   __rtentry2.o
         6          0          0          0          0          0   __rtentry4.o
        94          8          0          0          0          0   __scatter.o
        26          0          0          0          0          0   __scatter_copy.o
        28          0          0          0          0          0   __scatter_zi.o
        10          0          0          0          0         68   defsig_exit.o
        50          0          0          0          0         88   defsig_general.o
        80         58          0          0          0         76   defsig_rtmem_inner.o
        14          0          0          0          0         80   defsig_rtmem_outer.o
        52         38          0          0          0         76   defsig_rtred_inner.o
        14          0          0          0          0         80   defsig_rtred_outer.o
        18          0          0          0          0         80   exit.o
        76          0          0          0          0         88   fclose.o
       482          0          0          0          0         92   flsbuf.o
       240          6          0          0          0        128   fopen.o
        28          0          0          0          0         68   fputc.o
       248          6          0          0          0         84   fseek.o
        66          0          0          0          0         76   ftell.o
        94          0          0          0          0         80   h1_alloc.o
        52          0          0          0          0         68   h1_extend.o
        78          0          0          0          0         80   h1_free.o
        12          0          0          0          0         84   h1_init.o
         6          0          0          0          0        152   heapauxi.o
         4          0          0          0          0        136   hguard.o
         0          0          0          0          0          0   indicate_semi.o
       138          0          0          0          0        168   init_alloc.o
       312         46          0          0          0        112   initio.o
         2          0          0          0          0          0   libinit.o
        14          0          0          0          0          0   libinit2.o
         2          0          0          0          0          0   libshutdown.o
         6          0          0          0          0          0   libshutdown2.o
         8          4          0          0         96         68   libspace.o
         0          0          0          0          0          0   maybetermalloc1.o
         4          0          0          0          0         68   putc.o
         8          4          0          0          0         68   rt_errno_addr_intlibspace.o
         8          4          0          0          0         68   rt_heap_descriptor_intlibspace.o
        78          0          0          0          0         80   rt_memclr_w.o
         2          0          0          0          0          0   rtexit.o
        10          0          0          0          0          0   rtexit2.o
        70          0          0          0          0         80   setvbuf.o
       264          6          0          0          0        160   stdio.o
         0          0          0         12        252          0   stdio_streams.o
        62          0          0          0          0         76   strlen.o
        12          4          0          0          0         68   sys_exit.o
       102          0          0          0          0        240   sys_io.o
         0          0         12          0          0          0   sys_io_names.o
        74          0          0          0          0         80   sys_stackheap_outer.o
        14          0          0          0          0         76   sys_wrch.o
         2          0          0          0          0         68   use_no_semi.o
        62          0          0          0          0         92   setjmp.o

    ----------------------------------------------------------------------
      3064        184         12         12        352       3324   Library Totals
        12          0          0          0          4          0   (incl. Padding)

    ----------------------------------------------------------------------

      Code (inc. data)   RO Data    RW Data    ZI Data      Debug   Library Name

      2990        184         12         12        348       3232   c_w.l
        62          0          0          0          0         92   fz_ws.l

    ----------------------------------------------------------------------
      3064        184         12         12        352       3324   Library Totals

    ----------------------------------------------------------------------

==============================================================================


      Code (inc. data)   RO Data    RW Data    ZI Data      Debug   

     10696        224       1720         84      34208      48228   Grand Totals
     10696        224       1720         84      34208      48228   ELF Image Totals
     10696        224       1720         84          0          0   ROM Totals

==============================================================================

    Total RO  Size (Code + RO Data)                12416 (  12.12kB)
    Total RW  Size (RW Data + ZI Data)             34292 (  33.49kB)
    Total ROM Size (Code + RO Data + RW Data)      12500 (  12.21kB)

==============================================================================

