Component: Arm Compiler for Embedded 6.22 Tool: armlink [5ee90200]

==============================================================================

Section Cross References

    cyber_minion.o(.text.main_loop) refers to cyber_minion.o(.bss.current_state) for current_state
    cyber_minion.o(.text.main_loop) refers to tm4c_bsp.o(.text.wait_for_interrupt) for wait_for_interrupt
    cyber_minion.o(.text.main_loop) refers to cyber_minion.o(.text.scan) for scan
    cyber_minion.o(.text.main_loop) refers to cyber_minion.o(.text.sleep_position) for sleep_position
    cyber_minion.o(.ARM.exidx.text.main_loop) refers to cyber_minion.o(.text.main_loop) for [Anonymous Symbol]
    cyber_minion.o(.text.scan) refers to cyber_minion.o(.text.set_compare_y) for set_compare_y
    cyber_minion.o(.text.scan) refers to cyber_minion.o(.text.set_compare_x) for set_compare_x
    cyber_minion.o(.text.scan) refers to tm4c_bsp.o(.text.delay_10ms) for delay_10ms
    cyber_minion.o(.text.scan) refers to cyber_minion.o(.data.compare_x) for compare_x
    cyber_minion.o(.text.scan) refers to cyber_minion.o(.data.compare_y) for compare_y
    cyber_minion.o(.ARM.exidx.text.scan) refers to cyber_minion.o(.text.scan) for [Anonymous Symbol]
    cyber_minion.o(.text.sleep_position) refers to cyber_minion.o(.text.set_compare_x) for set_compare_x
    cyber_minion.o(.text.sleep_position) refers to cyber_minion.o(.text.set_compare_y) for set_compare_y
    cyber_minion.o(.ARM.exidx.text.sleep_position) refers to cyber_minion.o(.text.sleep_position) for [Anonymous Symbol]
    cyber_minion.o(.text.UART0_Handler) refers to tm4c_bsp.o(.text.get_UART0_interrupt_data) for get_UART0_interrupt_data
    cyber_minion.o(.text.UART0_Handler) refers to cyber_minion.o(.bss.current_state) for current_state
    cyber_minion.o(.text.UART0_Handler) refers to cyber_minion.o(.data.compare_y) for compare_y
    cyber_minion.o(.text.UART0_Handler) refers to cyber_minion.o(.text.set_compare_y) for set_compare_y
    cyber_minion.o(.text.UART0_Handler) refers to cyber_minion.o(.data.compare_x) for compare_x
    cyber_minion.o(.text.UART0_Handler) refers to cyber_minion.o(.text.set_compare_x) for set_compare_x
    cyber_minion.o(.text.UART0_Handler) refers to cyber_minion.o(.bss.using_stack1) for using_stack1
    cyber_minion.o(.text.UART0_Handler) refers to cyber_minion.o(.bss.stack2) for stack2
    cyber_minion.o(.text.UART0_Handler) refers to cyber_minion.o(.data.sp2) for sp2
    cyber_minion.o(.text.UART0_Handler) refers to cyber_minion.o(.text.main_loop) for main_loop
    cyber_minion.o(.text.UART0_Handler) refers to mocktm4c_bsp_set_sp.o(.text.set_sp) for set_sp
    cyber_minion.o(.text.UART0_Handler) refers to cyber_minion.o(.bss.stack1) for stack1
    cyber_minion.o(.text.UART0_Handler) refers to cyber_minion.o(.data.sp1) for sp1
    cyber_minion.o(.text.UART0_Handler) refers to tm4c_bsp.o(.text.exit_interrupt) for exit_interrupt
    cyber_minion.o(.ARM.exidx.text.UART0_Handler) refers to cyber_minion.o(.text.UART0_Handler) for [Anonymous Symbol]
    cyber_minion.o(.text.set_compare_y) refers to cyber_minion.o(.data.compare_y) for compare_y
    cyber_minion.o(.text.set_compare_y) refers to tm4c_bsp.o(.text.set_PWM0_generator1_CMPA) for set_PWM0_generator1_CMPA
    cyber_minion.o(.ARM.exidx.text.set_compare_y) refers to cyber_minion.o(.text.set_compare_y) for [Anonymous Symbol]
    cyber_minion.o(.text.set_compare_x) refers to cyber_minion.o(.data.compare_x) for compare_x
    cyber_minion.o(.text.set_compare_x) refers to tm4c_bsp.o(.text.set_PWM0_generator0_CMPA) for set_PWM0_generator0_CMPA
    cyber_minion.o(.ARM.exidx.text.set_compare_x) refers to cyber_minion.o(.text.set_compare_x) for [Anonymous Symbol]
    cyber_minion.o(.data.sp1) refers to cyber_minion.o(.bss.stack1) for [Anonymous Symbol]
    cyber_minion.o(.data.sp2) refers to cyber_minion.o(.bss.stack2) for [Anonymous Symbol]
    startup_tm4c123.o(STACK) refers (Special) to heapauxi.o(.text) for __use_two_region_memory
    startup_tm4c123.o(HEAP) refers (Special) to heapauxi.o(.text) for __use_two_region_memory
    startup_tm4c123.o(RESET) refers (Special) to heapauxi.o(.text) for __use_two_region_memory
    startup_tm4c123.o(RESET) refers to startup_tm4c123.o(STACK) for __initial_sp
    startup_tm4c123.o(RESET) refers to startup_tm4c123.o(.text) for Reset_Handler
    startup_tm4c123.o(RESET) refers to cyber_minion.o(.text.UART0_Handler) for UART0_Handler
    startup_tm4c123.o(.text) refers (Special) to heapauxi.o(.text) for __use_two_region_memory
    startup_tm4c123.o(.text) refers to system_tm4c123gh6pm.o(.text.SystemInit) for SystemInit
    startup_tm4c123.o(.text) refers to __main.o(!!!main) for __main
    startup_tm4c123.o(.text) refers to startup_tm4c123.o(HEAP) for Heap_Mem
    startup_tm4c123.o(.text) refers to startup_tm4c123.o(STACK) for Stack_Mem
    system_tm4c123gh6pm.o(.text.SystemCoreClockUpdate) refers to system_tm4c123gh6pm.o(.text.getOscClk) for getOscClk
[...]
    ../clib/heap2.c                          0x00000000   Number         0  fdtree.o ABSOLUTE
    ../clib/heapalloc.c                      0x00000000   Number         0  free.o ABSOLUTE
    ../clib/heapalloc.c                      0x00000000   Number         0  hguard.o ABSOLUTE
    ../clib/heapalloc.c                      0x00000000   Number         0  init_alloc.o ABSOLUTE
    ../clib/heapalloc.c                      0x00000000   Number         0  malloc.o ABSOLUTE
    ../clib/heapalloc.c                      0x00000000   Number         0  heapstubs.o ABSOLUTE
    ../clib/heapalloc.c                      0x00000000   Number         0  hrguard.o ABSOLUTE
    ../clib/heapalloc.c                      0x00000000   Number         0  term_alloc.o ABSOLUTE
    ../clib/heapaux.c                        0x00000000   Number         0  heapauxi.o ABSOLUTE
    ../clib/heapaux.c                        0x00000000   Number         0  heapauxa.o ABSOLUTE
    ../clib/libinit.s                        0x00000000   Number         0  libinit2.o ABSOLUTE
    ../clib/libinit.s                        0x00000000   Number         0  libshutdown2.o ABSOLUTE
    ../clib/libinit.s                        0x00000000   Number         0  libinit.o ABSOLUTE
    ../clib/libinit.s                        0x00000000   Number         0  libshutdown.o ABSOLUTE
    ../clib/maybe.s                          0x00000000   Number         0  maybetermalloc1.o ABSOLUTE
    ../clib/maybe.s                          0x00000000   Number         0  maybetermalloc2.o ABSOLUTE
    ../clib/memcpset.s                       0x00000000   Number         0  rt_memclr_w.o ABSOLUTE
    ../clib/memcpset.s                       0x00000000   Number         0  rt_memcpy_w.o ABSOLUTE
    ../clib/memcpset.s                       0x00000000   Number         0  rt_memcpy_v6.o ABSOLUTE
    ../clib/signal.c                         0x00000000   Number         0  defsig_rtred_outer.o ABSOLUTE
    ../clib/signal.c                         0x00000000   Number         0  defsig_rtred_formal.o ABSOLUTE
    ../clib/signal.c                         0x00000000   Number         0  defsig_exit.o ABSOLUTE
    ../clib/signal.c                         0x00000000   Number         0  defsig_rtred_inner.o ABSOLUTE
    ../clib/signal.c                         0x00000000   Number         0  __raise.o ABSOLUTE
    ../clib/signal.c                         0x00000000   Number         0  defsig_general.o ABSOLUTE
    ../clib/signal.c                         0x00000000   Number         0  defsig_rtmem_outer.o ABSOLUTE
    ../clib/signal.c                         0x00000000   Number         0  defsig_rtmem_formal.o ABSOLUTE
    ../clib/signal.c                         0x00000000   Number         0  defsig_rtmem_inner.o ABSOLUTE
    ../clib/signal.c                         0x00000000   Number         0  defsig_abrt_inner.o ABSOLUTE
    ../clib/signal.c                         0x00000000   Number         0  defsig_fpe_inner.o ABSOLUTE
    ../clib/signal.c                         0x00000000   Number         0  defsig_stak_inner.o ABSOLUTE
    ../clib/signal.c                         0x00000000   Number         0  defsig_pvfn_inner.o ABSOLUTE
    ../clib/signal.c                         0x00000000   Number         0  defsig_cppl_inner.o ABSOLUTE
    ../clib/signal.c                         0x00000000   Number         0  defsig_segv_inner.o ABSOLUTE
    ../clib/signal.c                         0x00000000   Number         0  defsig_other.o ABSOLUTE
    ../clib/signal.s                         0x00000000   Number         0  defsig.o ABSOLUTE
    ../clib/stdio.c                          0x00000000   Number         0  putc.o ABSOLUTE
    ../clib/stdio.c                          0x00000000   Number         0  stdio_streams.o ABSOLUTE
    ../clib/stdio.c                          0x00000000   Number         0  fputc.o ABSOLUTE
    ../clib/stdio.c                          0x00000000   Number         0  initio.o ABSOLUTE
    ../clib/stdio.c                          0x00000000   Number         0  fputc_locked.o ABSOLUTE
    ../clib/stdio.c                          0x00000000   Number         0  initio_locked.o ABSOLUTE
    ../clib/stdio.c                          0x00000000   Number         0  flsbuf.o ABSOLUTE
    ../clib/stdio.c                          0x00000000   Number         0  setvbuf.o ABSOLUTE
    ../clib/stdio.c                          0x00000000   Number         0  streamlock.o ABSOLUTE
    ../clib/stdio.c                          0x00000000   Number         0  fopen.o ABSOLUTE
    ../clib/stdio.c                          0x00000000   Number         0  fclose.o ABSOLUTE
    ../clib/stdio.c                          0x00000000   Number         0  setvbuf_locked.o ABSOLUTE
    ../clib/stdio.c                          0x00000000   Number         0  fopen_locked.o ABSOLUTE
    ../clib/stdio.c                          0x00000000   Number         0  fseek.o ABSOLUTE
    ../clib/stdio.c                          0x00000000   Number         0  stdio.o ABSOLUTE
    ../clib/stdio.c                          0x00000000   Number         0  fwritefast.o ABSOLUTE
    ../clib/stdio.c                          0x00000000   Number         0  fwritefast_locked.o ABSOLUTE
    ../clib/stdio.c                          0x00000000   Number         0  fflush.o ABSOLUTE
    ../clib/stdio.c                          0x00000000   Number         0  fputs.o ABSOLUTE
    ../clib/stdio.c                          0x00000000   Number         0  ftell.o ABSOLUTE
    ../clib/stdio.c                          0x00000000   Number         0  fputs_locked.o ABSOLUTE
    ../clib/stdio.c                          0x00000000   Number         0  fflush_locked.o ABSOLUTE
    ../clib/stdlib.c                         0x00000000   Number         0  exit.o ABSOLUTE
    ../clib/string.c                         0x00000000   Number         0  strlen.o ABSOLUTE
    ../clib/wchar.c                          0x00000000   Number         0  flsbuf_fwide.o ABSOLUTE
    ../fplib/dretinf.s                       0x00000000   Number         0  dretinf.o ABSOLUTE
    ../fplib/f2d.s                           0x00000000   Number         0  f2d.o ABSOLUTE
    ../fplib/faddsub.s                       0x00000000   Number         0  faddsub_clz.o ABSOLUTE
    ../fplib/fcmp.s                          0x00000000   Number         0  fcmp.o ABSOLUTE
    ../fplib/fcmpi.s                         0x00000000   Number         0  fcmpi.o ABSOLUTE
    ../fplib/fdiv.s                          0x00000000   Number         0  fdiv.o ABSOLUTE
    ../fplib/feqf.s                          0x00000000   Number         0  feqf.o ABSOLUTE
    ../fplib/ffix.s                          0x00000000   Number         0  ffix.o ABSOLUTE
    ../fplib/fflt.s                          0x00000000   Number         0  fflt_clz.o ABSOLUTE
    ../fplib/fgeqf.s                         0x00000000   Number         0  fgeqf.o ABSOLUTE
    ../fplib/fleqf.s                         0x00000000   Number         0  fleqf.o ABSOLUTE
    ../fplib/fmul.s                          0x00000000   Number         0  fmul.o ABSOLUTE
    ../fplib/fnaninf.s                       0x00000000   Number         0  fnaninf.o ABSOLUTE
    ../fplib/fpinit.s                        0x00000000   Number         0  fpinit.o ABSOLUTE
    ../fplib/fpinit_empty.s                  0x00000000   Number         0  fpinit_empty.o ABSOLUTE
    ../fplib/fretinf.s                       0x00000000   Number         0  fretinf.o ABSOLUTE
    ../fplib/setjmp.s                        0x00000000   Number         0  setjmp.o ABSOLUTE
    ../fplib/usenofp.s                       0x00000000   Number         0  usenofp.o ABSOLUTE
    Mocktm4c_bsp_set_sp.c                    0x00000000   Number         0  mocktm4c_bsp_set_sp.o ABSOLUTE
    cmock.c                                  0x00000000   Number         0  cmock.o ABSOLUTE
    cyber_minion.c                           0x00000000   Number         0  cyber_minion.o ABSOLUTE
    cyber_minion_hil_tests.c                 0x00000000   Number         0  cyber_minion_hil_tests.o ABSOLUTE
    dc.s                                     0x00000000   Number         0  dc.o ABSOLUTE
    system_TM4C123GH6PM.c                    0x00000000   Number         0  system_tm4c123gh6pm.o ABSOLUTE
    tm4c/startup/startup_TM4C123.s           0x00000000   Number         0  startup_tm4c123.o ABSOLUTE
    tm4c_bsp.c                               0x00000000   Number         0  tm4c_bsp.o ABSOLUTE
    unity.c                                  0x00000000   Number         0  unity_1.o ABSOLUTE
    RESET                                    0x00000000   Section      620  startup_tm4c123.o(RESET)
    !!!main                                  0x0000026c   Section        8  __main.o(!!!main)
    !!!scatter                               0x00000274   Section       92  __scatter.o(!!!scatter)
    !!handler_copy                           0x000002d0   Section       26  __scatter_copy.o(!!handler_copy)
    !!handler_null                           0x000002ec   Section        2  __scatter.o(!!handler_null)
    !!handler_zi                             0x000002f0   Section       28  __scatter_zi.o(!!handler_zi)
    .ARM.Collect$$libinit$$00000000          0x0000030c   Section        2  libinit.o(.ARM.Collect$$libinit$$00000000)
    .ARM.Collect$$libinit$$00000002          0x0000030e   Section        0  libinit2.o(.ARM.Collect$$libinit$$00000002)
    .ARM.Collect$$libinit$$00000004          0x0000030e   Section        0  libinit2.o(.ARM.Collect$$libinit$$00000004)
    .ARM.Collect$$libinit$$00000006          0x0000030e   Section        0  libinit2.o(.ARM.Collect$$libinit$$00000006)
    .ARM.Collect$$libinit$$00000007          0x0000030e   Section        8  libinit2.o(.ARM.Collect$$libinit$$00000007)
    .ARM.Collect$$libinit$$0000000C          0x00000316   Section        0  libinit2.o(.ARM.Collect$$libinit$$0000000C)
    .ARM.Collect$$libinit$$0000000E          0x00000316   Section        0  libinit2.o(.ARM.Collect$$libinit$$0000000E)
    .ARM.Collect$$libinit$$00000010          0x00000316   Section        0  libinit2.o(.ARM.Collect$$libinit$$00000010)
    .ARM.Collect$$libinit$$00000013          0x00000316   Section        0  libinit2.o(.ARM.Collect$$libinit$$00000013)
    .ARM.Collect$$libinit$$00000015          0x00000316   Section        0  libinit2.o(.ARM.Collect$$libinit$$00000015)
    .ARM.Collect$$libinit$$00000017          0x00000316   Section        0  libinit2.o(.ARM.Collect$$libinit$$00000017)
    .ARM.Collect$$libinit$$00000019          0x00000316   Section        0  libinit2.o(.ARM.Collect$$libinit$$00000019)
    .ARM.Collect$$libinit$$0000001B          0x00000316   Section        0  libinit2.o(.ARM.Collect$$libinit$$0000001B)
    .ARM.Collect$$libinit$$0000001D          0x00000316   Section        0  libinit2.o(.ARM.Collect$$libinit$$0000001D)
    .ARM.Collect$$libinit$$0000001F          0x00000316   Section        0  libinit2.o(.ARM.Collect$$libinit$$0000001F)
    .ARM.Collect$$libinit$$00000021          0x00000316   Section        0  libinit2.o(.ARM.Collect$$libinit$$00000021)
    .ARM.Collect$$libinit$$00000023          0x00000316   Section        0  libinit2.o(.ARM.Collect$$libinit$$00000023)
    .ARM.Collect$$libinit$$00000025          0x00000316   Section        0  libinit2.o(.ARM.Collect$$libinit$$00000025)
    .ARM.Collect$$libinit$$00000026          0x00000316   Section        4  libinit2.o(.ARM.Collect$$libinit$$00000026)
    .ARM.Collect$$libinit$$00000027          0x0000031a   Section        0  libinit2.o(.ARM.Collect$$libinit$$00000027)
    .ARM.Collect$$libinit$$0000002E          0x0000031a   Section        0  libinit2.o(.ARM.Collect$$libinit$$0000002E)
    .ARM.Collect$$libinit$$00000030          0x0000031a   Section        0  libinit2.o(.ARM.Collect$$libinit$$00000030)
    .ARM.Collect$$libinit$$00000032          0x0000031a   Section        0  libinit2.o(.ARM.Collect$$libinit$$00000032)
    .ARM.Collect$$libinit$$00000034          0x0000031a   Section        0  libinit2.o(.ARM.Collect$$libinit$$00000034)
    .ARM.Collect$$libinit$$00000035          0x0000031a   Section        2  libinit2.o(.ARM.Collect$$libinit$$00000035)
    .ARM.Collect$$libshutdown$$00000000      0x0000031c   Section        2  libshutdown.o(.ARM.Collect$$libshutdown$$00000000)
    .ARM.Collect$$libshutdown$$00000002      0x0000031e   Section        0  libshutdown2.o(.ARM.Collect$$libshutdown$$00000002)
    .ARM.Collect$$libshutdown$$00000003      0x0000031e   Section        4  libshutdown2.o(.ARM.Collect$$libshutdown$$00000003)
    .ARM.Collect$$libshutdown$$00000004      0x00000322   Section        0  libshutdown2.o(.ARM.Collect$$libshutdown$$00000004)
    .ARM.Collect$$libshutdown$$00000007      0x00000322   Section        0  libshutdown2.o(.ARM.Collect$$libshutdown$$00000007)
    .ARM.Collect$$libshutdown$$0000000A      0x00000322   Section        0  libshutdown2.o(.ARM.Collect$$libshutdown$$0000000A)
    .ARM.Collect$$libshutdown$$0000000C      0x00000322   Section        0  libshutdown2.o(.ARM.Collect$$libshutdown$$0000000C)
    .ARM.Collect$$libshutdown$$0000000F      0x00000322   Section        0  libshutdown2.o(.ARM.Collect$$libshutdown$$0000000F)
    .ARM.Collect$$libshutdown$$00000010      0x00000322   Section        2  libshutdown2.o(.ARM.Collect$$libshutdown$$00000010)
    .ARM.Collect$$rtentry$$00000000          0x00000324   Section        0  __rtentry.o(.ARM.Collect$$rtentry$$00000000)
    .ARM.Collect$$rtentry$$00000002          0x00000324   Section        0  __rtentry2.o(.ARM.Collect$$rtentry$$00000002)
    .ARM.Collect$$rtentry$$00000004          0x00000324   Section        6  __rtentry4.o(.ARM.Collect$$rtentry$$00000004)
    .ARM.Collect$$rtentry$$00000009          0x0000032a   Section        0  __rtentry2.o(.ARM.Collect$$rtentry$$00000009)
    .ARM.Collect$$rtentry$$0000000A          0x0000032a   Section        4  __rtentry2.o(.ARM.Collect$$rtentry$$0000000A)
    .ARM.Collect$$rtentry$$0000000C          0x0000032e   Section        0  __rtentry2.o(.ARM.Collect$$rtentry$$0000000C)
    .ARM.Collect$$rtentry$$0000000D          0x0000032e   Section        8  __rtentry2.o(.ARM.Collect$$rtentry$$0000000D)
    .ARM.Collect$$rtexit$$00000000           0x00000336   Section        2  rtexit.o(.ARM.Collect$$rtexit$$00000000)
    .ARM.Collect$$rtexit$$00000002           0x00000338   Section        0  rtexit2.o(.ARM.Collect$$rtexit$$00000002)
    .ARM.Collect$$rtexit$$00000003           0x00000338   Section        4  rtexit2.o(.ARM.Collect$$rtexit$$00000003)
    .ARM.Collect$$rtexit$$00000004           0x0000033c   Section        6  rtexit2.o(.ARM.Collect$$rtexit$$00000004)
    .text                                    0x00000344   Section      276  startup_tm4c123.o(.text)
    .text                                    0x00000458   Section        0  putc.o(.text)
    .text                                    0x0000045c   Section        0  heapauxi.o(.text)
    .text                                    0x00000462   Section       62  setjmp.o(.text)
    .text                                    0x000004a0   Section        0  initio.o(.text)
    .text                                    0x000005d8   Section        0  h1_free.o(.text)
    .text                                    0x00000626   Section        0  flsbuf.o(.text)
    .text                                    0x00000808   Section        0  setvbuf.o(.text)
    _freopen_locked                          0x00000851   Thumb Code     0  fopen.o(.text)
    .text                                    0x00000850   Section        0  fopen.o(.text)
    .text                                    0x00000940   Section        0  fclose.o(.text)
    .text                                    0x0000098c   Section        0  defsig_rtred_outer.o(.text)
    .text                                    0x0000099a   Section       78  rt_memclr_w.o(.text)
    .text                                    0x000009e8   Section        0  sys_io.o(.text)
    .text                                    0x00000a4e   Section       74  sys_stackheap_outer.o(.text)
    .text                                    0x00000a98   Section        8  rt_heap_descriptor_intlibspace.o(.text)
    .text                                    0x00000aa0   Section        0  hguard.o(.text)
    .text                                    0x00000aa4   Section        0  init_alloc.o(.text)
    .text                                    0x00000b2e   Section        0  h1_alloc.o(.text)
    .text                                    0x00000b8c   Section        0  fseek.o(.text)
    .text                                    0x00000c84   Section        0  stdio.o(.text)
    .text                                    0x00000d8c   Section        0  exit.o(.text)
    .text                                    0x00000d9e   Section        0  defsig_exit.o(.text)
    .text                                    0x00000da8   Section        0  defsig_rtred_inner.o(.text)
    .text                                    0x00000ddc   Section        0  sys_exit.o(.text)
    .text                                    0x00000de8   Section        8  libspace.o(.text)
    .text                                    0x00000df0   Section        2  use_no_semi.o(.text)
    .text                                    0x00000df2   Section        0  indicate_semi.o(.text)
    .text                                    0x00000df2   Section        0  maybetermalloc1.o(.text)
    .text                                    0x00000df2   Section        0  h1_init.o(.text)
    .text                                    0x00000dfe   Section        0  h1_extend.o(.text)
    .text                                    0x00000e32   Section        0  ftell.o(.text)
    .text                                    0x00000e74   Section        0  defsig_general.o(.text)
    .text                                    0x00000ea6   Section        0  defsig_rtmem_outer.o(.text)
    .text                                    0x00000eb4   Section        0  strlen.o(.text)
    .text                                    0x00000ef2   Section        0  sys_wrch.o(.text)
    .text                                    0x00000f00   Section        8  rt_errno_addr_intlibspace.o(.text)
    .text                                    0x00000f08   Section        0  defsig_rtmem_inner.o(.text)
    [Anonymous Symbol]                       0x00000f58   Section        0  cmock.o(.text.CMock_Guts_GetAddressFor)
    [Anonymous Symbol]                       0x00000f94   Section        0  cmock.o(.text.CMock_Guts_MemNext)
    [Anonymous Symbol]                       0x00000ffc   Section        0  tm4c_bsp.o(.text.SysTick_init)
    [Anonymous Symbol]                       0x0000102c   Section        0  tm4c_bsp.o(.text.SysTick_wait)
    [Anonymous Symbol]                       0x00001050   Section        0  system_tm4c123gh6pm.o(.text.SystemInit)
    [Anonymous Symbol]                       0x0000114c   Section        0  cyber_minion.o(.text.UART0_Handler)
    [Anonymous Symbol]                       0x000013f4   Section        0  tm4c_bsp.o(.text.UART0_and_servos_init)
    UnityAddMsgIfSpecified                   0x0000161d   Thumb Code   128  unity_1.o(.text.UnityAddMsgIfSpecified)
    [Anonymous Symbol]                       0x0000161c   Section        0  unity_1.o(.text.UnityAddMsgIfSpecified)
    [Anonymous Symbol]                       0x0000169c   Section        0  unity_1.o(.text.UnityAssertEqualIntArray)
    [Anonymous Symbol]                       0x000018a4   Section        0  unity_1.o(.text.UnityAssertEqualNumber)
    [Anonymous Symbol]                       0x00001940   Section        0  unity_1.o(.text.UnityBegin)
    [Anonymous Symbol]                       0x00001968   Section        0  unity_1.o(.text.UnityConcludeTest)
    [Anonymous Symbol]                       0x000019e8   Section        0  unity_1.o(.text.UnityDefaultTestRun)
    [Anonymous Symbol]                       0x00001a54   Section        0  unity_1.o(.text.UnityEnd)
    [Anonymous Symbol]                       0x00001b0c   Section        0  unity_1.o(.text.UnityFail)
    UnityIsOneArrayNull                      0x00001c01   Thumb Code   112  unity_1.o(.text.UnityIsOneArrayNull)
    [Anonymous Symbol]                       0x00001c00   Section        0  unity_1.o(.text.UnityIsOneArrayNull)
    [Anonymous Symbol]                       0x00001c70   Section        0  unity_1.o(.text.UnityPrint)
    UnityPrintChar                           0x00001ca1   Thumb Code   160  unity_1.o(.text.UnityPrintChar)
    [Anonymous Symbol]                       0x00001ca0   Section        0  unity_1.o(.text.UnityPrintChar)
    [Anonymous Symbol]                       0x00001d40   Section        0  unity_1.o(.text.UnityPrintNumber)
    [Anonymous Symbol]                       0x00001d74   Section        0  unity_1.o(.text.UnityPrintNumberByStyle)
    [Anonymous Symbol]                       0x00001e8c   Section        0  unity_1.o(.text.UnityPrintNumberHex)
    [Anonymous Symbol]                       0x00001f0c   Section        0  unity_1.o(.text.UnityPrintNumberUnsigned)
    UnityTestResultsBegin                    0x00001f81   Thumb Code    72  unity_1.o(.text.UnityTestResultsBegin)
    [Anonymous Symbol]                       0x00001f80   Section        0  unity_1.o(.text.UnityTestResultsBegin)
    UnityTestResultsFailBegin                0x00001fc9   Thumb Code    52  unity_1.o(.text.UnityTestResultsFailBegin)
    [Anonymous Symbol]                       0x00001fc8   Section        0  unity_1.o(.text.UnityTestResultsFailBegin)
    __NVIC_EnableIRQ                         0x00001ffd   Thumb Code    48  tm4c_bsp.o(.text.__NVIC_EnableIRQ)
    [Anonymous Symbol]                       0x00001ffc   Section        0  tm4c_bsp.o(.text.__NVIC_EnableIRQ)
    __NVIC_SetPriority                       0x0000202d   Thumb Code    66  tm4c_bsp.o(.text.__NVIC_SetPriority)
    [Anonymous Symbol]                       0x0000202c   Section        0  tm4c_bsp.o(.text.__NVIC_SetPriority)
    [Anonymous Symbol]                       0x00002070   Section        0  tm4c_bsp.o(.text.delay_10ms)
    [Anonymous Symbol]                       0x00002098   Section        0  tm4c_bsp.o(.text.enable_interrupts)
    [Anonymous Symbol]                       0x0000209c   Section        0  tm4c_bsp.o(.text.exit_interrupt)
    [Anonymous Symbol]                       0x000020a4   Section        0  tm4c_bsp.o(.text.get_UART0_interrupt_data)
    [Anonymous Symbol]                       0x000020c0   Section        0  cyber_minion_hil_tests.o(.text.main)
    [Anonymous Symbol]                       0x000020f4   Section        0  cyber_minion.o(.text.main_loop)
    [Anonymous Symbol]                       0x00002144   Section        0  cyber_minion.o(.text.scan)
    [Anonymous Symbol]                       0x00002220   Section        0  cyber_minion_hil_tests.o(.text.setUp)
    [Anonymous Symbol]                       0x00002230   Section        0  tm4c_bsp.o(.text.set_PWM0_generator0_CMPA)
    [Anonymous Symbol]                       0x00002248   Section        0  tm4c_bsp.o(.text.set_PWM0_generator1_CMPA)
    [Anonymous Symbol]                       0x00002260   Section        0  cyber_minion.o(.text.set_compare_x)
    [Anonymous Symbol]                       0x000022c8   Section        0  cyber_minion.o(.text.set_compare_y)
    [Anonymous Symbol]                       0x00002330   Section        0  mocktm4c_bsp_set_sp.o(.text.set_sp)
    [Anonymous Symbol]                       0x00002418   Section        0  cyber_minion.o(.text.sleep_position)
    [Anonymous Symbol]                       0x0000242c   Section        0  cyber_minion_hil_tests.o(.text.tearDown)
    [Anonymous Symbol]                       0x00002430   Section        0  cyber_minion_hil_tests.o(.text.test_sanity)
    [Anonymous Symbol]                       0x0000244c   Section        0  tm4c_bsp.o(.text.wait_for_interrupt)
    i.fputc                                  0x00002450   Section        0  fputc.o(i.fputc)
    .constdata                               0x0000246c   Section        4  sys_io_names.o(.constdata)
    .constdata                               0x00002470   Section        4  sys_io_names.o(.constdata)
    .constdata                               0x00002474   Section        4  sys_io_names.o(.constdata)
    UnityStrBreaker                          0x00002478   Data          24  unity_1.o(.rodata.UnityStrBreaker)
    [Anonymous Symbol]                       0x00002478   Section        0  unity_1.o(.rodata.UnityStrBreaker)
    UnityStrDetail1Name                      0x00002490   Data          10  unity_1.o(.rodata.UnityStrDetail1Name)
    [Anonymous Symbol]                       0x00002490   Section        0  unity_1.o(.rodata.UnityStrDetail1Name)
    UnityStrDetail2Name                      0x0000249a   Data          11  unity_1.o(.rodata.UnityStrDetail2Name)
    [Anonymous Symbol]                       0x0000249a   Section        0  unity_1.o(.rodata.UnityStrDetail2Name)
    UnityStrElement                          0x000024a5   Data          10  unity_1.o(.rodata.UnityStrElement)
    [Anonymous Symbol]                       0x000024a5   Section        0  unity_1.o(.rodata.UnityStrElement)
    UnityStrExpected                         0x000024af   Data          11  unity_1.o(.rodata.UnityStrExpected)
    [Anonymous Symbol]                       0x000024af   Section        0  unity_1.o(.rodata.UnityStrExpected)
    UnityStrNullPointerForActual             0x000024bf   Data          25  unity_1.o(.rodata.UnityStrNullPointerForActual)
    [Anonymous Symbol]                       0x000024bf   Section        0  unity_1.o(.rodata.UnityStrNullPointerForActual)
    UnityStrNullPointerForExpected           0x000024d8   Data          29  unity_1.o(.rodata.UnityStrNullPointerForExpected)
    [Anonymous Symbol]                       0x000024d8   Section        0  unity_1.o(.rodata.UnityStrNullPointerForExpected)
    UnityStrPointless                        0x000024fd   Data          55  unity_1.o(.rodata.UnityStrPointless)
    [Anonymous Symbol]                       0x000024fd   Section        0  unity_1.o(.rodata.UnityStrPointless)
    UnityStrResultsFailures                  0x00002534   Data          11  unity_1.o(.rodata.UnityStrResultsFailures)
    [Anonymous Symbol]                       0x00002534   Section        0  unity_1.o(.rodata.UnityStrResultsFailures)
    UnityStrResultsIgnored                   0x0000253f   Data          10  unity_1.o(.rodata.UnityStrResultsIgnored)
    [Anonymous Symbol]                       0x0000253f   Section        0  unity_1.o(.rodata.UnityStrResultsIgnored)
    UnityStrResultsTests                     0x00002549   Data           8  unity_1.o(.rodata.UnityStrResultsTests)
    [Anonymous Symbol]                       0x00002549   Section        0  unity_1.o(.rodata.UnityStrResultsTests)
    UnityStrSpacer                           0x00002551   Data           3  unity_1.o(.rodata.UnityStrSpacer)
    [Anonymous Symbol]                       0x00002551   Section        0  unity_1.o(.rodata.UnityStrSpacer)
    UnityStrWas                              0x00002554   Data           6  unity_1.o(.rodata.UnityStrWas)
    [Anonymous Symbol]                       0x00002554   Section        0  unity_1.o(.rodata.UnityStrWas)
    .L.str                                   0x0000255a   Data          34  cyber_minion_hil_tests.o(.rodata.str1.1)
    [Anonymous Symbol]                       0x0000255a   Section        0  cyber_minion_hil_tests.o(.rodata.str1.1)
    .L.str.1                                 0x0000257c   Data          12  cyber_minion_hil_tests.o(.rodata.str1.1)
    [Anonymous Symbol]                       0x00002588   Section        0  mocktm4c_bsp_set_sp.o(.rodata.str1.1)
    [Anonymous Symbol]                       0x0000259a   Section        0  cmock.o(.rodata.str1.1)
    .data                                    0x20000000   Section        4  stdio_streams.o(.data)
    .data                                    0x20000004   Section        4  stdio_streams.o(.data)
    .data                                    0x20000008   Section        4  stdio_streams.o(.data)
    CMockString_cmock_arg1                   0x20000018   Data           4  mocktm4c_bsp_set_sp.o(.data.CMockString_cmock_arg1)
    [Anonymous Symbol]                       0x20000018   Section        0  mocktm4c_bsp_set_sp.o(.data.CMockString_cmock_arg1)
    CMockString_set_sp                       0x2000001c   Data           4  mocktm4c_bsp_set_sp.o(.data.CMockString_set_sp)
    [Anonymous Symbol]                       0x2000001c   Section        0  mocktm4c_bsp_set_sp.o(.data.CMockString_set_sp)
    CMock_Guts_Buffer                        0x20000020   Data           4  cmock.o(.data.CMock_Guts_Buffer)
    [Anonymous Symbol]                       0x20000020   Section        0  cmock.o(.data.CMock_Guts_Buffer)
    CMock_Guts_FreePtr                       0x20000024   Data           4  cmock.o(.data.CMock_Guts_FreePtr)
    [Anonymous Symbol]                       0x20000024   Section        0  cmock.o(.data.CMock_Guts_FreePtr)
    .bss                                     0x20000038   Section       84  stdio_streams.o(.bss)
    .bss                                     0x2000008c   Section       84  stdio_streams.o(.bss)
    .bss                                     0x200000e0   Section       84  stdio_streams.o(.bss)
    .bss                                     0x20000134   Section       96  libspace.o(.bss)
    CMock_Guts_Space                         0x20000198   Data       32776  cmock.o(.bss.CMock_Guts_Space)
    [Anonymous Symbol]                       0x20000198   Section        0  cmock.o(.bss.CMock_Guts_Space)
    Mock                                     0x200081a0   Data           4  mocktm4c_bsp_set_sp.o(.bss.Mock)
    [Anonymous Symbol]                       0x200081a0   Section        0  mocktm4c_bsp_set_sp.o(.bss.Mock)
    stack1                                   0x20008274   Data         160  cyber_minion.o(.bss.stack1)
    [Anonymous Symbol]                       0x20008274   Section        0  cyber_minion.o(.bss.stack1)
    stack2                                   0x20008314   Data         160  cyber_minion.o(.bss.stack2)
    [Anonymous Symbol]                       0x20008314   Section        0  cyber_minion.o(.bss.stack2)
    using_stack1                             0x200083b4   Data           1  cyber_minion.o(.bss.using_stack1)
    [Anonymous Symbol]                       0x200083b4   Section        0  cyber_minion.o(.bss.using_stack1)
    Heap_Mem                                 0x200083b8   Data           0  startup_tm4c123.o(HEAP)
    Stack_Mem                                0x200083b8   Data         512  startup_tm4c123.o(STACK)
    HEAP                                     0x200083b8   Section        0  startup_tm4c123.o(HEAP)
    STACK                                    0x200083b8   Section      512  startup_tm4c123.o(STACK)
    __initial_sp                             0x200085b8   Data           0  startup_tm4c123.o(STACK)

    Global Symbols

    Symbol Name                              Value     Ov Type        Size  Object(Section)

    BuildAttributes$$THM_ISAv4$E$P$D$K$B$S$7EM$PE$A:L22UL41UL21$X:L11$S22US41US21$IEEE1$IW$~IW$USESV6$~STKCKD$USESV7$~SHL$OTIME$ROPI$EBA8$UX$STANDARDLIB$REQ8$PRES8$EABIv2 0x00000000   Number         0  anon$$obj.o ABSOLUTE
    __Vectors                                0x00000000   Data           4  startup_tm4c123.o(RESET)
    __fp_init_empty                          0x00000000   Number         0  fpinit_empty.o ABSOLUTE
    __ARM_exceptions_init                     - Undefined Weak Reference
    __alloca_initialize                       - Undefined Weak Reference
    __alloca_longjmp                          - Undefined Weak Reference
    __alloca_setjmp                           - Undefined Weak Reference
    __arm_preinit_                            - Undefined Weak Reference
    __arm_relocate_pie_                       - Undefined Weak Reference
    __cpp_initialize__aeabi_                  - Undefined Weak Reference
    __cxa_finalize                            - Undefined Weak Reference
    __rt_locale                               - Undefined Weak Reference
    __sigvec_lookup                           - Undefined Weak Reference
    __user_heap_extent                        - Undefined Weak Reference
    _atexit_init                              - Undefined Weak Reference
    _call_atexit_fns                          - Undefined Weak Reference
    _clock_init                               - Undefined Weak Reference
    _fp_trap_init                             - Undefined Weak Reference
    _fp_trap_shutdown                         - Undefined Weak Reference
    _get_lc_collate                           - Undefined Weak Reference
    _get_lc_ctype                             - Undefined Weak Reference
    _get_lc_monetary                          - Undefined Weak Reference
    _get_lc_numeric                           - Undefined Weak Reference
    _get_lc_time                              - Undefined Weak Reference
    _getenv_init                              - Undefined Weak Reference
    _handle_redirection                       - Undefined Weak Reference
    _mutex_acquire                            - Undefined Weak Reference
    _mutex_free                               - Undefined Weak Reference
    _mutex_release                            - Undefined Weak Reference
    _rand_init                                - Undefined Weak Reference
    _signal_finish                            - Undefined Weak Reference
    _signal_init                              - Undefined Weak Reference
    __Vectors_End                            0x0000026c   Data           0  startup_tm4c123.o(RESET)
    __Vectors_Size                           0x0000026c   Number         0  startup_tm4c123.o ABSOLUTE
    __main                                   0x0000026d   Thumb Code     8  __main.o(!!!main)
    __scatterload                            0x00000275   Thumb Code     0  __scatter.o(!!!scatter)
    __scatterload_rt2                        0x00000275   Thumb Code    84  __scatter.o(!!!scatter)
    __scatterload_rt2_thumb_only             0x00000275   Thumb Code     0  __scatter.o(!!!scatter)
    __scatterload_loop                       0x0000027f   Thumb Code     0  __scatter.o(!!!scatter)
    __scatterload_copy                       0x000002d1   Thumb Code    26  __scatter_copy.o(!!handler_copy)
    __scatterload_null                       0x000002ed   Thumb Code     2  __scatter.o(!!handler_null)
    __scatterload_zeroinit                   0x000002f1   Thumb Code    28  __scatter_zi.o(!!handler_zi)
    __rt_lib_init                            0x0000030d   Thumb Code     0  libinit.o(.ARM.Collect$$libinit$$00000000)
    __rt_lib_init_fp_1                       0x0000030f   Thumb Code     0  libinit2.o(.ARM.Collect$$libinit$$00000002)
    __rt_lib_init_heap_2                     0x0000030f   Thumb Code     0  libinit2.o(.ARM.Collect$$libinit$$00000007)
    __rt_lib_init_preinit_1                  0x0000030f   Thumb Code     0  libinit2.o(.ARM.Collect$$libinit$$00000006)
    __rt_lib_init_relocate_pie_1             0x0000030f   Thumb Code     0  libinit2.o(.ARM.Collect$$libinit$$00000004)
    __rt_lib_init_atexit_1                   0x00000317   Thumb Code     0  libinit2.o(.ARM.Collect$$libinit$$0000001D)
    __rt_lib_init_clock_1                    0x00000317   Thumb Code     0  libinit2.o(.ARM.Collect$$libinit$$00000023)
    __rt_lib_init_fp_trap_1                  0x00000317   Thumb Code     0  libinit2.o(.ARM.Collect$$libinit$$00000021)
    __rt_lib_init_getenv_1                   0x00000317   Thumb Code     0  libinit2.o(.ARM.Collect$$libinit$$00000025)
    __rt_lib_init_heap_1                     0x00000317   Thumb Code     0  libinit2.o(.ARM.Collect$$libinit$$0000000C)
    __rt_lib_init_lc_collate_1               0x00000317   Thumb Code     0  libinit2.o(.ARM.Collect$$libinit$$00000013)
    __rt_lib_init_lc_ctype_1                 0x00000317   Thumb Code     0  libinit2.o(.ARM.Collect$$libinit$$00000015)
    __rt_lib_init_lc_monetary_1              0x00000317   Thumb Code     0  libinit2.o(.ARM.Collect$$libinit$$00000017)
    __rt_lib_init_lc_numeric_1               0x00000317   Thumb Code     0  libinit2.o(.ARM.Collect$$libinit$$00000019)
    __rt_lib_init_lc_time_1                  0x00000317   Thumb Code     0  libinit2.o(.ARM.Collect$$libinit$$0000001B)
    __rt_lib_init_rand_1                     0x00000317   Thumb Code     0  libinit2.o(.ARM.Collect$$libinit$$00000010)
    __rt_lib_init_signal_1                   0x00000317   Thumb Code     0  libinit2.o(.ARM.Collect$$libinit$$0000001F)
    __rt_lib_init_stdio_2                    0x00000317   Thumb Code     0  libinit2.o(.ARM.Collect$$libinit$$00000026)
    __rt_lib_init_user_alloc_1               0x00000317   Thumb Code     0  libinit2.o(.ARM.Collect$$libinit$$0000000E)
    __rt_lib_init_alloca_1                   0x0000031b   Thumb Code     0  libinit2.o(.ARM.Collect$$libinit$$00000030)
    __rt_lib_init_argv_1                     0x0000031b   Thumb Code     0  libinit2.o(.ARM.Collect$$libinit$$0000002E)
    __rt_lib_init_cpp_1                      0x0000031b   Thumb Code     0  libinit2.o(.ARM.Collect$$libinit$$00000034)
    __rt_lib_init_exceptions_1               0x0000031b   Thumb Code     0  libinit2.o(.ARM.Collect$$libinit$$00000032)
    __rt_lib_init_return                     0x0000031b   Thumb Code     0  libinit2.o(.ARM.Collect$$libinit$$00000035)
    __rt_lib_init_stdio_1                    0x0000031b   Thumb Code     0  libinit2.o(.ARM.Collect$$libinit$$00000027)
    __rt_lib_shutdown                        0x0000031d   Thumb Code     0  libshutdown.o(.ARM.Collect$$libshutdown$$00000000)
    __rt_lib_shutdown_cpp_1                  0x0000031f   Thumb Code     0  libshutdown2.o(.ARM.Collect$$libshutdown$$00000002)
    __rt_lib_shutdown_stdio_2                0x0000031f   Thumb Code     0  libshutdown2.o(.ARM.Collect$$libshutdown$$00000003)
    __rt_lib_shutdown_fp_trap_1              0x00000323   Thumb Code     0  libshutdown2.o(.ARM.Collect$$libshutdown$$00000007)
    __rt_lib_shutdown_heap_1                 0x00000323   Thumb Code     0  libshutdown2.o(.ARM.Collect$$libshutdown$$0000000F)
    __rt_lib_shutdown_return                 0x00000323   Thumb Code     0  libshutdown2.o(.ARM.Collect$$libshutdown$$00000010)
    __rt_lib_shutdown_signal_1               0x00000323   Thumb Code     0  libshutdown2.o(.ARM.Collect$$libshutdown$$0000000A)
    __rt_lib_shutdown_stdio_1                0x00000323   Thumb Code     0  libshutdown2.o(.ARM.Collect$$libshutdown$$00000004)
    __rt_lib_shutdown_user_alloc_1           0x00000323   Thumb Code     0  libshutdown2.o(.ARM.Collect$$libshutdown$$0000000C)
    __rt_entry                               0x00000325   Thumb Code     0  __rtentry.o(.ARM.Collect$$rtentry$$00000000)
    __rt_entry_presh_1                       0x00000325   Thumb Code     0  __rtentry2.o(.ARM.Collect$$rtentry$$00000002)
    __rt_entry_sh                            0x00000325   Thumb Code     0  __rtentry4.o(.ARM.Collect$$rtentry$$00000004)
    __rt_entry_li                            0x0000032b   Thumb Code     0  __rtentry2.o(.ARM.Collect$$rtentry$$0000000A)
    __rt_entry_postsh_1                      0x0000032b   Thumb Code     0  __rtentry2.o(.ARM.Collect$$rtentry$$00000009)
    __rt_entry_main                          0x0000032f   Thumb Code     0  __rtentry2.o(.ARM.Collect$$rtentry$$0000000D)
    __rt_entry_postli_1                      0x0000032f   Thumb Code     0  __rtentry2.o(.ARM.Collect$$rtentry$$0000000C)
    __rt_exit                                0x00000337   Thumb Code     0  rtexit.o(.ARM.Collect$$rtexit$$00000000)
    __rt_exit_ls                             0x00000339   Thumb Code     0  rtexit2.o(.ARM.Collect$$rtexit$$00000003)
    __rt_exit_prels_1                        0x00000339   Thumb Code     0  rtexit2.o(.ARM.Collect$$rtexit$$00000002)
    __rt_exit_exit                           0x0000033d   Thumb Code     0  rtexit2.o(.ARM.Collect$$rtexit$$00000004)
    Reset_Handler                            0x00000345   Thumb Code     8  startup_tm4c123.o(.text)
    NMI_Handler                              0x0000034d   Thumb Code     2  startup_tm4c123.o(.text)
    HardFault_Handler                        0x0000034f   Thumb Code     2  startup_tm4c123.o(.text)
    MemManage_Handler                        0x00000351   Thumb Code     2  startup_tm4c123.o(.text)
    BusFault_Handler                         0x00000353   Thumb Code     2  startup_tm4c123.o(.text)
    UsageFault_Handler                       0x00000355   Thumb Code     2  startup_tm4c123.o(.text)
    SVC_Handler                              0x00000357   Thumb Code     2  startup_tm4c123.o(.text)
    DebugMon_Handler                         0x00000359   Thumb Code     2  startup_tm4c123.o(.text)
    PendSV_Handler                           0x0000035b   Thumb Code     2  startup_tm4c123.o(.text)
    SysTick_Handler                          0x0000035d   Thumb Code     2  startup_tm4c123.o(.text)
    GPIOA_Handler                            0x0000035f   Thumb Code     2  startup_tm4c123.o(.text)
    GPIOB_Handler                            0x00000361   Thumb Code     2  startup_tm4c123.o(.text)
    GPIOC_Handler                            0x00000363   Thumb Code     2  startup_tm4c123.o(.text)
    GPIOD_Handler                            0x00000365   Thumb Code     2  startup_tm4c123.o(.text)
    GPIOE_Handler                            0x00000367   Thumb Code     2  startup_tm4c123.o(.text)
    UART1_Handler                            0x0000036b   Thumb Code     2  startup_tm4c123.o(.text)
    SSI0_Handler                             0x0000036d   Thumb Code     2  startup_tm4c123.o(.text)
    I2C0_Handler                             0x0000036f   Thumb Code     2  startup_tm4c123.o(.text)
    PMW0_FAULT_Handler                       0x00000371   Thumb Code     2  startup_tm4c123.o(.text)
    PWM0_0_Handler                           0x00000373   Thumb Code     2  startup_tm4c123.o(.text)
    PWM0_1_Handler                           0x00000375   Thumb Code     2  startup_tm4c123.o(.text)
    PWM0_2_Handler                           0x00000377   Thumb Code     2  startup_tm4c123.o(.text)
    QEI0_Handler                             0x00000379   Thumb Code     2  startup_tm4c123.o(.text)
    ADC0SS0_Handler                          0x0000037b   Thumb Code     2  startup_tm4c123.o(.text)
    ADC0SS1_Handler                          0x0000037d   Thumb Code     2  startup_tm4c123.o(.text)
    ADC0SS2_Handler                          0x0000037f   Thumb Code     2  startup_tm4c123.o(.text)
    ADC0SS3_Handler                          0x00000381   Thumb Code     2  startup_tm4c123.o(.text)
    WDT0_Handler                             0x00000383   Thumb Code     2  startup_tm4c123.o(.text)
    TIMER0A_Handler                          0x00000385   Thumb Code     2  startup_tm4c123.o(.text)
    TIMER0B_Handler                          0x00000387   Thumb Code     2  startup_tm4c123.o(.text)
    TIMER1A_Handler                          0x00000389   Thumb Code     2  startup_tm4c123.o(.text)
    TIMER1B_Handler                          0x0000038b   Thumb Code     2  startup_tm4c123.o(.text)
    TIMER2A_Handler                          0x0000038d   Thumb Code     2  startup_tm4c123.o(.text)
    TIMER2B_Handler                          0x0000038f   Thumb Code     2  startup_tm4c123.o(.text)
    COMP0_Handler                            0x00000391   Thumb Code     2  startup_tm4c123.o(.text)
    COMP1_Handler                            0x00000393   Thumb Code     2  startup_tm4c123.o(.text)
    COMP2_Handler                            0x00000395   Thumb Code     2  startup_tm4c123.o(.text)
    SYSCTL_Handler                           0x00000397   Thumb Code     2  startup_tm4c123.o(.text)
    FLASH_Handler                            0x00000399   Thumb Code     2  startup_tm4c123.o(.text)
    GPIOF_Handler                            0x0000039b   Thumb Code     2  startup_tm4c123.o(.text)
    GPIOG_Handler                            0x0000039d   Thumb Code     2  startup_tm4c123.o(.text)
    GPIOH_Handler                            0x0000039f   Thumb Code     2  startup_tm4c123.o(.text)
    UART2_Handler                            0x000003a1   Thumb Code     2  startup_tm4c123.o(.text)
    SSI1_Handler                             0x000003a3   Thumb Code     2  startup_tm4c123.o(.text)
    TIMER3A_Handler                          0x000003a5   Thumb Code     2  startup_tm4c123.o(.text)
    TIMER3B_Handler                          0x000003a7   Thumb Code     2  startup_tm4c123.o(.text)
    I2C1_Handler                             0x000003a9   Thumb Code     2  startup_tm4c123.o(.text)
    QEI1_Handler                             0x000003ab   Thumb Code     2  startup_tm4c123.o(.text)
    CAN0_Handler                             0x000003ad   Thumb Code     2  startup_tm4c123.o(.text)
    CAN1_Handler                             0x000003af   Thumb Code     2  startup_tm4c123.o(.text)
    CAN2_Handler                             0x000003b1   Thumb Code     2  startup_tm4c123.o(.text)
    HIB_Handler                              0x000003b3   Thumb Code     2  startup_tm4c123.o(.text)
    USB0_Handler                             0x000003b5   Thumb Code     2  startup_tm4c123.o(.text)
    PWM0_3_Handler                           0x000003b7   Thumb Code     2  startup_tm4c123.o(.text)
    UDMA_Handler                             0x000003b9   Thumb Code     2  startup_tm4c123.o(.text)
    UDMAERR_Handler                          0x000003bb   Thumb Code     2  startup_tm4c123.o(.text)
    ADC1SS0_Handler                          0x000003bd   Thumb Code     2  startup_tm4c123.o(.text)
    ADC1SS1_Handler                          0x000003bf   Thumb Code     2  startup_tm4c123.o(.text)
    ADC1SS2_Handler                          0x000003c1   Thumb Code     2  startup_tm4c123.o(.text)
    ADC1SS3_Handler                          0x000003c3   Thumb Code     2  startup_tm4c123.o(.text)
    GPIOJ_Handler                            0x000003c5   Thumb Code     2  startup_tm4c123.o(.text)
    GPIOK_Handler                            0x000003c7   Thumb Code     2  startup_tm4c123.o(.text)
    GPIOL_Handler                            0x000003c9   Thumb Code     2  startup_tm4c123.o(.text)
    SSI2_Handler                             0x000003cb   Thumb Code     2  startup_tm4c123.o(.text)
    SSI3_Handler                             0x000003cd   Thumb Code     2  startup_tm4c123.o(.text)
    UART3_Handler                            0x000003cf   Thumb Code     2  startup_tm4c123.o(.text)
    UART4_Handler                            0x000003d1   Thumb Code     2  startup_tm4c123.o(.text)
    UART5_Handler                            0x000003d3   Thumb Code     2  startup_tm4c123.o(.text)
    UART6_Handler                            0x000003d5   Thumb Code     2  startup_tm4c123.o(.text)
    UART7_Handler                            0x000003d7   Thumb Code     2  startup_tm4c123.o(.text)
    I2C2_Handler                             0x000003d9   Thumb Code     2  startup_tm4c123.o(.text)
    I2C3_Handler                             0x000003db   Thumb Code     2  startup_tm4c123.o(.text)
    TIMER4A_Handler                          0x000003dd   Thumb Code     2  startup_tm4c123.o(.text)
    TIMER4B_Handler                          0x000003df   Thumb Code     2  startup_tm4c123.o(.text)
    TIMER5A_Handler                          0x000003e1   Thumb Code     2  startup_tm4c123.o(.text)
    TIMER5B_Handler                          0x000003e3   Thumb Code     2  startup_tm4c123.o(.text)
    WTIMER0A_Handler                         0x000003e5   Thumb Code     2  startup_tm4c123.o(.text)
    WTIMER0B_Handler                         0x000003e7   Thumb Code     2  startup_tm4c123.o(.text)
    WTIMER1A_Handler                         0x000003e9   Thumb Code     2  startup_tm4c123.o(.text)
    WTIMER1B_Handler                         0x000003eb   Thumb Code     2  startup_tm4c123.o(.text)
    WTIMER2A_Handler                         0x000003ed   Thumb Code     2  startup_tm4c123.o(.text)
    WTIMER2B_Handler                         0x000003ef   Thumb Code     2  startup_tm4c123.o(.text)
    WTIMER3A_Handler                         0x000003f1   Thumb Code     2  startup_tm4c123.o(.text)
    WTIMER3B_Handler                         0x000003f3   Thumb Code     2  startup_tm4c123.o(.text)
    WTIMER4A_Handler                         0x000003f5   Thumb Code     2  startup_tm4c123.o(.text)
    WTIMER4B_Handler                         0x000003f7   Thumb Code     2  startup_tm4c123.o(.text)
    WTIMER5A_Handler                         0x000003f9   Thumb Code     2  startup_tm4c123.o(.text)
    WTIMER5B_Handler                         0x000003fb   Thumb Code     2  startup_tm4c123.o(.text)
    FPU_Handler                              0x000003fd   Thumb Code     2  startup_tm4c123.o(.text)
    I2C4_Handler                             0x000003ff   Thumb Code     2  startup_tm4c123.o(.text)
    I2C5_Handler                             0x00000401   Thumb Code     2  startup_tm4c123.o(.text)
    GPIOM_Handler                            0x00000403   Thumb Code     2  startup_tm4c123.o(.text)
    GPION_Handler                            0x00000405   Thumb Code     2  startup_tm4c123.o(.text)
    QEI2_Handler                             0x00000407   Thumb Code     2  startup_tm4c123.o(.text)
    GPIOP0_Handler                           0x00000409   Thumb Code     2  startup_tm4c123.o(.text)
    GPIOP1_Handler                           0x0000040b   Thumb Code     2  startup_tm4c123.o(.text)
    GPIOP2_Handler                           0x0000040d   Thumb Code     2  startup_tm4c123.o(.text)
    GPIOP3_Handler                           0x0000040f   Thumb Code     2  startup_tm4c123.o(.text)
    GPIOP4_Handler                           0x00000411   Thumb Code     2  startup_tm4c123.o(.text)
    GPIOP5_Handler                           0x00000413   Thumb Code     2  startup_tm4c123.o(.text)
    GPIOP6_Handler                           0x00000415   Thumb Code     2  startup_tm4c123.o(.text)
    GPIOP7_Handler                           0x00000417   Thumb Code     2  startup_tm4c123.o(.text)
    GPIOQ0_Handler                           0x00000419   Thumb Code     2  startup_tm4c123.o(.text)
    GPIOQ1_Handler                           0x0000041b   Thumb Code     2  startup_tm4c123.o(.text)
    GPIOQ2_Handler                           0x0000041d   Thumb Code     2  startup_tm4c123.o(.text)
    GPIOQ3_Handler                           0x0000041f   Thumb Code     2  startup_tm4c123.o(.text)
    GPIOQ4_Handler                           0x00000421   Thumb Code     2  startup_tm4c123.o(.text)
    GPIOQ5_Handler                           0x00000423   Thumb Code     2  startup_tm4c123.o(.text)
    GPIOQ6_Handler                           0x00000425   Thumb Code     2  startup_tm4c123.o(.text)
    GPIOQ7_Handler                           0x00000427   Thumb Code     2  startup_tm4c123.o(.text)
    GPIOR_Handler                            0x00000429   Thumb Code     2  startup_tm4c123.o(.text)
    GPIOS_Handler                            0x0000042b   Thumb Code     2  startup_tm4c123.o(.text)
    PMW1_0_Handler                           0x0000042d   Thumb Code     2  startup_tm4c123.o(.text)
    PWM1_1_Handler                           0x0000042f   Thumb Code     2  startup_tm4c123.o(.text)
    PWM1_2_Handler                           0x00000431   Thumb Code     2  startup_tm4c123.o(.text)
    PWM1_3_Handler                           0x00000433   Thumb Code     2  startup_tm4c123.o(.text)
    PWM1_FAULT_Handler                       0x00000435   Thumb Code     2  startup_tm4c123.o(.text)
    __user_initial_stackheap                 0x00000441   Thumb Code     0  startup_tm4c123.o(.text)
    putc                                     0x00000459   Thumb Code     4  putc.o(.text)
    __use_two_region_memory                  0x0000045d   Thumb Code     2  heapauxi.o(.text)
    __rt_heap_escrow                         0x0000045f   Thumb Code     2  heapauxi.o(.text)
    __rt_heap_expand                         0x00000461   Thumb Code     2  heapauxi.o(.text)
    setjmp                                   0x00000463   Thumb Code    26  setjmp.o(.text)
    longjmp                                  0x0000047d   Thumb Code    36  setjmp.o(.text)
    _initio                                  0x000004a1   Thumb Code   210  initio.o(.text)
    _terminateio                             0x00000573   Thumb Code    56  initio.o(.text)
    free                                     0x000005d9   Thumb Code    78  h1_free.o(.text)
    __flsbuf                                 0x00000627   Thumb Code   482  flsbuf.o(.text)
    __flsbuf_byte                            0x00000627   Thumb Code     0  flsbuf.o(.text)
    __flsbuf_wide                            0x00000627   Thumb Code     0  flsbuf.o(.text)
    setvbuf                                  0x00000809   Thumb Code    70  setvbuf.o(.text)
    freopen                                  0x00000851   Thumb Code   160  fopen.o(.text)
    fopen                                    0x000008f1   Thumb Code    74  fopen.o(.text)
    _fclose_internal                         0x00000941   Thumb Code    76  fclose.o(.text)
    fclose                                   0x00000941   Thumb Code     0  fclose.o(.text)
    __rt_SIGRTRED                            0x0000098d   Thumb Code    14  defsig_rtred_outer.o(.text)
    __aeabi_memclr4                          0x0000099b   Thumb Code     0  rt_memclr_w.o(.text)
    __aeabi_memclr8                          0x0000099b   Thumb Code     0  rt_memclr_w.o(.text)
    __rt_memclr_w                            0x0000099b   Thumb Code     0  rt_memclr_w.o(.text)
    _memset_w                                0x0000099f   Thumb Code    74  rt_memclr_w.o(.text)
    _sys_open                                0x000009e9   Thumb Code    20  sys_io.o(.text)
    _sys_close                               0x000009fd   Thumb Code    12  sys_io.o(.text)
    _sys_write                               0x00000a09   Thumb Code    16  sys_io.o(.text)
    _sys_read                                0x00000a19   Thumb Code    14  sys_io.o(.text)
    _sys_istty                               0x00000a27   Thumb Code    12  sys_io.o(.text)
    _sys_seek                                0x00000a33   Thumb Code    14  sys_io.o(.text)
    _sys_ensure                              0x00000a41   Thumb Code     2  sys_io.o(.text)
    _sys_flen                                0x00000a43   Thumb Code    12  sys_io.o(.text)
    __user_setup_stackheap                   0x00000a4f   Thumb Code    74  sys_stackheap_outer.o(.text)
    __rt_heap_descriptor                     0x00000a99   Thumb Code     8  rt_heap_descriptor_intlibspace.o(.text)
    __use_no_heap                            0x00000aa1   Thumb Code     2  hguard.o(.text)
    __heap$guard                             0x00000aa3   Thumb Code     2  hguard.o(.text)
    _terminate_user_alloc                    0x00000aa5   Thumb Code     2  init_alloc.o(.text)
    _init_user_alloc                         0x00000aa7   Thumb Code     2  init_alloc.o(.text)
    __Heap_Full                              0x00000aa9   Thumb Code    34  init_alloc.o(.text)
    __Heap_Broken                            0x00000acb   Thumb Code     6  init_alloc.o(.text)
    _init_alloc                              0x00000ad1   Thumb Code    94  init_alloc.o(.text)
    malloc                                   0x00000b2f   Thumb Code    94  h1_alloc.o(.text)
    _fseek                                   0x00000b8d   Thumb Code   242  fseek.o(.text)
    fseek                                    0x00000b8d   Thumb Code     0  fseek.o(.text)
    _seterr                                  0x00000c85   Thumb Code    20  stdio.o(.text)
    _writebuf                                0x00000c99   Thumb Code   108  stdio.o(.text)
    _fflush                                  0x00000d05   Thumb Code    70  stdio.o(.text)
    _deferredlazyseek                        0x00000d4b   Thumb Code    60  stdio.o(.text)
    exit                                     0x00000d8d   Thumb Code    18  exit.o(.text)
    __sig_exit                               0x00000d9f   Thumb Code    10  defsig_exit.o(.text)
    __rt_SIGRTRED_inner                      0x00000da9   Thumb Code    14  defsig_rtred_inner.o(.text)
    _sys_exit                                0x00000ddd   Thumb Code     8  sys_exit.o(.text)
    __user_libspace                          0x00000de9   Thumb Code     8  libspace.o(.text)
    __user_perproc_libspace                  0x00000de9   Thumb Code     0  libspace.o(.text)
    __user_perthread_libspace                0x00000de9   Thumb Code     0  libspace.o(.text)
    __I$use$semihosting                      0x00000df1   Thumb Code     0  use_no_semi.o(.text)
    __use_no_semihosting_swi                 0x00000df1   Thumb Code     2  use_no_semi.o(.text)
    __Heap_Initialize                        0x00000df3   Thumb Code     8  h1_init.o(.text)
    __semihosting_library_function           0x00000df3   Thumb Code     0  indicate_semi.o(.text)
    _maybe_terminate_alloc                   0x00000df3   Thumb Code     0  maybetermalloc1.o(.text)
    __Heap_DescSize                          0x00000dfb   Thumb Code     4  h1_init.o(.text)
    __Heap_ProvideMemory                     0x00000dff   Thumb Code    52  h1_extend.o(.text)
    _ftell_internal                          0x00000e33   Thumb Code    66  ftell.o(.text)
    ftell                                    0x00000e33   Thumb Code     0  ftell.o(.text)
    __default_signal_display                 0x00000e75   Thumb Code    50  defsig_general.o(.text)
    __rt_SIGRTMEM                            0x00000ea7   Thumb Code    14  defsig_rtmem_outer.o(.text)
    strlen                                   0x00000eb5   Thumb Code    62  strlen.o(.text)
    _ttywrch                                 0x00000ef3   Thumb Code    14  sys_wrch.o(.text)
    __aeabi_errno_addr                       0x00000f01   Thumb Code     8  rt_errno_addr_intlibspace.o(.text)
    __errno$intlibspace                      0x00000f01   Thumb Code     0  rt_errno_addr_intlibspace.o(.text)
    __rt_errno_addr$intlibspace              0x00000f01   Thumb Code     0  rt_errno_addr_intlibspace.o(.text)
    __rt_SIGRTMEM_inner                      0x00000f09   Thumb Code    22  defsig_rtmem_inner.o(.text)
    CMock_Guts_GetAddressFor                 0x00000f59   Thumb Code    60  cmock.o(.text.CMock_Guts_GetAddressFor)
    CMock_Guts_MemNext                       0x00000f95   Thumb Code   104  cmock.o(.text.CMock_Guts_MemNext)
    SysTick_init                             0x00000ffd   Thumb Code    46  tm4c_bsp.o(.text.SysTick_init)
    SysTick_wait                             0x0000102d   Thumb Code    36  tm4c_bsp.o(.text.SysTick_wait)
    SystemInit                               0x00001051   Thumb Code   252  system_tm4c123gh6pm.o(.text.SystemInit)
    UART0_Handler                            0x0000114d   Thumb Code   678  cyber_minion.o(.text.UART0_Handler)
    UART0_and_servos_init                    0x000013f5   Thumb Code   552  tm4c_bsp.o(.text.UART0_and_servos_init)
    UnityAssertEqualIntArray                 0x0000169d   Thumb Code   518  unity_1.o(.text.UnityAssertEqualIntArray)
    UnityAssertEqualNumber                   0x000018a5   Thumb Code   154  unity_1.o(.text.UnityAssertEqualNumber)
    UnityBegin                               0x00001941   Thumb Code    40  unity_1.o(.text.UnityBegin)
    UnityConcludeTest                        0x00001969   Thumb Code   128  unity_1.o(.text.UnityConcludeTest)
    UnityDefaultTestRun                      0x000019e9   Thumb Code   106  unity_1.o(.text.UnityDefaultTestRun)
    UnityEnd                                 0x00001a55   Thumb Code   182  unity_1.o(.text.UnityEnd)
    UnityFail                                0x00001b0d   Thumb Code   244  unity_1.o(.text.UnityFail)
    UnityPrint                               0x00001c71   Thumb Code    46  unity_1.o(.text.UnityPrint)
    UnityPrintNumber                         0x00001d41   Thumb Code    52  unity_1.o(.text.UnityPrintNumber)
    UnityPrintNumberByStyle                  0x00001d75   Thumb Code   278  unity_1.o(.text.UnityPrintNumberByStyle)
    UnityPrintNumberHex                      0x00001e8d   Thumb Code   128  unity_1.o(.text.UnityPrintNumberHex)
    UnityPrintNumberUnsigned                 0x00001f0d   Thumb Code   114  unity_1.o(.text.UnityPrintNumberUnsigned)
    delay_10ms                               0x00002071   Thumb Code    40  tm4c_bsp.o(.text.delay_10ms)
    enable_interrupts                        0x00002099   Thumb Code     4  tm4c_bsp.o(.text.enable_interrupts)
    exit_interrupt                           0x0000209d   Thumb Code     8  tm4c_bsp.o(.text.exit_interrupt)
    get_UART0_interrupt_data                 0x000020a5   Thumb Code    26  tm4c_bsp.o(.text.get_UART0_interrupt_data)
    main                                     0x000020c1   Thumb Code    50  cyber_minion_hil_tests.o(.text.main)
    main_loop                                0x000020f5   Thumb Code    80  cyber_minion.o(.text.main_loop)
    scan                                     0x00002145   Thumb Code   218  cyber_minion.o(.text.scan)
    setUp                                    0x00002221   Thumb Code    16  cyber_minion_hil_tests.o(.text.setUp)
    set_PWM0_generator0_CMPA                 0x00002231   Thumb Code    24  tm4c_bsp.o(.text.set_PWM0_generator0_CMPA)
    set_PWM0_generator1_CMPA                 0x00002249   Thumb Code    24  tm4c_bsp.o(.text.set_PWM0_generator1_CMPA)
    set_compare_x                            0x00002261   Thumb Code   104  cyber_minion.o(.text.set_compare_x)
    set_compare_y                            0x000022c9   Thumb Code   104  cyber_minion.o(.text.set_compare_y)
    set_sp                                   0x00002331   Thumb Code   232  mocktm4c_bsp_set_sp.o(.text.set_sp)
    sleep_position                           0x00002419   Thumb Code    20  cyber_minion.o(.text.sleep_position)
    tearDown                                 0x0000242d   Thumb Code     2  cyber_minion_hil_tests.o(.text.tearDown)
    test_sanity                              0x00002431   Thumb Code    26  cyber_minion_hil_tests.o(.text.test_sanity)
    wait_for_interrupt                       0x0000244d   Thumb Code     4  tm4c_bsp.o(.text.wait_for_interrupt)
    fputc                                    0x00002451   Thumb Code    28  fputc.o(i.fputc)
    __stdin_name                             0x0000246c   Data           4  sys_io_names.o(.constdata)
    __stdout_name                            0x00002470   Data           4  sys_io_names.o(.constdata)
    __stderr_name                            0x00002474   Data           4  sys_io_names.o(.constdata)
    UnityStrFail                             0x000024ba   Data           5  unity_1.o(.rodata.UnityStrFail)
    UnityStrOk                               0x000024f5   Data           3  unity_1.o(.rodata.UnityStrOk)
    UnityStrPass                             0x000024f8   Data           5  unity_1.o(.rodata.UnityStrPass)
    Region$$Table$$Base                      0x000026f4   Number         0  anon$$obj.o(Region$$Table)
    Region$$Table$$Limit                     0x00002714   Number         0  anon$$obj.o(Region$$Table)
    __aeabi_stdin                            0x20000000   Data           4  stdio_streams.o(.data)
    __aeabi_stdout                           0x20000004   Data           4  stdio_streams.o(.data)
    __aeabi_stderr                           0x20000008   Data           4  stdio_streams.o(.data)
    CMockStringCalledMore                    0x2000000c   Data           4  cmock.o(.data.CMockStringCalledMore)
    CMockStringExpNULL                       0x20000010   Data           4  cmock.o(.data.CMockStringExpNULL)
    CMockStringMismatch                      0x20000014   Data           4  cmock.o(.data.CMockStringMismatch)
    compare_x                                0x20000028   Data           2  cyber_minion.o(.data.compare_x)
    compare_y                                0x2000002a   Data           2  cyber_minion.o(.data.compare_y)
    sp1                                      0x2000002c   Data           4  cyber_minion.o(.data.sp1)
    sp2                                      0x20000030   Data           4  cyber_minion.o(.data.sp2)
    __stdin                                  0x20000038   Data          84  stdio_streams.o(.bss)
    __stdout                                 0x2000008c   Data          84  stdio_streams.o(.bss)
    __stderr                                 0x200000e0   Data          84  stdio_streams.o(.bss)
    __libspace_start                         0x20000134   Data          96  libspace.o(.bss)
    __temporary_stack_top$libspace           0x20000194   Data           0  libspace.o(.bss)
    Unity                                    0x200081a8   Data         200  unity_1.o(.bss.Unity)
    current_state                            0x20008270   Data           1  cyber_minion.o(.bss.current_state)



==============================================================================

Memory Map of the image

  Image Entry point : 0x00000345

  Load Region LR_1 (Base: 0x00000000, Size: 0x00002748, Max: 0xffffffff, ABSOLUTE)

    Execution Region ER_RO (Exec base: 0x00000000, Load base: 0x00000000, Size: 0x00002714, Max: 0xffffffff, ABSOLUTE)

    Exec Addr    Load Addr    Size         Type   Attr      Idx    E Section Name        Object

    0x00000000   0x00000000   0x0000026c   Data   RO           30    RESET               startup_tm4c123.o
    0x0000026c   0x0000026c   0x00000008   Code   RO          314  * !!!main             c_w.l(__main.o)
    0x00000274   0x00000274   0x0000005c   Code   RO          695    !!!scatter          c_w.l(__scatter.o)
    0x000002d0   0x000002d0   0x0000001a   Code   RO          699    !!handler_copy      c_w.l(__scatter_copy.o)
    0x000002ea   0x000002ea   0x00000002   PAD
    0x000002ec   0x000002ec   0x00000002   Code   RO          696    !!handler_null      c_w.l(__scatter.o)
    0x000002ee   0x000002ee   0x00000002   PAD
    0x000002f0   0x000002f0   0x0000001c   Code   RO          701    !!handler_zi        c_w.l(__scatter_zi.o)
    0x0000030c   0x0000030c   0x00000002   Code   RO          588    .ARM.Collect$$libinit$$00000000  c_w.l(libinit.o)
    0x0000030e   0x0000030e   0x00000000   Code   RO          464    .ARM.Collect$$libinit$$00000002  c_w.l(libinit2.o)
    0x0000030e   0x0000030e   0x00000000   Code   RO          466    .ARM.Collect$$libinit$$00000004  c_w.l(libinit2.o)
    0x0000030e   0x0000030e   0x00000000   Code   RO          468    .ARM.Collect$$libinit$$00000006  c_w.l(libinit2.o)
    0x0000030e   0x0000030e   0x00000008   Code   RO          469    .ARM.Collect$$libinit$$00000007  c_w.l(libinit2.o)
    0x00000316   0x00000316   0x00000000   Code   RO          471    .ARM.Collect$$libinit$$0000000C  c_w.l(libinit2.o)
    0x00000316   0x00000316   0x00000000   Code   RO          473    .ARM.Collect$$libinit$$0000000E  c_w.l(libinit2.o)
    0x00000316   0x00000316   0x00000000   Code   RO          475    .ARM.Collect$$libinit$$00000010  c_w.l(libinit2.o)
    0x00000316   0x00000316   0x00000000   Code   RO          478    .ARM.Collect$$libinit$$00000013  c_w.l(libinit2.o)
    0x00000316   0x00000316   0x00000000   Code   RO          480    .ARM.Collect$$libinit$$00000015  c_w.l(libinit2.o)
    0x00000316   0x00000316   0x00000000   Code   RO          482    .ARM.Collect$$libinit$$00000017  c_w.l(libinit2.o)
    0x00000316   0x00000316   0x00000000   Code   RO          484    .ARM.Collect$$libinit$$00000019  c_w.l(libinit2.o)
    0x00000316   0x00000316   0x00000000   Code   RO          486    .ARM.Collect$$libinit$$0000001B  c_w.l(libinit2.o)
    0x00000316   0x00000316   0x00000000   Code   RO          488    .ARM.Collect$$libinit$$0000001D  c_w.l(libinit2.o)
    0x00000316   0x00000316   0x00000000   Code   RO          490    .ARM.Collect$$libinit$$0000001F  c_w.l(libinit2.o)
    0x00000316   0x00000316   0x00000000   Code   RO          492    .ARM.Collect$$libinit$$00000021  c_w.l(libinit2.o)
    0x00000316   0x00000316   0x00000000   Code   RO          494    .ARM.Collect$$libinit$$00000023  c_w.l(libinit2.o)
    0x00000316   0x00000316   0x00000000   Code   RO          496    .ARM.Collect$$libinit$$00000025  c_w.l(libinit2.o)
    0x00000316   0x00000316   0x00000004   Code   RO          497    .ARM.Collect$$libinit$$00000026  c_w.l(libinit2.o)
    0x0000031a   0x0000031a   0x00000000   Code   RO          498    .ARM.Collect$$libinit$$00000027  c_w.l(libinit2.o)
    0x0000031a   0x0000031a   0x00000000   Code   RO          502    .ARM.Collect$$libinit$$0000002E  c_w.l(libinit2.o)
    0x0000031a   0x0000031a   0x00000000   Code   RO          504    .ARM.Collect$$libinit$$00000030  c_w.l(libinit2.o)
    0x0000031a   0x0000031a   0x00000000   Code   RO          506    .ARM.Collect$$libinit$$00000032  c_w.l(libinit2.o)
    0x0000031a   0x0000031a   0x00000000   Code   RO          508    .ARM.Collect$$libinit$$00000034  c_w.l(libinit2.o)
    0x0000031a   0x0000031a   0x00000002   Code   RO          509    .ARM.Collect$$libinit$$00000035  c_w.l(libinit2.o)
    0x0000031c   0x0000031c   0x00000002   Code   RO          692    .ARM.Collect$$libshutdown$$00000000  c_w.l(libshutdown.o)
    0x0000031e   0x0000031e   0x00000000   Code   RO          511    .ARM.Collect$$libshutdown$$00000002  c_w.l(libshutdown2.o)
    0x0000031e   0x0000031e   0x00000004   Code   RO          512    .ARM.Collect$$libshutdown$$00000003  c_w.l(libshutdown2.o)
    0x00000322   0x00000322   0x00000000   Code   RO          513    .ARM.Collect$$libshutdown$$00000004  c_w.l(libshutdown2.o)
    0x00000322   0x00000322   0x00000000   Code   RO          516    .ARM.Collect$$libshutdown$$00000007  c_w.l(libshutdown2.o)
    0x00000322   0x00000322   0x00000000   Code   RO          519    .ARM.Collect$$libshutdown$$0000000A  c_w.l(libshutdown2.o)
    0x00000322   0x00000322   0x00000000   Code   RO          521    .ARM.Collect$$libshutdown$$0000000C  c_w.l(libshutdown2.o)
    0x00000322   0x00000322   0x00000000   Code   RO          524    .ARM.Collect$$libshutdown$$0000000F  c_w.l(libshutdown2.o)
    0x00000322   0x00000322   0x00000002   Code   RO          525    .ARM.Collect$$libshutdown$$00000010  c_w.l(libshutdown2.o)
    0x00000324   0x00000324   0x00000000   Code   RO          344    .ARM.Collect$$rtentry$$00000000  c_w.l(__rtentry.o)
    0x00000324   0x00000324   0x00000000   Code   RO          374    .ARM.Collect$$rtentry$$00000002  c_w.l(__rtentry2.o)
    0x00000324   0x00000324   0x00000006   Code   RO          386    .ARM.Collect$$rtentry$$00000004  c_w.l(__rtentry4.o)
    0x0000032a   0x0000032a   0x00000000   Code   RO          376    .ARM.Collect$$rtentry$$00000009  c_w.l(__rtentry2.o)
    0x0000032a   0x0000032a   0x00000004   Code   RO          377    .ARM.Collect$$rtentry$$0000000A  c_w.l(__rtentry2.o)
    0x0000032e   0x0000032e   0x00000000   Code   RO          379    .ARM.Collect$$rtentry$$0000000C  c_w.l(__rtentry2.o)
    0x0000032e   0x0000032e   0x00000008   Code   RO          380    .ARM.Collect$$rtentry$$0000000D  c_w.l(__rtentry2.o)
    0x00000336   0x00000336   0x00000002   Code   RO          601    .ARM.Collect$$rtexit$$00000000  c_w.l(rtexit.o)
    0x00000338   0x00000338   0x00000000   Code   RO          653    .ARM.Collect$$rtexit$$00000002  c_w.l(rtexit2.o)
    0x00000338   0x00000338   0x00000004   Code   RO          654    .ARM.Collect$$rtexit$$00000003  c_w.l(rtexit2.o)
    0x0000033c   0x0000033c   0x00000006   Code   RO          655    .ARM.Collect$$rtexit$$00000004  c_w.l(rtexit2.o)
    0x00000342   0x00000342   0x00000002   PAD
    0x00000344   0x00000344   0x00000114   Code   RO           31  * .text               startup_tm4c123.o
    0x00000458   0x00000458   0x00000004   Code   RO          304    .text               c_w.l(putc.o)
    0x0000045c   0x0000045c   0x00000006   Code   RO          312    .text               c_w.l(heapauxi.o)
    0x00000462   0x00000462   0x0000003e   Code   RO          342    .text               fz_ws.l(setjmp.o)
    0x000004a0   0x000004a0   0x00000138   Code   RO          349    .text               c_w.l(initio.o)
    0x000005d8   0x000005d8   0x0000004e   Code   RO          390    .text               c_w.l(h1_free.o)
    0x00000626   0x00000626   0x000001e2   Code   RO          444    .text               c_w.l(flsbuf.o)
    0x00000808   0x00000808   0x00000046   Code   RO          446    .text               c_w.l(setvbuf.o)
    0x0000084e   0x0000084e   0x00000002   PAD
    0x00000850   0x00000850   0x000000f0   Code   RO          449    .text               c_w.l(fopen.o)
    0x00000940   0x00000940   0x0000004c   Code   RO          451    .text               c_w.l(fclose.o)
    0x0000098c   0x0000098c   0x0000000e   Code   RO          457    .text               c_w.l(defsig_rtred_outer.o)
    0x0000099a   0x0000099a   0x0000004e   Code   RO          461    .text               c_w.l(rt_memclr_w.o)
    0x000009e8   0x000009e8   0x00000066   Code   RO          530    .text               c_w.l(sys_io.o)
    0x00000a4e   0x00000a4e   0x0000004a   Code   RO          534    .text               c_w.l(sys_stackheap_outer.o)
    0x00000a98   0x00000a98   0x00000008   Code   RO          541    .text               c_w.l(rt_heap_descriptor_intlibspace.o)
    0x00000aa0   0x00000aa0   0x00000004   Code   RO          543    .text               c_w.l(hguard.o)
    0x00000aa4   0x00000aa4   0x0000008a   Code   RO          545    .text               c_w.l(init_alloc.o)
    0x00000b2e   0x00000b2e   0x0000005e   Code   RO          551    .text               c_w.l(h1_alloc.o)
    0x00000b8c   0x00000b8c   0x000000f8   Code   RO          563    .text               c_w.l(fseek.o)
    0x00000c84   0x00000c84   0x00000108   Code   RO          565    .text               c_w.l(stdio.o)
    0x00000d8c   0x00000d8c   0x00000012   Code   RO          571    .text               c_w.l(exit.o)
    0x00000d9e   0x00000d9e   0x0000000a   Code   RO          573    .text               c_w.l(defsig_exit.o)
    0x00000da8   0x00000da8   0x00000034   Code   RO          575    .text               c_w.l(defsig_rtred_inner.o)
    0x00000ddc   0x00000ddc   0x0000000c   Code   RO          591    .text               c_w.l(sys_exit.o)
    0x00000de8   0x00000de8   0x00000008   Code   RO          595    .text               c_w.l(libspace.o)
    0x00000df0   0x00000df0   0x00000002   Code   RO          598    .text               c_w.l(use_no_semi.o)
    0x00000df2   0x00000df2   0x00000000   Code   RO          600    .text               c_w.l(indicate_semi.o)
    0x00000df2   0x00000df2   0x00000000   Code   RO          603    .text               c_w.l(maybetermalloc1.o)
    0x00000df2   0x00000df2   0x0000000c   Code   RO          605    .text               c_w.l(h1_init.o)
    0x00000dfe   0x00000dfe   0x00000034   Code   RO          607    .text               c_w.l(h1_extend.o)
    0x00000e32   0x00000e32   0x00000042   Code   RO          617    .text               c_w.l(ftell.o)
    0x00000e74   0x00000e74   0x00000032   Code   RO          625    .text               c_w.l(defsig_general.o)
    0x00000ea6   0x00000ea6   0x0000000e   Code   RO          627    .text               c_w.l(defsig_rtmem_outer.o)
    0x00000eb4   0x00000eb4   0x0000003e   Code   RO          631    .text               c_w.l(strlen.o)
    0x00000ef2   0x00000ef2   0x0000000e   Code   RO          644    .text               c_w.l(sys_wrch.o)
    0x00000f00   0x00000f00   0x00000008   Code   RO          662    .text               c_w.l(rt_errno_addr_intlibspace.o)
    0x00000f08   0x00000f08   0x00000050   Code   RO          668    .text               c_w.l(defsig_rtmem_inner.o)
    0x00000f58   0x00000f58   0x0000003c   Code   RO          268    .text.CMock_Guts_GetAddressFor  cmock.o
    0x00000f94   0x00000f94   0x00000068   Code   RO          264    .text.CMock_Guts_MemNext  cmock.o
    0x00000ffc   0x00000ffc   0x0000002e   Code   RO           66    .text.SysTick_init  tm4c_bsp.o
    0x0000102a   0x0000102a   0x00000002   PAD
    0x0000102c   0x0000102c   0x00000024   Code   RO           68    .text.SysTick_wait  tm4c_bsp.o
    0x00001050   0x00001050   0x000000fc   Code   RO           42    .text.SystemInit    system_tm4c123gh6pm.o
    0x0000114c   0x0000114c   0x000002a6   Code   RO            8    .text.UART0_Handler  cyber_minion.o
    0x000013f2   0x000013f2   0x00000002   PAD
    0x000013f4   0x000013f4   0x00000228   Code   RO           72    .text.UART0_and_servos_init  tm4c_bsp.o
    0x0000161c   0x0000161c   0x00000080   Code   RO          159    .text.UnityAddMsgIfSpecified  unity_1.o
    0x0000169c   0x0000169c   0x00000206   Code   RO          165    .text.UnityAssertEqualIntArray  unity_1.o
    0x000018a2   0x000018a2   0x00000002   PAD
    0x000018a4   0x000018a4   0x0000009a   Code   RO          161    .text.UnityAssertEqualNumber  unity_1.o
    0x0000193e   0x0000193e   0x00000002   PAD
    0x00001940   0x00001940   0x00000028   Code   RO          207    .text.UnityBegin    unity_1.o
    0x00001968   0x00001968   0x00000080   Code   RO          151    .text.UnityConcludeTest  unity_1.o
    0x000019e8   0x000019e8   0x0000006a   Code   RO          203    .text.UnityDefaultTestRun  unity_1.o
    0x00001a52   0x00001a52   0x00000002   PAD
    0x00001a54   0x00001a54   0x000000b6   Code   RO          209    .text.UnityEnd      unity_1.o
    0x00001b0a   0x00001b0a   0x00000002   PAD
    0x00001b0c   0x00001b0c   0x000000f4   Code   RO          197    .text.UnityFail     unity_1.o
    0x00001c00   0x00001c00   0x00000070   Code   RO          167    .text.UnityIsOneArrayNull  unity_1.o
    0x00001c70   0x00001c70   0x0000002e   Code   RO          125    .text.UnityPrint    unity_1.o
    0x00001c9e   0x00001c9e   0x00000002   PAD
    0x00001ca0   0x00001ca0   0x000000a0   Code   RO          127    .text.UnityPrintChar  unity_1.o
    0x00001d40   0x00001d40   0x00000034   Code   RO          135    .text.UnityPrintNumber  unity_1.o
    0x00001d74   0x00001d74   0x00000116   Code   RO          133    .text.UnityPrintNumberByStyle  unity_1.o
    0x00001e8a   0x00001e8a   0x00000002   PAD
    0x00001e8c   0x00001e8c   0x00000080   Code   RO          131    .text.UnityPrintNumberHex  unity_1.o
    0x00001f0c   0x00001f0c   0x00000072   Code   RO          137    .text.UnityPrintNumberUnsigned  unity_1.o
    0x00001f7e   0x00001f7e   0x00000002   PAD
    0x00001f80   0x00001f80   0x00000048   Code   RO          153    .text.UnityTestResultsBegin  unity_1.o
    0x00001fc8   0x00001fc8   0x00000034   Code   RO          157    .text.UnityTestResultsFailBegin  unity_1.o
    0x00001ffc   0x00001ffc   0x00000030   Code   RO           76    .text.__NVIC_EnableIRQ  tm4c_bsp.o
    0x0000202c   0x0000202c   0x00000042   Code   RO           74    .text.__NVIC_SetPriority  tm4c_bsp.o
    0x0000206e   0x0000206e   0x00000002   PAD
    0x00002070   0x00002070   0x00000028   Code   RO           70    .text.delay_10ms    tm4c_bsp.o
    0x00002098   0x00002098   0x00000004   Code   RO           58    .text.enable_interrupts  tm4c_bsp.o
    0x0000209c   0x0000209c   0x00000008   Code   RO           62    .text.exit_interrupt  tm4c_bsp.o
    0x000020a4   0x000020a4   0x0000001a   Code   RO           52    .text.get_UART0_interrupt_data  tm4c_bsp.o
    0x000020be   0x000020be   0x00000002   PAD
    0x000020c0   0x000020c0   0x00000032   Code   RO           91    .text.main          cyber_minion_hil_tests.o
    0x000020f2   0x000020f2   0x00000002   PAD
    0x000020f4   0x000020f4   0x00000050   Code   RO            2    .text.main_loop     cyber_minion.o
    0x00002144   0x00002144   0x000000da   Code   RO            4    .text.scan          cyber_minion.o
    0x0000221e   0x0000221e   0x00000002   PAD
    0x00002220   0x00002220   0x00000010   Code   RO           85    .text.setUp         cyber_minion_hil_tests.o
    0x00002230   0x00002230   0x00000018   Code   RO           54    .text.set_PWM0_generator0_CMPA  tm4c_bsp.o
    0x00002248   0x00002248   0x00000018   Code   RO           56    .text.set_PWM0_generator1_CMPA  tm4c_bsp.o
    0x00002260   0x00002260   0x00000068   Code   RO           12    .text.set_compare_x  cyber_minion.o
    0x000022c8   0x000022c8   0x00000068   Code   RO           10    .text.set_compare_y  cyber_minion.o
    0x00002330   0x00002330   0x000000e8   Code   RO          108    .text.set_sp        mocktm4c_bsp_set_sp.o
    0x00002418   0x00002418   0x00000014   Code   RO            6    .text.sleep_position  cyber_minion.o
    0x0000242c   0x0000242c   0x00000002   Code   RO           87    .text.tearDown      cyber_minion_hil_tests.o
    0x0000242e   0x0000242e   0x00000002   PAD
    0x00002430   0x00002430   0x0000001a   Code   RO           89    .text.test_sanity   cyber_minion_hil_tests.o
    0x0000244a   0x0000244a   0x00000002   PAD
    0x0000244c   0x0000244c   0x00000004   Code   RO           60    .text.wait_for_interrupt  tm4c_bsp.o
    0x00002450   0x00002450   0x0000001c   Code   RO          346    i.fputc             c_w.l(fputc.o)
    0x0000246c   0x0000246c   0x00000004   Data   RO          368    .constdata          c_w.l(sys_io_names.o)
    0x00002470   0x00002470   0x00000004   Data   RO          369    .constdata          c_w.l(sys_io_names.o)
    0x00002474   0x00002474   0x00000004   Data   RO          370    .constdata          c_w.l(sys_io_names.o)
    0x00002478   0x00002478   0x00000018   Data   RO          246    .rodata.UnityStrBreaker  unity_1.o
    0x00002490   0x00002490   0x0000000a   Data   RO          243    .rodata.UnityStrDetail1Name  unity_1.o
    0x0000249a   0x0000249a   0x0000000b   Data   RO          244    .rodata.UnityStrDetail2Name  unity_1.o
    0x000024a5   0x000024a5   0x0000000a   Data   RO          231    .rodata.UnityStrElement  unity_1.o
    0x000024af   0x000024af   0x0000000b   Data   RO          224    .rodata.UnityStrExpected  unity_1.o
    0x000024ba   0x000024ba   0x00000005   Data   RO          213    .rodata.UnityStrFail  unity_1.o
    0x000024bf   0x000024bf   0x00000019   Data   RO          251    .rodata.UnityStrNullPointerForActual  unity_1.o
    0x000024d8   0x000024d8   0x0000001d   Data   RO          250    .rodata.UnityStrNullPointerForExpected  unity_1.o
    0x000024f5   0x000024f5   0x00000003   Data   RO          211    .rodata.UnityStrOk  unity_1.o
    0x000024f8   0x000024f8   0x00000005   Data   RO          212    .rodata.UnityStrPass  unity_1.o
    0x000024fd   0x000024fd   0x00000037   Data   RO          230    .rodata.UnityStrPointless  unity_1.o
    0x00002534   0x00002534   0x0000000b   Data   RO          248    .rodata.UnityStrResultsFailures  unity_1.o
    0x0000253f   0x0000253f   0x0000000a   Data   RO          249    .rodata.UnityStrResultsIgnored  unity_1.o
    0x00002549   0x00002549   0x00000008   Data   RO          247    .rodata.UnityStrResultsTests  unity_1.o
    0x00002551   0x00002551   0x00000003   Data   RO          245    .rodata.UnityStrSpacer  unity_1.o
    0x00002554   0x00002554   0x00000006   Data   RO          225    .rodata.UnityStrWas  unity_1.o
    0x0000255a   0x0000255a   0x0000002e   Data   RO           93    .rodata.str1.1      cyber_minion_hil_tests.o
    0x00002588   0x00002588   0x00000012   Data   RO          117    .rodata.str1.1      mocktm4c_bsp_set_sp.o
    0x0000259a   0x0000259a   0x00000159   Data   RO          280    .rodata.str1.1      cmock.o
    0x000026f3   0x000026f3   0x00000001   PAD
    0x000026f4   0x000026f4   0x00000020   Data   RO          694    Region$$Table       anon$$obj.o


    Execution Region ER_RW (Exec base: 0x20000000, Load base: 0x00002714, Size: 0x00000034, Max: 0xffffffff, ABSOLUTE)

    Exec Addr    Load Addr    Size         Type   Attr      Idx    E Section Name        Object

    0x20000000   0x00002714   0x00000004   Data   RW          309    .data               c_w.l(stdio_streams.o)
    0x20000004   0x00002718   0x00000004   Data   RW          310    .data               c_w.l(stdio_streams.o)
    0x20000008   0x0000271c   0x00000004   Data   RW          311    .data               c_w.l(stdio_streams.o)
    0x2000000c   0x00002720   0x00000004   Data   RW          282    .data.CMockStringCalledMore  cmock.o
    0x20000010   0x00002724   0x00000004   Data   RW          290    .data.CMockStringExpNULL  cmock.o
    0x20000014   0x00002728   0x00000004   Data   RW          291    .data.CMockStringMismatch  cmock.o
    0x20000018   0x0000272c   0x00000004   Data   RW          116    .data.CMockString_cmock_arg1  mocktm4c_bsp_set_sp.o
    0x2000001c   0x00002730   0x00000004   Data   RW          115    .data.CMockString_set_sp  mocktm4c_bsp_set_sp.o
    0x20000020   0x00002734   0x00000004   Data   RW          294    .data.CMock_Guts_Buffer  cmock.o
    0x20000024   0x00002738   0x00000004   Data   RW          293    .data.CMock_Guts_FreePtr  cmock.o
    0x20000028   0x0000273c   0x00000002   Data   RW           15    .data.compare_x     cyber_minion.o
    0x2000002a   0x0000273e   0x00000002   Data   RW           16    .data.compare_y     cyber_minion.o
    0x2000002c   0x00002740   0x00000004   Data   RW           18    .data.sp1           cyber_minion.o
    0x20000030   0x00002744   0x00000004   Data   RW           20    .data.sp2           cyber_minion.o


    Execution Region ER_ZI (Exec base: 0x20000038, Load base: 0x00002748, Size: 0x00008580, Max: 0xffffffff, ABSOLUTE)

    Exec Addr    Load Addr    Size         Type   Attr      Idx    E Section Name        Object

    0x20000038        -       0x00000054   Zero   RW          306    .bss                c_w.l(stdio_streams.o)
    0x2000008c        -       0x00000054   Zero   RW          307    .bss                c_w.l(stdio_streams.o)
    0x200000e0        -       0x00000054   Zero   RW          308    .bss                c_w.l(stdio_streams.o)
    0x20000134        -       0x00000060   Zero   RW          596    .bss                c_w.l(libspace.o)
    0x20000194   0x00002748   0x00000004   PAD
    0x20000198        -       0x00008008   Zero   RW          295    .bss.CMock_Guts_Space  cmock.o
    0x200081a0        -       0x00000004   Zero   RW          114    .bss.Mock           mocktm4c_bsp_set_sp.o
    0x200081a4   0x00002748   0x00000004   PAD
    0x200081a8        -       0x000000c8   Zero   RW          223    .bss.Unity          unity_1.o
    0x20008270        -       0x00000001   Zero   RW           14    .bss.current_state  cyber_minion.o
    0x20008271   0x00002748   0x00000003   PAD
    0x20008274        -       0x000000a0   Zero   RW           17    .bss.stack1         cyber_minion.o
    0x20008314        -       0x000000a0   Zero   RW           19    .bss.stack2         cyber_minion.o
    0x200083b4        -       0x00000001   Zero   RW           21    .bss.using_stack1   cyber_minion.o
    0x200083b5   0x00002748   0x00000003   PAD
    0x200083b8        -       0x00000000   Zero   RW           29    HEAP                startup_tm4c123.o
    0x200083b8        -       0x00000200   Zero   RW           28    STACK               startup_tm4c123.o


==============================================================================

Image component sizes


      Code (inc. data)   RO Data    RW Data    ZI Data      Debug   Object Name

       164          0        345         20      32776       3293   cmock.o
      1204         16          0         12        322       2232   cyber_minion.o
        94          0         46          0          0       1465   cyber_minion_hil_tests.o
       232          0         18          8          4       2742   mocktm4c_bsp_set_sp.o
       276         24        620          0        512       5408   startup_tm4c123.o
       252          0          0          0          0       6075   system_tm4c123gh6pm.o
       878          0          0          0          0      12296   tm4c_bsp.o
      2514          0        226          0        200      17078   unity_1.o

    ----------------------------------------------------------------------
      5644         40       1288         40      33824      50589   Object Totals
         0          0         32          0          0          0   (incl. Generated)
        30          0          1          0         10          0   (incl. Padding)

    ----------------------------------------------------------------------

      Code (inc. data)   RO Data    RW Data    ZI Data      Debug   Library Member Name

         8          0          0          0          0         68   __main.o
         0          0          0          0          0          0   __rtentry.o
        12          0          0          0          0          0   __rtentry2.o
         6          0          0          0          0          0   __rtentry4.o
        94          8          0          0          0          0   __scatter.o
        26          0          0          0          0          0   __scatter_copy.o
        28          0          0          0          0          0   __scatter_zi.o
        10          0          0          0          0         68   defsig_exit.o
        50          0          0          0          0         88   defsig_general.o
        80         58          0          0          0         76   defsig_rtmem_inner.o
        14          0          0          0          0         80   defsig_rtmem_outer.o
        52         38          0          0          0         76   defsig_rtred_inner.o
        14          0          0          0          0         80   defsig_rtred_outer.o
        18          0          0          0          0         80   exit.o
        76          0          0          0          0         88   fclose.o
       482          0          0          0          0         92   flsbuf.o
       240          6          0          0          0        128   fopen.o
        28          0          0          0          0         68   fputc.o
       248          6          0          0          0         84   fseek.o
        66          0          0          0          0         76   ftell.o
        94          0          0          0          0         80   h1_alloc.o
        52          0          0          0          0         68   h1_extend.o
        78          0          0          0          0         80   h1_free.o
        12          0          0          0          0         84   h1_init.o
         6          0          0          0          0        152   heapauxi.o
         4          0          0          0          0        136   hguard.o
         0          0          0          0          0          0   indicate_semi.o
       138          0          0          0          0        168   init_alloc.o
       312         46          0          0          0        112   initio.o
         2          0          0          0          0          0   libinit.o
        14          0          0          0          0          0   libinit2.o
         2          0          0          0          0          0   libshutdown.o
         6          0          0          0          0          0   libshutdown2.o
         8          4          0          0         96         68   libspace.o
         0          0          0          0          0          0   maybetermalloc1.o
         4          0          0          0          0         68   putc.o
         8          4          0          0          0         68   rt_errno_addr_intlibspace.o
         8          4          0          0          0         68   rt_heap_descriptor_intlibspace.o
        78          0          0          0          0         80   rt_memclr_w.o
         2          0          0          0          0          0   rtexit.o
        10          0          0          0          0          0   rtexit2.o
        70          0          0          0          0         80   setvbuf.o
       264          6          0          0          0        160   stdio.o
         0          0          0         12        252          0   stdio_streams.o
        62          0          0          0          0         76   strlen.o
        12          4          0          0          0         68   sys_exit.o
       102          0          0          0          0        240   sys_io.o
         0          0         12          0          0          0   sys_io_names.o
        74          0          0          0          0         80   sys_stackheap_outer.o
        14          0          0          0          0         76   sys_wrch.o
         2          0          0          0          0         68   use_no_semi.o
        62          0          0          0          0         92   setjmp.o

    ----------------------------------------------------------------------
      3060        184         12         12        352       3324   Library Totals
         8          0          0          0          4          0   (incl. Padding)

    ----------------------------------------------------------------------

      Code (inc. data)   RO Data    RW Data    ZI Data      Debug   Library Name

      2990        184         12         12        348       3232   c_w.l
        62          0          0          0          0         92   fz_ws.l

    ----------------------------------------------------------------------
      3060        184         12         12        352       3324   Library Totals

    ----------------------------------------------------------------------

==============================================================================


      Code (inc. data)   RO Data    RW Data    ZI Data      Debug   

      8704        224       1300         52      34176      52193   Grand Totals
      8704        224       1300         52      34176      52193   ELF Image Totals
      8704        224       1300         52          0          0   ROM Totals

==============================================================================

    Total RO  Size (Code + RO Data)                10004 (   9.77kB)
    Total RW  Size (RW Data + ZI Data)             34228 (  33.43kB)
    Total ROM Size (Code + RO Data + RW Data)      10056 (   9.82kB)

==============================================================================

